Test (Python 3.11)	Set up job	﻿2026-10-04T14:18:02.6031430Z Current runner version: '2.337.0'
Test (Python 3.11)	Set up job	2026-10-04T14:18:02.6059444Z ##[group]Runner Image Provisioner
Test (Python 3.11)	Set up job	2026-10-04T14:18:02.6060358Z Hosted Compute Agent
Test (Python 3.11)	Set up job	2026-10-04T14:18:02.6060915Z Version: 20260901.588
Test (Python 3.11)	Set up job	2026-10-04T14:18:02.6061550Z Commit: f88ec8081b781fac6c440065ac7ff9e710ce3d0b
Test (Python 3.11)	Set up job	2026-10-04T14:18:02.6062254Z Build Date: 2026-09-01T19:56:44Z
Test (Python 3.11)	Set up job	2026-10-04T14:18:02.6063108Z Worker ID: {138c8db4-845d-4d1c-ba05-57d1f16c2f7f}
Test (Python 3.11)	Set up job	2026-10-04T14:18:02.6063830Z Azure Region: centralus
Test (Python 3.11)	Set up job	2026-10-04T14:18:02.6064363Z ##[endgroup]
Test (Python 3.11)	Set up job	2026-10-04T14:18:02.6065940Z ##[group]Operating System
Test (Python 3.11)	Set up job	2026-10-04T14:18:02.6066524Z Ubuntu
Test (Python 3.11)	Set up job	2026-10-04T14:18:02.6066979Z 24.04.5
Test (Python 3.11)	Set up job	2026-10-04T14:18:02.6067482Z LTS
Test (Python 3.11)	Set up job	2026-10-04T14:18:02.6067951Z ##[endgroup]
Test (Python 3.11)	Set up job	2026-10-04T14:18:02.6068475Z ##[group]Runner Image
Test (Python 3.11)	Set up job	2026-10-04T14:18:02.6069073Z Image: ubuntu-24.04
Test (Python 3.11)	Set up job	2026-10-04T14:18:02.6069567Z Version: 20260927.320.1
Test (Python 3.11)	Set up job	2026-10-04T14:18:02.6070608Z Included Software: https://github.com/actions/runner-images/blob/ubuntu24/20260927.320/images/ubuntu/Ubuntu2404-Readme.md
Test (Python 3.11)	Set up job	2026-10-04T14:18:02.6072305Z Image Release: https://github.com/actions/runner-images/releases/tag/ubuntu24%2F20260927.320
Test (Python 3.11)	Set up job	2026-10-04T14:18:02.6073459Z ##[endgroup]
Test (Python 3.11)	Set up job	2026-10-04T14:18:02.6074590Z ##[group]GITHUB_TOKEN Permissions
Test (Python 3.11)	Set up job	2026-10-04T14:18:02.6076998Z Contents: read
Test (Python 3.11)	Set up job	2026-10-04T14:18:02.6077597Z Metadata: read
Test (Python 3.11)	Set up job	2026-10-04T14:18:02.6078193Z Packages: read
Test (Python 3.11)	Set up job	2026-10-04T14:18:02.6078711Z ##[endgroup]
Test (Python 3.11)	Set up job	2026-10-04T14:18:02.6080774Z Secret source: Actions
Test (Python 3.11)	Set up job	2026-10-04T14:18:02.6081674Z Cache mode: write
Test (Python 3.11)	Set up job	2026-10-04T14:18:02.6082678Z Prepare workflow directory
Test (Python 3.11)	Set up job	2026-10-04T14:18:02.6383359Z Prepare all required actions
Test (Python 3.11)	Set up job	2026-10-04T14:18:02.6419885Z Getting action download info
Test (Python 3.11)	Set up job	2026-10-04T14:18:02.9001459Z Download action repository 'actions/checkout@v4' (SHA:11d5960a326750d5838078e36cf38b85af677262)
Test (Python 3.11)	Set up job	2026-10-04T14:18:03.0173724Z Download action repository 'actions/setup-python@v5' (SHA:a26af69be951a213d495a4c3e4e4022e16d87065)
Test (Python 3.11)	Set up job	2026-10-04T14:18:03.1033839Z Download action repository 'actions/upload-artifact@v4' (SHA:ea165f8d65b6e75b540449e92b4886f43607fa02)
Test (Python 3.11)	Set up job	2026-10-04T14:18:03.3284807Z Complete job name: Test (Python 3.11)
Test (Python 3.11)	Run actions/checkout@v4	﻿2026-10-04T14:18:03.3758146Z ##[group]Run actions/checkout@v4
Test (Python 3.11)	Run actions/checkout@v4	2026-10-04T14:18:03.3758827Z with:
Test (Python 3.11)	Run actions/checkout@v4	2026-10-04T14:18:03.3759215Z   repository: Colinchiu007/stock-model
Test (Python 3.11)	Run actions/checkout@v4	2026-10-04T14:18:03.3761909Z   token: ***
Test (Python 3.11)	Run actions/checkout@v4	2026-10-04T14:18:03.3762296Z   ssh-strict: true
Test (Python 3.11)	Run actions/checkout@v4	2026-10-04T14:18:03.3762688Z   ssh-user: git
Test (Python 3.11)	Run actions/checkout@v4	2026-10-04T14:18:03.3763354Z   persist-credentials: true
Test (Python 3.11)	Run actions/checkout@v4	2026-10-04T14:18:03.3763784Z   clean: true
Test (Python 3.11)	Run actions/checkout@v4	2026-10-04T14:18:03.3764146Z   sparse-checkout-cone-mode: true
Test (Python 3.11)	Run actions/checkout@v4	2026-10-04T14:18:03.3764598Z   fetch-depth: 1
Test (Python 3.11)	Run actions/checkout@v4	2026-10-04T14:18:03.3764954Z   fetch-tags: false
Test (Python 3.11)	Run actions/checkout@v4	2026-10-04T14:18:03.3765320Z   show-progress: true
Test (Python 3.11)	Run actions/checkout@v4	2026-10-04T14:18:03.3765697Z   lfs: false
Test (Python 3.11)	Run actions/checkout@v4	2026-10-04T14:18:03.3766054Z   submodules: false
Test (Python 3.11)	Run actions/checkout@v4	2026-10-04T14:18:03.3766441Z   set-safe-directory: true
Test (Python 3.11)	Run actions/checkout@v4	2026-10-04T14:18:03.3766931Z   allow-unsafe-pr-checkout: false
Test (Python 3.11)	Run actions/checkout@v4	2026-10-04T14:18:03.3767501Z ##[endgroup]
Test (Python 3.11)	Run actions/checkout@v4	2026-10-04T14:18:03.4544055Z Syncing repository: Colinchiu007/stock-model
Test (Python 3.11)	Run actions/checkout@v4	2026-10-04T14:18:03.4545689Z ##[group]Getting Git version info
Test (Python 3.11)	Run actions/checkout@v4	2026-10-04T14:18:03.4546248Z Working directory is '/home/runner/work/stock-model/stock-model'
Test (Python 3.11)	Run actions/checkout@v4	2026-10-04T14:18:03.4547248Z [command]/usr/bin/git version
Test (Python 3.11)	Run actions/checkout@v4	2026-10-04T14:18:03.4677559Z git version 2.55.0
Test (Python 3.11)	Run actions/checkout@v4	2026-10-04T14:18:03.4692389Z ##[endgroup]
Test (Python 3.11)	Run actions/checkout@v4	2026-10-04T14:18:03.4704014Z Temporarily overriding HOME='/home/runner/work/_temp/a9e1956f-9260-4739-bd5f-4dadd9281c23' before making global git config changes
Test (Python 3.11)	Run actions/checkout@v4	2026-10-04T14:18:03.4705569Z Adding repository directory to the temporary git global config as a safe directory
Test (Python 3.11)	Run actions/checkout@v4	2026-10-04T14:18:03.4707737Z [command]/usr/bin/git config --global --add safe.directory /home/runner/work/stock-model/stock-model
Test (Python 3.11)	Run actions/checkout@v4	2026-10-04T14:18:03.4747610Z Deleting the contents of '/home/runner/work/stock-model/stock-model'
Test (Python 3.11)	Run actions/checkout@v4	2026-10-04T14:18:03.4754868Z ##[group]Initializing the repository
Test (Python 3.11)	Run actions/checkout@v4	2026-10-04T14:18:03.4759330Z [command]/usr/bin/git init /home/runner/work/stock-model/stock-model
Test (Python 3.11)	Run actions/checkout@v4	2026-10-04T14:18:03.4860227Z hint: Using 'master' as the name for the initial branch. This default branch name
Test (Python 3.11)	Run actions/checkout@v4	2026-10-04T14:18:03.4862800Z hint: will change to "main" in Git 3.0. To configure the initial branch name
Test (Python 3.11)	Run actions/checkout@v4	2026-10-04T14:18:03.4864423Z hint: to use in all of your new repositories, which will suppress this warning,
Test (Python 3.11)	Run actions/checkout@v4	2026-10-04T14:18:03.4865220Z hint: call:
Test (Python 3.11)	Run actions/checkout@v4	2026-10-04T14:18:03.4865901Z hint:
Test (Python 3.11)	Run actions/checkout@v4	2026-10-04T14:18:03.4866430Z hint: 	git config --global init.defaultBranch <name>
Test (Python 3.11)	Run actions/checkout@v4	2026-10-04T14:18:03.4867012Z hint:
Test (Python 3.11)	Run actions/checkout@v4	2026-10-04T14:18:03.4867549Z hint: Names commonly chosen instead of 'master' are 'main', 'trunk' and
Test (Python 3.11)	Run actions/checkout@v4	2026-10-04T14:18:03.4868367Z hint: 'development'. The just-created branch can be renamed via this command:
Test (Python 3.11)	Run actions/checkout@v4	2026-10-04T14:18:03.4869315Z hint:
Test (Python 3.11)	Run actions/checkout@v4	2026-10-04T14:18:03.4869832Z hint: 	git branch -m <name>
Test (Python 3.11)	Run actions/checkout@v4	2026-10-04T14:18:03.4870480Z hint:
Test (Python 3.11)	Run actions/checkout@v4	2026-10-04T14:18:03.4871055Z hint: Disable this message with "git config set advice.defaultBranchName false"
Test (Python 3.11)	Run actions/checkout@v4	2026-10-04T14:18:03.4871975Z Initialized empty Git repository in /home/runner/work/stock-model/stock-model/.git/
Test (Python 3.11)	Run actions/checkout@v4	2026-10-04T14:18:03.4873858Z [command]/usr/bin/git remote add origin https://github.com/Colinchiu007/stock-model
Test (Python 3.11)	Run actions/checkout@v4	2026-10-04T14:18:03.4913516Z ##[endgroup]
Test (Python 3.11)	Run actions/checkout@v4	2026-10-04T14:18:03.4914219Z ##[group]Disabling automatic garbage collection
Test (Python 3.11)	Run actions/checkout@v4	2026-10-04T14:18:03.4918081Z [command]/usr/bin/git config --local gc.auto 0
Test (Python 3.11)	Run actions/checkout@v4	2026-10-04T14:18:03.4946185Z ##[endgroup]
Test (Python 3.11)	Run actions/checkout@v4	2026-10-04T14:18:03.4948362Z ##[group]Setting up auth
Test (Python 3.11)	Run actions/checkout@v4	2026-10-04T14:18:03.4953245Z [command]/usr/bin/git config --local --name-only --get-regexp core\.sshCommand
Test (Python 3.11)	Run actions/checkout@v4	2026-10-04T14:18:03.4985051Z [command]/usr/bin/git submodule foreach --recursive sh -c "git config --local --name-only --get-regexp 'core\.sshCommand' && git config --local --unset-all 'core.sshCommand' || :"
Test (Python 3.11)	Run actions/checkout@v4	2026-10-04T14:18:03.5269463Z [command]/usr/bin/git config --local --name-only --get-regexp http\.https\:\/\/github\.com\/\.extraheader
Test (Python 3.11)	Run actions/checkout@v4	2026-10-04T14:18:03.5293477Z [command]/usr/bin/git submodule foreach --recursive sh -c "git config --local --name-only --get-regexp 'http\.https\:\/\/github\.com\/\.extraheader' && git config --local --unset-all 'http.https://github.com/.extraheader' || :"
Test (Python 3.11)	Run actions/checkout@v4	2026-10-04T14:18:03.5440481Z [command]/usr/bin/git config --local --name-only --get-regexp ^includeIf\.gitdir:
Test (Python 3.11)	Run actions/checkout@v4	2026-10-04T14:18:03.5464715Z [command]/usr/bin/git submodule foreach --recursive git config --local --show-origin --name-only --get-regexp remote.origin.url
Test (Python 3.11)	Run actions/checkout@v4	2026-10-04T14:18:03.5609675Z [command]/usr/bin/git config --local http.https://github.com/.extraheader AUTHORIZATION: basic ***
Test (Python 3.11)	Run actions/checkout@v4	2026-10-04T14:18:03.5642098Z ##[endgroup]
Test (Python 3.11)	Run actions/checkout@v4	2026-10-04T14:18:03.5643167Z ##[group]Fetching the repository
Test (Python 3.11)	Run actions/checkout@v4	2026-10-04T14:18:03.5649393Z [command]/usr/bin/git -c protocol.version=2 fetch --no-tags --prune --no-recurse-submodules --depth=1 origin +bb290b61a6e4fbd0ca235df6cf1453c6d4b3fb47:refs/remotes/pull/3/merge
Test (Python 3.11)	Run actions/checkout@v4	2026-10-04T14:18:03.9684782Z From https://github.com/Colinchiu007/stock-model
Test (Python 3.11)	Run actions/checkout@v4	2026-10-04T14:18:03.9685778Z  * [new ref]         bb290b61a6e4fbd0ca235df6cf1453c6d4b3fb47 -> pull/3/merge
Test (Python 3.11)	Run actions/checkout@v4	2026-10-04T14:18:03.9687724Z ##[endgroup]
Test (Python 3.11)	Run actions/checkout@v4	2026-10-04T14:18:03.9688474Z ##[group]Determining the checkout info
Test (Python 3.11)	Run actions/checkout@v4	2026-10-04T14:18:03.9690349Z ##[endgroup]
Test (Python 3.11)	Run actions/checkout@v4	2026-10-04T14:18:03.9695788Z [command]/usr/bin/git sparse-checkout disable
Test (Python 3.11)	Run actions/checkout@v4	2026-10-04T14:18:03.9748916Z [command]/usr/bin/git config --local --unset-all extensions.worktreeConfig
Test (Python 3.11)	Run actions/checkout@v4	2026-10-04T14:18:03.9773452Z ##[group]Checking out the ref
Test (Python 3.11)	Run actions/checkout@v4	2026-10-04T14:18:03.9776781Z [command]/usr/bin/git checkout --progress --force refs/remotes/pull/3/merge
Test (Python 3.11)	Run actions/checkout@v4	2026-10-04T14:18:03.9837383Z Note: switching to 'refs/remotes/pull/3/merge'.
Test (Python 3.11)	Run actions/checkout@v4	2026-10-04T14:18:03.9837952Z 
Test (Python 3.11)	Run actions/checkout@v4	2026-10-04T14:18:03.9838556Z You are in 'detached HEAD' state. You can look around, make experimental
Test (Python 3.11)	Run actions/checkout@v4	2026-10-04T14:18:03.9839310Z changes and commit them, and you can discard any commits you make in this
Test (Python 3.11)	Run actions/checkout@v4	2026-10-04T14:18:03.9840029Z state without impacting any branches by switching back to a branch.
Test (Python 3.11)	Run actions/checkout@v4	2026-10-04T14:18:03.9840433Z 
Test (Python 3.11)	Run actions/checkout@v4	2026-10-04T14:18:03.9840823Z If you want to create a new branch to retain commits you create, you may
Test (Python 3.11)	Run actions/checkout@v4	2026-10-04T14:18:03.9842062Z do so (now or later) by using -c with the switch command. Example:
Test (Python 3.11)	Run actions/checkout@v4	2026-10-04T14:18:03.9842633Z 
Test (Python 3.11)	Run actions/checkout@v4	2026-10-04T14:18:03.9843021Z   git switch -c <new-branch-name>
Test (Python 3.11)	Run actions/checkout@v4	2026-10-04T14:18:03.9843474Z 
Test (Python 3.11)	Run actions/checkout@v4	2026-10-04T14:18:03.9843771Z Or undo this operation with:
Test (Python 3.11)	Run actions/checkout@v4	2026-10-04T14:18:03.9844075Z 
Test (Python 3.11)	Run actions/checkout@v4	2026-10-04T14:18:03.9844325Z   git switch -
Test (Python 3.11)	Run actions/checkout@v4	2026-10-04T14:18:03.9844619Z 
Test (Python 3.11)	Run actions/checkout@v4	2026-10-04T14:18:03.9845039Z Turn off this advice by setting config variable advice.detachedHead to false
Test (Python 3.11)	Run actions/checkout@v4	2026-10-04T14:18:03.9845611Z 
Test (Python 3.11)	Run actions/checkout@v4	2026-10-04T14:18:03.9846203Z HEAD is now at bb290b6 Merge d8ff3922f3e34bcd2c0dcd8918c03214dfa194e0 into 2eed5b885493094f1cd3f88d5f3f41a6965d57e3
Test (Python 3.11)	Run actions/checkout@v4	2026-10-04T14:18:03.9848285Z ##[endgroup]
Test (Python 3.11)	Run actions/checkout@v4	2026-10-04T14:18:03.9875389Z [command]/usr/bin/git log -1 --format=%H
Test (Python 3.11)	Run actions/checkout@v4	2026-10-04T14:18:03.9893295Z bb290b61a6e4fbd0ca235df6cf1453c6d4b3fb47
Test (Python 3.11)	Set up Python 3.11	﻿2026-10-04T14:18:04.0111341Z ##[group]Run actions/setup-python@v5
Test (Python 3.11)	Set up Python 3.11	2026-10-04T14:18:04.0111796Z with:
Test (Python 3.11)	Set up Python 3.11	2026-10-04T14:18:04.0112198Z   python-version: 3.11
Test (Python 3.11)	Set up Python 3.11	2026-10-04T14:18:04.0112560Z   cache: pip
Test (Python 3.11)	Set up Python 3.11	2026-10-04T14:18:04.0113193Z   check-latest: false
Test (Python 3.11)	Set up Python 3.11	2026-10-04T14:18:04.0115838Z   token: ***
Test (Python 3.11)	Set up Python 3.11	2026-10-04T14:18:04.0116192Z   update-environment: true
Test (Python 3.11)	Set up Python 3.11	2026-10-04T14:18:04.0116618Z   allow-prereleases: false
Test (Python 3.11)	Set up Python 3.11	2026-10-04T14:18:04.0117028Z   freethreaded: false
Test (Python 3.11)	Set up Python 3.11	2026-10-04T14:18:04.0117386Z ##[endgroup]
Test (Python 3.11)	Set up Python 3.11	2026-10-04T14:18:04.1075102Z ##[group]Installed versions
Test (Python 3.11)	Set up Python 3.11	2026-10-04T14:18:04.1133145Z (node:2088) [DEP0040] DeprecationWarning: The `punycode` module is deprecated. Please use a userland alternative instead.
Test (Python 3.11)	Set up Python 3.11	2026-10-04T14:18:04.1134605Z (Use `node --trace-deprecation ...` to show where the warning was created)
Test (Python 3.11)	Set up Python 3.11	2026-10-04T14:18:04.1135549Z Successfully set up CPython (3.11.16)
Test (Python 3.11)	Set up Python 3.11	2026-10-04T14:18:04.1136645Z ##[endgroup]
Test (Python 3.11)	Set up Python 3.11	2026-10-04T14:18:04.1924447Z [command]/opt/hostedtoolcache/Python/3.11.16/x64/bin/pip cache dir
Test (Python 3.11)	Set up Python 3.11	2026-10-04T14:18:04.4113485Z /home/runner/.cache/pip
Test (Python 3.11)	Set up Python 3.11	2026-10-04T14:18:04.5669247Z Cache hit for: setup-python-Linux-x64-24.04-Ubuntu-python-3.11.16-pip-3d254d9a52917b05d0626dece0ab703683fc9c56650d987941ed143add53b764
Test (Python 3.11)	Set up Python 3.11	2026-10-04T14:18:04.5749056Z (node:2088) [DEP0169] DeprecationWarning: `url.parse()` behavior is not standardized and prone to errors that have security implications. Use the WHATWG URL API instead. CVEs are not issued for `url.parse()` vulnerabilities.
Test (Python 3.11)	Set up Python 3.11	2026-10-04T14:18:05.7317562Z Received 117440512 of 234231830 (50.1%), 112.0 MBs/sec
Test (Python 3.11)	Set up Python 3.11	2026-10-04T14:18:06.3256434Z Received 234231830 of 234231830 (100.0%), 140.1 MBs/sec
Test (Python 3.11)	Set up Python 3.11	2026-10-04T14:18:06.3259208Z Cache Size: ~223 MB (234231830 B)
Test (Python 3.11)	Set up Python 3.11	2026-10-04T14:18:06.3357055Z [command]/usr/bin/tar -xf /home/runner/work/_temp/c33d753a-ca5a-46e3-9dbe-126dff5cbfe7/cache.tzst -P -C /home/runner/work/stock-model/stock-model --use-compress-program unzstd
Test (Python 3.11)	Set up Python 3.11	2026-10-04T14:18:06.5368783Z Cache restored successfully
Test (Python 3.11)	Set up Python 3.11	2026-10-04T14:18:06.5457490Z Cache restored from key: setup-python-Linux-x64-24.04-Ubuntu-python-3.11.16-pip-3d254d9a52917b05d0626dece0ab703683fc9c56650d987941ed143add53b764
Test (Python 3.11)	Install dependencies	﻿2026-10-04T14:18:06.5597910Z ##[group]Run pip install --upgrade pip
Test (Python 3.11)	Install dependencies	2026-10-04T14:18:06.5598467Z ^[[36;1mpip install --upgrade pip^[[0m
Test (Python 3.11)	Install dependencies	2026-10-04T14:18:06.5598820Z ^[[36;1mpip install -e ".[dev,quant]"^[[0m
Test (Python 3.11)	Install dependencies	2026-10-04T14:18:06.5599225Z ^[[36;1m# pandas-ta requires Python >=3.12^[[0m
Test (Python 3.11)	Install dependencies	2026-10-04T14:18:06.5599575Z ^[[36;1mif [[ "3.11" == "3.12" ]]; then^[[0m
Test (Python 3.11)	Install dependencies	2026-10-04T14:18:06.5599956Z ^[[36;1m  pip install pandas-ta 2>/dev/null || true^[[0m
Test (Python 3.11)	Install dependencies	2026-10-04T14:18:06.5600308Z ^[[36;1mfi^[[0m
Test (Python 3.11)	Install dependencies	2026-10-04T14:18:06.5600565Z ^[[36;1m# ta-lib requires C library^[[0m
Test (Python 3.11)	Install dependencies	2026-10-04T14:18:06.5600979Z ^[[36;1msudo apt-get update -qq && sudo apt-get install -y -qq libta-lib0-dev 2>/dev/null || true^[[0m
Test (Python 3.11)	Install dependencies	2026-10-04T14:18:06.5601437Z ^[[36;1mpip install ta-lib 2>/dev/null || true^[[0m
Test (Python 3.11)	Install dependencies	2026-10-04T14:18:06.5773281Z shell: /usr/bin/bash -e {0}
Test (Python 3.11)	Install dependencies	2026-10-04T14:18:06.5774009Z env:
Test (Python 3.11)	Install dependencies	2026-10-04T14:18:06.5774488Z   pythonLocation: /opt/hostedtoolcache/Python/3.11.16/x64
Test (Python 3.11)	Install dependencies	2026-10-04T14:18:06.5775035Z   PKG_CONFIG_PATH: /opt/hostedtoolcache/Python/3.11.16/x64/lib/pkgconfig
Test (Python 3.11)	Install dependencies	2026-10-04T14:18:06.5775668Z   Python_ROOT_DIR: /opt/hostedtoolcache/Python/3.11.16/x64
Test (Python 3.11)	Install dependencies	2026-10-04T14:18:06.5776316Z   Python2_ROOT_DIR: /opt/hostedtoolcache/Python/3.11.16/x64
Test (Python 3.11)	Install dependencies	2026-10-04T14:18:06.5776764Z   Python3_ROOT_DIR: /opt/hostedtoolcache/Python/3.11.16/x64
Test (Python 3.11)	Install dependencies	2026-10-04T14:18:06.5777223Z   LD_LIBRARY_PATH: /opt/hostedtoolcache/Python/3.11.16/x64/lib
Test (Python 3.11)	Install dependencies	2026-10-04T14:18:06.5777665Z ##[endgroup]
Test (Python 3.11)	Install dependencies	2026-10-04T14:18:07.0369274Z Requirement already satisfied: pip in /opt/hostedtoolcache/Python/3.11.16/x64/lib/python3.11/site-packages (26.2.1)
Test (Python 3.11)	Install dependencies	2026-10-04T14:18:07.4713757Z Obtaining file:///home/runner/work/stock-model/stock-model
Test (Python 3.11)	Install dependencies	2026-10-04T14:18:07.4731000Z   Installing build dependencies: started
Test (Python 3.11)	Install dependencies	2026-10-04T14:18:07.9745315Z   Installing build dependencies: finished with status 'done'
Test (Python 3.11)	Install dependencies	2026-10-04T14:18:07.9750639Z   Checking if build backend supports build_editable: started
Test (Python 3.11)	Install dependencies	2026-10-04T14:18:08.2680162Z   Checking if build backend supports build_editable: finished with status 'done'
Test (Python 3.11)	Install dependencies	2026-10-04T14:18:08.2686371Z   Getting requirements to build editable: started
Test (Python 3.11)	Install dependencies	2026-10-04T14:18:08.5000469Z   Getting requirements to build editable: finished with status 'done'
Test (Python 3.11)	Install dependencies	2026-10-04T14:18:08.5008478Z   Preparing editable metadata (pyproject.toml): started
Test (Python 3.11)	Install dependencies	2026-10-04T14:18:08.6331677Z   Preparing editable metadata (pyproject.toml): finished with status 'done'
Test (Python 3.11)	Install dependencies	2026-10-04T14:18:08.7263767Z Collecting akshare>=1.12.0 (from stock-model==0.1.0)
Test (Python 3.11)	Install dependencies	2026-10-04T14:18:08.7277896Z   Using cached akshare-1.19.1-py3-none-any.whl.metadata (14 kB)
Test (Python 3.11)	Install dependencies	2026-10-04T14:18:08.7462534Z Collecting baostock>=0.9.0 (from stock-model==0.1.0)
Test (Python 3.11)	Install dependencies	2026-10-04T14:18:08.7473614Z   Using cached baostock-0.9.4-py3-none-any.whl.metadata (3.5 kB)
Test (Python 3.11)	Install dependencies	2026-10-04T14:18:08.8348731Z Collecting pandas>=2.0.0 (from stock-model==0.1.0)
Test (Python 3.11)	Install dependencies	2026-10-04T14:18:08.8359572Z   Using cached pandas-3.0.6-cp311-cp311-manylinux_2_24_x86_64.manylinux_2_28_x86_64.whl.metadata (79 kB)
Test (Python 3.11)	Install dependencies	2026-10-04T14:18:08.9806052Z Collecting numpy>=1.24.0 (from stock-model==0.1.0)
Test (Python 3.11)	Install dependencies	2026-10-04T14:18:08.9821068Z   Using cached numpy-2.4.6-cp311-cp311-manylinux_2_27_x86_64.manylinux_2_28_x86_64.whl.metadata (6.6 kB)
Test (Python 3.11)	Install dependencies	2026-10-04T14:18:09.0103137Z Collecting plotly>=5.15.0 (from stock-model==0.1.0)
Test (Python 3.11)	Install dependencies	2026-10-04T14:18:09.0113821Z   Using cached plotly-7.1.0-py3-none-any.whl.metadata (8.8 kB)
Test (Python 3.11)	Install dependencies	2026-10-04T14:18:09.1152423Z Collecting matplotlib>=3.7.0 (from stock-model==0.1.0)
Test (Python 3.11)	Install dependencies	2026-10-04T14:18:09.1169396Z   Using cached matplotlib-3.11.2-cp311-cp311-manylinux2014_x86_64.manylinux_2_17_x86_64.whl.metadata (80 kB)
Test (Python 3.11)	Install dependencies	2026-10-04T14:18:09.1448918Z Collecting kaleido>=0.2.1 (from stock-model==0.1.0)
Test (Python 3.11)	Install dependencies	2026-10-04T14:18:09.1461802Z   Using cached kaleido-1.4.0-py3-none-any.whl.metadata (7.5 kB)
Test (Python 3.11)	Install dependencies	2026-10-04T14:18:09.2140001Z Collecting pydantic>=2.0.0 (from stock-model==0.1.0)
Test (Python 3.11)	Install dependencies	2026-10-04T14:18:09.2153425Z   Using cached pydantic-2.13.5-py3-none-any.whl.metadata (110 kB)
Test (Python 3.11)	Install dependencies	2026-10-04T14:18:09.2364306Z Collecting pydantic-settings>=2.0.0 (from stock-model==0.1.0)
Test (Python 3.11)	Install dependencies	2026-10-04T14:18:09.2378552Z   Using cached pydantic_settings-2.15.0-py3-none-any.whl.metadata (3.9 kB)
Test (Python 3.11)	Install dependencies	2026-10-04T14:18:09.2681242Z Collecting pyyaml>=6.0 (from stock-model==0.1.0)
Test (Python 3.11)	Install dependencies	2026-10-04T14:18:09.2692186Z   Using cached pyyaml-6.0.3-cp311-cp311-manylinux2014_x86_64.manylinux_2_17_x86_64.manylinux_2_28_x86_64.whl.metadata (2.4 kB)
Test (Python 3.11)	Install dependencies	2026-10-04T14:18:09.2946336Z Collecting rich>=13.0.0 (from stock-model==0.1.0)
Test (Python 3.11)	Install dependencies	2026-10-04T14:18:09.2956741Z   Using cached rich-15.0.0-py3-none-any.whl.metadata (18 kB)
Test (Python 3.11)	Install dependencies	2026-10-04T14:18:09.3131216Z Collecting loguru>=0.7.0 (from stock-model==0.1.0)
Test (Python 3.11)	Install dependencies	2026-10-04T14:18:09.3141324Z   Using cached loguru-0.7.3-py3-none-any.whl.metadata (22 kB)
Test (Python 3.11)	Install dependencies	2026-10-04T14:18:09.3356223Z Collecting httpx>=0.24.0 (from stock-model==0.1.0)
Test (Python 3.11)	Install dependencies	2026-10-04T14:18:09.3367550Z   Using cached httpx-0.28.1-py3-none-any.whl.metadata (7.1 kB)
Test (Python 3.11)	Install dependencies	2026-10-04T14:18:09.3564842Z Collecting tenacity>=8.2.0 (from stock-model==0.1.0)
Test (Python 3.11)	Install dependencies	2026-10-04T14:18:09.3575299Z   Using cached tenacity-9.1.4-py3-none-any.whl.metadata (1.2 kB)
Test (Python 3.11)	Install dependencies	2026-10-04T14:18:09.3845792Z Collecting pytest>=7.4.0 (from stock-model==0.1.0)
Test (Python 3.11)	Install dependencies	2026-10-04T14:18:09.3856347Z   Using cached pytest-9.1.1-py3-none-any.whl.metadata (7.6 kB)
Test (Python 3.11)	Install dependencies	2026-10-04T14:18:09.4043950Z Collecting pytest-cov>=4.1.0 (from stock-model==0.1.0)
Test (Python 3.11)	Install dependencies	2026-10-04T14:18:09.4054454Z   Using cached pytest_cov-7.1.0-py3-none-any.whl.metadata (32 kB)
Test (Python 3.11)	Install dependencies	2026-10-04T14:18:09.6228935Z Collecting ruff>=0.1.0 (from stock-model==0.1.0)
Test (Python 3.11)	Install dependencies	2026-10-04T14:18:09.6243037Z   Using cached ruff-0.16.10-py3-none-manylinux_2_17_x86_64.manylinux2014_x86_64.whl.metadata (20 kB)
Test (Python 3.11)	Install dependencies	2026-10-04T14:18:09.6957018Z Collecting mypy>=1.5.0 (from stock-model==0.1.0)
Test (Python 3.11)	Install dependencies	2026-10-04T14:18:09.6971241Z   Using cached mypy-2.4.0-cp311-cp311-manylinux2014_x86_64.manylinux_2_17_x86_64.manylinux_2_28_x86_64.whl.metadata (2.4 kB)
Test (Python 3.11)	Install dependencies	2026-10-04T14:18:09.7263776Z Collecting ipython>=8.14.0 (from stock-model==0.1.0)
Test (Python 3.11)	Install dependencies	2026-10-04T14:18:09.7274723Z   Using cached ipython-9.17.1-py3-none-any.whl.metadata (4.6 kB)
Test (Python 3.11)	Install dependencies	2026-10-04T14:18:09.7463540Z Collecting jupyter>=1.0.0 (from stock-model==0.1.0)
Test (Python 3.11)	Install dependencies	2026-10-04T14:18:09.7473692Z   Using cached jupyter-1.1.1-py2.py3-none-any.whl.metadata (2.0 kB)
Test (Python 3.11)	Install dependencies	2026-10-04T14:18:09.8254671Z Collecting scipy>=1.11.0 (from stock-model==0.1.0)
Test (Python 3.11)	Install dependencies	2026-10-04T14:18:09.8269138Z   Using cached scipy-1.17.1-cp311-cp311-manylinux_2_27_x86_64.manylinux_2_28_x86_64.whl.metadata (62 kB)
Test (Python 3.11)	Install dependencies	2026-10-04T14:18:09.8534011Z Collecting beautifulsoup4>=4.9.1 (from akshare>=1.12.0->stock-model==0.1.0)
Test (Python 3.11)	Install dependencies	2026-10-04T14:18:09.8544939Z   Using cached beautifulsoup4-4.15.0-py3-none-any.whl.metadata (3.8 kB)
Test (Python 3.11)	Install dependencies	2026-10-04T14:18:10.0179336Z Collecting lxml>=4.2.1 (from akshare>=1.12.0->stock-model==0.1.0)
Test (Python 3.11)	Install dependencies	2026-10-04T14:18:10.0193104Z   Using cached lxml-6.1.3-cp311-cp311-manylinux_2_26_x86_64.manylinux_2_28_x86_64.whl.metadata (3.3 kB)
Test (Python 3.11)	Install dependencies	2026-10-04T14:18:10.0435472Z Collecting requests>=2.22.0 (from akshare>=1.12.0->stock-model==0.1.0)
Test (Python 3.11)	Install dependencies	2026-10-04T14:18:10.0446591Z   Using cached requests-2.34.2-py3-none-any.whl.metadata (4.8 kB)
Test (Python 3.11)	Install dependencies	2026-10-04T14:18:10.0905316Z Collecting curl_cffi>=0.13.0 (from akshare>=1.12.0->stock-model==0.1.0)
Test (Python 3.11)	Install dependencies	2026-10-04T14:18:10.0917041Z   Using cached curl_cffi-0.16.3-cp310-abi3-manylinux2014_x86_64.manylinux_2_17_x86_64.whl.metadata (17 kB)
Test (Python 3.11)	Install dependencies	2026-10-04T14:18:10.1102299Z Collecting html5lib>=1.0.1 (from akshare>=1.12.0->stock-model==0.1.0)
Test (Python 3.11)	Install dependencies	2026-10-04T14:18:10.1112745Z   Using cached html5lib-1.1-py2.py3-none-any.whl.metadata (16 kB)
Test (Python 3.11)	Install dependencies	2026-10-04T14:18:10.1292691Z Collecting xlrd>=1.2.0 (from akshare>=1.12.0->stock-model==0.1.0)
Test (Python 3.11)	Install dependencies	2026-10-04T14:18:10.1302475Z   Using cached xlrd-2.0.2-py2.py3-none-any.whl.metadata (3.5 kB)
Test (Python 3.11)	Install dependencies	2026-10-04T14:18:10.1522204Z Collecting urllib3>=1.25.8 (from akshare>=1.12.0->stock-model==0.1.0)
Test (Python 3.11)	Install dependencies	2026-10-04T14:18:10.1532258Z   Using cached urllib3-2.8.0-py3-none-any.whl.metadata (7.4 kB)
Test (Python 3.11)	Install dependencies	2026-10-04T14:18:10.1790454Z Collecting tqdm>=4.43.0 (from akshare>=1.12.0->stock-model==0.1.0)
Test (Python 3.11)	Install dependencies	2026-10-04T14:18:10.1801375Z   Using cached tqdm-4.70.1-py3-none-any.whl.metadata (57 kB)
Test (Python 3.11)	Install dependencies	2026-10-04T14:18:10.2014108Z Collecting openpyxl>=3.0.3 (from akshare>=1.12.0->stock-model==0.1.0)
Test (Python 3.11)	Install dependencies	2026-10-04T14:18:10.2025255Z   Using cached openpyxl-3.1.5-py2.py3-none-any.whl.metadata (2.5 kB)
Test (Python 3.11)	Install dependencies	2026-10-04T14:18:10.2193907Z Collecting jsonpath>=0.82 (from akshare>=1.12.0->stock-model==0.1.0)
Test (Python 3.11)	Install dependencies	2026-10-04T14:18:10.2194601Z   Using cached jsonpath-0.82.2-py3-none-any.whl
Test (Python 3.11)	Install dependencies	2026-10-04T14:18:10.2391027Z Collecting tabulate>=0.8.6 (from akshare>=1.12.0->stock-model==0.1.0)
Test (Python 3.11)	Install dependencies	2026-10-04T14:18:10.2401985Z   Using cached tabulate-0.10.0-py3-none-any.whl.metadata (40 kB)
Test (Python 3.11)	Install dependencies	2026-10-04T14:18:10.2599068Z Collecting decorator>=4.4.2 (from akshare>=1.12.0->stock-model==0.1.0)
Test (Python 3.11)	Install dependencies	2026-10-04T14:18:10.2610579Z   Using cached decorator-5.3.1-py3-none-any.whl.metadata (3.9 kB)
Test (Python 3.11)	Install dependencies	2026-10-04T14:18:10.2883013Z Collecting py-mini-racer>=0.6.0 (from akshare>=1.12.0->stock-model==0.1.0)
Test (Python 3.11)	Install dependencies	2026-10-04T14:18:10.2894580Z   Using cached py_mini_racer-0.6.0-py2.py3-none-manylinux1_x86_64.whl.metadata (8.7 kB)
Test (Python 3.11)	Install dependencies	2026-10-04T14:18:10.3071295Z Collecting akracer>=0.0.13 (from akshare>=1.12.0->stock-model==0.1.0)
Test (Python 3.11)	Install dependencies	2026-10-04T14:18:10.3081905Z   Using cached akracer-0.0.14-py3-none-any.whl.metadata (3.3 kB)
Test (Python 3.11)	Install dependencies	2026-10-04T14:18:10.3299832Z Collecting soupsieve>=1.6.1 (from beautifulsoup4>=4.9.1->akshare>=1.12.0->stock-model==0.1.0)
Test (Python 3.11)	Install dependencies	2026-10-04T14:18:10.3310556Z   Using cached soupsieve-2.10-py3-none-any.whl.metadata (4.4 kB)
Test (Python 3.11)	Install dependencies	2026-10-04T14:18:10.3502071Z Collecting typing-extensions>=4.0.0 (from beautifulsoup4>=4.9.1->akshare>=1.12.0->stock-model==0.1.0)
Test (Python 3.11)	Install dependencies	2026-10-04T14:18:10.3513228Z   Using cached typing_extensions-4.16.0-py3-none-any.whl.metadata (3.3 kB)
Test (Python 3.11)	Install dependencies	2026-10-04T14:18:10.4535324Z Collecting cffi>=2.0.0 (from curl_cffi>=0.13.0->akshare>=1.12.0->stock-model==0.1.0)
Test (Python 3.11)	Install dependencies	2026-10-04T14:18:10.4548925Z   Using cached cffi-2.1.1-cp311-cp311-manylinux2014_x86_64.manylinux_2_17_x86_64.whl.metadata (2.5 kB)
Test (Python 3.11)	Install dependencies	2026-10-04T14:18:10.4743501Z Collecting certifi>=2024.2.2 (from curl_cffi>=0.13.0->akshare>=1.12.0->stock-model==0.1.0)
Test (Python 3.11)	Install dependencies	2026-10-04T14:18:10.4753386Z   Using cached certifi-2026.7.22-py3-none-any.whl.metadata (2.5 kB)
Test (Python 3.11)	Install dependencies	2026-10-04T14:18:10.4927421Z Collecting pycparser (from cffi>=2.0.0->curl_cffi>=0.13.0->akshare>=1.12.0->stock-model==0.1.0)
Test (Python 3.11)	Install dependencies	2026-10-04T14:18:10.4938416Z   Using cached pycparser-3.0-py3-none-any.whl.metadata (8.2 kB)
Test (Python 3.11)	Install dependencies	2026-10-04T14:18:10.5114815Z Collecting six>=1.9 (from html5lib>=1.0.1->akshare>=1.12.0->stock-model==0.1.0)
Test (Python 3.11)	Install dependencies	2026-10-04T14:18:10.5129147Z   Using cached six-1.17.0-py2.py3-none-any.whl.metadata (1.7 kB)
Test (Python 3.11)	Install dependencies	2026-10-04T14:18:10.5285478Z Collecting webencodings (from html5lib>=1.0.1->akshare>=1.12.0->stock-model==0.1.0)
Test (Python 3.11)	Install dependencies	2026-10-04T14:18:10.5295123Z   Using cached webencodings-0.6.1-py3-none-any.whl.metadata (3.4 kB)
Test (Python 3.11)	Install dependencies	2026-10-04T14:18:10.5501110Z Collecting anyio (from httpx>=0.24.0->stock-model==0.1.0)
Test (Python 3.11)	Install dependencies	2026-10-04T14:18:10.5510551Z   Using cached anyio-4.15.1-py3-none-any.whl.metadata (4.7 kB)
Test (Python 3.11)	Install dependencies	2026-10-04T14:18:10.5696181Z Collecting httpcore==1.* (from httpx>=0.24.0->stock-model==0.1.0)
Test (Python 3.11)	Install dependencies	2026-10-04T14:18:10.5706129Z   Using cached httpcore-1.0.9-py3-none-any.whl.metadata (21 kB)
Test (Python 3.11)	Install dependencies	2026-10-04T14:18:10.5889541Z Collecting idna (from httpx>=0.24.0->stock-model==0.1.0)
Test (Python 3.11)	Install dependencies	2026-10-04T14:18:10.5899344Z   Using cached idna-3.20-py3-none-any.whl.metadata (7.2 kB)
Test (Python 3.11)	Install dependencies	2026-10-04T14:18:10.6068926Z Collecting h11>=0.16 (from httpcore==1.*->httpx>=0.24.0->stock-model==0.1.0)
Test (Python 3.11)	Install dependencies	2026-10-04T14:18:10.6078777Z   Using cached h11-0.16.0-py3-none-any.whl.metadata (8.3 kB)
Test (Python 3.11)	Install dependencies	2026-10-04T14:18:10.6250499Z Collecting ipython-pygments-lexers>=1.0.0 (from ipython>=8.14.0->stock-model==0.1.0)
Test (Python 3.11)	Install dependencies	2026-10-04T14:18:10.6260471Z   Using cached ipython_pygments_lexers-1.1.1-py3-none-any.whl.metadata (1.1 kB)
Test (Python 3.11)	Install dependencies	2026-10-04T14:18:10.6429113Z Collecting jedi>=0.18.2 (from ipython>=8.14.0->stock-model==0.1.0)
Test (Python 3.11)	Install dependencies	2026-10-04T14:18:10.6441226Z   Using cached jedi-0.20.0-py2.py3-none-any.whl.metadata (23 kB)
Test (Python 3.11)	Install dependencies	2026-10-04T14:18:10.6791108Z Collecting matplotlib-inline>=0.1.6 (from ipython>=8.14.0->stock-model==0.1.0)
Test (Python 3.11)	Install dependencies	2026-10-04T14:18:10.6804110Z   Using cached matplotlib_inline-0.2.2-py3-none-any.whl.metadata (2.4 kB)
Test (Python 3.11)	Install dependencies	2026-10-04T14:18:10.6976788Z Collecting pexpect>4.6 (from ipython>=8.14.0->stock-model==0.1.0)
Test (Python 3.11)	Install dependencies	2026-10-04T14:18:10.6987681Z   Using cached pexpect-4.9.0-py2.py3-none-any.whl.metadata (2.5 kB)
Test (Python 3.11)	Install dependencies	2026-10-04T14:18:10.7234615Z Collecting prompt_toolkit<3.1.0,>=3.0.41 (from ipython>=8.14.0->stock-model==0.1.0)
Test (Python 3.11)	Install dependencies	2026-10-04T14:18:10.7244857Z   Using cached prompt_toolkit-3.0.53-py3-none-any.whl.metadata (6.4 kB)
Test (Python 3.11)	Install dependencies	2026-10-04T14:18:10.7695215Z Collecting psutil>=7 (from ipython>=8.14.0->stock-model==0.1.0)
Test (Python 3.11)	Install dependencies	2026-10-04T14:18:10.7707726Z   Using cached psutil-7.2.2-cp36-abi3-manylinux2010_x86_64.manylinux_2_12_x86_64.manylinux_2_28_x86_64.whl.metadata (22 kB)
Test (Python 3.11)	Install dependencies	2026-10-04T14:18:10.7915406Z Collecting pygments>=2.14.0 (from ipython>=8.14.0->stock-model==0.1.0)
Test (Python 3.11)	Install dependencies	2026-10-04T14:18:10.7925109Z   Using cached pygments-2.21.0-py3-none-any.whl.metadata (2.5 kB)
Test (Python 3.11)	Install dependencies	2026-10-04T14:18:10.8087981Z Collecting stack_data>=0.6.0 (from ipython>=8.14.0->stock-model==0.1.0)
Test (Python 3.11)	Install dependencies	2026-10-04T14:18:10.8097840Z   Using cached stack_data-0.6.3-py3-none-any.whl.metadata (18 kB)
Test (Python 3.11)	Install dependencies	2026-10-04T14:18:10.8284351Z Collecting traitlets>=5.13.0 (from ipython>=8.14.0->stock-model==0.1.0)
Test (Python 3.11)	Install dependencies	2026-10-04T14:18:10.8293940Z   Using cached traitlets-5.16.1-py3-none-any.whl.metadata (10 kB)
Test (Python 3.11)	Install dependencies	2026-10-04T14:18:10.8509384Z Collecting wcwidth>=0.1.4 (from prompt_toolkit<3.1.0,>=3.0.41->ipython>=8.14.0->stock-model==0.1.0)
Test (Python 3.11)	Install dependencies	2026-10-04T14:18:10.8520482Z   Using cached wcwidth-0.9.1-cp310-abi3-manylinux2014_x86_64.manylinux_2_17_x86_64.whl.metadata (23 kB)
Test (Python 3.11)	Install dependencies	2026-10-04T14:18:10.8703083Z Collecting parso<0.9.0,>=0.8.6 (from jedi>=0.18.2->ipython>=8.14.0->stock-model==0.1.0)
Test (Python 3.11)	Install dependencies	2026-10-04T14:18:10.8712546Z   Using cached parso-0.8.7-py2.py3-none-any.whl.metadata (8.2 kB)
Test (Python 3.11)	Install dependencies	2026-10-04T14:18:10.9016474Z Collecting notebook (from jupyter>=1.0.0->stock-model==0.1.0)
Test (Python 3.11)	Install dependencies	2026-10-04T14:18:10.9027202Z   Using cached notebook-7.6.3-py3-none-any.whl.metadata (10 kB)
Test (Python 3.11)	Install dependencies	2026-10-04T14:18:10.9229184Z Collecting jupyter-console (from jupyter>=1.0.0->stock-model==0.1.0)
Test (Python 3.11)	Install dependencies	2026-10-04T14:18:10.9239423Z   Using cached jupyter_console-6.6.3-py3-none-any.whl.metadata (5.8 kB)
Test (Python 3.11)	Install dependencies	2026-10-04T14:18:10.9468378Z Collecting nbconvert (from jupyter>=1.0.0->stock-model==0.1.0)
Test (Python 3.11)	Install dependencies	2026-10-04T14:18:10.9479224Z   Using cached nbconvert-7.17.1-py3-none-any.whl.metadata (8.4 kB)
Test (Python 3.11)	Install dependencies	2026-10-04T14:18:10.9757670Z Collecting ipykernel (from jupyter>=1.0.0->stock-model==0.1.0)
Test (Python 3.11)	Install dependencies	2026-10-04T14:18:10.9768987Z   Using cached ipykernel-7.4.0-py3-none-any.whl.metadata (3.4 kB)
Test (Python 3.11)	Install dependencies	2026-10-04T14:18:11.0113859Z Collecting ipywidgets (from jupyter>=1.0.0->stock-model==0.1.0)
Test (Python 3.11)	Install dependencies	2026-10-04T14:18:11.0124689Z   Using cached ipywidgets-8.1.9-py3-none-any.whl.metadata (2.4 kB)
Test (Python 3.11)	Install dependencies	2026-10-04T14:18:11.0631701Z Collecting jupyterlab (from jupyter>=1.0.0->stock-model==0.1.0)
Test (Python 3.11)	Install dependencies	2026-10-04T14:18:11.0642306Z   Using cached jupyterlab-4.6.4-py3-none-any.whl.metadata (16 kB)
Test (Python 3.11)	Install dependencies	2026-10-04T14:18:11.0838339Z Collecting choreographer>=1.3.0 (from kaleido>=0.2.1->stock-model==0.1.0)
Test (Python 3.11)	Install dependencies	2026-10-04T14:18:11.0848543Z   Using cached choreographer-1.4.0-py3-none-any.whl.metadata (5.5 kB)
Test (Python 3.11)	Install dependencies	2026-10-04T14:18:11.1012411Z Collecting logistro>=1.0.8 (from kaleido>=0.2.1->stock-model==0.1.0)
Test (Python 3.11)	Install dependencies	2026-10-04T14:18:11.1022330Z   Using cached logistro-2.0.1-py3-none-any.whl.metadata (3.9 kB)
Test (Python 3.11)	Install dependencies	2026-10-04T14:18:11.2959117Z Collecting orjson>=3.10.15 (from kaleido>=0.2.1->stock-model==0.1.0)
Test (Python 3.11)	Install dependencies	2026-10-04T14:18:11.2972560Z   Using cached orjson-3.12.0-cp311-cp311-manylinux_2_17_x86_64.manylinux2014_x86_64.whl.metadata (41 kB)
Test (Python 3.11)	Install dependencies	2026-10-04T14:18:11.3050704Z Collecting packaging (from kaleido>=0.2.1->stock-model==0.1.0)
Test (Python 3.11)	Install dependencies	2026-10-04T14:18:11.3061514Z   Using cached packaging-26.3-py3-none-any.whl.metadata (3.5 kB)
Test (Python 3.11)	Install dependencies	2026-10-04T14:18:11.3268918Z Collecting platformdirs>=4.3.6 (from choreographer>=1.3.0->kaleido>=0.2.1->stock-model==0.1.0)
Test (Python 3.11)	Install dependencies	2026-10-04T14:18:11.3278077Z   Using cached platformdirs-4.12.3-py3-none-any.whl.metadata (5.5 kB)
Test (Python 3.11)	Install dependencies	2026-10-04T14:18:11.3904247Z Collecting simplejson>=3.19.3 (from choreographer>=1.3.0->kaleido>=0.2.1->stock-model==0.1.0)
Test (Python 3.11)	Install dependencies	2026-10-04T14:18:11.3913574Z   Using cached simplejson-4.2.0-cp311-cp311-manylinux1_x86_64.manylinux_2_28_x86_64.manylinux_2_5_x86_64.whl.metadata (3.8 kB)
Test (Python 3.11)	Install dependencies	2026-10-04T14:18:11.4345241Z Collecting contourpy>=1.0.1 (from matplotlib>=3.7.0->stock-model==0.1.0)
Test (Python 3.11)	Install dependencies	2026-10-04T14:18:11.4354727Z   Using cached contourpy-1.3.3-cp311-cp311-manylinux_2_27_x86_64.manylinux_2_28_x86_64.whl.metadata (5.5 kB)
Test (Python 3.11)	Install dependencies	2026-10-04T14:18:11.4518379Z Collecting cycler>=0.10 (from matplotlib>=3.7.0->stock-model==0.1.0)
Test (Python 3.11)	Install dependencies	2026-10-04T14:18:11.4527622Z   Using cached cycler-0.12.1-py3-none-any.whl.metadata (3.8 kB)
Test (Python 3.11)	Install dependencies	2026-10-04T14:18:11.5790321Z Collecting fonttools>=4.28.2 (from matplotlib>=3.7.0->stock-model==0.1.0)
Test (Python 3.11)	Install dependencies	2026-10-04T14:18:11.5801714Z   Using cached fonttools-4.66.1-cp311-cp311-manylinux2014_x86_64.manylinux_2_17_x86_64.whl.metadata (130 kB)
Test (Python 3.11)	Install dependencies	2026-10-04T14:18:11.6309284Z Collecting kiwisolver>=1.3.1 (from matplotlib>=3.7.0->stock-model==0.1.0)
Test (Python 3.11)	Install dependencies	2026-10-04T14:18:11.6319787Z   Using cached kiwisolver-1.5.1-cp311-cp311-manylinux2014_x86_64.manylinux_2_17_x86_64.whl.metadata (5.2 kB)
Test (Python 3.11)	Install dependencies	2026-10-04T14:18:11.7284786Z Collecting pillow>=9 (from matplotlib>=3.7.0->stock-model==0.1.0)
Test (Python 3.11)	Install dependencies	2026-10-04T14:18:11.7296899Z   Using cached pillow-12.3.0-cp311-cp311-manylinux_2_27_x86_64.manylinux_2_28_x86_64.whl.metadata (9.1 kB)
Test (Python 3.11)	Install dependencies	2026-10-04T14:18:11.7524210Z Collecting pyparsing>=3 (from matplotlib>=3.7.0->stock-model==0.1.0)
Test (Python 3.11)	Install dependencies	2026-10-04T14:18:11.7533383Z   Using cached pyparsing-3.3.3-py3-none-any.whl.metadata (5.9 kB)
Test (Python 3.11)	Install dependencies	2026-10-04T14:18:11.7712412Z Collecting python-dateutil>=2.7 (from matplotlib>=3.7.0->stock-model==0.1.0)
Test (Python 3.11)	Install dependencies	2026-10-04T14:18:11.7721804Z   Using cached python_dateutil-2.9.0.post0-py2.py3-none-any.whl.metadata (8.4 kB)
Test (Python 3.11)	Install dependencies	2026-10-04T14:18:11.7928614Z Collecting mypy_extensions>=1.0.0 (from mypy>=1.5.0->stock-model==0.1.0)
Test (Python 3.11)	Install dependencies	2026-10-04T14:18:11.7937884Z   Using cached mypy_extensions-1.1.0-py3-none-any.whl.metadata (1.1 kB)
Test (Python 3.11)	Install dependencies	2026-10-04T14:18:11.8101776Z Collecting pathspec>=1.0.0 (from mypy>=1.5.0->stock-model==0.1.0)
Test (Python 3.11)	Install dependencies	2026-10-04T14:18:11.8111130Z   Using cached pathspec-1.1.1-py3-none-any.whl.metadata (14 kB)
Test (Python 3.11)	Install dependencies	2026-10-04T14:18:11.9295422Z Collecting librt>=0.16.0 (from mypy>=1.5.0->stock-model==0.1.0)
Test (Python 3.11)	Install dependencies	2026-10-04T14:18:11.9307561Z   Using cached librt-0.16.0-cp311-cp311-manylinux2014_x86_64.manylinux_2_17_x86_64.manylinux_2_28_x86_64.whl.metadata (1.3 kB)
Test (Python 3.11)	Install dependencies	2026-10-04T14:18:11.9646697Z Collecting ast-serialize<1.0.0,>=0.11.2 (from mypy>=1.5.0->stock-model==0.1.0)
Test (Python 3.11)	Install dependencies	2026-10-04T14:18:11.9658093Z   Using cached ast_serialize-0.12.1-cp39-abi3-manylinux_2_17_x86_64.manylinux2014_x86_64.whl.metadata (1.4 kB)
Test (Python 3.11)	Install dependencies	2026-10-04T14:18:11.9829746Z Collecting et-xmlfile (from openpyxl>=3.0.3->akshare>=1.12.0->stock-model==0.1.0)
Test (Python 3.11)	Install dependencies	2026-10-04T14:18:11.9838984Z   Using cached et_xmlfile-2.0.0-py3-none-any.whl.metadata (2.7 kB)
Test (Python 3.11)	Install dependencies	2026-10-04T14:18:12.0031645Z Collecting ptyprocess>=0.5 (from pexpect>4.6->ipython>=8.14.0->stock-model==0.1.0)
Test (Python 3.11)	Install dependencies	2026-10-04T14:18:12.0040745Z   Using cached ptyprocess-0.7.0-py2.py3-none-any.whl.metadata (1.3 kB)
Test (Python 3.11)	Install dependencies	2026-10-04T14:18:12.0320324Z Collecting narwhals>=1.15.1 (from plotly>=5.15.0->stock-model==0.1.0)
Test (Python 3.11)	Install dependencies	2026-10-04T14:18:12.0329749Z   Using cached narwhals-2.26.0-py3-none-any.whl.metadata (15 kB)
Test (Python 3.11)	Install dependencies	2026-10-04T14:18:12.0518569Z Collecting annotated-types>=0.6.0 (from pydantic>=2.0.0->stock-model==0.1.0)
Test (Python 3.11)	Install dependencies	2026-10-04T14:18:12.0528027Z   Using cached annotated_types-0.8.0-py3-none-any.whl.metadata (15 kB)
Test (Python 3.11)	Install dependencies	2026-10-04T14:18:12.4407462Z Collecting pydantic-core==2.46.5 (from pydantic>=2.0.0->stock-model==0.1.0)
Test (Python 3.11)	Install dependencies	2026-10-04T14:18:12.4420677Z   Using cached pydantic_core-2.46.5-cp311-cp311-manylinux_2_17_x86_64.manylinux2014_x86_64.whl.metadata (6.6 kB)
Test (Python 3.11)	Install dependencies	2026-10-04T14:18:12.4595388Z Collecting typing-inspection>=0.4.2 (from pydantic>=2.0.0->stock-model==0.1.0)
Test (Python 3.11)	Install dependencies	2026-10-04T14:18:12.4604194Z   Using cached typing_inspection-0.4.4-py3-none-any.whl.metadata (2.6 kB)
Test (Python 3.11)	Install dependencies	2026-10-04T14:18:12.4810167Z Collecting python-dotenv>=0.21.0 (from pydantic-settings>=2.0.0->stock-model==0.1.0)
Test (Python 3.11)	Install dependencies	2026-10-04T14:18:12.4819125Z   Using cached python_dotenv-1.2.4-py3-none-any.whl.metadata (29 kB)
Test (Python 3.11)	Install dependencies	2026-10-04T14:18:12.5003067Z Collecting iniconfig>=1.0.1 (from pytest>=7.4.0->stock-model==0.1.0)
Test (Python 3.11)	Install dependencies	2026-10-04T14:18:12.5012294Z   Using cached iniconfig-2.3.0-py3-none-any.whl.metadata (2.5 kB)
Test (Python 3.11)	Install dependencies	2026-10-04T14:18:12.5179821Z Collecting pluggy<2,>=1.5 (from pytest>=7.4.0->stock-model==0.1.0)
Test (Python 3.11)	Install dependencies	2026-10-04T14:18:12.5189204Z   Using cached pluggy-1.6.0-py3-none-any.whl.metadata (4.8 kB)
Test (Python 3.11)	Install dependencies	2026-10-04T14:18:12.7877669Z Collecting coverage>=7.10.6 (from coverage[toml]>=7.10.6->pytest-cov>=4.1.0->stock-model==0.1.0)
Test (Python 3.11)	Install dependencies	2026-10-04T14:18:12.7892115Z   Using cached coverage-7.16.2-cp311-cp311-manylinux1_x86_64.manylinux_2_28_x86_64.manylinux_2_5_x86_64.whl.metadata (8.2 kB)
Test (Python 3.11)	Install dependencies	2026-10-04T14:18:12.8694598Z Collecting charset_normalizer<4,>=2 (from requests>=2.22.0->akshare>=1.12.0->stock-model==0.1.0)
Test (Python 3.11)	Install dependencies	2026-10-04T14:18:12.8707266Z   Using cached charset_normalizer-3.5.2-cp311-cp311-manylinux2014_x86_64.manylinux_2_17_x86_64.manylinux_2_28_x86_64.whl.metadata (46 kB)
Test (Python 3.11)	Install dependencies	2026-10-04T14:18:12.8951000Z Collecting markdown-it-py>=2.2.0 (from rich>=13.0.0->stock-model==0.1.0)
Test (Python 3.11)	Install dependencies	2026-10-04T14:18:12.8961457Z   Using cached markdown_it_py-4.2.0-py3-none-any.whl.metadata (7.4 kB)
Test (Python 3.11)	Install dependencies	2026-10-04T14:18:12.9144575Z Collecting mdurl~=0.1 (from markdown-it-py>=2.2.0->rich>=13.0.0->stock-model==0.1.0)
Test (Python 3.11)	Install dependencies	2026-10-04T14:18:12.9154490Z   Using cached mdurl-0.1.2-py3-none-any.whl.metadata (1.6 kB)
Test (Python 3.11)	Install dependencies	2026-10-04T14:18:12.9370340Z Collecting executing>=1.2.0 (from stack_data>=0.6.0->ipython>=8.14.0->stock-model==0.1.0)
Test (Python 3.11)	Install dependencies	2026-10-04T14:18:12.9380227Z   Using cached executing-2.2.1-py2.py3-none-any.whl.metadata (8.9 kB)
Test (Python 3.11)	Install dependencies	2026-10-04T14:18:12.9552369Z Collecting asttokens>=2.1.0 (from stack_data>=0.6.0->ipython>=8.14.0->stock-model==0.1.0)
Test (Python 3.11)	Install dependencies	2026-10-04T14:18:12.9562099Z   Using cached asttokens-3.0.2-py3-none-any.whl.metadata (5.7 kB)
Test (Python 3.11)	Install dependencies	2026-10-04T14:18:12.9719189Z Collecting pure-eval (from stack_data>=0.6.0->ipython>=8.14.0->stock-model==0.1.0)
Test (Python 3.11)	Install dependencies	2026-10-04T14:18:12.9728794Z   Using cached pure_eval-0.2.4-py3-none-any.whl.metadata (6.4 kB)
Test (Python 3.11)	Install dependencies	2026-10-04T14:18:12.9963645Z Collecting comm>=0.1.1 (from ipykernel->jupyter>=1.0.0->stock-model==0.1.0)
Test (Python 3.11)	Install dependencies	2026-10-04T14:18:12.9973633Z   Using cached comm-0.2.3-py3-none-any.whl.metadata (3.7 kB)
Test (Python 3.11)	Install dependencies	2026-10-04T14:18:13.0519278Z Collecting debugpy>=1.6.5 (from ipykernel->jupyter>=1.0.0->stock-model==0.1.0)
Test (Python 3.11)	Install dependencies	2026-10-04T14:18:13.0529457Z   Using cached debugpy-1.8.22-cp311-cp311-manylinux_2_34_x86_64.whl.metadata (1.4 kB)
Test (Python 3.11)	Install dependencies	2026-10-04T14:18:13.0743873Z Collecting jupyter-client>=8.9.0 (from ipykernel->jupyter>=1.0.0->stock-model==0.1.0)
Test (Python 3.11)	Install dependencies	2026-10-04T14:18:13.0753662Z   Using cached jupyter_client-8.10.0-py3-none-any.whl.metadata (8.5 kB)
Test (Python 3.11)	Install dependencies	2026-10-04T14:18:13.0945456Z Collecting jupyter-core!=6.0.*,>=5.1 (from ipykernel->jupyter>=1.0.0->stock-model==0.1.0)
Test (Python 3.11)	Install dependencies	2026-10-04T14:18:13.0955176Z   Using cached jupyter_core-5.9.1-py3-none-any.whl.metadata (1.5 kB)
Test (Python 3.11)	Install dependencies	2026-10-04T14:18:13.1114046Z Collecting nest-asyncio2>=1.7.0 (from ipykernel->jupyter>=1.0.0->stock-model==0.1.0)
Test (Python 3.11)	Install dependencies	2026-10-04T14:18:13.1123771Z   Using cached nest_asyncio2-1.7.3-py3-none-any.whl.metadata (6.7 kB)
Test (Python 3.11)	Install dependencies	2026-10-04T14:18:13.2896244Z Collecting pyzmq>=25 (from ipykernel->jupyter>=1.0.0->stock-model==0.1.0)
Test (Python 3.11)	Install dependencies	2026-10-04T14:18:13.2908450Z   Using cached pyzmq-27.2.0-cp311-cp311-manylinux_2_26_x86_64.manylinux_2_28_x86_64.whl.metadata (3.8 kB)
Test (Python 3.11)	Install dependencies	2026-10-04T14:18:13.3212736Z Collecting tornado>=6.5.7 (from ipykernel->jupyter>=1.0.0->stock-model==0.1.0)
Test (Python 3.11)	Install dependencies	2026-10-04T14:18:13.3224590Z   Using cached tornado-6.5.10-cp39-abi3-manylinux1_x86_64.manylinux_2_28_x86_64.manylinux_2_5_x86_64.whl.metadata (2.8 kB)
Test (Python 3.11)	Install dependencies	2026-10-04T14:18:13.3576769Z Collecting widgetsnbextension~=4.0.16 (from ipywidgets->jupyter>=1.0.0->stock-model==0.1.0)
Test (Python 3.11)	Install dependencies	2026-10-04T14:18:13.3588053Z   Using cached widgetsnbextension-4.0.16-py3-none-any.whl.metadata (1.6 kB)
Test (Python 3.11)	Install dependencies	2026-10-04T14:18:13.3849184Z Collecting jupyterlab_widgets~=3.0.17 (from ipywidgets->jupyter>=1.0.0->stock-model==0.1.0)
Test (Python 3.11)	Install dependencies	2026-10-04T14:18:13.3861148Z   Using cached jupyterlab_widgets-3.0.17-py3-none-any.whl.metadata (20 kB)
Test (Python 3.11)	Install dependencies	2026-10-04T14:18:13.4149254Z Collecting async-lru>=1.0.0 (from jupyterlab->jupyter>=1.0.0->stock-model==0.1.0)
Test (Python 3.11)	Install dependencies	2026-10-04T14:18:13.4160902Z   Using cached async_lru-2.3.0-py3-none-any.whl.metadata (7.6 kB)
Test (Python 3.11)	Install dependencies	2026-10-04T14:18:13.4373504Z Collecting jinja2>=3.0.3 (from jupyterlab->jupyter>=1.0.0->stock-model==0.1.0)
Test (Python 3.11)	Install dependencies	2026-10-04T14:18:13.4384534Z   Using cached jinja2-3.1.6-py3-none-any.whl.metadata (2.9 kB)
Test (Python 3.11)	Install dependencies	2026-10-04T14:18:13.4558322Z Collecting jupyter-builder>=1.0.2 (from jupyterlab->jupyter>=1.0.0->stock-model==0.1.0)
Test (Python 3.11)	Install dependencies	2026-10-04T14:18:13.4569422Z   Using cached jupyter_builder-1.2.3-py3-none-any.whl.metadata (7.8 kB)
Test (Python 3.11)	Install dependencies	2026-10-04T14:18:13.4753101Z Collecting jupyter-lsp>=2.0.0 (from jupyterlab->jupyter>=1.0.0->stock-model==0.1.0)
Test (Python 3.11)	Install dependencies	2026-10-04T14:18:13.4766868Z   Using cached jupyter_lsp-2.3.1-py3-none-any.whl.metadata (1.8 kB)
Test (Python 3.11)	Install dependencies	2026-10-04T14:18:13.5022592Z Collecting jupyter-server<3,>=2.19.0 (from jupyterlab->jupyter>=1.0.0->stock-model==0.1.0)
Test (Python 3.11)	Install dependencies	2026-10-04T14:18:13.5035774Z   Using cached jupyter_server-2.21.1-py3-none-any.whl.metadata (8.5 kB)
Test (Python 3.11)	Install dependencies	2026-10-04T14:18:13.5293143Z Collecting jupyterlab-server<3,>=2.28.0 (from jupyterlab->jupyter>=1.0.0->stock-model==0.1.0)
Test (Python 3.11)	Install dependencies	2026-10-04T14:18:13.5303860Z   Using cached jupyterlab_server-2.28.1-py3-none-any.whl.metadata (5.8 kB)
Test (Python 3.11)	Install dependencies	2026-10-04T14:18:13.5476668Z Collecting notebook-shim>=0.2 (from jupyterlab->jupyter>=1.0.0->stock-model==0.1.0)
Test (Python 3.11)	Install dependencies	2026-10-04T14:18:13.5487672Z   Using cached notebook_shim-0.2.4-py3-none-any.whl.metadata (4.0 kB)
Test (Python 3.11)	Install dependencies	2026-10-04T14:18:13.5744003Z Collecting argon2-cffi>=21.1 (from jupyter-server<3,>=2.19.0->jupyterlab->jupyter>=1.0.0->stock-model==0.1.0)
Test (Python 3.11)	Install dependencies	2026-10-04T14:18:13.5754770Z   Using cached argon2_cffi-25.1.0-py3-none-any.whl.metadata (4.1 kB)
Test (Python 3.11)	Install dependencies	2026-10-04T14:18:13.5991785Z Collecting jupyter-events>=0.11.0 (from jupyter-server<3,>=2.19.0->jupyterlab->jupyter>=1.0.0->stock-model==0.1.0)
Test (Python 3.11)	Install dependencies	2026-10-04T14:18:13.6001952Z   Using cached jupyter_events-0.12.1-py3-none-any.whl.metadata (5.8 kB)
Test (Python 3.11)	Install dependencies	2026-10-04T14:18:13.6171230Z Collecting jupyter-server-terminals>=0.4.4 (from jupyter-server<3,>=2.19.0->jupyterlab->jupyter>=1.0.0->stock-model==0.1.0)
Test (Python 3.11)	Install dependencies	2026-10-04T14:18:13.6181409Z   Using cached jupyter_server_terminals-0.5.4-py3-none-any.whl.metadata (5.9 kB)
Test (Python 3.11)	Install dependencies	2026-10-04T14:18:13.6382723Z Collecting nbformat>=5.3.0 (from jupyter-server<3,>=2.19.0->jupyterlab->jupyter>=1.0.0->stock-model==0.1.0)
Test (Python 3.11)	Install dependencies	2026-10-04T14:18:13.6392480Z   Using cached nbformat-5.11.1-py3-none-any.whl.metadata (3.7 kB)
Test (Python 3.11)	Install dependencies	2026-10-04T14:18:13.6582028Z Collecting overrides>=5.0 (from jupyter-server<3,>=2.19.0->jupyterlab->jupyter>=1.0.0->stock-model==0.1.0)
Test (Python 3.11)	Install dependencies	2026-10-04T14:18:13.6592088Z   Using cached overrides-7.7.0-py3-none-any.whl.metadata (5.8 kB)
Test (Python 3.11)	Install dependencies	2026-10-04T14:18:13.6770065Z Collecting prometheus-client>=0.9 (from jupyter-server<3,>=2.19.0->jupyterlab->jupyter>=1.0.0->stock-model==0.1.0)
Test (Python 3.11)	Install dependencies	2026-10-04T14:18:13.6780140Z   Using cached prometheus_client-0.26.0-py3-none-any.whl.metadata (2.1 kB)
Test (Python 3.11)	Install dependencies	2026-10-04T14:18:13.6978171Z Collecting send2trash>=1.8.2 (from jupyter-server<3,>=2.19.0->jupyterlab->jupyter>=1.0.0->stock-model==0.1.0)
Test (Python 3.11)	Install dependencies	2026-10-04T14:18:13.6988091Z   Using cached send2trash-2.1.0-py3-none-any.whl.metadata (4.1 kB)
Test (Python 3.11)	Install dependencies	2026-10-04T14:18:13.7160824Z Collecting terminado>=0.8.3 (from jupyter-server<3,>=2.19.0->jupyterlab->jupyter>=1.0.0->stock-model==0.1.0)
Test (Python 3.11)	Install dependencies	2026-10-04T14:18:13.7171044Z   Using cached terminado-0.18.1-py3-none-any.whl.metadata (5.8 kB)
Test (Python 3.11)	Install dependencies	2026-10-04T14:18:13.7369552Z Collecting websocket-client>=1.7 (from jupyter-server<3,>=2.19.0->jupyterlab->jupyter>=1.0.0->stock-model==0.1.0)
Test (Python 3.11)	Install dependencies	2026-10-04T14:18:13.7379736Z   Using cached websocket_client-1.9.2-py3-none-any.whl.metadata (8.3 kB)
Test (Python 3.11)	Install dependencies	2026-10-04T14:18:13.7569952Z Collecting babel>=2.10 (from jupyterlab-server<3,>=2.28.0->jupyterlab->jupyter>=1.0.0->stock-model==0.1.0)
Test (Python 3.11)	Install dependencies	2026-10-04T14:18:13.7580040Z   Using cached babel-2.18.0-py3-none-any.whl.metadata (2.2 kB)
Test (Python 3.11)	Install dependencies	2026-10-04T14:18:13.7780280Z Collecting json5>=0.9.0 (from jupyterlab-server<3,>=2.28.0->jupyterlab->jupyter>=1.0.0->stock-model==0.1.0)
Test (Python 3.11)	Install dependencies	2026-10-04T14:18:13.7790467Z   Using cached json5-0.15.0-py3-none-any.whl.metadata (37 kB)
Test (Python 3.11)	Install dependencies	2026-10-04T14:18:13.8024845Z Collecting jsonschema>=4.18.0 (from jupyterlab-server<3,>=2.28.0->jupyterlab->jupyter>=1.0.0->stock-model==0.1.0)
Test (Python 3.11)	Install dependencies	2026-10-04T14:18:13.8034903Z   Using cached jsonschema-4.26.0-py3-none-any.whl.metadata (7.6 kB)
Test (Python 3.11)	Install dependencies	2026-10-04T14:18:13.8356809Z Collecting argon2-cffi-bindings (from argon2-cffi>=21.1->jupyter-server<3,>=2.19.0->jupyterlab->jupyter>=1.0.0->stock-model==0.1.0)
Test (Python 3.11)	Install dependencies	2026-10-04T14:18:13.8366991Z   Using cached argon2_cffi_bindings-26.1.0-cp310-abi3-manylinux_2_26_x86_64.manylinux_2_28_x86_64.whl.metadata (7.5 kB)
Test (Python 3.11)	Install dependencies	2026-10-04T14:18:13.8807466Z Collecting MarkupSafe>=2.0 (from jinja2>=3.0.3->jupyterlab->jupyter>=1.0.0->stock-model==0.1.0)
Test (Python 3.11)	Install dependencies	2026-10-04T14:18:13.8818058Z   Using cached markupsafe-3.0.4-cp311-cp311-manylinux2014_x86_64.manylinux_2_17_x86_64.manylinux_2_28_x86_64.whl.metadata (2.7 kB)
Test (Python 3.11)	Install dependencies	2026-10-04T14:18:13.9004124Z Collecting attrs>=22.2.0 (from jsonschema>=4.18.0->jupyterlab-server<3,>=2.28.0->jupyterlab->jupyter>=1.0.0->stock-model==0.1.0)
Test (Python 3.11)	Install dependencies	2026-10-04T14:18:13.9014583Z   Using cached attrs-26.1.0-py3-none-any.whl.metadata (8.8 kB)
Test (Python 3.11)	Install dependencies	2026-10-04T14:18:13.9180436Z Collecting jsonschema-specifications>=2023.03.6 (from jsonschema>=4.18.0->jupyterlab-server<3,>=2.28.0->jupyterlab->jupyter>=1.0.0->stock-model==0.1.0)
Test (Python 3.11)	Install dependencies	2026-10-04T14:18:13.9191700Z   Using cached jsonschema_specifications-2025.9.1-py3-none-any.whl.metadata (2.9 kB)
Test (Python 3.11)	Install dependencies	2026-10-04T14:18:13.9396640Z Collecting referencing>=0.28.4 (from jsonschema>=4.18.0->jupyterlab-server<3,>=2.28.0->jupyterlab->jupyter>=1.0.0->stock-model==0.1.0)
Test (Python 3.11)	Install dependencies	2026-10-04T14:18:13.9407174Z   Using cached referencing-0.37.0-py3-none-any.whl.metadata (2.8 kB)
Test (Python 3.11)	Install dependencies	2026-10-04T14:18:14.0896106Z Collecting rpds-py>=0.25.0 (from jsonschema>=4.18.0->jupyterlab-server<3,>=2.28.0->jupyterlab->jupyter>=1.0.0->stock-model==0.1.0)
Test (Python 3.11)	Install dependencies	2026-10-04T14:18:14.0907965Z   Using cached rpds_py-2026.6.3-cp311-cp311-manylinux_2_17_x86_64.manylinux2014_x86_64.whl.metadata (4.1 kB)
Test (Python 3.11)	Install dependencies	2026-10-04T14:18:14.1127419Z Collecting python-json-logger>=2.0.4 (from jupyter-events>=0.11.0->jupyter-server<3,>=2.19.0->jupyterlab->jupyter>=1.0.0->stock-model==0.1.0)
Test (Python 3.11)	Install dependencies	2026-10-04T14:18:14.1137586Z   Using cached python_json_logger-4.2.0-py3-none-any.whl.metadata (2.9 kB)
Test (Python 3.11)	Install dependencies	2026-10-04T14:18:14.1293981Z Collecting rfc3339-validator (from jupyter-events>=0.11.0->jupyter-server<3,>=2.19.0->jupyterlab->jupyter>=1.0.0->stock-model==0.1.0)
Test (Python 3.11)	Install dependencies	2026-10-04T14:18:14.1304646Z   Using cached rfc3339_validator-0.1.4-py2.py3-none-any.whl.metadata (1.5 kB)
Test (Python 3.11)	Install dependencies	2026-10-04T14:18:14.1455407Z Collecting rfc3986-validator>=0.1.1 (from jupyter-events>=0.11.0->jupyter-server<3,>=2.19.0->jupyterlab->jupyter>=1.0.0->stock-model==0.1.0)
Test (Python 3.11)	Install dependencies	2026-10-04T14:18:14.1465551Z   Using cached rfc3986_validator-0.1.1-py2.py3-none-any.whl.metadata (1.7 kB)
Test (Python 3.11)	Install dependencies	2026-10-04T14:18:14.1650237Z Collecting fqdn (from jsonschema[format-nongpl]>=4.18.0->jupyter-events>=0.11.0->jupyter-server<3,>=2.19.0->jupyterlab->jupyter>=1.0.0->stock-model==0.1.0)
Test (Python 3.11)	Install dependencies	2026-10-04T14:18:14.1660426Z   Using cached fqdn-1.6.0-py3-none-any.whl.metadata (9.4 kB)
Test (Python 3.11)	Install dependencies	2026-10-04T14:18:14.1829505Z Collecting isoduration (from jsonschema[format-nongpl]>=4.18.0->jupyter-events>=0.11.0->jupyter-server<3,>=2.19.0->jupyterlab->jupyter>=1.0.0->stock-model==0.1.0)
Test (Python 3.11)	Install dependencies	2026-10-04T14:18:14.1839789Z   Using cached isoduration-20.11.0-py3-none-any.whl.metadata (5.7 kB)
Test (Python 3.11)	Install dependencies	2026-10-04T14:18:14.2006839Z Collecting jsonpointer>1.13 (from jsonschema[format-nongpl]>=4.18.0->jupyter-events>=0.11.0->jupyter-server<3,>=2.19.0->jupyterlab->jupyter>=1.0.0->stock-model==0.1.0)
Test (Python 3.11)	Install dependencies	2026-10-04T14:18:14.2016946Z   Using cached jsonpointer-3.1.1-py3-none-any.whl.metadata (2.4 kB)
Test (Python 3.11)	Install dependencies	2026-10-04T14:18:14.2183745Z Collecting rfc3987-syntax>=1.1.0 (from jsonschema[format-nongpl]>=4.18.0->jupyter-events>=0.11.0->jupyter-server<3,>=2.19.0->jupyterlab->jupyter>=1.0.0->stock-model==0.1.0)
Test (Python 3.11)	Install dependencies	2026-10-04T14:18:14.2193757Z   Using cached rfc3987_syntax-1.1.0-py3-none-any.whl.metadata (7.7 kB)
Test (Python 3.11)	Install dependencies	2026-10-04T14:18:14.2355348Z Collecting uri-template (from jsonschema[format-nongpl]>=4.18.0->jupyter-events>=0.11.0->jupyter-server<3,>=2.19.0->jupyterlab->jupyter>=1.0.0->stock-model==0.1.0)
Test (Python 3.11)	Install dependencies	2026-10-04T14:18:14.2365169Z   Using cached uri_template-1.3.0-py3-none-any.whl.metadata (8.8 kB)
Test (Python 3.11)	Install dependencies	2026-10-04T14:18:14.2548646Z Collecting webcolors>=24.6.0 (from jsonschema[format-nongpl]>=4.18.0->jupyter-events>=0.11.0->jupyter-server<3,>=2.19.0->jupyterlab->jupyter>=1.0.0->stock-model==0.1.0)
Test (Python 3.11)	Install dependencies	2026-10-04T14:18:14.2559095Z   Using cached webcolors-25.10.0-py3-none-any.whl.metadata (2.2 kB)
Test (Python 3.11)	Install dependencies	2026-10-04T14:18:14.2804845Z Collecting bleach!=5.0.0 (from bleach[css]!=5.0.0->nbconvert->jupyter>=1.0.0->stock-model==0.1.0)
Test (Python 3.11)	Install dependencies	2026-10-04T14:18:14.2815185Z   Using cached bleach-6.4.0-py3-none-any.whl.metadata (32 kB)
Test (Python 3.11)	Install dependencies	2026-10-04T14:18:14.2989415Z Collecting defusedxml (from nbconvert->jupyter>=1.0.0->stock-model==0.1.0)
Test (Python 3.11)	Install dependencies	2026-10-04T14:18:14.2999860Z   Using cached defusedxml-0.7.1-py2.py3-none-any.whl.metadata (32 kB)
Test (Python 3.11)	Install dependencies	2026-10-04T14:18:14.3181612Z Collecting jupyterlab-pygments (from nbconvert->jupyter>=1.0.0->stock-model==0.1.0)
Test (Python 3.11)	Install dependencies	2026-10-04T14:18:14.3192020Z   Using cached jupyterlab_pygments-0.3.0-py3-none-any.whl.metadata (4.4 kB)
Test (Python 3.11)	Install dependencies	2026-10-04T14:18:14.3381911Z Collecting mistune<4,>=2.0.3 (from nbconvert->jupyter>=1.0.0->stock-model==0.1.0)
Test (Python 3.11)	Install dependencies	2026-10-04T14:18:14.3392529Z   Using cached mistune-3.3.4-py3-none-any.whl.metadata (1.9 kB)
Test (Python 3.11)	Install dependencies	2026-10-04T14:18:14.4149532Z Collecting nbclient>=0.5.0 (from nbconvert->jupyter>=1.0.0->stock-model==0.1.0)
Test (Python 3.11)	Install dependencies	2026-10-04T14:18:14.4161591Z   Using cached nbclient-0.11.0-py3-none-any.whl.metadata (7.3 kB)
Test (Python 3.11)	Install dependencies	2026-10-04T14:18:14.4339204Z Collecting pandocfilters>=1.4.1 (from nbconvert->jupyter>=1.0.0->stock-model==0.1.0)
Test (Python 3.11)	Install dependencies	2026-10-04T14:18:14.4348981Z   Using cached pandocfilters-1.5.1-py2.py3-none-any.whl.metadata (9.0 kB)
Test (Python 3.11)	Install dependencies	2026-10-04T14:18:14.4543990Z Collecting tinycss2>=1.1.0 (from bleach[css]!=5.0.0->nbconvert->jupyter>=1.0.0->stock-model==0.1.0)
Test (Python 3.11)	Install dependencies	2026-10-04T14:18:14.4553455Z   Using cached tinycss2-1.5.1-py3-none-any.whl.metadata (3.0 kB)
Test (Python 3.11)	Install dependencies	2026-10-04T14:18:14.4759228Z Collecting fastjsonschema>=2.15 (from nbformat>=5.3.0->jupyter-server<3,>=2.19.0->jupyterlab->jupyter>=1.0.0->stock-model==0.1.0)
Test (Python 3.11)	Install dependencies	2026-10-04T14:18:14.4768731Z   Using cached fastjsonschema-2.22.2-py3-none-any.whl.metadata (2.1 kB)
Test (Python 3.11)	Install dependencies	2026-10-04T14:18:14.5020084Z Collecting lark>=1.2.2 (from rfc3987-syntax>=1.1.0->jsonschema[format-nongpl]>=4.18.0->jupyter-events>=0.11.0->jupyter-server<3,>=2.19.0->jupyterlab->jupyter>=1.0.0->stock-model==0.1.0)
Test (Python 3.11)	Install dependencies	2026-10-04T14:18:14.5029466Z   Using cached lark-1.3.1-py3-none-any.whl.metadata (1.8 kB)
Test (Python 3.11)	Install dependencies	2026-10-04T14:18:14.5295465Z Collecting arrow>=0.15.0 (from isoduration->jsonschema[format-nongpl]>=4.18.0->jupyter-events>=0.11.0->jupyter-server<3,>=2.19.0->jupyterlab->jupyter>=1.0.0->stock-model==0.1.0)
Test (Python 3.11)	Install dependencies	2026-10-04T14:18:14.5304697Z   Using cached arrow-1.4.0-py3-none-any.whl.metadata (7.7 kB)
Test (Python 3.11)	Install dependencies	2026-10-04T14:18:14.5492454Z Collecting tzdata (from arrow>=0.15.0->isoduration->jsonschema[format-nongpl]>=4.18.0->jupyter-events>=0.11.0->jupyter-server<3,>=2.19.0->jupyterlab->jupyter>=1.0.0->stock-model==0.1.0)
Test (Python 3.11)	Install dependencies	2026-10-04T14:18:14.5501942Z   Using cached tzdata-2026.5-py2.py3-none-any.whl.metadata (1.4 kB)
Test (Python 3.11)	Install dependencies	2026-10-04T14:18:14.5617406Z Using cached akshare-1.19.1-py3-none-any.whl (1.3 MB)
Test (Python 3.11)	Install dependencies	2026-10-04T14:18:14.5631531Z Using cached akracer-0.0.14-py3-none-any.whl (10.1 MB)
Test (Python 3.11)	Install dependencies	2026-10-04T14:18:14.5672386Z Using cached baostock-0.9.4-py3-none-any.whl (52 kB)
Test (Python 3.11)	Install dependencies	2026-10-04T14:18:14.5681974Z Using cached beautifulsoup4-4.15.0-py3-none-any.whl (109 kB)
Test (Python 3.11)	Install dependencies	2026-10-04T14:18:14.5692563Z Using cached curl_cffi-0.16.3-cp310-abi3-manylinux2014_x86_64.manylinux_2_17_x86_64.whl (13.5 MB)
Test (Python 3.11)	Install dependencies	2026-10-04T14:18:14.5743501Z Using cached certifi-2026.7.22-py3-none-any.whl (136 kB)
Test (Python 3.11)	Install dependencies	2026-10-04T14:18:14.5753475Z Using cached cffi-2.1.1-cp311-cp311-manylinux2014_x86_64.manylinux_2_17_x86_64.whl (217 kB)
Test (Python 3.11)	Install dependencies	2026-10-04T14:18:14.5763425Z Using cached decorator-5.3.1-py3-none-any.whl (10 kB)
Test (Python 3.11)	Install dependencies	2026-10-04T14:18:14.5772483Z Using cached html5lib-1.1-py2.py3-none-any.whl (112 kB)
Test (Python 3.11)	Install dependencies	2026-10-04T14:18:14.5782297Z Using cached httpx-0.28.1-py3-none-any.whl (73 kB)
Test (Python 3.11)	Install dependencies	2026-10-04T14:18:14.5791735Z Using cached httpcore-1.0.9-py3-none-any.whl (78 kB)
Test (Python 3.11)	Install dependencies	2026-10-04T14:18:14.5801351Z Using cached h11-0.16.0-py3-none-any.whl (37 kB)
Test (Python 3.11)	Install dependencies	2026-10-04T14:18:14.5810789Z Using cached ipython-9.17.1-py3-none-any.whl (639 kB)
Test (Python 3.11)	Install dependencies	2026-10-04T14:18:14.5822627Z Using cached prompt_toolkit-3.0.53-py3-none-any.whl (392 kB)
Test (Python 3.11)	Install dependencies	2026-10-04T14:18:14.5833798Z Using cached ipython_pygments_lexers-1.1.1-py3-none-any.whl (8.1 kB)
Test (Python 3.11)	Install dependencies	2026-10-04T14:18:14.5842574Z Using cached jedi-0.20.0-py2.py3-none-any.whl (4.9 MB)
Test (Python 3.11)	Install dependencies	2026-10-04T14:18:14.5867777Z Using cached parso-0.8.7-py2.py3-none-any.whl (107 kB)
Test (Python 3.11)	Install dependencies	2026-10-04T14:18:14.5877446Z Using cached jupyter-1.1.1-py2.py3-none-any.whl (2.7 kB)
Test (Python 3.11)	Install dependencies	2026-10-04T14:18:14.5886548Z Using cached kaleido-1.4.0-py3-none-any.whl (56 kB)
Test (Python 3.11)	Install dependencies	2026-10-04T14:18:14.5896159Z Using cached choreographer-1.4.0-py3-none-any.whl (57 kB)
Test (Python 3.11)	Install dependencies	2026-10-04T14:18:14.5905466Z Using cached logistro-2.0.1-py3-none-any.whl (8.6 kB)
Test (Python 3.11)	Install dependencies	2026-10-04T14:18:14.5914826Z Using cached loguru-0.7.3-py3-none-any.whl (61 kB)
Test (Python 3.11)	Install dependencies	2026-10-04T14:18:14.5924563Z Using cached lxml-6.1.3-cp311-cp311-manylinux_2_26_x86_64.manylinux_2_28_x86_64.whl (5.2 MB)
Test (Python 3.11)	Install dependencies	2026-10-04T14:18:14.5950457Z Using cached matplotlib-3.11.2-cp311-cp311-manylinux2014_x86_64.manylinux_2_17_x86_64.whl (9.9 MB)
Test (Python 3.11)	Install dependencies	2026-10-04T14:18:14.5990610Z Using cached contourpy-1.3.3-cp311-cp311-manylinux_2_27_x86_64.manylinux_2_28_x86_64.whl (355 kB)
Test (Python 3.11)	Install dependencies	2026-10-04T14:18:14.6001297Z Using cached cycler-0.12.1-py3-none-any.whl (8.3 kB)
Test (Python 3.11)	Install dependencies	2026-10-04T14:18:14.6010948Z Using cached fonttools-4.66.1-cp311-cp311-manylinux2014_x86_64.manylinux_2_17_x86_64.whl (5.4 MB)
Test (Python 3.11)	Install dependencies	2026-10-04T14:18:14.6037806Z Using cached kiwisolver-1.5.1-cp311-cp311-manylinux2014_x86_64.manylinux_2_17_x86_64.whl (1.4 MB)
Test (Python 3.11)	Install dependencies	2026-10-04T14:18:14.6052300Z Using cached matplotlib_inline-0.2.2-py3-none-any.whl (9.5 kB)
Test (Python 3.11)	Install dependencies	2026-10-04T14:18:14.6061846Z Using cached mypy-2.4.0-cp311-cp311-manylinux2014_x86_64.manylinux_2_17_x86_64.manylinux_2_28_x86_64.whl (15.4 MB)
Test (Python 3.11)	Install dependencies	2026-10-04T14:18:14.6118740Z Using cached ast_serialize-0.12.1-cp39-abi3-manylinux_2_17_x86_64.manylinux2014_x86_64.whl (1.3 MB)
Test (Python 3.11)	Install dependencies	2026-10-04T14:18:14.6133176Z Using cached librt-0.16.0-cp311-cp311-manylinux2014_x86_64.manylinux_2_17_x86_64.manylinux_2_28_x86_64.whl (515 kB)
Test (Python 3.11)	Install dependencies	2026-10-04T14:18:14.6144596Z Using cached mypy_extensions-1.1.0-py3-none-any.whl (5.0 kB)
Test (Python 3.11)	Install dependencies	2026-10-04T14:18:14.6154582Z Using cached numpy-2.4.6-cp311-cp311-manylinux_2_27_x86_64.manylinux_2_28_x86_64.whl (16.9 MB)
Test (Python 3.11)	Install dependencies	2026-10-04T14:18:14.6219587Z Using cached openpyxl-3.1.5-py2.py3-none-any.whl (250 kB)
Test (Python 3.11)	Install dependencies	2026-10-04T14:18:14.6230669Z Using cached orjson-3.12.0-cp311-cp311-manylinux_2_17_x86_64.manylinux2014_x86_64.whl (131 kB)
Test (Python 3.11)	Install dependencies	2026-10-04T14:18:14.6240676Z Using cached packaging-26.3-py3-none-any.whl (129 kB)
Test (Python 3.11)	Install dependencies	2026-10-04T14:18:14.6251202Z Using cached pandas-3.0.6-cp311-cp311-manylinux_2_24_x86_64.manylinux_2_28_x86_64.whl (11.1 MB)
Test (Python 3.11)	Install dependencies	2026-10-04T14:18:14.6294799Z Using cached pathspec-1.1.1-py3-none-any.whl (57 kB)
Test (Python 3.11)	Install dependencies	2026-10-04T14:18:14.6303801Z Using cached pexpect-4.9.0-py2.py3-none-any.whl (63 kB)
Test (Python 3.11)	Install dependencies	2026-10-04T14:18:14.6313868Z Using cached pillow-12.3.0-cp311-cp311-manylinux_2_27_x86_64.manylinux_2_28_x86_64.whl (6.9 MB)
Test (Python 3.11)	Install dependencies	2026-10-04T14:18:14.6344577Z Using cached platformdirs-4.12.3-py3-none-any.whl (32 kB)
Test (Python 3.11)	Install dependencies	2026-10-04T14:18:14.6353802Z Using cached plotly-7.1.0-py3-none-any.whl (9.7 MB)
Test (Python 3.11)	Install dependencies	2026-10-04T14:18:14.6392678Z Using cached narwhals-2.26.0-py3-none-any.whl (474 kB)
Test (Python 3.11)	Install dependencies	2026-10-04T14:18:14.6404122Z Using cached psutil-7.2.2-cp36-abi3-manylinux2010_x86_64.manylinux_2_12_x86_64.manylinux_2_28_x86_64.whl (155 kB)
Test (Python 3.11)	Install dependencies	2026-10-04T14:18:14.6413836Z Using cached ptyprocess-0.7.0-py2.py3-none-any.whl (13 kB)
Test (Python 3.11)	Install dependencies	2026-10-04T14:18:14.6423315Z Using cached py_mini_racer-0.6.0-py2.py3-none-manylinux1_x86_64.whl (5.4 MB)
Test (Python 3.11)	Install dependencies	2026-10-04T14:18:14.6449880Z Using cached pydantic-2.13.5-py3-none-any.whl (472 kB)
Test (Python 3.11)	Install dependencies	2026-10-04T14:18:14.6461616Z Using cached pydantic_core-2.46.5-cp311-cp311-manylinux_2_17_x86_64.manylinux2014_x86_64.whl (2.1 MB)
Test (Python 3.11)	Install dependencies	2026-10-04T14:18:14.6477595Z Using cached annotated_types-0.8.0-py3-none-any.whl (13 kB)
Test (Python 3.11)	Install dependencies	2026-10-04T14:18:14.6487456Z Using cached pydantic_settings-2.15.0-py3-none-any.whl (69 kB)
Test (Python 3.11)	Install dependencies	2026-10-04T14:18:14.6497400Z Using cached pygments-2.21.0-py3-none-any.whl (1.3 MB)
Test (Python 3.11)	Install dependencies	2026-10-04T14:18:14.6511193Z Using cached pyparsing-3.3.3-py3-none-any.whl (126 kB)
Test (Python 3.11)	Install dependencies	2026-10-04T14:18:14.6521072Z Using cached pytest-9.1.1-py3-none-any.whl (386 kB)
Test (Python 3.11)	Install dependencies	2026-10-04T14:18:14.6531937Z Using cached pluggy-1.6.0-py3-none-any.whl (20 kB)
Test (Python 3.11)	Install dependencies	2026-10-04T14:18:14.6541215Z Using cached iniconfig-2.3.0-py3-none-any.whl (7.5 kB)
Test (Python 3.11)	Install dependencies	2026-10-04T14:18:14.6550600Z Using cached pytest_cov-7.1.0-py3-none-any.whl (22 kB)
Test (Python 3.11)	Install dependencies	2026-10-04T14:18:14.6560428Z Using cached coverage-7.16.2-cp311-cp311-manylinux1_x86_64.manylinux_2_28_x86_64.manylinux_2_5_x86_64.whl (256 kB)
Test (Python 3.11)	Install dependencies	2026-10-04T14:18:14.6570714Z Using cached python_dateutil-2.9.0.post0-py2.py3-none-any.whl (229 kB)
Test (Python 3.11)	Install dependencies	2026-10-04T14:18:14.6580772Z Using cached python_dotenv-1.2.4-py3-none-any.whl (23 kB)
Test (Python 3.11)	Install dependencies	2026-10-04T14:18:14.6590631Z Using cached pyyaml-6.0.3-cp311-cp311-manylinux2014_x86_64.manylinux_2_17_x86_64.manylinux_2_28_x86_64.whl (806 kB)
Test (Python 3.11)	Install dependencies	2026-10-04T14:18:14.6602608Z Using cached requests-2.34.2-py3-none-any.whl (73 kB)
Test (Python 3.11)	Install dependencies	2026-10-04T14:18:14.6612530Z Using cached charset_normalizer-3.5.2-cp311-cp311-manylinux2014_x86_64.manylinux_2_17_x86_64.manylinux_2_28_x86_64.whl (269 kB)
Test (Python 3.11)	Install dependencies	2026-10-04T14:18:14.6622688Z Using cached idna-3.20-py3-none-any.whl (69 kB)
Test (Python 3.11)	Install dependencies	2026-10-04T14:18:14.6632126Z Using cached urllib3-2.8.0-py3-none-any.whl (135 kB)
Test (Python 3.11)	Install dependencies	2026-10-04T14:18:14.6641940Z Using cached rich-15.0.0-py3-none-any.whl (310 kB)
Test (Python 3.11)	Install dependencies	2026-10-04T14:18:14.6652580Z Using cached markdown_it_py-4.2.0-py3-none-any.whl (91 kB)
Test (Python 3.11)	Install dependencies	2026-10-04T14:18:14.6662122Z Using cached mdurl-0.1.2-py3-none-any.whl (10.0 kB)
Test (Python 3.11)	Install dependencies	2026-10-04T14:18:14.6671721Z Using cached ruff-0.16.10-py3-none-manylinux_2_17_x86_64.manylinux2014_x86_64.whl (10.4 MB)
Test (Python 3.11)	Install dependencies	2026-10-04T14:18:14.6713498Z Using cached scipy-1.17.1-cp311-cp311-manylinux_2_27_x86_64.manylinux_2_28_x86_64.whl (35.3 MB)
Test (Python 3.11)	Install dependencies	2026-10-04T14:18:14.6829733Z Using cached simplejson-4.2.0-cp311-cp311-manylinux1_x86_64.manylinux_2_28_x86_64.manylinux_2_5_x86_64.whl (191 kB)
Test (Python 3.11)	Install dependencies	2026-10-04T14:18:14.6839728Z Using cached six-1.17.0-py2.py3-none-any.whl (11 kB)
Test (Python 3.11)	Install dependencies	2026-10-04T14:18:14.6849120Z Using cached soupsieve-2.10-py3-none-any.whl (38 kB)
Test (Python 3.11)	Install dependencies	2026-10-04T14:18:14.6858843Z Using cached stack_data-0.6.3-py3-none-any.whl (24 kB)
Test (Python 3.11)	Install dependencies	2026-10-04T14:18:14.6868015Z Using cached asttokens-3.0.2-py3-none-any.whl (28 kB)
Test (Python 3.11)	Install dependencies	2026-10-04T14:18:14.6877551Z Using cached executing-2.2.1-py2.py3-none-any.whl (28 kB)
Test (Python 3.11)	Install dependencies	2026-10-04T14:18:14.6886933Z Using cached tabulate-0.10.0-py3-none-any.whl (39 kB)
Test (Python 3.11)	Install dependencies	2026-10-04T14:18:14.6896443Z Using cached tenacity-9.1.4-py3-none-any.whl (28 kB)
Test (Python 3.11)	Install dependencies	2026-10-04T14:18:14.6905852Z Using cached tqdm-4.70.1-py3-none-any.whl (80 kB)
Test (Python 3.11)	Install dependencies	2026-10-04T14:18:14.6915428Z Using cached traitlets-5.16.1-py3-none-any.whl (86 kB)
Test (Python 3.11)	Install dependencies	2026-10-04T14:18:14.6924954Z Using cached typing_extensions-4.16.0-py3-none-any.whl (45 kB)
Test (Python 3.11)	Install dependencies	2026-10-04T14:18:14.6934609Z Using cached typing_inspection-0.4.4-py3-none-any.whl (14 kB)
Test (Python 3.11)	Install dependencies	2026-10-04T14:18:14.6944222Z Using cached wcwidth-0.9.1-cp310-abi3-manylinux2014_x86_64.manylinux_2_17_x86_64.whl (768 kB)
Test (Python 3.11)	Install dependencies	2026-10-04T14:18:14.6956742Z Using cached xlrd-2.0.2-py2.py3-none-any.whl (96 kB)
Test (Python 3.11)	Install dependencies	2026-10-04T14:18:14.6966305Z Using cached anyio-4.15.1-py3-none-any.whl (132 kB)
Test (Python 3.11)	Install dependencies	2026-10-04T14:18:14.6976166Z Using cached et_xmlfile-2.0.0-py3-none-any.whl (18 kB)
Test (Python 3.11)	Install dependencies	2026-10-04T14:18:14.6985491Z Using cached ipykernel-7.4.0-py3-none-any.whl (123 kB)
Test (Python 3.11)	Install dependencies	2026-10-04T14:18:14.6995094Z Using cached comm-0.2.3-py3-none-any.whl (7.3 kB)
Test (Python 3.11)	Install dependencies	2026-10-04T14:18:14.7004346Z Using cached debugpy-1.8.22-cp311-cp311-manylinux_2_34_x86_64.whl (3.1 MB)
Test (Python 3.11)	Install dependencies	2026-10-04T14:18:14.7023482Z Using cached jupyter_client-8.10.0-py3-none-any.whl (110 kB)
Test (Python 3.11)	Install dependencies	2026-10-04T14:18:14.7032984Z Using cached jupyter_core-5.9.1-py3-none-any.whl (29 kB)
Test (Python 3.11)	Install dependencies	2026-10-04T14:18:14.7042187Z Using cached nest_asyncio2-1.7.3-py3-none-any.whl (8.4 kB)
Test (Python 3.11)	Install dependencies	2026-10-04T14:18:14.7051600Z Using cached pyzmq-27.2.0-cp311-cp311-manylinux_2_26_x86_64.manylinux_2_28_x86_64.whl (888 kB)
Test (Python 3.11)	Install dependencies	2026-10-04T14:18:14.7064034Z Using cached tornado-6.5.10-cp39-abi3-manylinux1_x86_64.manylinux_2_28_x86_64.manylinux_2_5_x86_64.whl (467 kB)
Test (Python 3.11)	Install dependencies	2026-10-04T14:18:14.7074828Z Using cached ipywidgets-8.1.9-py3-none-any.whl (140 kB)
Test (Python 3.11)	Install dependencies	2026-10-04T14:18:14.7084434Z Using cached jupyterlab_widgets-3.0.17-py3-none-any.whl (217 kB)
Test (Python 3.11)	Install dependencies	2026-10-04T14:18:14.7094158Z Using cached widgetsnbextension-4.0.16-py3-none-any.whl (2.2 MB)
Test (Python 3.11)	Install dependencies	2026-10-04T14:18:14.7110515Z Using cached jupyter_console-6.6.3-py3-none-any.whl (24 kB)
Test (Python 3.11)	Install dependencies	2026-10-04T14:18:14.7119257Z Using cached jupyterlab-4.6.4-py3-none-any.whl (17.2 MB)
Test (Python 3.11)	Install dependencies	2026-10-04T14:18:14.7182662Z Using cached jupyter_server-2.21.1-py3-none-any.whl (394 kB)
Test (Python 3.11)	Install dependencies	2026-10-04T14:18:14.7194129Z Using cached jupyterlab_server-2.28.1-py3-none-any.whl (60 kB)
Test (Python 3.11)	Install dependencies	2026-10-04T14:18:14.7203377Z Using cached argon2_cffi-25.1.0-py3-none-any.whl (14 kB)
Test (Python 3.11)	Install dependencies	2026-10-04T14:18:14.7212702Z Using cached async_lru-2.3.0-py3-none-any.whl (8.4 kB)
Test (Python 3.11)	Install dependencies	2026-10-04T14:18:14.7221834Z Using cached babel-2.18.0-py3-none-any.whl (10.2 MB)
Test (Python 3.11)	Install dependencies	2026-10-04T14:18:14.7262060Z Using cached jinja2-3.1.6-py3-none-any.whl (134 kB)
Test (Python 3.11)	Install dependencies	2026-10-04T14:18:14.7271783Z Using cached json5-0.15.0-py3-none-any.whl (36 kB)
Test (Python 3.11)	Install dependencies	2026-10-04T14:18:14.7281236Z Using cached jsonschema-4.26.0-py3-none-any.whl (90 kB)
Test (Python 3.11)	Install dependencies	2026-10-04T14:18:14.7291051Z Using cached attrs-26.1.0-py3-none-any.whl (67 kB)
Test (Python 3.11)	Install dependencies	2026-10-04T14:18:14.7300569Z Using cached jsonschema_specifications-2025.9.1-py3-none-any.whl (18 kB)
Test (Python 3.11)	Install dependencies	2026-10-04T14:18:14.7310184Z Using cached jupyter_builder-1.2.3-py3-none-any.whl (947 kB)
Test (Python 3.11)	Install dependencies	2026-10-04T14:18:14.7323057Z Using cached jupyter_events-0.12.1-py3-none-any.whl (19 kB)
Test (Python 3.11)	Install dependencies	2026-10-04T14:18:14.7332162Z Using cached jsonpointer-3.1.1-py3-none-any.whl (7.7 kB)
Test (Python 3.11)	Install dependencies	2026-10-04T14:18:14.7341630Z Using cached jupyter_lsp-2.3.1-py3-none-any.whl (77 kB)
Test (Python 3.11)	Install dependencies	2026-10-04T14:18:14.7351093Z Using cached jupyter_server_terminals-0.5.4-py3-none-any.whl (13 kB)
Test (Python 3.11)	Install dependencies	2026-10-04T14:18:14.7360989Z Using cached markupsafe-3.0.4-cp311-cp311-manylinux2014_x86_64.manylinux_2_17_x86_64.manylinux_2_28_x86_64.whl (22 kB)
Test (Python 3.11)	Install dependencies	2026-10-04T14:18:14.7370302Z Using cached nbconvert-7.17.1-py3-none-any.whl (261 kB)
Test (Python 3.11)	Install dependencies	2026-10-04T14:18:14.7380622Z Using cached mistune-3.3.4-py3-none-any.whl (66 kB)
Test (Python 3.11)	Install dependencies	2026-10-04T14:18:14.7390292Z Using cached bleach-6.4.0-py3-none-any.whl (165 kB)
Test (Python 3.11)	Install dependencies	2026-10-04T14:18:14.7400412Z Using cached nbclient-0.11.0-py3-none-any.whl (25 kB)
Test (Python 3.11)	Install dependencies	2026-10-04T14:18:14.7409519Z Using cached nbformat-5.11.1-py3-none-any.whl (79 kB)
Test (Python 3.11)	Install dependencies	2026-10-04T14:18:14.7418984Z Using cached fastjsonschema-2.22.2-py3-none-any.whl (27 kB)
Test (Python 3.11)	Install dependencies	2026-10-04T14:18:14.7428254Z Using cached notebook_shim-0.2.4-py3-none-any.whl (13 kB)
Test (Python 3.11)	Install dependencies	2026-10-04T14:18:14.7438049Z Using cached overrides-7.7.0-py3-none-any.whl (17 kB)
Test (Python 3.11)	Install dependencies	2026-10-04T14:18:14.7448611Z Using cached pandocfilters-1.5.1-py2.py3-none-any.whl (8.7 kB)
Test (Python 3.11)	Install dependencies	2026-10-04T14:18:14.7459163Z Using cached prometheus_client-0.26.0-py3-none-any.whl (64 kB)
Test (Python 3.11)	Install dependencies	2026-10-04T14:18:14.7469820Z Using cached python_json_logger-4.2.0-py3-none-any.whl (14 kB)
Test (Python 3.11)	Install dependencies	2026-10-04T14:18:14.7479170Z Using cached referencing-0.37.0-py3-none-any.whl (26 kB)
Test (Python 3.11)	Install dependencies	2026-10-04T14:18:14.7489100Z Using cached rfc3986_validator-0.1.1-py2.py3-none-any.whl (4.2 kB)
Test (Python 3.11)	Install dependencies	2026-10-04T14:18:14.7498342Z Using cached rfc3987_syntax-1.1.0-py3-none-any.whl (8.0 kB)
Test (Python 3.11)	Install dependencies	2026-10-04T14:18:14.7507683Z Using cached lark-1.3.1-py3-none-any.whl (113 kB)
Test (Python 3.11)	Install dependencies	2026-10-04T14:18:14.7517613Z Using cached rpds_py-2026.6.3-cp311-cp311-manylinux_2_17_x86_64.manylinux2014_x86_64.whl (371 kB)
Test (Python 3.11)	Install dependencies	2026-10-04T14:18:14.7528135Z Using cached send2trash-2.1.0-py3-none-any.whl (17 kB)
Test (Python 3.11)	Install dependencies	2026-10-04T14:18:14.7537143Z Using cached terminado-0.18.1-py3-none-any.whl (14 kB)
Test (Python 3.11)	Install dependencies	2026-10-04T14:18:14.7546572Z Using cached tinycss2-1.5.1-py3-none-any.whl (28 kB)
Test (Python 3.11)	Install dependencies	2026-10-04T14:18:14.7555751Z Using cached webcolors-25.10.0-py3-none-any.whl (14 kB)
Test (Python 3.11)	Install dependencies	2026-10-04T14:18:14.7564875Z Using cached webencodings-0.6.1-py3-none-any.whl (8.7 kB)
Test (Python 3.11)	Install dependencies	2026-10-04T14:18:14.7574454Z Using cached websocket_client-1.9.2-py3-none-any.whl (95 kB)
Test (Python 3.11)	Install dependencies	2026-10-04T14:18:14.7584063Z Using cached argon2_cffi_bindings-26.1.0-cp310-abi3-manylinux_2_26_x86_64.manylinux_2_28_x86_64.whl (26 kB)
Test (Python 3.11)	Install dependencies	2026-10-04T14:18:14.7593470Z Using cached defusedxml-0.7.1-py2.py3-none-any.whl (25 kB)
Test (Python 3.11)	Install dependencies	2026-10-04T14:18:14.7602416Z Using cached fqdn-1.6.0-py3-none-any.whl (12 kB)
Test (Python 3.11)	Install dependencies	2026-10-04T14:18:14.7611754Z Using cached isoduration-20.11.0-py3-none-any.whl (11 kB)
Test (Python 3.11)	Install dependencies	2026-10-04T14:18:14.7621112Z Using cached arrow-1.4.0-py3-none-any.whl (68 kB)
Test (Python 3.11)	Install dependencies	2026-10-04T14:18:14.7630565Z Using cached jupyterlab_pygments-0.3.0-py3-none-any.whl (15 kB)
Test (Python 3.11)	Install dependencies	2026-10-04T14:18:14.7640254Z Using cached notebook-7.6.3-py3-none-any.whl (5.5 MB)
Test (Python 3.11)	Install dependencies	2026-10-04T14:18:14.7666920Z Using cached pure_eval-0.2.4-py3-none-any.whl (11 kB)
Test (Python 3.11)	Install dependencies	2026-10-04T14:18:14.7676111Z Using cached pycparser-3.0-py3-none-any.whl (48 kB)
Test (Python 3.11)	Install dependencies	2026-10-04T14:18:14.7685986Z Using cached rfc3339_validator-0.1.4-py2.py3-none-any.whl (3.5 kB)
Test (Python 3.11)	Install dependencies	2026-10-04T14:18:14.7695361Z Using cached tzdata-2026.5-py2.py3-none-any.whl (347 kB)
Test (Python 3.11)	Install dependencies	2026-10-04T14:18:14.7705683Z Using cached uri_template-1.3.0-py3-none-any.whl (11 kB)
Test (Python 3.11)	Install dependencies	2026-10-04T14:18:15.2075477Z Building wheels for collected packages: stock-model
Test (Python 3.11)	Install dependencies	2026-10-04T14:18:15.2079088Z   Building editable for stock-model (pyproject.toml): started
Test (Python 3.11)	Install dependencies	2026-10-04T14:18:15.3454425Z   Building editable for stock-model (pyproject.toml): finished with status 'done'
Test (Python 3.11)	Install dependencies	2026-10-04T14:18:15.3457544Z   Created wheel for stock-model: filename=stock_model-0.1.0-0.editable-py3-none-any.whl size=6088 sha256=606e30c14812bc341e8bcdb7f4611bc3cdbb5d9b87a268a555e7d46271a42d79
Test (Python 3.11)	Install dependencies	2026-10-04T14:18:15.3459350Z   Stored in directory: /tmp/pip-ephem-wheel-cache-au0u9uon/wheels/6c/04/99/9078287126c6ccb1c0480dafc404f879c06cf51d843bc083ee
Test (Python 3.11)	Install dependencies	2026-10-04T14:18:15.3475618Z Successfully built stock-model
Test (Python 3.11)	Install dependencies	2026-10-04T14:18:15.5363730Z Installing collected packages: py-mini-racer, pure-eval, ptyprocess, jsonpath, xlrd, widgetsnbextension, websocket-client, webencodings, webcolors, wcwidth, urllib3, uri-template, tzdata, typing-extensions, traitlets, tqdm, tornado, tenacity, tabulate, soupsieve, six, simplejson, send2trash, ruff, rpds-py, rfc3986-validator, pyzmq, pyyaml, python-json-logger, python-dotenv, pyparsing, pygments, pycparser, psutil, prometheus-client, pluggy, platformdirs, pillow, pexpect, pathspec, parso, pandocfilters, packaging, overrides, orjson, numpy, nest-asyncio2, narwhals, mypy_extensions, mistune, mdurl, MarkupSafe, lxml, loguru, logistro, librt, lark, kiwisolver, jupyterlab_widgets, jupyterlab-pygments, jsonpointer, json5, iniconfig, idna, h11, fqdn, fonttools, fastjsonschema, executing, et-xmlfile, defusedxml, decorator, debugpy, cycler, coverage, comm, charset_normalizer, certifi, babel, attrs, async-lru, asttokens, ast-serialize, annotated-types, akracer, typing-inspection, tinycss2, terminado, stack_data, scipy, rfc3987-syntax, rfc3339-validator, requests, referencing, python-dateutil, pytest, pydantic-core, prompt_toolkit, plotly, openpyxl, mypy, matplotlib-inline, markdown-it-py, jupyter-core, jinja2, jedi, ipython-pygments-lexers, httpcore, html5lib, contourpy, choreographer, cffi, bleach, beautifulsoup4, anyio, rich, pytest-cov, pydantic, pandas, matplotlib, kaleido, jupyter-server-terminals, jupyter-client, jupyter-builder, jsonschema-specifications, ipython, httpx, curl_cffi, arrow, argon2-cffi-bindings, pydantic-settings, jsonschema, isoduration, ipywidgets, ipykernel, baostock, argon2-cffi, akshare, stock-model, nbformat, jupyter-console, nbclient, jupyter-events, nbconvert, jupyter-server, notebook-shim, jupyterlab-server, jupyter-lsp, jupyterlab, notebook, jupyter
Test (Python 3.11)	Install dependencies	2026-10-04T14:18:31.5734406Z 
Test (Python 3.11)	Install dependencies	2026-10-04T14:18:31.5778940Z Successfully installed MarkupSafe-3.0.4 akracer-0.0.14 akshare-1.19.1 annotated-types-0.8.0 anyio-4.15.1 argon2-cffi-25.1.0 argon2-cffi-bindings-26.1.0 arrow-1.4.0 ast-serialize-0.12.1 asttokens-3.0.2 async-lru-2.3.0 attrs-26.1.0 babel-2.18.0 baostock-0.9.4 beautifulsoup4-4.15.0 bleach-6.4.0 certifi-2026.7.22 cffi-2.1.1 charset_normalizer-3.5.2 choreographer-1.4.0 comm-0.2.3 contourpy-1.3.3 coverage-7.16.2 curl_cffi-0.16.3 cycler-0.12.1 debugpy-1.8.22 decorator-5.3.1 defusedxml-0.7.1 et-xmlfile-2.0.0 executing-2.2.1 fastjsonschema-2.22.2 fonttools-4.66.1 fqdn-1.6.0 h11-0.16.0 html5lib-1.1 httpcore-1.0.9 httpx-0.28.1 idna-3.20 iniconfig-2.3.0 ipykernel-7.4.0 ipython-9.17.1 ipython-pygments-lexers-1.1.1 ipywidgets-8.1.9 isoduration-20.11.0 jedi-0.20.0 jinja2-3.1.6 json5-0.15.0 jsonpath-0.82.2 jsonpointer-3.1.1 jsonschema-4.26.0 jsonschema-specifications-2025.9.1 jupyter-1.1.1 jupyter-builder-1.2.3 jupyter-client-8.10.0 jupyter-console-6.6.3 jupyter-core-5.9.1 jupyter-events-0.12.1 jupyter-lsp-2.3.1 jupyter-server-2.21.1 jupyter-server-terminals-0.5.4 jupyterlab-4.6.4 jupyterlab-pygments-0.3.0 jupyterlab-server-2.28.1 jupyterlab_widgets-3.0.17 kaleido-1.4.0 kiwisolver-1.5.1 lark-1.3.1 librt-0.16.0 logistro-2.0.1 loguru-0.7.3 lxml-6.1.3 markdown-it-py-4.2.0 matplotlib-3.11.2 matplotlib-inline-0.2.2 mdurl-0.1.2 mistune-3.3.4 mypy-2.4.0 mypy_extensions-1.1.0 narwhals-2.26.0 nbclient-0.11.0 nbconvert-7.17.1 nbformat-5.11.1 nest-asyncio2-1.7.3 notebook-7.6.3 notebook-shim-0.2.4 numpy-2.4.6 openpyxl-3.1.5 orjson-3.12.0 overrides-7.7.0 packaging-26.3 pandas-3.0.6 pandocfilters-1.5.1 parso-0.8.7 pathspec-1.1.1 pexpect-4.9.0 pillow-12.3.0 platformdirs-4.12.3 plotly-7.1.0 pluggy-1.6.0 prometheus-client-0.26.0 prompt_toolkit-3.0.53 psutil-7.2.2 ptyprocess-0.7.0 pure-eval-0.2.4 py-mini-racer-0.6.0 pycparser-3.0 pydantic-2.13.5 pydantic-core-2.46.5 pydantic-settings-2.15.0 pygments-2.21.0 pyparsing-3.3.3 pytest-9.1.1 pytest-cov-7.1.0 python-dateutil-2.9.0.post0 python-dotenv-1.2.4 python-json-logger-4.2.0 pyyaml-6.0.3 pyzmq-27.2.0 referencing-0.37.0 requests-2.34.2 rfc3339-validator-0.1.4 rfc3986-validator-0.1.1 rfc3987-syntax-1.1.0 rich-15.0.0 rpds-py-2026.6.3 ruff-0.16.10 scipy-1.17.1 send2trash-2.1.0 simplejson-4.2.0 six-1.17.0 soupsieve-2.10 stack_data-0.6.3 stock-model-0.1.0 tabulate-0.10.0 tenacity-9.1.4 terminado-0.18.1 tinycss2-1.5.1 tornado-6.5.10 tqdm-4.70.1 traitlets-5.16.1 typing-extensions-4.16.0 typing-inspection-0.4.4 tzdata-2026.5 uri-template-1.3.0 urllib3-2.8.0 wcwidth-0.9.1 webcolors-25.10.0 webencodings-0.6.1 websocket-client-1.9.2 widgetsnbextension-4.0.16 xlrd-2.0.2
Test (Python 3.11)	Install dependencies	2026-10-04T14:18:40.1402627Z Collecting ta-lib
Test (Python 3.11)	Install dependencies	2026-10-04T14:18:40.1414424Z   Using cached ta_lib-0.8.1-cp311-cp311-manylinux2014_x86_64.manylinux_2_17_x86_64.manylinux_2_28_x86_64.whl.metadata (26 kB)
Test (Python 3.11)	Install dependencies	2026-10-04T14:18:40.1438144Z Requirement already satisfied: numpy in /opt/hostedtoolcache/Python/3.11.16/x64/lib/python3.11/site-packages (from ta-lib) (2.4.6)
Test (Python 3.11)	Install dependencies	2026-10-04T14:18:40.1453616Z Using cached ta_lib-0.8.1-cp311-cp311-manylinux2014_x86_64.manylinux_2_17_x86_64.manylinux_2_28_x86_64.whl (3.6 MB)
Test (Python 3.11)	Install dependencies	2026-10-04T14:18:40.2414471Z Installing collected packages: ta-lib
Test (Python 3.11)	Install dependencies	2026-10-04T14:18:40.3023267Z Successfully installed ta-lib-0.8.1
Test (Python 3.11)	Run tests	﻿2026-10-04T14:18:40.3629939Z ##[group]Run pytest tests/ -v --tb=short --cov=stock_model --cov-report=xml --cov-report=term-missing
Test (Python 3.11)	Run tests	2026-10-04T14:18:40.3630491Z ^[[36;1mpytest tests/ -v --tb=short --cov=stock_model --cov-report=xml --cov-report=term-missing^[[0m
Test (Python 3.11)	Run tests	2026-10-04T14:18:40.3667313Z shell: /usr/bin/bash -e {0}
Test (Python 3.11)	Run tests	2026-10-04T14:18:40.3667675Z env:
Test (Python 3.11)	Run tests	2026-10-04T14:18:40.3667968Z   pythonLocation: /opt/hostedtoolcache/Python/3.11.16/x64
Test (Python 3.11)	Run tests	2026-10-04T14:18:40.3668409Z   PKG_CONFIG_PATH: /opt/hostedtoolcache/Python/3.11.16/x64/lib/pkgconfig
Test (Python 3.11)	Run tests	2026-10-04T14:18:40.3668801Z   Python_ROOT_DIR: /opt/hostedtoolcache/Python/3.11.16/x64
Test (Python 3.11)	Run tests	2026-10-04T14:18:40.3669183Z   Python2_ROOT_DIR: /opt/hostedtoolcache/Python/3.11.16/x64
Test (Python 3.11)	Run tests	2026-10-04T14:18:40.3669522Z   Python3_ROOT_DIR: /opt/hostedtoolcache/Python/3.11.16/x64
Test (Python 3.11)	Run tests	2026-10-04T14:18:40.3669918Z   LD_LIBRARY_PATH: /opt/hostedtoolcache/Python/3.11.16/x64/lib
Test (Python 3.11)	Run tests	2026-10-04T14:18:40.3670208Z ##[endgroup]
Test (Python 3.11)	Run tests	2026-10-04T14:18:41.3394703Z ============================= test session starts ==============================
Test (Python 3.11)	Run tests	2026-10-04T14:18:41.3396182Z platform linux -- Python 3.11.16, pytest-9.1.1, pluggy-1.6.0 -- /opt/hostedtoolcache/Python/3.11.16/x64/bin/python
Test (Python 3.11)	Run tests	2026-10-04T14:18:41.3397129Z cachedir: .pytest_cache
Test (Python 3.11)	Run tests	2026-10-04T14:18:41.3397505Z rootdir: /home/runner/work/stock-model/stock-model
Test (Python 3.11)	Run tests	2026-10-04T14:18:41.3397946Z configfile: pyproject.toml
Test (Python 3.11)	Run tests	2026-10-04T14:18:41.3398341Z plugins: platformdirs-4.12.3, cov-7.1.0, anyio-4.15.1
Test (Python 3.11)	Run tests	2026-10-04T14:18:43.0475976Z collecting ... collected 263 items
Test (Python 3.11)	Run tests	2026-10-04T14:18:43.0476406Z 
Test (Python 3.11)	Run tests	2026-10-04T14:18:43.0497854Z tests/test_batch2.py::TestAutoDataCollector::test_add_watchlist PASSED   [  0%]
Test (Python 3.11)	Run tests	2026-10-04T14:18:43.0511081Z tests/test_batch2.py::TestAutoDataCollector::test_add_watchlist_no_duplicate PASSED [  0%]
Test (Python 3.11)	Run tests	2026-10-04T14:18:43.0534098Z tests/test_batch2.py::TestAutoDataCollector::test_remove_watchlist PASSED [  1%]
Test (Python 3.11)	Run tests	2026-10-04T14:18:43.0560296Z tests/test_batch2.py::TestAutoDataCollector::test_collect_now_success PASSED [  1%]
Test (Python 3.11)	Run tests	2026-10-04T14:18:43.0576388Z tests/test_batch2.py::TestAutoDataCollector::test_collect_now_error PASSED [  1%]
Test (Python 3.11)	Run tests	2026-10-04T14:18:43.0601725Z tests/test_batch2.py::TestAutoDataCollector::test_collect_now_callback PASSED [  2%]
Test (Python 3.11)	Run tests	2026-10-04T14:18:43.0613521Z tests/test_batch2.py::TestAutoDataCollector::test_stats PASSED           [  2%]
Test (Python 3.11)	Run tests	2026-10-04T14:18:43.0625704Z tests/test_batch2.py::TestAutoDataCollector::test_is_running_default PASSED [  3%]
Test (Python 3.11)	Run tests	2026-10-04T14:18:43.0673995Z tests/test_batch2.py::TestDataQualityMonitor::test_good_data PASSED      [  3%]
Test (Python 3.11)	Run tests	2026-10-04T14:18:43.0683689Z tests/test_batch2.py::TestDataQualityMonitor::test_empty_data PASSED     [  3%]
Test (Python 3.11)	Run tests	2026-10-04T14:18:43.0691713Z tests/test_batch2.py::TestDataQualityMonitor::test_none_data PASSED      [  4%]
Test (Python 3.11)	Run tests	2026-10-04T14:18:43.0732137Z tests/test_batch2.py::TestDataQualityMonitor::test_missing_values PASSED [  4%]
Test (Python 3.11)	Run tests	2026-10-04T14:18:43.0749838Z tests/test_batch2.py::TestDataQualityMonitor::test_missing_close_column PASSED [  4%]
Test (Python 3.11)	Run tests	2026-10-04T14:18:43.0771538Z tests/test_batch2.py::TestDataQualityMonitor::test_stale_data PASSED     [  5%]
Test (Python 3.11)	Run tests	2026-10-04T14:18:43.0805572Z tests/test_batch2.py::TestDataQualityMonitor::test_score_calculation PASSED [  5%]
Test (Python 3.11)	Run tests	2026-10-04T14:18:43.0813593Z tests/test_batch2.py::TestQualityIssue::test_str PASSED                  [  6%]
Test (Python 3.11)	Run tests	2026-10-04T14:18:43.0821119Z tests/test_batch2.py::TestQualityReport::test_has_errors PASSED          [  6%]
Test (Python 3.11)	Run tests	2026-10-04T14:18:43.0829062Z tests/test_batch2.py::TestQualityReport::test_no_errors PASSED           [  6%]
Test (Python 3.11)	Run tests	2026-10-04T14:18:43.0836955Z tests/test_batch2.py::TestQualityReport::test_str PASSED                 [  7%]
Test (Python 3.11)	Run tests	2026-10-04T14:18:43.0850338Z tests/test_batch2.py::TestSignalNotifier::test_notify_with_console PASSED [  7%]
Test (Python 3.11)	Run tests	2026-10-04T14:18:43.0865668Z tests/test_batch2.py::TestSignalNotifier::test_notify_with_file PASSED   [  7%]
Test (Python 3.11)	Run tests	2026-10-04T14:18:43.0874370Z tests/test_batch2.py::TestSignalNotifier::test_notify_no_channels PASSED [  8%]
Test (Python 3.11)	Run tests	2026-10-04T14:18:43.0883192Z tests/test_batch2.py::TestSignalNotifier::test_add_remove_channel PASSED [  8%]
Test (Python 3.11)	Run tests	2026-10-04T14:18:43.0890945Z tests/test_batch2.py::TestSignalNotifier::test_format_message_buy PASSED [  9%]
Test (Python 3.11)	Run tests	2026-10-04T14:18:43.1779643Z tests/test_batch2.py::TestWebhookChannel::test_webhook_without_httpx PASSED [  9%]
Test (Python 3.11)	Run tests	2026-10-04T14:18:43.1838589Z tests/test_batch3.py::TestPortfolioModels::test_portfolio_weight_creation PASSED [  9%]
Test (Python 3.11)	Run tests	2026-10-04T14:18:43.1846801Z tests/test_batch3.py::TestPortfolioModels::test_portfolio_weight_value PASSED [ 10%]
Test (Python 3.11)	Run tests	2026-10-04T14:18:43.1854904Z tests/test_batch3.py::TestPortfolioModels::test_portfolio_creation PASSED [ 10%]
Test (Python 3.11)	Run tests	2026-10-04T14:18:43.1862500Z tests/test_batch3.py::TestPortfolioModels::test_portfolio_weight_sum PASSED [ 11%]
Test (Python 3.11)	Run tests	2026-10-04T14:18:43.1873453Z tests/test_batch3.py::TestPortfolioOptimizer::test_equal_weight PASSED   [ 11%]
Test (Python 3.11)	Run tests	2026-10-04T14:18:43.1883051Z tests/test_batch3.py::TestPortfolioOptimizer::test_equal_weight_shares PASSED [ 11%]
Test (Python 3.11)	Run tests	2026-10-04T14:18:43.1916766Z tests/test_batch3.py::TestPortfolioOptimizer::test_risk_parity PASSED    [ 12%]
Test (Python 3.11)	Run tests	2026-10-04T14:18:43.1940851Z tests/test_batch3.py::TestPortfolioOptimizer::test_risk_parity_low_vol_high_weight PASSED [ 12%]
Test (Python 3.11)	Run tests	2026-10-04T14:18:43.5435985Z tests/test_batch3.py::TestPortfolioOptimizer::test_min_variance PASSED   [ 12%]
Test (Python 3.11)	Run tests	2026-10-04T14:18:43.5483664Z tests/test_batch3.py::TestPortfolioOptimizer::test_mean_variance PASSED  [ 13%]
Test (Python 3.11)	Run tests	2026-10-04T14:18:43.5525436Z tests/test_batch3.py::TestPortfolioOptimizer::test_mean_variance_with_target PASSED [ 13%]
Test (Python 3.11)	Run tests	2026-10-04T14:18:43.5534553Z tests/test_batch3.py::TestPortfolioOptimizer::test_single_asset PASSED   [ 14%]
Test (Python 3.11)	Run tests	2026-10-04T14:18:43.5542526Z tests/test_batch3.py::TestRLTradingAgent::test_agent_creation PASSED     [ 14%]
Test (Python 3.11)	Run tests	2026-10-04T14:18:43.5550362Z tests/test_batch3.py::TestRLTradingAgent::test_agent_creation_dqn PASSED [ 14%]
Test (Python 3.11)	Run tests	2026-10-04T14:18:43.5560889Z tests/test_batch3.py::TestRLTradingAgent::test_rule_based_insufficient_data PASSED [ 15%]
Test (Python 3.11)	Run tests	2026-10-04T14:18:43.5585006Z tests/test_batch3.py::TestRLTradingAgent::test_rule_based_buy_signal PASSED [ 15%]
Test (Python 3.11)	Run tests	2026-10-04T14:18:43.5602194Z tests/test_batch3.py::TestRLTradingAgent::test_rule_based_sell_signal PASSED [ 15%]
Test (Python 3.11)	Run tests	2026-10-04T14:18:43.5613931Z tests/test_batch3.py::TestRLTradingAgent::test_train_without_deps PASSED [ 16%]
Test (Python 3.11)	Run tests	2026-10-04T14:18:43.5653901Z tests/test_batch3.py::TestRLTradingAgent::test_extract_features PASSED   [ 16%]
Test (Python 3.11)	Run tests	2026-10-04T14:18:43.5664409Z tests/test_batch3.py::TestRLTradingAgent::test_extract_features_short_data PASSED [ 17%]
Test (Python 3.11)	Run tests	2026-10-04T14:18:43.5688508Z tests/test_batch3.py::TestRLTradingAgent::test_evaluate PASSED           [ 17%]
Test (Python 3.11)	Run tests	2026-10-04T14:18:43.5706996Z tests/test_batch3.py::TestRLTradingAgent::test_analyze_returns_strategy_result PASSED [ 17%]
Test (Python 3.11)	Run tests	2026-10-04T14:18:43.5751684Z tests/test_batch3.py::TestWebDashboard::test_create_app_import_error PASSED [ 18%]
Test (Python 3.11)	Run tests	2026-10-04T14:18:43.5760016Z tests/test_batch3.py::TestWebDashboard::test_render_dashboard_html PASSED [ 18%]
Test (Python 3.11)	Run tests	2026-10-04T14:18:43.5768344Z tests/test_batch3.py::TestWebDashboard::test_dashboard_has_chinese PASSED [ 19%]
Test (Python 3.11)	Run tests	2026-10-04T14:18:43.5777051Z tests/test_batch3.py::TestWebDashboard::test_web_module_init PASSED      [ 19%]
Test (Python 3.11)	Run tests	2026-10-04T14:18:43.5784894Z tests/test_data_sources.py::TestBaostockConvertSymbol::test_shenzhen_main PASSED [ 19%]
Test (Python 3.11)	Run tests	2026-10-04T14:18:43.5792368Z tests/test_data_sources.py::TestBaostockConvertSymbol::test_shenzhen_gem PASSED [ 20%]
Test (Python 3.11)	Run tests	2026-10-04T14:18:43.5801474Z tests/test_data_sources.py::TestBaostockConvertSymbol::test_shenzhen_small PASSED [ 20%]
Test (Python 3.11)	Run tests	2026-10-04T14:18:43.5809049Z tests/test_data_sources.py::TestBaostockConvertSymbol::test_shanghai_main PASSED [ 20%]
Test (Python 3.11)	Run tests	2026-10-04T14:18:43.5816204Z tests/test_data_sources.py::TestBaostockConvertSymbol::test_shanghai_star PASSED [ 21%]
Test (Python 3.11)	Run tests	2026-10-04T14:18:43.5824356Z tests/test_data_sources.py::TestBaostockConvertSymbol::test_bse PASSED   [ 21%]
Test (Python 3.11)	Run tests	2026-10-04T14:18:43.5831329Z tests/test_data_sources.py::TestBaostockConvertSymbol::test_already_prefixed_sh PASSED [ 22%]
Test (Python 3.11)	Run tests	2026-10-04T14:18:43.5838309Z tests/test_data_sources.py::TestBaostockConvertSymbol::test_already_prefixed_sz PASSED [ 22%]
Test (Python 3.11)	Run tests	2026-10-04T14:18:43.5846215Z tests/test_data_sources.py::TestBaostockConvertSymbol::test_unknown_prefix PASSED [ 22%]
Test (Python 3.11)	Run tests	2026-10-04T14:18:43.5853683Z tests/test_data_sources.py::TestBaostockNormalizeDate::test_yyyymmdd_format PASSED [ 23%]
Test (Python 3.11)	Run tests	2026-10-04T14:18:43.5861493Z tests/test_data_sources.py::TestBaostockNormalizeDate::test_already_normalized PASSED [ 23%]
Test (Python 3.11)	Run tests	2026-10-04T14:18:43.5869488Z tests/test_data_sources.py::TestBaostockNormalizeDate::test_none_input PASSED [ 23%]
Test (Python 3.11)	Run tests	2026-10-04T14:18:43.5877255Z tests/test_data_sources.py::TestBaostockNormalizeDate::test_empty_string PASSED [ 24%]
Test (Python 3.11)	Run tests	2026-10-04T14:18:43.5885445Z tests/test_data_sources.py::TestBaostockNormalizeDate::test_short_date PASSED [ 24%]
Test (Python 3.11)	Run tests	2026-10-04T14:18:43.5894232Z tests/test_data_sources.py::TestBaostockNormalizeDate::test_with_spaces PASSED [ 25%]
Test (Python 3.11)	Run tests	2026-10-04T14:18:43.5902176Z tests/test_data_sources.py::TestBaostockConvertAdjust::test_qfq PASSED   [ 25%]
Test (Python 3.11)	Run tests	2026-10-04T14:18:43.5909767Z tests/test_data_sources.py::TestBaostockConvertAdjust::test_hfq PASSED   [ 25%]
Test (Python 3.11)	Run tests	2026-10-04T14:18:43.5917470Z tests/test_data_sources.py::TestBaostockConvertAdjust::test_no_adjust PASSED [ 26%]
Test (Python 3.11)	Run tests	2026-10-04T14:18:43.5924885Z tests/test_data_sources.py::TestBaostockConvertAdjust::test_unknown_defaults_qfq PASSED [ 26%]
Test (Python 3.11)	Run tests	2026-10-04T14:18:43.5933869Z tests/test_data_sources.py::TestDataSourceBase::test_cannot_instantiate PASSED [ 26%]
Test (Python 3.11)	Run tests	2026-10-04T14:18:43.5941025Z tests/test_data_sources.py::TestDataSourceBase::test_baostock_is_datasource PASSED [ 27%]
Test (Python 3.11)	Run tests	2026-10-04T14:18:43.5948780Z tests/test_data_sources.py::TestDataSourceBase::test_akshare_is_datasource PASSED [ 27%]
Test (Python 3.11)	Run tests	2026-10-04T14:18:43.5956731Z tests/test_data_sources.py::TestConnectionErrorDetection::test_connection_error_pattern PASSED [ 28%]
Test (Python 3.11)	Run tests	2026-10-04T14:18:43.5964391Z tests/test_data_sources.py::TestConnectionErrorDetection::test_remote_disconnected PASSED [ 28%]
Test (Python 3.11)	Run tests	2026-10-04T14:18:43.5972152Z tests/test_data_sources.py::TestConnectionErrorDetection::test_proxy_error PASSED [ 28%]
Test (Python 3.11)	Run tests	2026-10-04T14:18:43.5979791Z tests/test_data_sources.py::TestConnectionErrorDetection::test_ssl_error PASSED [ 29%]
Test (Python 3.11)	Run tests	2026-10-04T14:18:43.5987377Z tests/test_data_sources.py::TestConnectionErrorDetection::test_non_connection_error PASSED [ 29%]
Test (Python 3.11)	Run tests	2026-10-04T14:18:43.5995204Z tests/test_data_sources.py::TestConnectionErrorDetection::test_runtime_error_not_connection PASSED [ 30%]
Test (Python 3.11)	Run tests	2026-10-04T14:18:43.6002391Z tests/test_data_sources.py::TestConnectionErrorDetection::test_key_error_not_connection PASSED [ 30%]
Test (Python 3.11)	Run tests	2026-10-04T14:18:43.6009787Z tests/test_data_sources.py::TestCreateSource::test_create_akshare PASSED [ 30%]
Test (Python 3.11)	Run tests	2026-10-04T14:18:44.2833732Z tests/test_data_sources.py::TestCreateSource::test_create_baostock PASSED [ 31%]
Test (Python 3.11)	Run tests	2026-10-04T14:18:44.2843115Z tests/test_data_sources.py::TestCreateSource::test_create_unknown_raises PASSED [ 31%]
Test (Python 3.11)	Run tests	2026-10-04T14:18:44.2905387Z tests/test_data_sources.py::TestFallbackMechanism::test_primary_success_no_fallback PASSED [ 31%]
Test (Python 3.11)	Run tests	2026-10-04T14:18:44.2938660Z tests/test_data_sources.py::TestFallbackMechanism::test_connection_error_triggers_fallback PASSED [ 32%]
Test (Python 3.11)	Run tests	2026-10-04T14:18:44.2980251Z tests/test_data_sources.py::TestFallbackMechanism::test_empty_data_triggers_fallback PASSED [ 32%]
Test (Python 3.11)	Run tests	2026-10-04T14:18:44.3010854Z tests/test_data_sources.py::TestFallbackMechanism::test_non_connection_error_raises PASSED [ 33%]
Test (Python 3.11)	Run tests	2026-10-04T14:18:44.3038706Z tests/test_data_sources.py::TestFallbackMechanism::test_both_fail_raises_runtime_error PASSED [ 33%]
Test (Python 3.11)	Run tests	2026-10-04T14:18:44.3067840Z tests/test_data_sources.py::TestFallbackMechanism::test_no_fallback_instance_primary_fails PASSED [ 33%]
Test (Python 3.11)	Run tests	2026-10-04T14:18:44.3109615Z tests/test_data_sources.py::TestBaostockNormalize::test_column_rename PASSED [ 34%]
Test (Python 3.11)	Run tests	2026-10-04T14:18:44.3137046Z tests/test_data_sources.py::TestBaostockNormalize::test_numeric_conversion PASSED [ 34%]
Test (Python 3.11)	Run tests	2026-10-04T14:18:44.3161115Z tests/test_data_sources.py::TestBaostockNormalize::test_date_index PASSED [ 34%]
Test (Python 3.11)	Run tests	2026-10-04T14:18:44.3186266Z tests/test_data_sources.py::TestBaostockNormalize::test_symbol_added PASSED [ 35%]
Test (Python 3.11)	Run tests	2026-10-04T14:18:44.3193791Z tests/test_data_sources.py::TestCacheKey::test_basic_key PASSED          [ 35%]
Test (Python 3.11)	Run tests	2026-10-04T14:18:44.3201085Z tests/test_data_sources.py::TestCacheKey::test_key_with_start_date PASSED [ 36%]
Test (Python 3.11)	Run tests	2026-10-04T14:18:44.3207829Z tests/test_data_sources.py::TestCacheKey::test_key_with_all_params PASSED [ 36%]
Test (Python 3.11)	Run tests	2026-10-04T14:18:44.3214855Z tests/test_data_sources.py::TestCacheKey::test_key_none_params_excluded PASSED [ 36%]
Test (Python 3.11)	Run tests	2026-10-04T14:18:44.3221318Z tests/test_data_sources.py::TestCacheKey::test_different_methods_different_keys PASSED [ 37%]
Test (Python 3.11)	Run tests	2026-10-04T14:18:44.3228260Z tests/test_data_sources.py::TestCacheKey::test_different_symbols_different_keys PASSED [ 37%]
Test (Python 3.11)	Run tests	2026-10-04T14:18:44.3251830Z tests/test_data_sources.py::TestCacheIntegration::test_cache_hit_returns_cached_data PASSED [ 38%]
Test (Python 3.11)	Run tests	2026-10-04T14:18:44.3279944Z tests/test_data_sources.py::TestCacheIntegration::test_cache_miss_fetches_and_stores PASSED [ 38%]
Test (Python 3.11)	Run tests	2026-10-04T14:18:44.3305308Z tests/test_data_sources.py::TestCacheIntegration::test_cache_disabled_skips_cache PASSED [ 38%]
Test (Python 3.11)	Run tests	2026-10-04T14:18:44.3331052Z tests/test_data_sources.py::TestCacheIntegration::test_cache_write_failure_does_not_raise PASSED [ 39%]
Test (Python 3.11)	Run tests	2026-10-04T14:18:44.3352128Z tests/test_data_sources.py::TestCacheIntegration::test_empty_data_not_cached PASSED [ 39%]
Test (Python 3.11)	Run tests	2026-10-04T14:18:44.3379957Z tests/test_data_sources.py::TestCacheIntegration::test_cache_ttl_passed_correctly PASSED [ 39%]
Test (Python 3.11)	Run tests	2026-10-04T14:18:44.3405537Z tests/test_data_sources.py::TestValuationFallback::test_valuation_primary_success PASSED [ 40%]
Test (Python 3.11)	Run tests	2026-10-04T14:18:44.3435888Z tests/test_data_sources.py::TestValuationFallback::test_valuation_fallback_on_connection_error PASSED [ 40%]
Test (Python 3.11)	Run tests	2026-10-04T14:18:44.3459353Z tests/test_data_sources.py::TestValuationFallback::test_valuation_both_fail_raises PASSED [ 41%]
Test (Python 3.11)	Run tests	2026-10-04T14:18:44.3479220Z tests/test_data_sources.py::TestFinancialSummaryFallback::test_financial_summary_primary_success PASSED [ 41%]
Test (Python 3.11)	Run tests	2026-10-04T14:18:44.3513014Z tests/test_data_sources.py::TestFinancialSummaryFallback::test_financial_summary_fallback_on_error PASSED [ 41%]
Test (Python 3.11)	Run tests	2026-10-04T14:18:44.3520295Z tests/test_data_sources.py::TestDataSourceAbstractMethods::test_get_valuation_is_abstract PASSED [ 42%]
Test (Python 3.11)	Run tests	2026-10-04T14:18:44.3527487Z tests/test_data_sources.py::TestDataSourceAbstractMethods::test_get_financial_summary_is_abstract PASSED [ 42%]
Test (Python 3.11)	Run tests	2026-10-04T14:18:44.3534969Z tests/test_data_sources.py::TestDataSourceAbstractMethods::test_incomplete_subclass_raises_type_error PASSED [ 42%]
Test (Python 3.11)	Run tests	2026-10-04T14:18:44.3541701Z tests/test_data_sources.py::TestCacheStats::test_creation PASSED         [ 43%]
Test (Python 3.11)	Run tests	2026-10-04T14:18:44.3548443Z tests/test_data_sources.py::TestCacheStats::test_hit_rate PASSED         [ 43%]
Test (Python 3.11)	Run tests	2026-10-04T14:18:44.3555507Z tests/test_data_sources.py::TestCacheStats::test_hit_rate_zero_requests PASSED [ 44%]
Test (Python 3.11)	Run tests	2026-10-04T14:18:44.3561760Z tests/test_data_sources.py::TestCacheStats::test_total_requests PASSED   [ 44%]
Test (Python 3.11)	Run tests	2026-10-04T14:18:44.3568549Z tests/test_data_sources.py::TestCacheStats::test_str_representation PASSED [ 44%]
Test (Python 3.11)	Run tests	2026-10-04T14:18:44.3575364Z tests/test_data_sources.py::TestCacheStats::test_summary PASSED          [ 45%]
Test (Python 3.11)	Run tests	2026-10-04T14:18:44.6034258Z tests/test_data_sources.py::TestCacheEnhancements::test_memory_cache_hit FAILED [ 45%]
Test (Python 3.11)	Run tests	2026-10-04T14:18:44.7766989Z tests/test_data_sources.py::TestCacheEnhancements::test_memory_cache_lru_eviction FAILED [ 46%]
Test (Python 3.11)	Run tests	2026-10-04T14:18:44.9095293Z tests/test_data_sources.py::TestCacheEnhancements::test_cache_stats_tracking FAILED [ 46%]
Test (Python 3.11)	Run tests	2026-10-04T14:18:45.0997049Z tests/test_data_sources.py::TestCacheEnhancements::test_cache_reset_stats FAILED [ 46%]
Test (Python 3.11)	Run tests	2026-10-04T14:18:45.2766916Z tests/test_data_sources.py::TestCacheEnhancements::test_cache_evict_expired FAILED [ 47%]
Test (Python 3.11)	Run tests	2026-10-04T14:18:45.4010342Z tests/test_data_sources.py::TestCacheEnhancements::test_cache_info_with_memory FAILED [ 47%]
Test (Python 3.11)	Run tests	2026-10-04T14:18:45.5698914Z tests/test_data_sources.py::TestCacheEnhancements::test_cache_clear_both_layers FAILED [ 47%]
Test (Python 3.11)	Run tests	2026-10-04T14:18:45.7387550Z tests/test_data_sources.py::TestCacheEnhancements::test_cache_stats_disk_info FAILED [ 48%]
Test (Python 3.11)	Run tests	2026-10-04T14:18:45.8552315Z tests/test_data_sources.py::TestCacheEnhancements::test_cache_set_updates_memory FAILED [ 48%]
Test (Python 3.11)	Run tests	2026-10-04T14:18:45.8560152Z tests/test_helpers.py::TestFormatStockCode::test_zero_padding PASSED     [ 49%]
Test (Python 3.11)	Run tests	2026-10-04T14:18:45.8568426Z tests/test_helpers.py::TestFormatStockCode::test_already_six_digits PASSED [ 49%]
Test (Python 3.11)	Run tests	2026-10-04T14:18:45.8575853Z tests/test_helpers.py::TestFormatStockCode::test_remove_prefix_sh PASSED [ 49%]
Test (Python 3.11)	Run tests	2026-10-04T14:18:45.8583235Z tests/test_helpers.py::TestFormatStockCode::test_remove_prefix_sz PASSED [ 50%]
Test (Python 3.11)	Run tests	2026-10-04T14:18:45.8595021Z tests/test_helpers.py::TestSharpeRatio::test_positive_returns PASSED     [ 50%]
Test (Python 3.11)	Run tests	2026-10-04T14:18:45.8604253Z tests/test_helpers.py::TestSharpeRatio::test_zero_returns PASSED         [ 50%]
Test (Python 3.11)	Run tests	2026-10-04T14:18:45.8613936Z tests/test_helpers.py::TestSharpeRatio::test_empty_returns PASSED        [ 51%]
Test (Python 3.11)	Run tests	2026-10-04T14:18:45.8623082Z tests/test_helpers.py::TestMaxDrawdown::test_no_drawdown PASSED          [ 51%]
Test (Python 3.11)	Run tests	2026-10-04T14:18:45.8632221Z tests/test_helpers.py::TestMaxDrawdown::test_with_drawdown PASSED        [ 52%]
Test (Python 3.11)	Run tests	2026-10-04T14:18:45.8639661Z tests/test_helpers.py::TestWinRate::test_all_wins PASSED                 [ 52%]
Test (Python 3.11)	Run tests	2026-10-04T14:18:45.8647194Z tests/test_helpers.py::TestWinRate::test_all_losses PASSED               [ 52%]
Test (Python 3.11)	Run tests	2026-10-04T14:18:45.8655938Z tests/test_helpers.py::TestWinRate::test_mixed PASSED                    [ 53%]
Test (Python 3.11)	Run tests	2026-10-04T14:18:45.8663322Z tests/test_helpers.py::TestWinRate::test_empty PASSED                    [ 53%]
Test (Python 3.11)	Run tests	2026-10-04T14:18:45.8670934Z tests/test_helpers.py::TestProfitFactor::test_basic PASSED               [ 53%]
Test (Python 3.11)	Run tests	2026-10-04T14:18:45.8678949Z tests/test_helpers.py::TestProfitFactor::test_no_losses PASSED           [ 54%]
Test (Python 3.11)	Run tests	2026-10-04T14:18:45.8803608Z tests/test_integration.py::TestDataAnalysisSignalChain::test_full_chain PASSED [ 54%]
Test (Python 3.11)	Run tests	2026-10-04T14:18:45.8928922Z tests/test_integration.py::TestDataAnalysisSignalChain::test_data_quality_then_analysis PASSED [ 55%]
Test (Python 3.11)	Run tests	2026-10-04T14:18:45.9044807Z tests/test_integration.py::TestStrategyRiskPositionChain::test_buy_signal_flow PASSED [ 55%]
Test (Python 3.11)	Run tests	2026-10-04T14:18:45.9052708Z tests/test_integration.py::TestStrategyRiskPositionChain::test_risk_blocks_signal PASSED [ 55%]
Test (Python 3.11)	Run tests	2026-10-04T14:18:45.9062613Z tests/test_integration.py::TestStrategyRiskPositionChain::test_position_sizer_methods PASSED [ 56%]
Test (Python 3.11)	Run tests	2026-10-04T14:18:45.9250505Z tests/test_integration.py::TestTradingPipeline::test_run_once_success PASSED [ 56%]
Test (Python 3.11)	Run tests	2026-10-04T14:18:45.9379778Z tests/test_integration.py::TestTradingPipeline::test_run_once_no_strategy PASSED [ 57%]
Test (Python 3.11)	Run tests	2026-10-04T14:18:45.9396856Z tests/test_integration.py::TestTradingPipeline::test_run_once_data_fetch_failure PASSED [ 57%]
Test (Python 3.11)	Run tests	2026-10-04T14:18:45.9419516Z tests/test_integration.py::TestTradingPipeline::test_run_once_insufficient_data PASSED [ 57%]
Test (Python 3.11)	Run tests	2026-10-04T14:18:45.9734043Z tests/test_integration.py::TestTradingPipeline::test_run_batch PASSED    [ 58%]
Test (Python 3.11)	Run tests	2026-10-04T14:18:46.0054936Z tests/test_integration.py::TestTradingPipeline::test_signal_cooldown PASSED [ 58%]
Test (Python 3.11)	Run tests	2026-10-04T14:18:46.0066730Z tests/test_integration.py::TestTradingPipeline::test_cooldown_clear PASSED [ 58%]
Test (Python 3.11)	Run tests	2026-10-04T14:18:46.0253022Z tests/test_integration.py::TestTradingPipeline::test_on_result_callback PASSED [ 59%]
Test (Python 3.11)	Run tests	2026-10-04T14:18:46.0297961Z tests/test_integration.py::TestTradingPipeline::test_pipeline_stats PASSED [ 59%]
Test (Python 3.11)	Run tests	2026-10-04T14:18:46.4960288Z tests/test_integration.py::TestBacktestIntegration::test_backtest_manual_strategy PASSED [ 60%]
Test (Python 3.11)	Run tests	2026-10-04T14:18:46.9306312Z tests/test_integration.py::TestBacktestIntegration::test_backtest_metrics PASSED [ 60%]
Test (Python 3.11)	Run tests	2026-10-04T14:18:46.9315209Z tests/test_integration.py::TestPipelineConfig::test_default_config PASSED [ 60%]
Test (Python 3.11)	Run tests	2026-10-04T14:18:46.9323353Z tests/test_integration.py::TestPipelineConfig::test_custom_config PASSED [ 61%]
Test (Python 3.11)	Run tests	2026-10-04T14:18:46.9331230Z tests/test_integration.py::TestPipelineConfig::test_from_dict PASSED     [ 61%]
Test (Python 3.11)	Run tests	2026-10-04T14:18:46.9339811Z tests/test_integration.py::TestPipelineConfig::test_to_dict PASSED       [ 61%]
Test (Python 3.11)	Run tests	2026-10-04T14:18:46.9348168Z tests/test_integration.py::TestPipelineResult::test_executed_result PASSED [ 62%]
Test (Python 3.11)	Run tests	2026-10-04T14:18:46.9355984Z tests/test_integration.py::TestPipelineResult::test_skipped_result PASSED [ 62%]
Test (Python 3.11)	Run tests	2026-10-04T14:18:46.9363572Z tests/test_integration.py::TestPipelineResult::test_blocked_result PASSED [ 63%]
Test (Python 3.11)	Run tests	2026-10-04T14:18:46.9371419Z tests/test_integration.py::TestPipelineResult::test_error_result PASSED  [ 63%]
Test (Python 3.11)	Run tests	2026-10-04T14:18:46.9379031Z tests/test_integration.py::TestPipelineRunSummary::test_summary_stats PASSED [ 63%]
Test (Python 3.11)	Run tests	2026-10-04T14:18:46.9387517Z tests/test_integration.py::TestPipelineRunSummary::test_empty_summary PASSED [ 64%]
Test (Python 3.11)	Run tests	2026-10-04T14:18:46.9395406Z tests/test_risk.py::TestPosition::test_market_value PASSED               [ 64%]
Test (Python 3.11)	Run tests	2026-10-04T14:18:46.9402653Z tests/test_risk.py::TestPosition::test_cost_value PASSED                 [ 65%]
Test (Python 3.11)	Run tests	2026-10-04T14:18:46.9410651Z tests/test_risk.py::TestPosition::test_profit_loss PASSED                [ 65%]
Test (Python 3.11)	Run tests	2026-10-04T14:18:46.9418646Z tests/test_risk.py::TestPosition::test_profit_loss_pct PASSED            [ 65%]
Test (Python 3.11)	Run tests	2026-10-04T14:18:46.9426304Z tests/test_risk.py::TestPosition::test_profit_loss_pct_zero_cost PASSED  [ 66%]
Test (Python 3.11)	Run tests	2026-10-04T14:18:46.9434270Z tests/test_risk.py::TestPosition::test_str PASSED                        [ 66%]
Test (Python 3.11)	Run tests	2026-10-04T14:18:46.9441615Z tests/test_risk.py::TestRiskAlert::test_alert_str PASSED                 [ 66%]
Test (Python 3.11)	Run tests	2026-10-04T14:18:46.9449366Z tests/test_risk.py::TestRiskEnums::test_risk_levels PASSED               [ 67%]
Test (Python 3.11)	Run tests	2026-10-04T14:18:46.9457167Z tests/test_risk.py::TestRiskEnums::test_risk_types PASSED                [ 67%]
Test (Python 3.11)	Run tests	2026-10-04T14:18:46.9466382Z tests/test_risk.py::TestRiskManager::test_no_alerts_when_no_risk PASSED  [ 68%]
Test (Python 3.11)	Run tests	2026-10-04T14:18:46.9474346Z tests/test_risk.py::TestRiskManager::test_stop_loss_triggered PASSED     [ 68%]
Test (Python 3.11)	Run tests	2026-10-04T14:18:46.9481535Z tests/test_risk.py::TestRiskManager::test_stop_loss_approaching PASSED   [ 68%]
Test (Python 3.11)	Run tests	2026-10-04T14:18:46.9489225Z tests/test_risk.py::TestRiskManager::test_stop_loss_not_triggered PASSED [ 69%]
Test (Python 3.11)	Run tests	2026-10-04T14:18:46.9497094Z tests/test_risk.py::TestRiskManager::test_take_profit_triggered PASSED   [ 69%]
Test (Python 3.11)	Run tests	2026-10-04T14:18:46.9504389Z tests/test_risk.py::TestRiskManager::test_take_profit_not_triggered PASSED [ 69%]
Test (Python 3.11)	Run tests	2026-10-04T14:18:46.9513393Z tests/test_risk.py::TestRiskManager::test_drawdown_critical PASSED       [ 70%]
Test (Python 3.11)	Run tests	2026-10-04T14:18:46.9522014Z tests/test_risk.py::TestRiskManager::test_drawdown_warning PASSED        [ 70%]
Test (Python 3.11)	Run tests	2026-10-04T14:18:46.9530820Z tests/test_risk.py::TestRiskManager::test_concentration_alert PASSED     [ 71%]
Test (Python 3.11)	Run tests	2026-10-04T14:18:46.9538562Z tests/test_risk.py::TestRiskManager::test_empty_positions PASSED         [ 71%]
Test (Python 3.11)	Run tests	2026-10-04T14:18:46.9545969Z tests/test_risk.py::TestRiskManager::test_zero_shares_position PASSED    [ 71%]
Test (Python 3.11)	Run tests	2026-10-04T14:18:46.9554945Z tests/test_risk.py::TestPositionSizer::test_fixed_size PASSED            [ 72%]
Test (Python 3.11)	Run tests	2026-10-04T14:18:46.9563446Z tests/test_risk.py::TestPositionSizer::test_fixed_size_respects_max PASSED [ 72%]
Test (Python 3.11)	Run tests	2026-10-04T14:18:46.9571692Z tests/test_risk.py::TestPositionSizer::test_fixed_size_min_shares PASSED [ 73%]
Test (Python 3.11)	Run tests	2026-10-04T14:18:46.9580476Z tests/test_risk.py::TestPositionSizer::test_kelly_size_positive PASSED   [ 73%]
Test (Python 3.11)	Run tests	2026-10-04T14:18:46.9588983Z tests/test_risk.py::TestPositionSizer::test_kelly_size_negative_returns_zero PASSED [ 73%]
Test (Python 3.11)	Run tests	2026-10-04T14:18:46.9598111Z tests/test_risk.py::TestPositionSizer::test_kelly_size_invalid_params PASSED [ 74%]
Test (Python 3.11)	Run tests	2026-10-04T14:18:46.9607020Z tests/test_risk.py::TestPositionSizer::test_risk_parity PASSED           [ 74%]
Test (Python 3.11)	Run tests	2026-10-04T14:18:46.9615451Z tests/test_risk.py::TestPositionSizer::test_risk_parity_empty PASSED     [ 74%]
Test (Python 3.11)	Run tests	2026-10-04T14:18:46.9623977Z tests/test_risk.py::TestPositionSizer::test_atr_size PASSED              [ 75%]
Test (Python 3.11)	Run tests	2026-10-04T14:18:46.9632259Z tests/test_risk.py::TestPositionSizer::test_atr_size_zero_atr PASSED     [ 75%]
Test (Python 3.11)	Run tests	2026-10-04T14:18:46.9640986Z tests/test_risk.py::TestPositionSizer::test_atr_size_respects_max PASSED [ 76%]
Test (Python 3.11)	Run tests	2026-10-04T14:18:46.9649014Z tests/test_risk.py::TestPortfolioRisk::test_max_concentration PASSED     [ 76%]
Test (Python 3.11)	Run tests	2026-10-04T14:18:46.9656751Z tests/test_risk.py::TestPortfolioRisk::test_max_concentration_empty PASSED [ 76%]
Test (Python 3.11)	Run tests	2026-10-04T14:18:46.9664535Z tests/test_risk.py::TestPortfolioRisk::test_has_critical_alerts PASSED   [ 77%]
Test (Python 3.11)	Run tests	2026-10-04T14:18:46.9672439Z tests/test_risk.py::TestPortfolioRisk::test_no_critical_alerts PASSED    [ 77%]
Test (Python 3.11)	Run tests	2026-10-04T14:18:46.9681695Z tests/test_strategy_engine.py::TestTrade::test_trade_amount PASSED       [ 77%]
Test (Python 3.11)	Run tests	2026-10-04T14:18:46.9689573Z tests/test_strategy_engine.py::TestTrade::test_trade_str PASSED          [ 78%]
Test (Python 3.11)	Run tests	2026-10-04T14:18:46.9698978Z tests/test_strategy_engine.py::TestBacktestResult::test_total_return_positive PASSED [ 78%]
Test (Python 3.11)	Run tests	2026-10-04T14:18:46.9711560Z tests/test_strategy_engine.py::TestBacktestResult::test_total_return_negative PASSED [ 79%]
Test (Python 3.11)	Run tests	2026-10-04T14:18:46.9722129Z tests/test_strategy_engine.py::TestBacktestResult::test_total_return_zero_initial PASSED [ 79%]
Test (Python 3.11)	Run tests	2026-10-04T14:18:47.3926748Z tests/test_strategy_engine.py::TestBacktestEngine::test_backtest_with_manual_strategy PASSED [ 79%]
Test (Python 3.11)	Run tests	2026-10-04T14:18:47.4122016Z tests/test_strategy_engine.py::TestBacktestEngine::test_backtest_with_quant_strategy PASSED [ 80%]
Test (Python 3.11)	Run tests	2026-10-04T14:18:47.4209555Z tests/test_strategy_engine.py::TestBacktestEngine::test_backtest_short_data PASSED [ 80%]
Test (Python 3.11)	Run tests	2026-10-04T14:18:47.8422628Z tests/test_strategy_engine.py::TestBacktestEngine::test_backtest_metrics_keys PASSED [ 80%]
Test (Python 3.11)	Run tests	2026-10-04T14:18:48.7777618Z tests/test_strategy_engine.py::TestBacktestEngine::test_backtest_commission_and_slippage PASSED [ 81%]
Test (Python 3.11)	Run tests	2026-10-04T14:18:48.7786373Z tests/test_strategy_engine.py::TestQuantStrategy::test_params_default PASSED [ 81%]
Test (Python 3.11)	Run tests	2026-10-04T14:18:48.7794367Z tests/test_strategy_engine.py::TestQuantStrategy::test_set_get_param PASSED [ 82%]
Test (Python 3.11)	Run tests	2026-10-04T14:18:48.7802416Z tests/test_strategy_engine.py::TestQuantStrategy::test_params_to_dict PASSED [ 82%]
Test (Python 3.11)	Run tests	2026-10-04T14:18:48.8008596Z tests/test_strategy_engine.py::TestQuantStrategy::test_optimize_basic PASSED [ 82%]
Test (Python 3.11)	Run tests	2026-10-04T14:18:48.8204290Z tests/test_strategy_engine.py::TestQuantStrategy::test_evaluate_uses_backtest PASSED [ 83%]
Test (Python 3.11)	Run tests	2026-10-04T14:18:48.8215280Z tests/test_strategy_engine.py::TestStrategyEngine::test_register_and_list PASSED [ 83%]
Test (Python 3.11)	Run tests	2026-10-04T14:18:48.8226884Z tests/test_strategy_engine.py::TestStrategyEngine::test_unregister PASSED [ 84%]
Test (Python 3.11)	Run tests	2026-10-04T14:18:48.8320314Z tests/test_strategy_engine.py::TestStrategyEngine::test_run_all PASSED   [ 84%]
Test (Python 3.11)	Run tests	2026-10-04T14:18:48.8414837Z tests/test_strategy_engine.py::TestStrategyEngine::test_aggregate_signal_single PASSED [ 84%]
Test (Python 3.11)	Run tests	2026-10-04T14:18:48.8423187Z tests/test_strategy_engine.py::TestStrategyEngine::test_aggregate_signal_empty PASSED [ 85%]
Test (Python 3.11)	Run tests	2026-10-04T14:18:48.8521372Z tests/test_strategy_engine.py::TestStrategyEngine::test_aggregate_signal_multiple PASSED [ 85%]
Test (Python 3.11)	Run tests	2026-10-04T14:18:48.8610583Z tests/test_strategy_engine.py::TestStrategyEngine::test_get_performance PASSED [ 85%]
Test (Python 3.11)	Run tests	2026-10-04T14:18:48.8619817Z tests/test_strategy_engine.py::TestTradePair::test_trade_pair_return_pct PASSED [ 86%]
Test (Python 3.11)	Run tests	2026-10-04T14:18:48.8627995Z tests/test_strategy_engine.py::TestTradePair::test_trade_pair_loss PASSED [ 86%]
Test (Python 3.11)	Run tests	2026-10-04T14:18:48.8636979Z tests/test_strategy_engine.py::TestTradePair::test_trade_pair_str PASSED [ 87%]
Test (Python 3.11)	Run tests	2026-10-04T14:18:48.8840978Z tests/test_strategy_engine.py::TestBacktestAnalysis::test_trade_analysis_populated PASSED [ 87%]
Test (Python 3.11)	Run tests	2026-10-04T14:18:48.9035018Z tests/test_strategy_engine.py::TestBacktestAnalysis::test_benchmark_populated PASSED [ 87%]
Test (Python 3.11)	Run tests	2026-10-04T14:18:49.3318739Z tests/test_strategy_engine.py::TestBacktestAnalysis::test_new_metrics_calmar PASSED [ 88%]
Test (Python 3.11)	Run tests	2026-10-04T14:18:49.7871559Z tests/test_strategy_engine.py::TestBacktestAnalysis::test_compare_strategies PASSED [ 88%]
Test (Python 3.11)	Run tests	2026-10-04T14:18:49.7967812Z tests/test_strategy_engine.py::TestBacktestAnalysis::test_trade_analysis_empty_trades PASSED [ 88%]
Test (Python 3.11)	Run tests	2026-10-04T14:18:49.7975936Z tests/test_strategy_engine.py::TestBacktestAnalysis::test_benchmark_str PASSED [ 89%]
Test (Python 3.11)	Run tests	2026-10-04T14:18:49.8027856Z tests/test_strategy_engine.py::TestTradingEnvReward::test_default_reward_fn PASSED [ 89%]
Test (Python 3.11)	Run tests	2026-10-04T14:18:49.8074228Z tests/test_strategy_engine.py::TestTradingEnvReward::test_sharpe_reward_fn PASSED [ 90%]
Test (Python 3.11)	Run tests	2026-10-04T14:18:49.8121965Z tests/test_strategy_engine.py::TestTradingEnvReward::test_sortino_reward_fn PASSED [ 90%]
Test (Python 3.11)	Run tests	2026-10-04T14:18:49.8166863Z tests/test_strategy_engine.py::TestTradingEnvReward::test_custom_reward_fn PASSED [ 90%]
Test (Python 3.11)	Run tests	2026-10-04T14:18:49.8210104Z tests/test_strategy_engine.py::TestTradingEnvReward::test_invalid_reward_fn_falls_back PASSED [ 91%]
Test (Python 3.11)	Run tests	2026-10-04T14:18:49.8218200Z tests/test_strategy_engine.py::TestTradingEnvReward::test_builtin_rewards_registry PASSED [ 91%]
Test (Python 3.11)	Run tests	2026-10-04T14:18:49.8263212Z tests/test_strategy_engine.py::TestTradingEnvReward::test_returns_history_reset PASSED [ 92%]
Test (Python 3.11)	Run tests	2026-10-04T14:18:49.8316329Z tests/test_strategy_engine.py::TestTradingEnvReward::test_reward_fn_multiple_steps PASSED [ 92%]
Test (Python 3.11)	Run tests	2026-10-04T14:18:49.8387975Z tests/test_strategy_engine.py::TestMultiStockTradingEnv::test_init PASSED [ 92%]
Test (Python 3.11)	Run tests	2026-10-04T14:18:49.8463094Z tests/test_strategy_engine.py::TestMultiStockTradingEnv::test_reset PASSED [ 93%]
Test (Python 3.11)	Run tests	2026-10-04T14:18:49.8539126Z tests/test_strategy_engine.py::TestMultiStockTradingEnv::test_step_hold PASSED [ 93%]
Test (Python 3.11)	Run tests	2026-10-04T14:18:49.8615026Z tests/test_strategy_engine.py::TestMultiStockTradingEnv::test_step_buy PASSED [ 93%]
Test (Python 3.11)	Run tests	2026-10-04T14:18:49.8697464Z tests/test_strategy_engine.py::TestMultiStockTradingEnv::test_step_sell PASSED [ 94%]
Test (Python 3.11)	Run tests	2026-10-04T14:18:49.8781788Z tests/test_strategy_engine.py::TestMultiStockTradingEnv::test_observation_shape PASSED [ 94%]
Test (Python 3.11)	Run tests	2026-10-04T14:18:49.8863312Z tests/test_strategy_engine.py::TestMultiStockTradingEnv::test_concentration_penalty PASSED [ 95%]
Test (Python 3.11)	Run tests	2026-10-04T14:18:49.9016363Z tests/test_strategy_engine.py::TestMultiStockTradingEnv::test_multiple_episodes PASSED [ 95%]
Test (Python 3.11)	Run tests	2026-10-04T14:18:49.9123928Z tests/test_strategy_engine.py::TestMultiStockTradingEnv::test_three_stocks PASSED [ 95%]
Test (Python 3.11)	Run tests	2026-10-04T14:18:49.9213965Z tests/test_strategy_engine.py::TestMultiStockTradingEnv::test_total_value_property PASSED [ 96%]
Test (Python 3.11)	Run tests	2026-10-04T14:18:49.9279633Z tests/test_strategy_engine.py::TestMultiStockTradingEnv::test_current_step_property PASSED [ 96%]
Test (Python 3.11)	Run tests	2026-10-04T14:18:49.9287252Z tests/test_strategy_engine.py::TestEvaluationResult::test_creation PASSED [ 96%]
Test (Python 3.11)	Run tests	2026-10-04T14:18:49.9294963Z tests/test_strategy_engine.py::TestEvaluationResult::test_str_representation PASSED [ 97%]
Test (Python 3.11)	Run tests	2026-10-04T14:18:49.9301884Z tests/test_strategy_engine.py::TestEvaluationResult::test_summary PASSED [ 97%]
Test (Python 3.11)	Run tests	2026-10-04T14:18:49.9308954Z tests/test_strategy_engine.py::TestEvaluationResult::test_default_values PASSED [ 98%]
Test (Python 3.11)	Run tests	2026-10-04T14:18:49.9404410Z tests/test_strategy_engine.py::TestRLAgentEvaluation::test_evaluate_episodes_untrained PASSED [ 98%]
Test (Python 3.11)	Run tests	2026-10-04T14:18:49.9536063Z tests/test_strategy_engine.py::TestRLAgentEvaluation::test_evaluate_episodes_statistics PASSED [ 98%]
Test (Python 3.11)	Run tests	2026-10-04T14:18:49.9658238Z tests/test_strategy_engine.py::TestRLAgentEvaluation::test_evaluate_episodes_with_reward_fn PASSED [ 99%]
Test (Python 3.11)	Run tests	2026-10-04T14:18:49.9709269Z tests/test_strategy_engine.py::TestRLAgentEvaluation::test_compare_with_baseline PASSED [ 99%]
Test (Python 3.11)	Run tests	2026-10-04T14:18:50.7801709Z tests/test_strategy_engine.py::TestRLAgentEvaluation::test_evaluate_backtest PASSED [100%]
Test (Python 3.11)	Run tests	2026-10-04T14:18:50.7802416Z 
Test (Python 3.11)	Run tests	2026-10-04T14:18:50.7802610Z =================================== FAILURES ===================================
Test (Python 3.11)	Run tests	2026-10-04T14:18:50.7803443Z _________________ TestCacheEnhancements.test_memory_cache_hit __________________
Test (Python 3.11)	Run tests	2026-10-04T14:18:50.7803858Z tests/test_data_sources.py:721: in test_memory_cache_hit
Test (Python 3.11)	Run tests	2026-10-04T14:18:50.7804328Z     storage.cache_set("test_key", df)
Test (Python 3.11)	Run tests	2026-10-04T14:18:50.7804633Z src/stock_model/data/storage.py:204: in cache_set
Test (Python 3.11)	Run tests	2026-10-04T14:18:50.7804935Z     self._save(df, filepath, "parquet")
Test (Python 3.11)	Run tests	2026-10-04T14:18:50.7805214Z src/stock_model/data/storage.py:351: in _save
Test (Python 3.11)	Run tests	2026-10-04T14:18:50.7805569Z     df.to_parquet(filepath, index=True)
Test (Python 3.11)	Run tests	2026-10-04T14:18:50.7806511Z /opt/hostedtoolcache/Python/3.11.16/x64/lib/python3.11/site-packages/pandas/core/frame.py:3135: in to_parquet
Test (Python 3.11)	Run tests	2026-10-04T14:18:50.7807103Z     return to_parquet(
Test (Python 3.11)	Run tests	2026-10-04T14:18:50.7807552Z /opt/hostedtoolcache/Python/3.11.16/x64/lib/python3.11/site-packages/pandas/io/parquet.py:486: in to_parquet
Test (Python 3.11)	Run tests	2026-10-04T14:18:50.7808132Z     impl = get_engine(engine)
Test (Python 3.11)	Run tests	2026-10-04T14:18:50.7808458Z            ^^^^^^^^^^^^^^^^^^
Test (Python 3.11)	Run tests	2026-10-04T14:18:50.7808936Z /opt/hostedtoolcache/Python/3.11.16/x64/lib/python3.11/site-packages/pandas/io/parquet.py:68: in get_engine
Test (Python 3.11)	Run tests	2026-10-04T14:18:50.7809451Z     raise ImportError(
Test (Python 3.11)	Run tests	2026-10-04T14:18:50.7809899Z E   ImportError: Unable to find a usable engine; tried using: 'pyarrow', 'fastparquet'.
Test (Python 3.11)	Run tests	2026-10-04T14:18:50.7810375Z E   A suitable version of pyarrow or fastparquet is required for parquet support.
Test (Python 3.11)	Run tests	2026-10-04T14:18:50.7810896Z E   Trying to import the above resulted in these errors:
Test (Python 3.11)	Run tests	2026-10-04T14:18:50.7811394Z E    - `Import pyarrow` failed. pyarrow is required for parquet support. Use pip or conda to install the pyarrow package.
Test (Python 3.11)	Run tests	2026-10-04T14:18:50.7811987Z E    - `Import fastparquet` failed. fastparquet is required for parquet support. Use pip or conda to install the fastparquet package.
Test (Python 3.11)	Run tests	2026-10-04T14:18:50.7812530Z _____________ TestCacheEnhancements.test_memory_cache_lru_eviction _____________
Test (Python 3.11)	Run tests	2026-10-04T14:18:50.7813108Z tests/test_data_sources.py:734: in test_memory_cache_lru_eviction
Test (Python 3.11)	Run tests	2026-10-04T14:18:50.7813461Z     storage.cache_set(f"key_{i}", df)
Test (Python 3.11)	Run tests	2026-10-04T14:18:50.7813742Z src/stock_model/data/storage.py:204: in cache_set
Test (Python 3.11)	Run tests	2026-10-04T14:18:50.7814014Z     self._save(df, filepath, "parquet")
Test (Python 3.11)	Run tests	2026-10-04T14:18:50.7814342Z src/stock_model/data/storage.py:351: in _save
Test (Python 3.11)	Run tests	2026-10-04T14:18:50.7814627Z     df.to_parquet(filepath, index=True)
Test (Python 3.11)	Run tests	2026-10-04T14:18:50.7815037Z /opt/hostedtoolcache/Python/3.11.16/x64/lib/python3.11/site-packages/pandas/core/frame.py:3135: in to_parquet
Test (Python 3.11)	Run tests	2026-10-04T14:18:50.7815439Z     return to_parquet(
Test (Python 3.11)	Run tests	2026-10-04T14:18:50.7815828Z /opt/hostedtoolcache/Python/3.11.16/x64/lib/python3.11/site-packages/pandas/io/parquet.py:486: in to_parquet
Test (Python 3.11)	Run tests	2026-10-04T14:18:50.7816228Z     impl = get_engine(engine)
Test (Python 3.11)	Run tests	2026-10-04T14:18:50.7816488Z            ^^^^^^^^^^^^^^^^^^
Test (Python 3.11)	Run tests	2026-10-04T14:18:50.7816865Z /opt/hostedtoolcache/Python/3.11.16/x64/lib/python3.11/site-packages/pandas/io/parquet.py:68: in get_engine
Test (Python 3.11)	Run tests	2026-10-04T14:18:50.7817275Z     raise ImportError(
Test (Python 3.11)	Run tests	2026-10-04T14:18:50.7817589Z E   ImportError: Unable to find a usable engine; tried using: 'pyarrow', 'fastparquet'.
Test (Python 3.11)	Run tests	2026-10-04T14:18:50.7818022Z E   A suitable version of pyarrow or fastparquet is required for parquet support.
Test (Python 3.11)	Run tests	2026-10-04T14:18:50.7818722Z E   Trying to import the above resulted in these errors:
Test (Python 3.11)	Run tests	2026-10-04T14:18:50.7819188Z E    - `Import pyarrow` failed. pyarrow is required for parquet support. Use pip or conda to install the pyarrow package.
Test (Python 3.11)	Run tests	2026-10-04T14:18:50.7819780Z E    - `Import fastparquet` failed. fastparquet is required for parquet support. Use pip or conda to install the fastparquet package.
Test (Python 3.11)	Run tests	2026-10-04T14:18:50.7820444Z _______________ TestCacheEnhancements.test_cache_stats_tracking ________________
Test (Python 3.11)	Run tests	2026-10-04T14:18:50.7820878Z tests/test_data_sources.py:750: in test_cache_stats_tracking
Test (Python 3.11)	Run tests	2026-10-04T14:18:50.7821176Z     storage.cache_set("test_key", df)
Test (Python 3.11)	Run tests	2026-10-04T14:18:50.7821480Z src/stock_model/data/storage.py:204: in cache_set
Test (Python 3.11)	Run tests	2026-10-04T14:18:50.7821794Z     self._save(df, filepath, "parquet")
Test (Python 3.11)	Run tests	2026-10-04T14:18:50.7822073Z src/stock_model/data/storage.py:351: in _save
Test (Python 3.11)	Run tests	2026-10-04T14:18:50.7822362Z     df.to_parquet(filepath, index=True)
Test (Python 3.11)	Run tests	2026-10-04T14:18:50.7822746Z /opt/hostedtoolcache/Python/3.11.16/x64/lib/python3.11/site-packages/pandas/core/frame.py:3135: in to_parquet
Test (Python 3.11)	Run tests	2026-10-04T14:18:50.7823446Z     return to_parquet(
Test (Python 3.11)	Run tests	2026-10-04T14:18:50.7823817Z /opt/hostedtoolcache/Python/3.11.16/x64/lib/python3.11/site-packages/pandas/io/parquet.py:486: in to_parquet
Test (Python 3.11)	Run tests	2026-10-04T14:18:50.7824235Z     impl = get_engine(engine)
Test (Python 3.11)	Run tests	2026-10-04T14:18:50.7824488Z            ^^^^^^^^^^^^^^^^^^
Test (Python 3.11)	Run tests	2026-10-04T14:18:50.7824959Z /opt/hostedtoolcache/Python/3.11.16/x64/lib/python3.11/site-packages/pandas/io/parquet.py:68: in get_engine
Test (Python 3.11)	Run tests	2026-10-04T14:18:50.7825353Z     raise ImportError(
Test (Python 3.11)	Run tests	2026-10-04T14:18:50.7825670Z E   ImportError: Unable to find a usable engine; tried using: 'pyarrow', 'fastparquet'.
Test (Python 3.11)	Run tests	2026-10-04T14:18:50.7826153Z E   A suitable version of pyarrow or fastparquet is required for parquet support.
Test (Python 3.11)	Run tests	2026-10-04T14:18:50.7826512Z E   Trying to import the above resulted in these errors:
Test (Python 3.11)	Run tests	2026-10-04T14:18:50.7826945Z E    - `Import pyarrow` failed. pyarrow is required for parquet support. Use pip or conda to install the pyarrow package.
Test (Python 3.11)	Run tests	2026-10-04T14:18:50.7827543Z E    - `Import fastparquet` failed. fastparquet is required for parquet support. Use pip or conda to install the fastparquet package.
Test (Python 3.11)	Run tests	2026-10-04T14:18:50.7828068Z _________________ TestCacheEnhancements.test_cache_reset_stats _________________
Test (Python 3.11)	Run tests	2026-10-04T14:18:50.7828471Z tests/test_data_sources.py:763: in test_cache_reset_stats
Test (Python 3.11)	Run tests	2026-10-04T14:18:50.7828770Z     storage.cache_set("test_key", df)
Test (Python 3.11)	Run tests	2026-10-04T14:18:50.7829087Z src/stock_model/data/storage.py:204: in cache_set
Test (Python 3.11)	Run tests	2026-10-04T14:18:50.7829360Z     self._save(df, filepath, "parquet")
Test (Python 3.11)	Run tests	2026-10-04T14:18:50.7829620Z src/stock_model/data/storage.py:351: in _save
Test (Python 3.11)	Run tests	2026-10-04T14:18:50.7829933Z     df.to_parquet(filepath, index=True)
Test (Python 3.11)	Run tests	2026-10-04T14:18:50.7830356Z /opt/hostedtoolcache/Python/3.11.16/x64/lib/python3.11/site-packages/pandas/core/frame.py:3135: in to_parquet
Test (Python 3.11)	Run tests	2026-10-04T14:18:50.7830752Z     return to_parquet(
Test (Python 3.11)	Run tests	2026-10-04T14:18:50.7831108Z /opt/hostedtoolcache/Python/3.11.16/x64/lib/python3.11/site-packages/pandas/io/parquet.py:486: in to_parquet
Test (Python 3.11)	Run tests	2026-10-04T14:18:50.7831497Z     impl = get_engine(engine)
Test (Python 3.11)	Run tests	2026-10-04T14:18:50.7831787Z            ^^^^^^^^^^^^^^^^^^
Test (Python 3.11)	Run tests	2026-10-04T14:18:50.7832148Z /opt/hostedtoolcache/Python/3.11.16/x64/lib/python3.11/site-packages/pandas/io/parquet.py:68: in get_engine
Test (Python 3.11)	Run tests	2026-10-04T14:18:50.7832539Z     raise ImportError(
Test (Python 3.11)	Run tests	2026-10-04T14:18:50.7832968Z E   ImportError: Unable to find a usable engine; tried using: 'pyarrow', 'fastparquet'.
Test (Python 3.11)	Run tests	2026-10-04T14:18:50.7833458Z E   A suitable version of pyarrow or fastparquet is required for parquet support.
Test (Python 3.11)	Run tests	2026-10-04T14:18:50.7834557Z E   Trying to import the above resulted in these errors:
Test (Python 3.11)	Run tests	2026-10-04T14:18:50.7835010Z E    - `Import pyarrow` failed. pyarrow is required for parquet support. Use pip or conda to install the pyarrow package.
Test (Python 3.11)	Run tests	2026-10-04T14:18:50.7836223Z E    - `Import fastparquet` failed. fastparquet is required for parquet support. Use pip or conda to install the fastparquet package.
Test (Python 3.11)	Run tests	2026-10-04T14:18:50.7836787Z ________________ TestCacheEnhancements.test_cache_evict_expired ________________
Test (Python 3.11)	Run tests	2026-10-04T14:18:50.7837196Z tests/test_data_sources.py:778: in test_cache_evict_expired
Test (Python 3.11)	Run tests	2026-10-04T14:18:50.7837532Z     storage.cache_set("test_key", df)
Test (Python 3.11)	Run tests	2026-10-04T14:18:50.7837846Z src/stock_model/data/storage.py:204: in cache_set
Test (Python 3.11)	Run tests	2026-10-04T14:18:50.7838173Z     self._save(df, filepath, "parquet")
Test (Python 3.11)	Run tests	2026-10-04T14:18:50.7838599Z src/stock_model/data/storage.py:351: in _save
Test (Python 3.11)	Run tests	2026-10-04T14:18:50.7838954Z     df.to_parquet(filepath, index=True)
Test (Python 3.11)	Run tests	2026-10-04T14:18:50.7839363Z /opt/hostedtoolcache/Python/3.11.16/x64/lib/python3.11/site-packages/pandas/core/frame.py:3135: in to_parquet
Test (Python 3.11)	Run tests	2026-10-04T14:18:50.7839754Z     return to_parquet(
Test (Python 3.11)	Run tests	2026-10-04T14:18:50.7840157Z /opt/hostedtoolcache/Python/3.11.16/x64/lib/python3.11/site-packages/pandas/io/parquet.py:486: in to_parquet
Test (Python 3.11)	Run tests	2026-10-04T14:18:50.7840618Z     impl = get_engine(engine)
Test (Python 3.11)	Run tests	2026-10-04T14:18:50.7840887Z            ^^^^^^^^^^^^^^^^^^
Test (Python 3.11)	Run tests	2026-10-04T14:18:50.7841273Z /opt/hostedtoolcache/Python/3.11.16/x64/lib/python3.11/site-packages/pandas/io/parquet.py:68: in get_engine
Test (Python 3.11)	Run tests	2026-10-04T14:18:50.7841657Z     raise ImportError(
Test (Python 3.11)	Run tests	2026-10-04T14:18:50.7842078Z E   ImportError: Unable to find a usable engine; tried using: 'pyarrow', 'fastparquet'.
Test (Python 3.11)	Run tests	2026-10-04T14:18:50.7842518Z E   A suitable version of pyarrow or fastparquet is required for parquet support.
Test (Python 3.11)	Run tests	2026-10-04T14:18:50.7843102Z E   Trying to import the above resulted in these errors:
Test (Python 3.11)	Run tests	2026-10-04T14:18:50.7843677Z E    - `Import pyarrow` failed. pyarrow is required for parquet support. Use pip or conda to install the pyarrow package.
Test (Python 3.11)	Run tests	2026-10-04T14:18:50.7844361Z E    - `Import fastparquet` failed. fastparquet is required for parquet support. Use pip or conda to install the fastparquet package.
Test (Python 3.11)	Run tests	2026-10-04T14:18:50.7844903Z ______________ TestCacheEnhancements.test_cache_info_with_memory _______________
Test (Python 3.11)	Run tests	2026-10-04T14:18:50.7845293Z tests/test_data_sources.py:789: in test_cache_info_with_memory
Test (Python 3.11)	Run tests	2026-10-04T14:18:50.7845640Z     storage.cache_set("test_key", df)
Test (Python 3.11)	Run tests	2026-10-04T14:18:50.7845917Z src/stock_model/data/storage.py:204: in cache_set
Test (Python 3.11)	Run tests	2026-10-04T14:18:50.7846193Z     self._save(df, filepath, "parquet")
Test (Python 3.11)	Run tests	2026-10-04T14:18:50.7846490Z src/stock_model/data/storage.py:351: in _save
Test (Python 3.11)	Run tests	2026-10-04T14:18:50.7846773Z     df.to_parquet(filepath, index=True)
Test (Python 3.11)	Run tests	2026-10-04T14:18:50.7847195Z /opt/hostedtoolcache/Python/3.11.16/x64/lib/python3.11/site-packages/pandas/core/frame.py:3135: in to_parquet
Test (Python 3.11)	Run tests	2026-10-04T14:18:50.7847585Z     return to_parquet(
Test (Python 3.11)	Run tests	2026-10-04T14:18:50.7847999Z /opt/hostedtoolcache/Python/3.11.16/x64/lib/python3.11/site-packages/pandas/io/parquet.py:486: in to_parquet
Test (Python 3.11)	Run tests	2026-10-04T14:18:50.7848385Z     impl = get_engine(engine)
Test (Python 3.11)	Run tests	2026-10-04T14:18:50.7848607Z            ^^^^^^^^^^^^^^^^^^
Test (Python 3.11)	Run tests	2026-10-04T14:18:50.7848997Z /opt/hostedtoolcache/Python/3.11.16/x64/lib/python3.11/site-packages/pandas/io/parquet.py:68: in get_engine
Test (Python 3.11)	Run tests	2026-10-04T14:18:50.7849406Z     raise ImportError(
Test (Python 3.11)	Run tests	2026-10-04T14:18:50.7849745Z E   ImportError: Unable to find a usable engine; tried using: 'pyarrow', 'fastparquet'.
Test (Python 3.11)	Run tests	2026-10-04T14:18:50.7850167Z E   A suitable version of pyarrow or fastparquet is required for parquet support.
Test (Python 3.11)	Run tests	2026-10-04T14:18:50.7850519Z E   Trying to import the above resulted in these errors:
Test (Python 3.11)	Run tests	2026-10-04T14:18:50.7851014Z E    - `Import pyarrow` failed. pyarrow is required for parquet support. Use pip or conda to install the pyarrow package.
Test (Python 3.11)	Run tests	2026-10-04T14:18:50.7851602Z E    - `Import fastparquet` failed. fastparquet is required for parquet support. Use pip or conda to install the fastparquet package.
Test (Python 3.11)	Run tests	2026-10-04T14:18:50.7852145Z ______________ TestCacheEnhancements.test_cache_clear_both_layers ______________
Test (Python 3.11)	Run tests	2026-10-04T14:18:50.7852553Z tests/test_data_sources.py:800: in test_cache_clear_both_layers
Test (Python 3.11)	Run tests	2026-10-04T14:18:50.7852965Z     storage.cache_set("test_key", df)
Test (Python 3.11)	Run tests	2026-10-04T14:18:50.7853294Z src/stock_model/data/storage.py:204: in cache_set
Test (Python 3.11)	Run tests	2026-10-04T14:18:50.7853582Z     self._save(df, filepath, "parquet")
Test (Python 3.11)	Run tests	2026-10-04T14:18:50.7853910Z src/stock_model/data/storage.py:351: in _save
Test (Python 3.11)	Run tests	2026-10-04T14:18:50.7854189Z     df.to_parquet(filepath, index=True)
Test (Python 3.11)	Run tests	2026-10-04T14:18:50.7854648Z /opt/hostedtoolcache/Python/3.11.16/x64/lib/python3.11/site-packages/pandas/core/frame.py:3135: in to_parquet
Test (Python 3.11)	Run tests	2026-10-04T14:18:50.7855308Z     return to_parquet(
Test (Python 3.11)	Run tests	2026-10-04T14:18:50.7855705Z /opt/hostedtoolcache/Python/3.11.16/x64/lib/python3.11/site-packages/pandas/io/parquet.py:486: in to_parquet
Test (Python 3.11)	Run tests	2026-10-04T14:18:50.7856277Z     impl = get_engine(engine)
Test (Python 3.11)	Run tests	2026-10-04T14:18:50.7856570Z            ^^^^^^^^^^^^^^^^^^
Test (Python 3.11)	Run tests	2026-10-04T14:18:50.7856964Z /opt/hostedtoolcache/Python/3.11.16/x64/lib/python3.11/site-packages/pandas/io/parquet.py:68: in get_engine
Test (Python 3.11)	Run tests	2026-10-04T14:18:50.7857450Z     raise ImportError(
Test (Python 3.11)	Run tests	2026-10-04T14:18:50.7857783Z E   ImportError: Unable to find a usable engine; tried using: 'pyarrow', 'fastparquet'.
Test (Python 3.11)	Run tests	2026-10-04T14:18:50.7858236Z E   A suitable version of pyarrow or fastparquet is required for parquet support.
Test (Python 3.11)	Run tests	2026-10-04T14:18:50.7858616Z E   Trying to import the above resulted in these errors:
Test (Python 3.11)	Run tests	2026-10-04T14:18:50.7859109Z E    - `Import pyarrow` failed. pyarrow is required for parquet support. Use pip or conda to install the pyarrow package.
Test (Python 3.11)	Run tests	2026-10-04T14:18:50.7859731Z E    - `Import fastparquet` failed. fastparquet is required for parquet support. Use pip or conda to install the fastparquet package.
Test (Python 3.11)	Run tests	2026-10-04T14:18:50.7860264Z _______________ TestCacheEnhancements.test_cache_stats_disk_info _______________
Test (Python 3.11)	Run tests	2026-10-04T14:18:50.7860781Z tests/test_data_sources.py:811: in test_cache_stats_disk_info
Test (Python 3.11)	Run tests	2026-10-04T14:18:50.7861095Z     storage.cache_set("test_key", df)
Test (Python 3.11)	Run tests	2026-10-04T14:18:50.7861454Z src/stock_model/data/storage.py:204: in cache_set
Test (Python 3.11)	Run tests	2026-10-04T14:18:50.7861752Z     self._save(df, filepath, "parquet")
Test (Python 3.11)	Run tests	2026-10-04T14:18:50.7862101Z src/stock_model/data/storage.py:351: in _save
Test (Python 3.11)	Run tests	2026-10-04T14:18:50.7862391Z     df.to_parquet(filepath, index=True)
Test (Python 3.11)	Run tests	2026-10-04T14:18:50.7862784Z /opt/hostedtoolcache/Python/3.11.16/x64/lib/python3.11/site-packages/pandas/core/frame.py:3135: in to_parquet
Test (Python 3.11)	Run tests	2026-10-04T14:18:50.7863477Z     return to_parquet(
Test (Python 3.11)	Run tests	2026-10-04T14:18:50.7863861Z /opt/hostedtoolcache/Python/3.11.16/x64/lib/python3.11/site-packages/pandas/io/parquet.py:486: in to_parquet
Test (Python 3.11)	Run tests	2026-10-04T14:18:50.7864286Z     impl = get_engine(engine)
Test (Python 3.11)	Run tests	2026-10-04T14:18:50.7864539Z            ^^^^^^^^^^^^^^^^^^
Test (Python 3.11)	Run tests	2026-10-04T14:18:50.7864999Z /opt/hostedtoolcache/Python/3.11.16/x64/lib/python3.11/site-packages/pandas/io/parquet.py:68: in get_engine
Test (Python 3.11)	Run tests	2026-10-04T14:18:50.7865416Z     raise ImportError(
Test (Python 3.11)	Run tests	2026-10-04T14:18:50.7865727Z E   ImportError: Unable to find a usable engine; tried using: 'pyarrow', 'fastparquet'.
Test (Python 3.11)	Run tests	2026-10-04T14:18:50.7867378Z E   A suitable version of pyarrow or fastparquet is required for parquet support.
Test (Python 3.11)	Run tests	2026-10-04T14:18:50.7867766Z E   Trying to import the above resulted in these errors:
Test (Python 3.11)	Run tests	2026-10-04T14:18:50.7868198Z E    - `Import pyarrow` failed. pyarrow is required for parquet support. Use pip or conda to install the pyarrow package.
Test (Python 3.11)	Run tests	2026-10-04T14:18:50.7868805Z E    - `Import fastparquet` failed. fastparquet is required for parquet support. Use pip or conda to install the fastparquet package.
Test (Python 3.11)	Run tests	2026-10-04T14:18:50.7869341Z _____________ TestCacheEnhancements.test_cache_set_updates_memory ______________
Test (Python 3.11)	Run tests	2026-10-04T14:18:50.7869749Z tests/test_data_sources.py:822: in test_cache_set_updates_memory
Test (Python 3.11)	Run tests	2026-10-04T14:18:50.7870065Z     storage.cache_set("test_key", df1)
Test (Python 3.11)	Run tests	2026-10-04T14:18:50.7870339Z src/stock_model/data/storage.py:204: in cache_set
Test (Python 3.11)	Run tests	2026-10-04T14:18:50.7870671Z     self._save(df, filepath, "parquet")
Test (Python 3.11)	Run tests	2026-10-04T14:18:50.7870927Z src/stock_model/data/storage.py:351: in _save
Test (Python 3.11)	Run tests	2026-10-04T14:18:50.7871218Z     df.to_parquet(filepath, index=True)
Test (Python 3.11)	Run tests	2026-10-04T14:18:50.7871611Z /opt/hostedtoolcache/Python/3.11.16/x64/lib/python3.11/site-packages/pandas/core/frame.py:3135: in to_parquet
Test (Python 3.11)	Run tests	2026-10-04T14:18:50.7872050Z     return to_parquet(
Test (Python 3.11)	Run tests	2026-10-04T14:18:50.7872412Z /opt/hostedtoolcache/Python/3.11.16/x64/lib/python3.11/site-packages/pandas/io/parquet.py:486: in to_parquet
Test (Python 3.11)	Run tests	2026-10-04T14:18:50.7872781Z     impl = get_engine(engine)
Test (Python 3.11)	Run tests	2026-10-04T14:18:50.7873156Z            ^^^^^^^^^^^^^^^^^^
Test (Python 3.11)	Run tests	2026-10-04T14:18:50.7873523Z /opt/hostedtoolcache/Python/3.11.16/x64/lib/python3.11/site-packages/pandas/io/parquet.py:68: in get_engine
Test (Python 3.11)	Run tests	2026-10-04T14:18:50.7873929Z     raise ImportError(
Test (Python 3.11)	Run tests	2026-10-04T14:18:50.7874239Z E   ImportError: Unable to find a usable engine; tried using: 'pyarrow', 'fastparquet'.
Test (Python 3.11)	Run tests	2026-10-04T14:18:50.7874777Z E   A suitable version of pyarrow or fastparquet is required for parquet support.
Test (Python 3.11)	Run tests	2026-10-04T14:18:50.7875144Z E   Trying to import the above resulted in these errors:
Test (Python 3.11)	Run tests	2026-10-04T14:18:50.7875645Z E    - `Import pyarrow` failed. pyarrow is required for parquet support. Use pip or conda to install the pyarrow package.
Test (Python 3.11)	Run tests	2026-10-04T14:18:50.7876273Z E    - `Import fastparquet` failed. fastparquet is required for parquet support. Use pip or conda to install the fastparquet package.
Test (Python 3.11)	Run tests	2026-10-04T14:18:50.7876740Z =============================== warnings summary ===============================
Test (Python 3.11)	Run tests	2026-10-04T14:18:50.7877180Z ../../../../../opt/hostedtoolcache/Python/3.11.16/x64/lib/python3.11/site-packages/py_mini_racer/py_mini_racer.py:15
Test (Python 3.11)	Run tests	2026-10-04T14:18:50.7877980Z   /opt/hostedtoolcache/Python/3.11.16/x64/lib/python3.11/site-packages/py_mini_racer/py_mini_racer.py:15: DeprecationWarning: pkg_resources is deprecated as an API. See https://setuptools.pypa.io/en/latest/pkg_resources.html
Test (Python 3.11)	Run tests	2026-10-04T14:18:50.7878697Z     import pkg_resources
Test (Python 3.11)	Run tests	2026-10-04T14:18:50.7878868Z 
Test (Python 3.11)	Run tests	2026-10-04T14:18:50.7879039Z -- Docs: https://docs.pytest.org/en/stable/how-to/capture-warnings.html
Test (Python 3.11)	Run tests	2026-10-04T14:18:50.7879438Z ================================ tests coverage ================================
Test (Python 3.11)	Run tests	2026-10-04T14:18:50.7879842Z _______________ coverage: platform linux, python 3.11.16-final-0 _______________
Test (Python 3.11)	Run tests	2026-10-04T14:18:50.7880045Z 
Test (Python 3.11)	Run tests	2026-10-04T14:18:50.7880215Z Name                                              Stmts   Miss  Cover   Missing
Test (Python 3.11)	Run tests	2026-10-04T14:18:50.7880536Z -------------------------------------------------------------------------------
Test (Python 3.11)	Run tests	2026-10-04T14:18:50.7880936Z src/stock_model/__init__.py                           1      0   100%
Test (Python 3.11)	Run tests	2026-10-04T14:18:50.7881288Z src/stock_model/analysis/__init__.py                  4      0   100%
Test (Python 3.11)	Run tests	2026-10-04T14:18:50.7881745Z src/stock_model/analysis/fundamental.py              94     64    32%   43, 68-69, 81-82, 94-102, 114-122, 135-145, 157-196, 208-218
Test (Python 3.11)	Run tests	2026-10-04T14:18:50.7882261Z src/stock_model/analysis/signals.py                 131     35    73%   50, 67, 78, 90, 94, 150-181, 201-227, 249-275, 318-324
Test (Python 3.11)	Run tests	2026-10-04T14:18:50.7882750Z src/stock_model/analysis/technical.py                90      5    94%   23, 97, 123, 182, 193
Test (Python 3.11)	Run tests	2026-10-04T14:18:50.7883319Z src/stock_model/config/__init__.py                    2      0   100%
Test (Python 3.11)	Run tests	2026-10-04T14:18:50.7883685Z src/stock_model/config/settings.py                   58      0   100%
Test (Python 3.11)	Run tests	2026-10-04T14:18:50.7884083Z src/stock_model/data/__init__.py                      5      0   100%
Test (Python 3.11)	Run tests	2026-10-04T14:18:50.7884491Z src/stock_model/data/collector.py                    90     29    68%   94, 116, 119-123, 131-135, 146-166, 170-175
Test (Python 3.11)	Run tests	2026-10-04T14:18:50.7885087Z src/stock_model/data/fetcher.py                     167     55    67%   88-93, 155, 174-176, 179-189, 192-193, 202-213, 278-283, 294-295, 308-309, 324-325, 332-333, 343-344, 354-355, 362-363, 368-369, 390-396
Test (Python 3.11)	Run tests	2026-10-04T14:18:50.7885699Z src/stock_model/data/monitor.py                     101      7    93%   45, 127, 143, 164, 170-171, 195
Test (Python 3.11)	Run tests	2026-10-04T14:18:50.7886168Z src/stock_model/data/processor.py                    61     46    25%   34-46, 60-64, 81-100, 114-127, 141-152
Test (Python 3.11)	Run tests	2026-10-04T14:18:50.7886602Z src/stock_model/data/sources/__init__.py              4      0   100%
Test (Python 3.11)	Run tests	2026-10-04T14:18:50.7887056Z src/stock_model/data/sources/akshare_source.py       70     52    26%   32-40, 49-57, 66-74, 77-80, 83-84, 91-110, 117-134, 137-138, 141-142, 147-167
Test (Python 3.11)	Run tests	2026-10-04T14:18:50.7887719Z src/stock_model/data/sources/baostock_source.py     215    145    33%   51, 58-62, 124-151, 160-186, 195-221, 225-226, 230-248, 252-270, 274-290, 298-345, 353-392
Test (Python 3.11)	Run tests	2026-10-04T14:18:50.7888220Z src/stock_model/data/sources/base.py                 25      1    96%   102
Test (Python 3.11)	Run tests	2026-10-04T14:18:50.7888757Z src/stock_model/data/storage.py                     182    107    41%   126-132, 142-148, 159-160, 169-170, 179-182, 188-191, 208-212, 225-261, 269-279, 283-297, 301-302, 313-329, 335-336, 341-343, 352-355, 361-370
Test (Python 3.11)	Run tests	2026-10-04T14:18:50.7889452Z src/stock_model/notify/__init__.py                    3      0   100%
Test (Python 3.11)	Run tests	2026-10-04T14:18:50.7889867Z src/stock_model/notify/channels.py                   42      5    88%   107-112
Test (Python 3.11)	Run tests	2026-10-04T14:18:50.7890268Z src/stock_model/notify/notifier.py                   35      2    94%   62-63
Test (Python 3.11)	Run tests	2026-10-04T14:18:50.7890655Z src/stock_model/pipeline/__init__.py                  4      0   100%
Test (Python 3.11)	Run tests	2026-10-04T14:18:50.7891019Z src/stock_model/pipeline/config.py                   36      4    89%   79-83
Test (Python 3.11)	Run tests	2026-10-04T14:18:50.7891423Z src/stock_model/pipeline/models.py                   48      2    96%   56, 61
Test (Python 3.11)	Run tests	2026-10-04T14:18:50.7891978Z src/stock_model/pipeline/trading_pipeline.py        186     62    67%   92, 103-104, 110, 114, 154, 179, 190-194, 206, 210, 229-231, 242-243, 289-292, 296-297, 323-325, 329-342, 346-384, 391-400, 411-412
Test (Python 3.11)	Run tests	2026-10-04T14:18:50.7892560Z src/stock_model/portfolio/__init__.py                 3      0   100%
Test (Python 3.11)	Run tests	2026-10-04T14:18:50.7893133Z src/stock_model/portfolio/models.py                  35      9    74%   27, 42, 47, 52-55, 58-59
Test (Python 3.11)	Run tests	2026-10-04T14:18:50.7893709Z src/stock_model/portfolio/optimizer.py              133     21    84%   48, 99, 106-107, 168, 175, 205-213, 274, 282, 302, 325-330
Test (Python 3.11)	Run tests	2026-10-04T14:18:50.7894180Z src/stock_model/risk/__init__.py                      4      0   100%
Test (Python 3.11)	Run tests	2026-10-04T14:18:50.7894532Z src/stock_model/risk/manager.py                      79      4    95%   131, 177, 216, 248
Test (Python 3.11)	Run tests	2026-10-04T14:18:50.7894937Z src/stock_model/risk/models.py                       69      1    99%   115
Test (Python 3.11)	Run tests	2026-10-04T14:18:50.7895355Z src/stock_model/risk/position_sizer.py               62      2    97%   144, 148
Test (Python 3.11)	Run tests	2026-10-04T14:18:50.7895732Z src/stock_model/strategy/__init__.py                  7      0   100%
Test (Python 3.11)	Run tests	2026-10-04T14:18:50.7896079Z src/stock_model/strategy/base.py                     34      0   100%
Test (Python 3.11)	Run tests	2026-10-04T14:18:50.7896555Z src/stock_model/strategy/engine.py                  371     71    81%   59, 82, 113, 163, 214, 236-239, 263-276, 335, 371-376, 390-391, 394-405, 447-492, 561-562, 634-635, 665, 672, 713
Test (Python 3.11)	Run tests	2026-10-04T14:18:50.7897150Z src/stock_model/strategy/manual.py                   93     36    61%   75-78, 80-83, 97-100, 103-105, 139-172
Test (Python 3.11)	Run tests	2026-10-04T14:18:50.7897613Z src/stock_model/strategy/quant_strategy.py           74     10    86%   35, 64, 105, 118-120, 123-125, 141
Test (Python 3.11)	Run tests	2026-10-04T14:18:50.7898181Z src/stock_model/strategy/rl_agent.py                254    106    58%   131, 171-178, 191, 206, 216, 219, 222, 263, 313-362, 390-463, 479-487, 495-505, 525-533, 538, 543, 547-565, 593, 628
Test (Python 3.11)	Run tests	2026-10-04T14:18:50.7898988Z src/stock_model/strategy/trading_env.py             419     67    84%   38, 49, 68, 74-79, 181-188, 196, 242-244, 257, 287, 296, 332, 342, 346, 350-352, 361-369, 379, 391-393, 405, 414-418, 484-487, 521-522, 560-562, 575-585, 592, 625, 649, 674, 683, 687, 742, 749-751
Test (Python 3.11)	Run tests	2026-10-04T14:18:50.7899667Z src/stock_model/utils/__init__.py                     3      0   100%
Test (Python 3.11)	Run tests	2026-10-04T14:18:50.7900063Z src/stock_model/utils/helpers.py                     44      1    98%   97
Test (Python 3.11)	Run tests	2026-10-04T14:18:50.7900446Z src/stock_model/utils/logger.py                      13      8    38%   23-53
Test (Python 3.11)	Run tests	2026-10-04T14:18:50.7900849Z src/stock_model/visualization/__init__.py             2      2     0%   3-5
Test (Python 3.11)	Run tests	2026-10-04T14:18:50.7901233Z src/stock_model/visualization/charts.py              94     94     0%   11-312
Test (Python 3.11)	Run tests	2026-10-04T14:18:50.7901638Z src/stock_model/web/__init__.py                       2      0   100%
Test (Python 3.11)	Run tests	2026-10-04T14:18:50.7901984Z src/stock_model/web/app.py                          240    224     7%   41-483
Test (Python 3.11)	Run tests	2026-10-04T14:18:50.7902343Z -------------------------------------------------------------------------------
Test (Python 3.11)	Run tests	2026-10-04T14:18:50.7902698Z TOTAL                                              3689   1277    65%
Test (Python 3.11)	Run tests	2026-10-04T14:18:50.7903099Z Coverage XML written to file coverage.xml
Test (Python 3.11)	Run tests	2026-10-04T14:18:50.8593700Z =========================== short test summary info ============================
Test (Python 3.11)	Run tests	2026-10-04T14:18:50.8594582Z FAILED tests/test_data_sources.py::TestCacheEnhancements::test_memory_cache_hit - ImportError: Unable to find a usable engine; tried using: 'pyarrow', 'fastparquet'.
Test (Python 3.11)	Run tests	2026-10-04T14:18:50.8595749Z A suitable version of pyarrow or fastparquet is required for parquet support.
Test (Python 3.11)	Run tests	2026-10-04T14:18:50.8596243Z Trying to import the above resulted in these errors:
Test (Python 3.11)	Run tests	2026-10-04T14:18:50.8598029Z  - `Import pyarrow` failed. pyarrow is required for parquet support. Use pip or conda to install the pyarrow package.
Test (Python 3.11)	Run tests	2026-10-04T14:18:50.8599713Z  - `Import fastparquet` failed. fastparquet is required for parquet support. Use pip or conda to install the fastparquet package.
Test (Python 3.11)	Run tests	2026-10-04T14:18:50.8601648Z FAILED tests/test_data_sources.py::TestCacheEnhancements::test_memory_cache_lru_eviction - ImportError: Unable to find a usable engine; tried using: 'pyarrow', 'fastparquet'.
Test (Python 3.11)	Run tests	2026-10-04T14:18:50.8603635Z A suitable version of pyarrow or fastparquet is required for parquet support.
Test (Python 3.11)	Run tests	2026-10-04T14:18:50.8604511Z Trying to import the above resulted in these errors:
Test (Python 3.11)	Run tests	2026-10-04T14:18:50.8605694Z  - `Import pyarrow` failed. pyarrow is required for parquet support. Use pip or conda to install the pyarrow package.
Test (Python 3.11)	Run tests	2026-10-04T14:18:50.8607535Z  - `Import fastparquet` failed. fastparquet is required for parquet support. Use pip or conda to install the fastparquet package.
Test (Python 3.11)	Run tests	2026-10-04T14:18:50.8609387Z FAILED tests/test_data_sources.py::TestCacheEnhancements::test_cache_stats_tracking - ImportError: Unable to find a usable engine; tried using: 'pyarrow', 'fastparquet'.
Test (Python 3.11)	Run tests	2026-10-04T14:18:50.8611127Z A suitable version of pyarrow or fastparquet is required for parquet support.
Test (Python 3.11)	Run tests	2026-10-04T14:18:50.8611979Z Trying to import the above resulted in these errors:
Test (Python 3.11)	Run tests	2026-10-04T14:18:50.8613314Z  - `Import pyarrow` failed. pyarrow is required for parquet support. Use pip or conda to install the pyarrow package.
Test (Python 3.11)	Run tests	2026-10-04T14:18:50.8614902Z  - `Import fastparquet` failed. fastparquet is required for parquet support. Use pip or conda to install the fastparquet package.
Test (Python 3.11)	Run tests	2026-10-04T14:18:50.8616981Z FAILED tests/test_data_sources.py::TestCacheEnhancements::test_cache_reset_stats - ImportError: Unable to find a usable engine; tried using: 'pyarrow', 'fastparquet'.
Test (Python 3.11)	Run tests	2026-10-04T14:18:50.8618634Z A suitable version of pyarrow or fastparquet is required for parquet support.
Test (Python 3.11)	Run tests	2026-10-04T14:18:50.8619503Z Trying to import the above resulted in these errors:
Test (Python 3.11)	Run tests	2026-10-04T14:18:50.8620619Z  - `Import pyarrow` failed. pyarrow is required for parquet support. Use pip or conda to install the pyarrow package.
Test (Python 3.11)	Run tests	2026-10-04T14:18:50.8622133Z  - `Import fastparquet` failed. fastparquet is required for parquet support. Use pip or conda to install the fastparquet package.
Test (Python 3.11)	Run tests	2026-10-04T14:18:50.8624282Z FAILED tests/test_data_sources.py::TestCacheEnhancements::test_cache_evict_expired - ImportError: Unable to find a usable engine; tried using: 'pyarrow', 'fastparquet'.
Test (Python 3.11)	Run tests	2026-10-04T14:18:50.8625288Z A suitable version of pyarrow or fastparquet is required for parquet support.
Test (Python 3.11)	Run tests	2026-10-04T14:18:50.8625821Z Trying to import the above resulted in these errors:
Test (Python 3.11)	Run tests	2026-10-04T14:18:50.8626543Z  - `Import pyarrow` failed. pyarrow is required for parquet support. Use pip or conda to install the pyarrow package.
Test (Python 3.11)	Run tests	2026-10-04T14:18:50.8627456Z  - `Import fastparquet` failed. fastparquet is required for parquet support. Use pip or conda to install the fastparquet package.
Test (Python 3.11)	Run tests	2026-10-04T14:18:50.8628720Z FAILED tests/test_data_sources.py::TestCacheEnhancements::test_cache_info_with_memory - ImportError: Unable to find a usable engine; tried using: 'pyarrow', 'fastparquet'.
Test (Python 3.11)	Run tests	2026-10-04T14:18:50.8629622Z A suitable version of pyarrow or fastparquet is required for parquet support.
Test (Python 3.11)	Run tests	2026-10-04T14:18:50.8630187Z Trying to import the above resulted in these errors:
Test (Python 3.11)	Run tests	2026-10-04T14:18:50.8630810Z  - `Import pyarrow` failed. pyarrow is required for parquet support. Use pip or conda to install the pyarrow package.
Test (Python 3.11)	Run tests	2026-10-04T14:18:50.8631694Z  - `Import fastparquet` failed. fastparquet is required for parquet support. Use pip or conda to install the fastparquet package.
Test (Python 3.11)	Run tests	2026-10-04T14:18:50.8633094Z FAILED tests/test_data_sources.py::TestCacheEnhancements::test_cache_clear_both_layers - ImportError: Unable to find a usable engine; tried using: 'pyarrow', 'fastparquet'.
Test (Python 3.11)	Run tests	2026-10-04T14:18:50.8634069Z A suitable version of pyarrow or fastparquet is required for parquet support.
Test (Python 3.11)	Run tests	2026-10-04T14:18:50.8634591Z Trying to import the above resulted in these errors:
Test (Python 3.11)	Run tests	2026-10-04T14:18:50.8635237Z  - `Import pyarrow` failed. pyarrow is required for parquet support. Use pip or conda to install the pyarrow package.
Test (Python 3.11)	Run tests	2026-10-04T14:18:50.8636226Z  - `Import fastparquet` failed. fastparquet is required for parquet support. Use pip or conda to install the fastparquet package.
Test (Python 3.11)	Run tests	2026-10-04T14:18:50.8637390Z FAILED tests/test_data_sources.py::TestCacheEnhancements::test_cache_stats_disk_info - ImportError: Unable to find a usable engine; tried using: 'pyarrow', 'fastparquet'.
Test (Python 3.11)	Run tests	2026-10-04T14:18:50.8638260Z A suitable version of pyarrow or fastparquet is required for parquet support.
Test (Python 3.11)	Run tests	2026-10-04T14:18:50.8638851Z Trying to import the above resulted in these errors:
Test (Python 3.11)	Run tests	2026-10-04T14:18:50.8639698Z  - `Import pyarrow` failed. pyarrow is required for parquet support. Use pip or conda to install the pyarrow package.
Test (Python 3.11)	Run tests	2026-10-04T14:18:50.8640538Z  - `Import fastparquet` failed. fastparquet is required for parquet support. Use pip or conda to install the fastparquet package.
Test (Python 3.11)	Run tests	2026-10-04T14:18:50.8641653Z FAILED tests/test_data_sources.py::TestCacheEnhancements::test_cache_set_updates_memory - ImportError: Unable to find a usable engine; tried using: 'pyarrow', 'fastparquet'.
Test (Python 3.11)	Run tests	2026-10-04T14:18:50.8642552Z A suitable version of pyarrow or fastparquet is required for parquet support.
Test (Python 3.11)	Run tests	2026-10-04T14:18:50.8643331Z Trying to import the above resulted in these errors:
Test (Python 3.11)	Run tests	2026-10-04T14:18:50.8644044Z  - `Import pyarrow` failed. pyarrow is required for parquet support. Use pip or conda to install the pyarrow package.
Test (Python 3.11)	Run tests	2026-10-04T14:18:50.8645173Z  - `Import fastparquet` failed. fastparquet is required for parquet support. Use pip or conda to install the fastparquet package.
Test (Python 3.11)	Run tests	2026-10-04T14:18:50.8645911Z =================== 9 failed, 254 passed, 1 warning in 9.45s ===================
Test (Python 3.11)	Run tests	2026-10-04T14:18:51.0198524Z ##[error]Process completed with exit code 1.
Test (Python 3.11)	Post Run actions/checkout@v4	﻿2026-10-04T14:18:51.0318399Z Post job cleanup.
Test (Python 3.11)	Post Run actions/checkout@v4	2026-10-04T14:18:51.0924538Z [command]/usr/bin/git version
Test (Python 3.11)	Post Run actions/checkout@v4	2026-10-04T14:18:51.0956292Z git version 2.55.0
Test (Python 3.11)	Post Run actions/checkout@v4	2026-10-04T14:18:51.0986054Z Temporarily overriding HOME='/home/runner/work/_temp/baae4e15-40e5-4562-9762-a39379ff9749' before making global git config changes
Test (Python 3.11)	Post Run actions/checkout@v4	2026-10-04T14:18:51.0987057Z Adding repository directory to the temporary git global config as a safe directory
Test (Python 3.11)	Post Run actions/checkout@v4	2026-10-04T14:18:51.0990965Z [command]/usr/bin/git config --global --add safe.directory /home/runner/work/stock-model/stock-model
Test (Python 3.11)	Post Run actions/checkout@v4	2026-10-04T14:18:51.1021826Z [command]/usr/bin/git config --local --name-only --get-regexp core\.sshCommand
Test (Python 3.11)	Post Run actions/checkout@v4	2026-10-04T14:18:51.1046508Z [command]/usr/bin/git submodule foreach --recursive sh -c "git config --local --name-only --get-regexp 'core\.sshCommand' && git config --local --unset-all 'core.sshCommand' || :"
Test (Python 3.11)	Post Run actions/checkout@v4	2026-10-04T14:18:51.1206600Z [command]/usr/bin/git config --local --name-only --get-regexp http\.https\:\/\/github\.com\/\.extraheader
Test (Python 3.11)	Post Run actions/checkout@v4	2026-10-04T14:18:51.1227770Z http.https://github.com/.extraheader
Test (Python 3.11)	Post Run actions/checkout@v4	2026-10-04T14:18:51.1235485Z [command]/usr/bin/git config --local --unset-all http.https://github.com/.extraheader
Test (Python 3.11)	Post Run actions/checkout@v4	2026-10-04T14:18:51.1261397Z [command]/usr/bin/git submodule foreach --recursive sh -c "git config --local --name-only --get-regexp 'http\.https\:\/\/github\.com\/\.extraheader' && git config --local --unset-all 'http.https://github.com/.extraheader' || :"
Test (Python 3.11)	Post Run actions/checkout@v4	2026-10-04T14:18:51.1416964Z [command]/usr/bin/git config --local --name-only --get-regexp ^includeIf\.gitdir:
Test (Python 3.11)	Post Run actions/checkout@v4	2026-10-04T14:18:51.1441974Z [command]/usr/bin/git submodule foreach --recursive git config --local --show-origin --name-only --get-regexp remote.origin.url
Test (Python 3.11)	Complete job	﻿2026-10-04T14:18:51.1728947Z Cleaning up orphan processes
Test (Python 3.11)	Complete job	2026-10-04T14:18:51.1936123Z ##[warning]Node.js 20 is deprecated. The following actions target Node.js 20 but are being forced to run on Node.js 24: actions/checkout@v4, actions/setup-python@v5. For more information see: https://github.blog/changelog/2025-09-19-deprecation-of-node-20-on-github-actions-runners/
Test (Python 3.12)	Set up job	﻿2026-10-04T14:18:04.6223991Z Current runner version: '2.337.0'
Test (Python 3.12)	Set up job	2026-10-04T14:18:04.6252553Z ##[group]Runner Image Provisioner
Test (Python 3.12)	Set up job	2026-10-04T14:18:04.6253490Z Hosted Compute Agent
Test (Python 3.12)	Set up job	2026-10-04T14:18:04.6254199Z Version: 20260901.588
Test (Python 3.12)	Set up job	2026-10-04T14:18:04.6254820Z Commit: f88ec8081b781fac6c440065ac7ff9e710ce3d0b
Test (Python 3.12)	Set up job	2026-10-04T14:18:04.6255573Z Build Date: 2026-09-01T19:56:44Z
Test (Python 3.12)	Set up job	2026-10-04T14:18:04.6256275Z Worker ID: {cf85e6e6-26b7-4db0-b375-d45723c62b13}
Test (Python 3.12)	Set up job	2026-10-04T14:18:04.6257027Z Azure Region: westus2
Test (Python 3.12)	Set up job	2026-10-04T14:18:04.6257637Z ##[endgroup]
Test (Python 3.12)	Set up job	2026-10-04T14:18:04.6259100Z ##[group]Operating System
Test (Python 3.12)	Set up job	2026-10-04T14:18:04.6259725Z Ubuntu
Test (Python 3.12)	Set up job	2026-10-04T14:18:04.6260328Z 24.04.5
Test (Python 3.12)	Set up job	2026-10-04T14:18:04.6260866Z LTS
Test (Python 3.12)	Set up job	2026-10-04T14:18:04.6261443Z ##[endgroup]
Test (Python 3.12)	Set up job	2026-10-04T14:18:04.6262197Z ##[group]Runner Image
Test (Python 3.12)	Set up job	2026-10-04T14:18:04.6262817Z Image: ubuntu-24.04
Test (Python 3.12)	Set up job	2026-10-04T14:18:04.6263477Z Version: 20260927.320.1
Test (Python 3.12)	Set up job	2026-10-04T14:18:04.6264606Z Included Software: https://github.com/actions/runner-images/blob/ubuntu24/20260927.320/images/ubuntu/Ubuntu2404-Readme.md
Test (Python 3.12)	Set up job	2026-10-04T14:18:04.6266385Z Image Release: https://github.com/actions/runner-images/releases/tag/ubuntu24%2F20260927.320
Test (Python 3.12)	Set up job	2026-10-04T14:18:04.6267329Z ##[endgroup]
Test (Python 3.12)	Set up job	2026-10-04T14:18:04.6268610Z ##[group]GITHUB_TOKEN Permissions
Test (Python 3.12)	Set up job	2026-10-04T14:18:04.6270776Z Contents: read
Test (Python 3.12)	Set up job	2026-10-04T14:18:04.6271493Z Metadata: read
Test (Python 3.12)	Set up job	2026-10-04T14:18:04.6272311Z Packages: read
Test (Python 3.12)	Set up job	2026-10-04T14:18:04.6272930Z ##[endgroup]
Test (Python 3.12)	Set up job	2026-10-04T14:18:04.6275188Z Secret source: Actions
Test (Python 3.12)	Set up job	2026-10-04T14:18:04.6276266Z Cache mode: write
Test (Python 3.12)	Set up job	2026-10-04T14:18:04.6277224Z Prepare workflow directory
Test (Python 3.12)	Set up job	2026-10-04T14:18:04.6678878Z Prepare all required actions
Test (Python 3.12)	Set up job	2026-10-04T14:18:04.6728659Z Getting action download info
Test (Python 3.12)	Set up job	2026-10-04T14:18:05.0304026Z Download action repository 'actions/checkout@v4' (SHA:11d5960a326750d5838078e36cf38b85af677262)
Test (Python 3.12)	Set up job	2026-10-04T14:18:05.1484111Z Download action repository 'actions/setup-python@v5' (SHA:a26af69be951a213d495a4c3e4e4022e16d87065)
Test (Python 3.12)	Set up job	2026-10-04T14:18:05.2579958Z Download action repository 'actions/upload-artifact@v4' (SHA:ea165f8d65b6e75b540449e92b4886f43607fa02)
Test (Python 3.12)	Set up job	2026-10-04T14:18:05.4885061Z Complete job name: Test (Python 3.12)
Test (Python 3.12)	Run actions/checkout@v4	﻿2026-10-04T14:18:05.5595694Z ##[group]Run actions/checkout@v4
Test (Python 3.12)	Run actions/checkout@v4	2026-10-04T14:18:05.5596609Z with:
Test (Python 3.12)	Run actions/checkout@v4	2026-10-04T14:18:05.5597074Z   repository: Colinchiu007/stock-model
Test (Python 3.12)	Run actions/checkout@v4	2026-10-04T14:18:05.5600803Z   token: ***
Test (Python 3.12)	Run actions/checkout@v4	2026-10-04T14:18:05.5601252Z   ssh-strict: true
Test (Python 3.12)	Run actions/checkout@v4	2026-10-04T14:18:05.5601691Z   ssh-user: git
Test (Python 3.12)	Run actions/checkout@v4	2026-10-04T14:18:05.5602609Z   persist-credentials: true
Test (Python 3.12)	Run actions/checkout@v4	2026-10-04T14:18:05.5603155Z   clean: true
Test (Python 3.12)	Run actions/checkout@v4	2026-10-04T14:18:05.5603606Z   sparse-checkout-cone-mode: true
Test (Python 3.12)	Run actions/checkout@v4	2026-10-04T14:18:05.5604125Z   fetch-depth: 1
Test (Python 3.12)	Run actions/checkout@v4	2026-10-04T14:18:05.5604561Z   fetch-tags: false
Test (Python 3.12)	Run actions/checkout@v4	2026-10-04T14:18:05.5605005Z   show-progress: true
Test (Python 3.12)	Run actions/checkout@v4	2026-10-04T14:18:05.5605466Z   lfs: false
Test (Python 3.12)	Run actions/checkout@v4	2026-10-04T14:18:05.5605881Z   submodules: false
Test (Python 3.12)	Run actions/checkout@v4	2026-10-04T14:18:05.5606333Z   set-safe-directory: true
Test (Python 3.12)	Run actions/checkout@v4	2026-10-04T14:18:05.5606848Z   allow-unsafe-pr-checkout: false
Test (Python 3.12)	Run actions/checkout@v4	2026-10-04T14:18:05.5607711Z ##[endgroup]
Test (Python 3.12)	Run actions/checkout@v4	2026-10-04T14:18:05.6697373Z Syncing repository: Colinchiu007/stock-model
Test (Python 3.12)	Run actions/checkout@v4	2026-10-04T14:18:05.6700626Z ##[group]Getting Git version info
Test (Python 3.12)	Run actions/checkout@v4	2026-10-04T14:18:05.6701898Z Working directory is '/home/runner/work/stock-model/stock-model'
Test (Python 3.12)	Run actions/checkout@v4	2026-10-04T14:18:05.6704169Z [command]/usr/bin/git version
Test (Python 3.12)	Run actions/checkout@v4	2026-10-04T14:18:05.6813729Z git version 2.55.0
Test (Python 3.12)	Run actions/checkout@v4	2026-10-04T14:18:05.6836705Z ##[endgroup]
Test (Python 3.12)	Run actions/checkout@v4	2026-10-04T14:18:05.6854722Z Temporarily overriding HOME='/home/runner/work/_temp/f9849def-d039-4b3c-8141-293a359022d2' before making global git config changes
Test (Python 3.12)	Run actions/checkout@v4	2026-10-04T14:18:05.6859312Z Adding repository directory to the temporary git global config as a safe directory
Test (Python 3.12)	Run actions/checkout@v4	2026-10-04T14:18:05.6871684Z [command]/usr/bin/git config --global --add safe.directory /home/runner/work/stock-model/stock-model
Test (Python 3.12)	Run actions/checkout@v4	2026-10-04T14:18:05.6933674Z Deleting the contents of '/home/runner/work/stock-model/stock-model'
Test (Python 3.12)	Run actions/checkout@v4	2026-10-04T14:18:05.6936295Z ##[group]Initializing the repository
Test (Python 3.12)	Run actions/checkout@v4	2026-10-04T14:18:05.6938335Z [command]/usr/bin/git init /home/runner/work/stock-model/stock-model
Test (Python 3.12)	Run actions/checkout@v4	2026-10-04T14:18:05.7051375Z hint: Using 'master' as the name for the initial branch. This default branch name
Test (Python 3.12)	Run actions/checkout@v4	2026-10-04T14:18:05.7053992Z hint: will change to "main" in Git 3.0. To configure the initial branch name
Test (Python 3.12)	Run actions/checkout@v4	2026-10-04T14:18:05.7055916Z hint: to use in all of your new repositories, which will suppress this warning,
Test (Python 3.12)	Run actions/checkout@v4	2026-10-04T14:18:05.7057567Z hint: call:
Test (Python 3.12)	Run actions/checkout@v4	2026-10-04T14:18:05.7058563Z hint:
Test (Python 3.12)	Run actions/checkout@v4	2026-10-04T14:18:05.7059834Z hint: 	git config --global init.defaultBranch <name>
Test (Python 3.12)	Run actions/checkout@v4	2026-10-04T14:18:05.7061245Z hint:
Test (Python 3.12)	Run actions/checkout@v4	2026-10-04T14:18:05.7062792Z hint: Names commonly chosen instead of 'master' are 'main', 'trunk' and
Test (Python 3.12)	Run actions/checkout@v4	2026-10-04T14:18:05.7064743Z hint: 'development'. The just-created branch can be renamed via this command:
Test (Python 3.12)	Run actions/checkout@v4	2026-10-04T14:18:05.7066266Z hint:
Test (Python 3.12)	Run actions/checkout@v4	2026-10-04T14:18:05.7067196Z hint: 	git branch -m <name>
Test (Python 3.12)	Run actions/checkout@v4	2026-10-04T14:18:05.7068198Z hint:
Test (Python 3.12)	Run actions/checkout@v4	2026-10-04T14:18:05.7069573Z hint: Disable this message with "git config set advice.defaultBranchName false"
Test (Python 3.12)	Run actions/checkout@v4	2026-10-04T14:18:05.7071972Z Initialized empty Git repository in /home/runner/work/stock-model/stock-model/.git/
Test (Python 3.12)	Run actions/checkout@v4	2026-10-04T14:18:05.7076116Z [command]/usr/bin/git remote add origin https://github.com/Colinchiu007/stock-model
Test (Python 3.12)	Run actions/checkout@v4	2026-10-04T14:18:05.7132892Z ##[endgroup]
Test (Python 3.12)	Run actions/checkout@v4	2026-10-04T14:18:05.7134887Z ##[group]Disabling automatic garbage collection
Test (Python 3.12)	Run actions/checkout@v4	2026-10-04T14:18:05.7139090Z [command]/usr/bin/git config --local gc.auto 0
Test (Python 3.12)	Run actions/checkout@v4	2026-10-04T14:18:05.7178189Z ##[endgroup]
Test (Python 3.12)	Run actions/checkout@v4	2026-10-04T14:18:05.7179824Z ##[group]Setting up auth
Test (Python 3.12)	Run actions/checkout@v4	2026-10-04T14:18:05.7187255Z [command]/usr/bin/git config --local --name-only --get-regexp core\.sshCommand
Test (Python 3.12)	Run actions/checkout@v4	2026-10-04T14:18:05.7225667Z [command]/usr/bin/git submodule foreach --recursive sh -c "git config --local --name-only --get-regexp 'core\.sshCommand' && git config --local --unset-all 'core.sshCommand' || :"
Test (Python 3.12)	Run actions/checkout@v4	2026-10-04T14:18:05.7652480Z [command]/usr/bin/git config --local --name-only --get-regexp http\.https\:\/\/github\.com\/\.extraheader
Test (Python 3.12)	Run actions/checkout@v4	2026-10-04T14:18:05.7693635Z [command]/usr/bin/git submodule foreach --recursive sh -c "git config --local --name-only --get-regexp 'http\.https\:\/\/github\.com\/\.extraheader' && git config --local --unset-all 'http.https://github.com/.extraheader' || :"
Test (Python 3.12)	Run actions/checkout@v4	2026-10-04T14:18:05.7948507Z [command]/usr/bin/git config --local --name-only --get-regexp ^includeIf\.gitdir:
Test (Python 3.12)	Run actions/checkout@v4	2026-10-04T14:18:05.7989860Z [command]/usr/bin/git submodule foreach --recursive git config --local --show-origin --name-only --get-regexp remote.origin.url
Test (Python 3.12)	Run actions/checkout@v4	2026-10-04T14:18:05.8222900Z [command]/usr/bin/git config --local http.https://github.com/.extraheader AUTHORIZATION: basic ***
Test (Python 3.12)	Run actions/checkout@v4	2026-10-04T14:18:05.8266498Z ##[endgroup]
Test (Python 3.12)	Run actions/checkout@v4	2026-10-04T14:18:05.8267769Z ##[group]Fetching the repository
Test (Python 3.12)	Run actions/checkout@v4	2026-10-04T14:18:05.8277439Z [command]/usr/bin/git -c protocol.version=2 fetch --no-tags --prune --no-recurse-submodules --depth=1 origin +bb290b61a6e4fbd0ca235df6cf1453c6d4b3fb47:refs/remotes/pull/3/merge
Test (Python 3.12)	Run actions/checkout@v4	2026-10-04T14:18:06.1486142Z From https://github.com/Colinchiu007/stock-model
Test (Python 3.12)	Run actions/checkout@v4	2026-10-04T14:18:06.1488199Z  * [new ref]         bb290b61a6e4fbd0ca235df6cf1453c6d4b3fb47 -> pull/3/merge
Test (Python 3.12)	Run actions/checkout@v4	2026-10-04T14:18:06.1493388Z ##[endgroup]
Test (Python 3.12)	Run actions/checkout@v4	2026-10-04T14:18:06.1495368Z ##[group]Determining the checkout info
Test (Python 3.12)	Run actions/checkout@v4	2026-10-04T14:18:06.1497361Z ##[endgroup]
Test (Python 3.12)	Run actions/checkout@v4	2026-10-04T14:18:06.1502827Z [command]/usr/bin/git sparse-checkout disable
Test (Python 3.12)	Run actions/checkout@v4	2026-10-04T14:18:06.1566510Z [command]/usr/bin/git config --local --unset-all extensions.worktreeConfig
Test (Python 3.12)	Run actions/checkout@v4	2026-10-04T14:18:06.1602771Z ##[group]Checking out the ref
Test (Python 3.12)	Run actions/checkout@v4	2026-10-04T14:18:06.1607283Z [command]/usr/bin/git checkout --progress --force refs/remotes/pull/3/merge
Test (Python 3.12)	Run actions/checkout@v4	2026-10-04T14:18:06.1713421Z Note: switching to 'refs/remotes/pull/3/merge'.
Test (Python 3.12)	Run actions/checkout@v4	2026-10-04T14:18:06.1714737Z 
Test (Python 3.12)	Run actions/checkout@v4	2026-10-04T14:18:06.1715571Z You are in 'detached HEAD' state. You can look around, make experimental
Test (Python 3.12)	Run actions/checkout@v4	2026-10-04T14:18:06.1717488Z changes and commit them, and you can discard any commits you make in this
Test (Python 3.12)	Run actions/checkout@v4	2026-10-04T14:18:06.1719317Z state without impacting any branches by switching back to a branch.
Test (Python 3.12)	Run actions/checkout@v4	2026-10-04T14:18:06.1720372Z 
Test (Python 3.12)	Run actions/checkout@v4	2026-10-04T14:18:06.1721050Z If you want to create a new branch to retain commits you create, you may
Test (Python 3.12)	Run actions/checkout@v4	2026-10-04T14:18:06.1722385Z do so (now or later) by using -c with the switch command. Example:
Test (Python 3.12)	Run actions/checkout@v4	2026-10-04T14:18:06.1723373Z 
Test (Python 3.12)	Run actions/checkout@v4	2026-10-04T14:18:06.1723661Z   git switch -c <new-branch-name>
Test (Python 3.12)	Run actions/checkout@v4	2026-10-04T14:18:06.1724291Z 
Test (Python 3.12)	Run actions/checkout@v4	2026-10-04T14:18:06.1724753Z Or undo this operation with:
Test (Python 3.12)	Run actions/checkout@v4	2026-10-04T14:18:06.1725385Z 
Test (Python 3.12)	Run actions/checkout@v4	2026-10-04T14:18:06.1725755Z   git switch -
Test (Python 3.12)	Run actions/checkout@v4	2026-10-04T14:18:06.1726309Z 
Test (Python 3.12)	Run actions/checkout@v4	2026-10-04T14:18:06.1727060Z Turn off this advice by setting config variable advice.detachedHead to false
Test (Python 3.12)	Run actions/checkout@v4	2026-10-04T14:18:06.1728143Z 
Test (Python 3.12)	Run actions/checkout@v4	2026-10-04T14:18:06.1728996Z HEAD is now at bb290b6 Merge d8ff3922f3e34bcd2c0dcd8918c03214dfa194e0 into 2eed5b885493094f1cd3f88d5f3f41a6965d57e3
Test (Python 3.12)	Run actions/checkout@v4	2026-10-04T14:18:06.1731861Z ##[endgroup]
Test (Python 3.12)	Run actions/checkout@v4	2026-10-04T14:18:06.1770210Z [command]/usr/bin/git log -1 --format=%H
Test (Python 3.12)	Run actions/checkout@v4	2026-10-04T14:18:06.1798470Z bb290b61a6e4fbd0ca235df6cf1453c6d4b3fb47
Test (Python 3.12)	Set up Python 3.12	﻿2026-10-04T14:18:06.2190471Z ##[group]Run actions/setup-python@v5
Test (Python 3.12)	Set up Python 3.12	2026-10-04T14:18:06.2191171Z with:
Test (Python 3.12)	Set up Python 3.12	2026-10-04T14:18:06.2191648Z   python-version: 3.12
Test (Python 3.12)	Set up Python 3.12	2026-10-04T14:18:06.2192601Z   cache: pip
Test (Python 3.12)	Set up Python 3.12	2026-10-04T14:18:06.2193118Z   check-latest: false
Test (Python 3.12)	Set up Python 3.12	2026-10-04T14:18:06.2196886Z   token: ***
Test (Python 3.12)	Set up Python 3.12	2026-10-04T14:18:06.2197369Z   update-environment: true
Test (Python 3.12)	Set up Python 3.12	2026-10-04T14:18:06.2197936Z   allow-prereleases: false
Test (Python 3.12)	Set up Python 3.12	2026-10-04T14:18:06.2198467Z   freethreaded: false
Test (Python 3.12)	Set up Python 3.12	2026-10-04T14:18:06.2198948Z ##[endgroup]
Test (Python 3.12)	Set up Python 3.12	2026-10-04T14:18:06.3634639Z ##[group]Installed versions
Test (Python 3.12)	Set up Python 3.12	2026-10-04T14:18:06.3726464Z (node:2268) [DEP0040] DeprecationWarning: The `punycode` module is deprecated. Please use a userland alternative instead.
Test (Python 3.12)	Set up Python 3.12	2026-10-04T14:18:06.3728808Z (Use `node --trace-deprecation ...` to show where the warning was created)
Test (Python 3.12)	Set up Python 3.12	2026-10-04T14:18:06.3730199Z Successfully set up CPython (3.12.14)
Test (Python 3.12)	Set up Python 3.12	2026-10-04T14:18:06.3731557Z ##[endgroup]
Test (Python 3.12)	Set up Python 3.12	2026-10-04T14:18:06.4920463Z [command]/opt/hostedtoolcache/Python/3.12.14/x64/bin/pip cache dir
Test (Python 3.12)	Set up Python 3.12	2026-10-04T14:18:06.8306339Z /home/runner/.cache/pip
Test (Python 3.12)	Set up Python 3.12	2026-10-04T14:18:07.1100998Z Cache hit for: setup-python-Linux-x64-24.04-Ubuntu-python-3.12.14-pip-3d254d9a52917b05d0626dece0ab703683fc9c56650d987941ed143add53b764
Test (Python 3.12)	Set up Python 3.12	2026-10-04T14:18:07.1222405Z (node:2268) [DEP0169] DeprecationWarning: `url.parse()` behavior is not standardized and prone to errors that have security implications. Use the WHATWG URL API instead. CVEs are not issued for `url.parse()` vulnerabilities.
Test (Python 3.12)	Set up Python 3.12	2026-10-04T14:18:08.4078096Z Received 0 of 299058967 (0.0%), 0.0 MBs/sec
Test (Python 3.12)	Set up Python 3.12	2026-10-04T14:18:09.4113981Z Received 109051904 of 299058967 (36.5%), 52.0 MBs/sec
Test (Python 3.12)	Set up Python 3.12	2026-10-04T14:18:10.4090065Z Received 234881024 of 299058967 (78.5%), 74.6 MBs/sec
Test (Python 3.12)	Set up Python 3.12	2026-10-04T14:18:11.4089043Z Received 264241152 of 299058967 (88.4%), 63.0 MBs/sec
Test (Python 3.12)	Set up Python 3.12	2026-10-04T14:18:11.8183606Z Received 299058967 of 299058967 (100.0%), 64.7 MBs/sec
Test (Python 3.12)	Set up Python 3.12	2026-10-04T14:18:11.8184584Z Cache Size: ~285 MB (299058967 B)
Test (Python 3.12)	Set up Python 3.12	2026-10-04T14:18:11.8228456Z [command]/usr/bin/tar -xf /home/runner/work/_temp/097d351e-1cd9-42ae-9210-a44462585413/cache.tzst -P -C /home/runner/work/stock-model/stock-model --use-compress-program unzstd
Test (Python 3.12)	Set up Python 3.12	2026-10-04T14:18:12.3434178Z Cache restored successfully
Test (Python 3.12)	Set up Python 3.12	2026-10-04T14:18:12.3571018Z Cache restored from key: setup-python-Linux-x64-24.04-Ubuntu-python-3.12.14-pip-3d254d9a52917b05d0626dece0ab703683fc9c56650d987941ed143add53b764
Test (Python 3.12)	Install dependencies	﻿2026-10-04T14:18:12.3784805Z ##[group]Run pip install --upgrade pip
Test (Python 3.12)	Install dependencies	2026-10-04T14:18:12.3785239Z ^[[36;1mpip install --upgrade pip^[[0m
Test (Python 3.12)	Install dependencies	2026-10-04T14:18:12.3785563Z ^[[36;1mpip install -e ".[dev,quant]"^[[0m
Test (Python 3.12)	Install dependencies	2026-10-04T14:18:12.3785905Z ^[[36;1m# pandas-ta requires Python >=3.12^[[0m
Test (Python 3.12)	Install dependencies	2026-10-04T14:18:12.3786224Z ^[[36;1mif [[ "3.12" == "3.12" ]]; then^[[0m
Test (Python 3.12)	Install dependencies	2026-10-04T14:18:12.3786554Z ^[[36;1m  pip install pandas-ta 2>/dev/null || true^[[0m
Test (Python 3.12)	Install dependencies	2026-10-04T14:18:12.3786866Z ^[[36;1mfi^[[0m
Test (Python 3.12)	Install dependencies	2026-10-04T14:18:12.3787072Z ^[[36;1m# ta-lib requires C library^[[0m
Test (Python 3.12)	Install dependencies	2026-10-04T14:18:12.3787533Z ^[[36;1msudo apt-get update -qq && sudo apt-get install -y -qq libta-lib0-dev 2>/dev/null || true^[[0m
Test (Python 3.12)	Install dependencies	2026-10-04T14:18:12.3788017Z ^[[36;1mpip install ta-lib 2>/dev/null || true^[[0m
Test (Python 3.12)	Install dependencies	2026-10-04T14:18:12.4046902Z shell: /usr/bin/bash -e {0}
Test (Python 3.12)	Install dependencies	2026-10-04T14:18:12.4047286Z env:
Test (Python 3.12)	Install dependencies	2026-10-04T14:18:12.4047593Z   pythonLocation: /opt/hostedtoolcache/Python/3.12.14/x64
Test (Python 3.12)	Install dependencies	2026-10-04T14:18:12.4048452Z   PKG_CONFIG_PATH: /opt/hostedtoolcache/Python/3.12.14/x64/lib/pkgconfig
Test (Python 3.12)	Install dependencies	2026-10-04T14:18:12.4048983Z   Python_ROOT_DIR: /opt/hostedtoolcache/Python/3.12.14/x64
Test (Python 3.12)	Install dependencies	2026-10-04T14:18:12.4049420Z   Python2_ROOT_DIR: /opt/hostedtoolcache/Python/3.12.14/x64
Test (Python 3.12)	Install dependencies	2026-10-04T14:18:12.4049840Z   Python3_ROOT_DIR: /opt/hostedtoolcache/Python/3.12.14/x64
Test (Python 3.12)	Install dependencies	2026-10-04T14:18:12.4050279Z   LD_LIBRARY_PATH: /opt/hostedtoolcache/Python/3.12.14/x64/lib
Test (Python 3.12)	Install dependencies	2026-10-04T14:18:12.4050648Z ##[endgroup]
Test (Python 3.12)	Install dependencies	2026-10-04T14:18:13.2365568Z Requirement already satisfied: pip in /opt/hostedtoolcache/Python/3.12.14/x64/lib/python3.12/site-packages (26.2.1)
Test (Python 3.12)	Install dependencies	2026-10-04T14:18:14.3408981Z Obtaining file:///home/runner/work/stock-model/stock-model
Test (Python 3.12)	Install dependencies	2026-10-04T14:18:14.3428901Z   Installing build dependencies: started
Test (Python 3.12)	Install dependencies	2026-10-04T14:18:15.0531300Z   Installing build dependencies: finished with status 'done'
Test (Python 3.12)	Install dependencies	2026-10-04T14:18:15.0538064Z   Checking if build backend supports build_editable: started
Test (Python 3.12)	Install dependencies	2026-10-04T14:18:15.4008041Z   Checking if build backend supports build_editable: finished with status 'done'
Test (Python 3.12)	Install dependencies	2026-10-04T14:18:15.4018301Z   Getting requirements to build editable: started
Test (Python 3.12)	Install dependencies	2026-10-04T14:18:15.7609376Z   Getting requirements to build editable: finished with status 'done'
Test (Python 3.12)	Install dependencies	2026-10-04T14:18:15.7617797Z   Preparing editable metadata (pyproject.toml): started
Test (Python 3.12)	Install dependencies	2026-10-04T14:18:15.9742499Z   Preparing editable metadata (pyproject.toml): finished with status 'done'
Test (Python 3.12)	Install dependencies	2026-10-04T14:18:16.0826296Z Collecting akshare>=1.12.0 (from stock-model==0.1.0)
Test (Python 3.12)	Install dependencies	2026-10-04T14:18:16.0841287Z   Using cached akshare-1.19.1-py3-none-any.whl.metadata (14 kB)
Test (Python 3.12)	Install dependencies	2026-10-04T14:18:16.0996377Z Collecting baostock>=0.9.0 (from stock-model==0.1.0)
Test (Python 3.12)	Install dependencies	2026-10-04T14:18:16.1011193Z   Using cached baostock-0.9.4-py3-none-any.whl.metadata (3.5 kB)
Test (Python 3.12)	Install dependencies	2026-10-04T14:18:16.2318928Z Collecting pandas>=2.0.0 (from stock-model==0.1.0)
Test (Python 3.12)	Install dependencies	2026-10-04T14:18:16.2333504Z   Using cached pandas-3.0.6-cp312-cp312-manylinux_2_24_x86_64.manylinux_2_28_x86_64.whl.metadata (79 kB)
Test (Python 3.12)	Install dependencies	2026-10-04T14:18:16.4534703Z Collecting numpy>=1.24.0 (from stock-model==0.1.0)
Test (Python 3.12)	Install dependencies	2026-10-04T14:18:16.4550587Z   Using cached numpy-2.5.3-cp312-cp312-manylinux_2_27_x86_64.manylinux_2_28_x86_64.whl.metadata (6.6 kB)
Test (Python 3.12)	Install dependencies	2026-10-04T14:18:16.4863638Z Collecting plotly>=5.15.0 (from stock-model==0.1.0)
Test (Python 3.12)	Install dependencies	2026-10-04T14:18:16.4878013Z   Using cached plotly-7.1.0-py3-none-any.whl.metadata (8.8 kB)
Test (Python 3.12)	Install dependencies	2026-10-04T14:18:16.6221898Z Collecting matplotlib>=3.7.0 (from stock-model==0.1.0)
Test (Python 3.12)	Install dependencies	2026-10-04T14:18:16.6236624Z   Using cached matplotlib-3.11.2-cp312-cp312-manylinux2014_x86_64.manylinux_2_17_x86_64.whl.metadata (80 kB)
Test (Python 3.12)	Install dependencies	2026-10-04T14:18:16.6558124Z Collecting kaleido>=0.2.1 (from stock-model==0.1.0)
Test (Python 3.12)	Install dependencies	2026-10-04T14:18:16.6570946Z   Using cached kaleido-1.4.0-py3-none-any.whl.metadata (7.5 kB)
Test (Python 3.12)	Install dependencies	2026-10-04T14:18:16.7568150Z Collecting pydantic>=2.0.0 (from stock-model==0.1.0)
Test (Python 3.12)	Install dependencies	2026-10-04T14:18:16.7581597Z   Using cached pydantic-2.13.5-py3-none-any.whl.metadata (110 kB)
Test (Python 3.12)	Install dependencies	2026-10-04T14:18:16.7784725Z Collecting pydantic-settings>=2.0.0 (from stock-model==0.1.0)
Test (Python 3.12)	Install dependencies	2026-10-04T14:18:16.7797908Z   Using cached pydantic_settings-2.15.0-py3-none-any.whl.metadata (3.9 kB)
Test (Python 3.12)	Install dependencies	2026-10-04T14:18:16.8161696Z Collecting pyyaml>=6.0 (from stock-model==0.1.0)
Test (Python 3.12)	Install dependencies	2026-10-04T14:18:16.8176091Z   Using cached pyyaml-6.0.3-cp312-cp312-manylinux2014_x86_64.manylinux_2_17_x86_64.manylinux_2_28_x86_64.whl.metadata (2.4 kB)
Test (Python 3.12)	Install dependencies	2026-10-04T14:18:16.8479433Z Collecting rich>=13.0.0 (from stock-model==0.1.0)
Test (Python 3.12)	Install dependencies	2026-10-04T14:18:16.8493491Z   Using cached rich-15.0.0-py3-none-any.whl.metadata (18 kB)
Test (Python 3.12)	Install dependencies	2026-10-04T14:18:16.8639598Z Collecting loguru>=0.7.0 (from stock-model==0.1.0)
Test (Python 3.12)	Install dependencies	2026-10-04T14:18:16.8651740Z   Using cached loguru-0.7.3-py3-none-any.whl.metadata (22 kB)
Test (Python 3.12)	Install dependencies	2026-10-04T14:18:16.8873146Z Collecting httpx>=0.24.0 (from stock-model==0.1.0)
Test (Python 3.12)	Install dependencies	2026-10-04T14:18:16.8886775Z   Using cached httpx-0.28.1-py3-none-any.whl.metadata (7.1 kB)
Test (Python 3.12)	Install dependencies	2026-10-04T14:18:16.9057290Z Collecting tenacity>=8.2.0 (from stock-model==0.1.0)
Test (Python 3.12)	Install dependencies	2026-10-04T14:18:16.9070821Z   Using cached tenacity-9.1.4-py3-none-any.whl.metadata (1.2 kB)
Test (Python 3.12)	Install dependencies	2026-10-04T14:18:16.9361220Z Collecting pytest>=7.4.0 (from stock-model==0.1.0)
Test (Python 3.12)	Install dependencies	2026-10-04T14:18:16.9374850Z   Using cached pytest-9.1.1-py3-none-any.whl.metadata (7.6 kB)
Test (Python 3.12)	Install dependencies	2026-10-04T14:18:16.9538770Z Collecting pytest-cov>=4.1.0 (from stock-model==0.1.0)
Test (Python 3.12)	Install dependencies	2026-10-04T14:18:16.9551075Z   Using cached pytest_cov-7.1.0-py3-none-any.whl.metadata (32 kB)
Test (Python 3.12)	Install dependencies	2026-10-04T14:18:17.2980713Z Collecting ruff>=0.1.0 (from stock-model==0.1.0)
Test (Python 3.12)	Install dependencies	2026-10-04T14:18:17.2995148Z   Using cached ruff-0.16.10-py3-none-manylinux_2_17_x86_64.manylinux2014_x86_64.whl.metadata (20 kB)
Test (Python 3.12)	Install dependencies	2026-10-04T14:18:17.4076313Z Collecting mypy>=1.5.0 (from stock-model==0.1.0)
Test (Python 3.12)	Install dependencies	2026-10-04T14:18:17.4090823Z   Using cached mypy-2.4.0-cp312-cp312-manylinux2014_x86_64.manylinux_2_17_x86_64.manylinux_2_28_x86_64.whl.metadata (2.4 kB)
Test (Python 3.12)	Install dependencies	2026-10-04T14:18:17.4440097Z Collecting ipython>=8.14.0 (from stock-model==0.1.0)
Test (Python 3.12)	Install dependencies	2026-10-04T14:18:17.4453886Z   Using cached ipython-9.17.1-py3-none-any.whl.metadata (4.6 kB)
Test (Python 3.12)	Install dependencies	2026-10-04T14:18:17.4608322Z Collecting jupyter>=1.0.0 (from stock-model==0.1.0)
Test (Python 3.12)	Install dependencies	2026-10-04T14:18:17.4620779Z   Using cached jupyter-1.1.1-py2.py3-none-any.whl.metadata (2.0 kB)
Test (Python 3.12)	Install dependencies	2026-10-04T14:18:17.5865440Z Collecting scipy>=1.11.0 (from stock-model==0.1.0)
Test (Python 3.12)	Install dependencies	2026-10-04T14:18:17.5879994Z   Using cached scipy-1.18.1-cp312-cp312-manylinux_2_27_x86_64.manylinux_2_28_x86_64.whl.metadata (62 kB)
Test (Python 3.12)	Install dependencies	2026-10-04T14:18:17.6394449Z Collecting beautifulsoup4>=4.9.1 (from akshare>=1.12.0->stock-model==0.1.0)
Test (Python 3.12)	Install dependencies	2026-10-04T14:18:17.6408310Z   Using cached beautifulsoup4-4.15.0-py3-none-any.whl.metadata (3.8 kB)
Test (Python 3.12)	Install dependencies	2026-10-04T14:18:17.8983009Z Collecting lxml>=4.2.1 (from akshare>=1.12.0->stock-model==0.1.0)
Test (Python 3.12)	Install dependencies	2026-10-04T14:18:17.8998183Z   Using cached lxml-6.1.3-cp312-cp312-manylinux_2_26_x86_64.manylinux_2_28_x86_64.whl.metadata (3.3 kB)
Test (Python 3.12)	Install dependencies	2026-10-04T14:18:17.9240566Z Collecting requests>=2.22.0 (from akshare>=1.12.0->stock-model==0.1.0)
Test (Python 3.12)	Install dependencies	2026-10-04T14:18:17.9254797Z   Using cached requests-2.34.2-py3-none-any.whl.metadata (4.8 kB)
Test (Python 3.12)	Install dependencies	2026-10-04T14:18:18.0009757Z Collecting curl_cffi>=0.13.0 (from akshare>=1.12.0->stock-model==0.1.0)
Test (Python 3.12)	Install dependencies	2026-10-04T14:18:18.0024232Z   Using cached curl_cffi-0.16.3-cp310-abi3-manylinux2014_x86_64.manylinux_2_17_x86_64.whl.metadata (17 kB)
Test (Python 3.12)	Install dependencies	2026-10-04T14:18:18.0200263Z Collecting html5lib>=1.0.1 (from akshare>=1.12.0->stock-model==0.1.0)
Test (Python 3.12)	Install dependencies	2026-10-04T14:18:18.0212109Z   Using cached html5lib-1.1-py2.py3-none-any.whl.metadata (16 kB)
Test (Python 3.12)	Install dependencies	2026-10-04T14:18:18.0360477Z Collecting xlrd>=1.2.0 (from akshare>=1.12.0->stock-model==0.1.0)
Test (Python 3.12)	Install dependencies	2026-10-04T14:18:18.0373280Z   Using cached xlrd-2.0.2-py2.py3-none-any.whl.metadata (3.5 kB)
Test (Python 3.12)	Install dependencies	2026-10-04T14:18:18.0600452Z Collecting urllib3>=1.25.8 (from akshare>=1.12.0->stock-model==0.1.0)
Test (Python 3.12)	Install dependencies	2026-10-04T14:18:18.0614728Z   Using cached urllib3-2.8.0-py3-none-any.whl.metadata (7.4 kB)
Test (Python 3.12)	Install dependencies	2026-10-04T14:18:18.0906684Z Collecting tqdm>=4.43.0 (from akshare>=1.12.0->stock-model==0.1.0)
Test (Python 3.12)	Install dependencies	2026-10-04T14:18:18.0920881Z   Using cached tqdm-4.70.1-py3-none-any.whl.metadata (57 kB)
Test (Python 3.12)	Install dependencies	2026-10-04T14:18:18.1140514Z Collecting openpyxl>=3.0.3 (from akshare>=1.12.0->stock-model==0.1.0)
Test (Python 3.12)	Install dependencies	2026-10-04T14:18:18.1153547Z   Using cached openpyxl-3.1.5-py2.py3-none-any.whl.metadata (2.5 kB)
Test (Python 3.12)	Install dependencies	2026-10-04T14:18:18.1285981Z Collecting jsonpath>=0.82 (from akshare>=1.12.0->stock-model==0.1.0)
Test (Python 3.12)	Install dependencies	2026-10-04T14:18:18.1287297Z   Using cached jsonpath-0.82.2-py3-none-any.whl
Test (Python 3.12)	Install dependencies	2026-10-04T14:18:18.1454422Z Collecting tabulate>=0.8.6 (from akshare>=1.12.0->stock-model==0.1.0)
Test (Python 3.12)	Install dependencies	2026-10-04T14:18:18.1467145Z   Using cached tabulate-0.10.0-py3-none-any.whl.metadata (40 kB)
Test (Python 3.12)	Install dependencies	2026-10-04T14:18:18.1663273Z Collecting decorator>=4.4.2 (from akshare>=1.12.0->stock-model==0.1.0)
Test (Python 3.12)	Install dependencies	2026-10-04T14:18:18.1676587Z   Using cached decorator-5.3.1-py3-none-any.whl.metadata (3.9 kB)
Test (Python 3.12)	Install dependencies	2026-10-04T14:18:18.1934345Z Collecting py-mini-racer>=0.6.0 (from akshare>=1.12.0->stock-model==0.1.0)
Test (Python 3.12)	Install dependencies	2026-10-04T14:18:18.1948202Z   Using cached py_mini_racer-0.6.0-py2.py3-none-manylinux1_x86_64.whl.metadata (8.7 kB)
Test (Python 3.12)	Install dependencies	2026-10-04T14:18:18.2088702Z Collecting akracer>=0.0.13 (from akshare>=1.12.0->stock-model==0.1.0)
Test (Python 3.12)	Install dependencies	2026-10-04T14:18:18.2101224Z   Using cached akracer-0.0.14-py3-none-any.whl.metadata (3.3 kB)
Test (Python 3.12)	Install dependencies	2026-10-04T14:18:18.2330203Z Collecting soupsieve>=1.6.1 (from beautifulsoup4>=4.9.1->akshare>=1.12.0->stock-model==0.1.0)
Test (Python 3.12)	Install dependencies	2026-10-04T14:18:18.2343415Z   Using cached soupsieve-2.10-py3-none-any.whl.metadata (4.4 kB)
Test (Python 3.12)	Install dependencies	2026-10-04T14:18:18.2523782Z Collecting typing-extensions>=4.0.0 (from beautifulsoup4>=4.9.1->akshare>=1.12.0->stock-model==0.1.0)
Test (Python 3.12)	Install dependencies	2026-10-04T14:18:18.2536467Z   Using cached typing_extensions-4.16.0-py3-none-any.whl.metadata (3.3 kB)
Test (Python 3.12)	Install dependencies	2026-10-04T14:18:18.3575587Z Collecting cffi>=2.0.0 (from curl_cffi>=0.13.0->akshare>=1.12.0->stock-model==0.1.0)
Test (Python 3.12)	Install dependencies	2026-10-04T14:18:18.3588908Z   Using cached cffi-2.1.1-cp312-cp312-manylinux2014_x86_64.manylinux_2_17_x86_64.whl.metadata (2.5 kB)
Test (Python 3.12)	Install dependencies	2026-10-04T14:18:18.3771250Z Collecting certifi>=2024.2.2 (from curl_cffi>=0.13.0->akshare>=1.12.0->stock-model==0.1.0)
Test (Python 3.12)	Install dependencies	2026-10-04T14:18:18.3783801Z   Using cached certifi-2026.7.22-py3-none-any.whl.metadata (2.5 kB)
Test (Python 3.12)	Install dependencies	2026-10-04T14:18:18.3927314Z Collecting pycparser (from cffi>=2.0.0->curl_cffi>=0.13.0->akshare>=1.12.0->stock-model==0.1.0)
Test (Python 3.12)	Install dependencies	2026-10-04T14:18:18.3939402Z   Using cached pycparser-3.0-py3-none-any.whl.metadata (8.2 kB)
Test (Python 3.12)	Install dependencies	2026-10-04T14:18:18.4095834Z Collecting six>=1.9 (from html5lib>=1.0.1->akshare>=1.12.0->stock-model==0.1.0)
Test (Python 3.12)	Install dependencies	2026-10-04T14:18:18.4108385Z   Using cached six-1.17.0-py2.py3-none-any.whl.metadata (1.7 kB)
Test (Python 3.12)	Install dependencies	2026-10-04T14:18:18.4234945Z Collecting webencodings (from html5lib>=1.0.1->akshare>=1.12.0->stock-model==0.1.0)
Test (Python 3.12)	Install dependencies	2026-10-04T14:18:18.4247455Z   Using cached webencodings-0.6.1-py3-none-any.whl.metadata (3.4 kB)
Test (Python 3.12)	Install dependencies	2026-10-04T14:18:18.4455757Z Collecting anyio (from httpx>=0.24.0->stock-model==0.1.0)
Test (Python 3.12)	Install dependencies	2026-10-04T14:18:18.4469532Z   Using cached anyio-4.15.1-py3-none-any.whl.metadata (4.7 kB)
Test (Python 3.12)	Install dependencies	2026-10-04T14:18:18.4649759Z Collecting httpcore==1.* (from httpx>=0.24.0->stock-model==0.1.0)
Test (Python 3.12)	Install dependencies	2026-10-04T14:18:18.4664570Z   Using cached httpcore-1.0.9-py3-none-any.whl.metadata (21 kB)
Test (Python 3.12)	Install dependencies	2026-10-04T14:18:18.4842942Z Collecting idna (from httpx>=0.24.0->stock-model==0.1.0)
Test (Python 3.12)	Install dependencies	2026-10-04T14:18:18.4856222Z   Using cached idna-3.20-py3-none-any.whl.metadata (7.2 kB)
Test (Python 3.12)	Install dependencies	2026-10-04T14:18:18.4999320Z Collecting h11>=0.16 (from httpcore==1.*->httpx>=0.24.0->stock-model==0.1.0)
Test (Python 3.12)	Install dependencies	2026-10-04T14:18:18.5011788Z   Using cached h11-0.16.0-py3-none-any.whl.metadata (8.3 kB)
Test (Python 3.12)	Install dependencies	2026-10-04T14:18:18.5149040Z Collecting ipython-pygments-lexers>=1.0.0 (from ipython>=8.14.0->stock-model==0.1.0)
Test (Python 3.12)	Install dependencies	2026-10-04T14:18:18.5161471Z   Using cached ipython_pygments_lexers-1.1.1-py3-none-any.whl.metadata (1.1 kB)
Test (Python 3.12)	Install dependencies	2026-10-04T14:18:18.5330837Z Collecting jedi>=0.18.2 (from ipython>=8.14.0->stock-model==0.1.0)
Test (Python 3.12)	Install dependencies	2026-10-04T14:18:18.5344379Z   Using cached jedi-0.20.0-py2.py3-none-any.whl.metadata (23 kB)
Test (Python 3.12)	Install dependencies	2026-10-04T14:18:18.5514871Z Collecting matplotlib-inline>=0.1.6 (from ipython>=8.14.0->stock-model==0.1.0)
Test (Python 3.12)	Install dependencies	2026-10-04T14:18:18.5527466Z   Using cached matplotlib_inline-0.2.2-py3-none-any.whl.metadata (2.4 kB)
Test (Python 3.12)	Install dependencies	2026-10-04T14:18:18.5664566Z Collecting pexpect>4.6 (from ipython>=8.14.0->stock-model==0.1.0)
Test (Python 3.12)	Install dependencies	2026-10-04T14:18:18.5677333Z   Using cached pexpect-4.9.0-py2.py3-none-any.whl.metadata (2.5 kB)
Test (Python 3.12)	Install dependencies	2026-10-04T14:18:18.5945387Z Collecting prompt_toolkit<3.1.0,>=3.0.41 (from ipython>=8.14.0->stock-model==0.1.0)
Test (Python 3.12)	Install dependencies	2026-10-04T14:18:18.5960500Z   Using cached prompt_toolkit-3.0.53-py3-none-any.whl.metadata (6.4 kB)
Test (Python 3.12)	Install dependencies	2026-10-04T14:18:18.6618421Z Collecting psutil>=7 (from ipython>=8.14.0->stock-model==0.1.0)
Test (Python 3.12)	Install dependencies	2026-10-04T14:18:18.6632905Z   Using cached psutil-7.2.2-cp36-abi3-manylinux2010_x86_64.manylinux_2_12_x86_64.manylinux_2_28_x86_64.whl.metadata (22 kB)
Test (Python 3.12)	Install dependencies	2026-10-04T14:18:18.6856922Z Collecting pygments>=2.14.0 (from ipython>=8.14.0->stock-model==0.1.0)
Test (Python 3.12)	Install dependencies	2026-10-04T14:18:18.6870531Z   Using cached pygments-2.21.0-py3-none-any.whl.metadata (2.5 kB)
Test (Python 3.12)	Install dependencies	2026-10-04T14:18:18.7004715Z Collecting stack_data>=0.6.0 (from ipython>=8.14.0->stock-model==0.1.0)
Test (Python 3.12)	Install dependencies	2026-10-04T14:18:18.7016658Z   Using cached stack_data-0.6.3-py3-none-any.whl.metadata (18 kB)
Test (Python 3.12)	Install dependencies	2026-10-04T14:18:18.7197038Z Collecting traitlets>=5.13.0 (from ipython>=8.14.0->stock-model==0.1.0)
Test (Python 3.12)	Install dependencies	2026-10-04T14:18:18.7210089Z   Using cached traitlets-5.16.1-py3-none-any.whl.metadata (10 kB)
Test (Python 3.12)	Install dependencies	2026-10-04T14:18:18.7429169Z Collecting wcwidth>=0.1.4 (from prompt_toolkit<3.1.0,>=3.0.41->ipython>=8.14.0->stock-model==0.1.0)
Test (Python 3.12)	Install dependencies	2026-10-04T14:18:18.7444960Z   Using cached wcwidth-0.9.1-cp310-abi3-manylinux2014_x86_64.manylinux_2_17_x86_64.whl.metadata (23 kB)
Test (Python 3.12)	Install dependencies	2026-10-04T14:18:18.7672220Z Collecting parso<0.9.0,>=0.8.6 (from jedi>=0.18.2->ipython>=8.14.0->stock-model==0.1.0)
Test (Python 3.12)	Install dependencies	2026-10-04T14:18:18.7684770Z   Using cached parso-0.8.7-py2.py3-none-any.whl.metadata (8.2 kB)
Test (Python 3.12)	Install dependencies	2026-10-04T14:18:18.8069040Z Collecting notebook (from jupyter>=1.0.0->stock-model==0.1.0)
Test (Python 3.12)	Install dependencies	2026-10-04T14:18:18.8083354Z   Using cached notebook-7.6.3-py3-none-any.whl.metadata (10 kB)
Test (Python 3.12)	Install dependencies	2026-10-04T14:18:18.8259657Z Collecting jupyter-console (from jupyter>=1.0.0->stock-model==0.1.0)
Test (Python 3.12)	Install dependencies	2026-10-04T14:18:18.8272721Z   Using cached jupyter_console-6.6.3-py3-none-any.whl.metadata (5.8 kB)
Test (Python 3.12)	Install dependencies	2026-10-04T14:18:18.8528646Z Collecting nbconvert (from jupyter>=1.0.0->stock-model==0.1.0)
Test (Python 3.12)	Install dependencies	2026-10-04T14:18:18.8542644Z   Using cached nbconvert-7.17.1-py3-none-any.whl.metadata (8.4 kB)
Test (Python 3.12)	Install dependencies	2026-10-04T14:18:18.9318620Z Collecting ipykernel (from jupyter>=1.0.0->stock-model==0.1.0)
Test (Python 3.12)	Install dependencies	2026-10-04T14:18:18.9333723Z   Using cached ipykernel-7.4.0-py3-none-any.whl.metadata (3.4 kB)
Test (Python 3.12)	Install dependencies	2026-10-04T14:18:18.9715910Z Collecting ipywidgets (from jupyter>=1.0.0->stock-model==0.1.0)
Test (Python 3.12)	Install dependencies	2026-10-04T14:18:18.9730148Z   Using cached ipywidgets-8.1.9-py3-none-any.whl.metadata (2.4 kB)
Test (Python 3.12)	Install dependencies	2026-10-04T14:18:19.0537624Z Collecting jupyterlab (from jupyter>=1.0.0->stock-model==0.1.0)
Test (Python 3.12)	Install dependencies	2026-10-04T14:18:19.0551694Z   Using cached jupyterlab-4.6.4-py3-none-any.whl.metadata (16 kB)
Test (Python 3.12)	Install dependencies	2026-10-04T14:18:19.0761553Z Collecting choreographer>=1.3.0 (from kaleido>=0.2.1->stock-model==0.1.0)
Test (Python 3.12)	Install dependencies	2026-10-04T14:18:19.0775721Z   Using cached choreographer-1.4.0-py3-none-any.whl.metadata (5.5 kB)
Test (Python 3.12)	Install dependencies	2026-10-04T14:18:19.0946177Z Collecting logistro>=1.0.8 (from kaleido>=0.2.1->stock-model==0.1.0)
Test (Python 3.12)	Install dependencies	2026-10-04T14:18:19.0959860Z   Using cached logistro-2.0.1-py3-none-any.whl.metadata (3.9 kB)
Test (Python 3.12)	Install dependencies	2026-10-04T14:18:19.3281233Z Collecting orjson>=3.10.15 (from kaleido>=0.2.1->stock-model==0.1.0)
Test (Python 3.12)	Install dependencies	2026-10-04T14:18:19.3297036Z   Using cached orjson-3.12.0-cp312-cp312-manylinux_2_17_x86_64.manylinux2014_x86_64.whl.metadata (41 kB)
Test (Python 3.12)	Install dependencies	2026-10-04T14:18:19.3423369Z Collecting packaging (from kaleido>=0.2.1->stock-model==0.1.0)
Test (Python 3.12)	Install dependencies	2026-10-04T14:18:19.3437867Z   Using cached packaging-26.3-py3-none-any.whl.metadata (3.5 kB)
Test (Python 3.12)	Install dependencies	2026-10-04T14:18:19.3665055Z Collecting platformdirs>=4.3.6 (from choreographer>=1.3.0->kaleido>=0.2.1->stock-model==0.1.0)
Test (Python 3.12)	Install dependencies	2026-10-04T14:18:19.3679339Z   Using cached platformdirs-4.12.3-py3-none-any.whl.metadata (5.5 kB)
Test (Python 3.12)	Install dependencies	2026-10-04T14:18:19.4623176Z Collecting simplejson>=3.19.3 (from choreographer>=1.3.0->kaleido>=0.2.1->stock-model==0.1.0)
Test (Python 3.12)	Install dependencies	2026-10-04T14:18:19.4637763Z   Using cached simplejson-4.2.0-cp312-cp312-manylinux1_x86_64.manylinux_2_28_x86_64.manylinux_2_5_x86_64.whl.metadata (3.8 kB)
Test (Python 3.12)	Install dependencies	2026-10-04T14:18:19.5299561Z Collecting contourpy>=1.0.1 (from matplotlib>=3.7.0->stock-model==0.1.0)
Test (Python 3.12)	Install dependencies	2026-10-04T14:18:19.5314080Z   Using cached contourpy-1.4.0-cp312-cp312-manylinux_2_27_x86_64.manylinux_2_28_x86_64.whl.metadata (3.8 kB)
Test (Python 3.12)	Install dependencies	2026-10-04T14:18:19.5447611Z Collecting cycler>=0.10 (from matplotlib>=3.7.0->stock-model==0.1.0)
Test (Python 3.12)	Install dependencies	2026-10-04T14:18:19.5461390Z   Using cached cycler-0.12.1-py3-none-any.whl.metadata (3.8 kB)
Test (Python 3.12)	Install dependencies	2026-10-04T14:18:19.7378269Z Collecting fonttools>=4.28.2 (from matplotlib>=3.7.0->stock-model==0.1.0)
Test (Python 3.12)	Install dependencies	2026-10-04T14:18:19.7392796Z   Using cached fonttools-4.66.1-cp312-cp312-manylinux2014_x86_64.manylinux_2_17_x86_64.whl.metadata (130 kB)
Test (Python 3.12)	Install dependencies	2026-10-04T14:18:19.8175342Z Collecting kiwisolver>=1.3.1 (from matplotlib>=3.7.0->stock-model==0.1.0)
Test (Python 3.12)	Install dependencies	2026-10-04T14:18:19.8190355Z   Using cached kiwisolver-1.5.1-cp312-cp312-manylinux2014_x86_64.manylinux_2_17_x86_64.whl.metadata (5.2 kB)
Test (Python 3.12)	Install dependencies	2026-10-04T14:18:19.9824841Z Collecting pillow>=9 (from matplotlib>=3.7.0->stock-model==0.1.0)
Test (Python 3.12)	Install dependencies	2026-10-04T14:18:19.9840329Z   Using cached pillow-12.3.0-cp312-cp312-manylinux_2_27_x86_64.manylinux_2_28_x86_64.whl.metadata (9.1 kB)
Test (Python 3.12)	Install dependencies	2026-10-04T14:18:20.0097120Z Collecting pyparsing>=3 (from matplotlib>=3.7.0->stock-model==0.1.0)
Test (Python 3.12)	Install dependencies	2026-10-04T14:18:20.0110882Z   Using cached pyparsing-3.3.3-py3-none-any.whl.metadata (5.9 kB)
Test (Python 3.12)	Install dependencies	2026-10-04T14:18:20.0258209Z Collecting python-dateutil>=2.7 (from matplotlib>=3.7.0->stock-model==0.1.0)
Test (Python 3.12)	Install dependencies	2026-10-04T14:18:20.0271362Z   Using cached python_dateutil-2.9.0.post0-py2.py3-none-any.whl.metadata (8.4 kB)
Test (Python 3.12)	Install dependencies	2026-10-04T14:18:20.0493189Z Collecting mypy_extensions>=1.0.0 (from mypy>=1.5.0->stock-model==0.1.0)
Test (Python 3.12)	Install dependencies	2026-10-04T14:18:20.0505955Z   Using cached mypy_extensions-1.1.0-py3-none-any.whl.metadata (1.1 kB)
Test (Python 3.12)	Install dependencies	2026-10-04T14:18:20.0649453Z Collecting pathspec>=1.0.0 (from mypy>=1.5.0->stock-model==0.1.0)
Test (Python 3.12)	Install dependencies	2026-10-04T14:18:20.0663122Z   Using cached pathspec-1.1.1-py3-none-any.whl.metadata (14 kB)
Test (Python 3.12)	Install dependencies	2026-10-04T14:18:20.1909954Z Collecting librt>=0.16.0 (from mypy>=1.5.0->stock-model==0.1.0)
Test (Python 3.12)	Install dependencies	2026-10-04T14:18:20.1924454Z   Using cached librt-0.16.0-cp312-cp312-manylinux2014_x86_64.manylinux_2_17_x86_64.manylinux_2_28_x86_64.whl.metadata (1.3 kB)
Test (Python 3.12)	Install dependencies	2026-10-04T14:18:20.2400952Z Collecting ast-serialize<1.0.0,>=0.11.2 (from mypy>=1.5.0->stock-model==0.1.0)
Test (Python 3.12)	Install dependencies	2026-10-04T14:18:20.2414808Z   Using cached ast_serialize-0.12.1-cp39-abi3-manylinux_2_17_x86_64.manylinux2014_x86_64.whl.metadata (1.4 kB)
Test (Python 3.12)	Install dependencies	2026-10-04T14:18:20.2561255Z Collecting et-xmlfile (from openpyxl>=3.0.3->akshare>=1.12.0->stock-model==0.1.0)
Test (Python 3.12)	Install dependencies	2026-10-04T14:18:20.2573556Z   Using cached et_xmlfile-2.0.0-py3-none-any.whl.metadata (2.7 kB)
Test (Python 3.12)	Install dependencies	2026-10-04T14:18:20.2771829Z Collecting ptyprocess>=0.5 (from pexpect>4.6->ipython>=8.14.0->stock-model==0.1.0)
Test (Python 3.12)	Install dependencies	2026-10-04T14:18:20.2784137Z   Using cached ptyprocess-0.7.0-py2.py3-none-any.whl.metadata (1.3 kB)
Test (Python 3.12)	Install dependencies	2026-10-04T14:18:20.3212659Z Collecting narwhals>=1.15.1 (from plotly>=5.15.0->stock-model==0.1.0)
Test (Python 3.12)	Install dependencies	2026-10-04T14:18:20.3213682Z   Using cached narwhals-2.26.0-py3-none-any.whl.metadata (15 kB)
Test (Python 3.12)	Install dependencies	2026-10-04T14:18:20.3451329Z Collecting annotated-types>=0.6.0 (from pydantic>=2.0.0->stock-model==0.1.0)
Test (Python 3.12)	Install dependencies	2026-10-04T14:18:20.3465588Z   Using cached annotated_types-0.8.0-py3-none-any.whl.metadata (15 kB)
Test (Python 3.12)	Install dependencies	2026-10-04T14:18:21.0705005Z Collecting pydantic-core==2.46.5 (from pydantic>=2.0.0->stock-model==0.1.0)
Test (Python 3.12)	Install dependencies	2026-10-04T14:18:21.0720559Z   Using cached pydantic_core-2.46.5-cp312-cp312-manylinux_2_17_x86_64.manylinux2014_x86_64.whl.metadata (6.6 kB)
Test (Python 3.12)	Install dependencies	2026-10-04T14:18:21.0856944Z Collecting typing-inspection>=0.4.2 (from pydantic>=2.0.0->stock-model==0.1.0)
Test (Python 3.12)	Install dependencies	2026-10-04T14:18:21.0870107Z   Using cached typing_inspection-0.4.4-py3-none-any.whl.metadata (2.6 kB)
Test (Python 3.12)	Install dependencies	2026-10-04T14:18:21.1084770Z Collecting python-dotenv>=0.21.0 (from pydantic-settings>=2.0.0->stock-model==0.1.0)
Test (Python 3.12)	Install dependencies	2026-10-04T14:18:21.1097391Z   Using cached python_dotenv-1.2.4-py3-none-any.whl.metadata (29 kB)
Test (Python 3.12)	Install dependencies	2026-10-04T14:18:21.1266911Z Collecting iniconfig>=1.0.1 (from pytest>=7.4.0->stock-model==0.1.0)
Test (Python 3.12)	Install dependencies	2026-10-04T14:18:21.1279729Z   Using cached iniconfig-2.3.0-py3-none-any.whl.metadata (2.5 kB)
Test (Python 3.12)	Install dependencies	2026-10-04T14:18:21.1424158Z Collecting pluggy<2,>=1.5 (from pytest>=7.4.0->stock-model==0.1.0)
Test (Python 3.12)	Install dependencies	2026-10-04T14:18:21.1436970Z   Using cached pluggy-1.6.0-py3-none-any.whl.metadata (4.8 kB)
Test (Python 3.12)	Install dependencies	2026-10-04T14:18:21.5997810Z Collecting coverage>=7.10.6 (from coverage[toml]>=7.10.6->pytest-cov>=4.1.0->stock-model==0.1.0)
Test (Python 3.12)	Install dependencies	2026-10-04T14:18:21.6012264Z   Using cached coverage-7.16.2-cp312-cp312-manylinux1_x86_64.manylinux_2_28_x86_64.manylinux_2_5_x86_64.whl.metadata (8.2 kB)
Test (Python 3.12)	Install dependencies	2026-10-04T14:18:21.7357541Z Collecting charset_normalizer<4,>=2 (from requests>=2.22.0->akshare>=1.12.0->stock-model==0.1.0)
Test (Python 3.12)	Install dependencies	2026-10-04T14:18:21.7372689Z   Using cached charset_normalizer-3.5.2-cp312-cp312-manylinux2014_x86_64.manylinux_2_17_x86_64.manylinux_2_28_x86_64.whl.metadata (46 kB)
Test (Python 3.12)	Install dependencies	2026-10-04T14:18:21.7667640Z Collecting markdown-it-py>=2.2.0 (from rich>=13.0.0->stock-model==0.1.0)
Test (Python 3.12)	Install dependencies	2026-10-04T14:18:21.7680527Z   Using cached markdown_it_py-4.2.0-py3-none-any.whl.metadata (7.4 kB)
Test (Python 3.12)	Install dependencies	2026-10-04T14:18:21.7859216Z Collecting mdurl~=0.1 (from markdown-it-py>=2.2.0->rich>=13.0.0->stock-model==0.1.0)
Test (Python 3.12)	Install dependencies	2026-10-04T14:18:21.7871741Z   Using cached mdurl-0.1.2-py3-none-any.whl.metadata (1.6 kB)
Test (Python 3.12)	Install dependencies	2026-10-04T14:18:21.8102424Z Collecting executing>=1.2.0 (from stack_data>=0.6.0->ipython>=8.14.0->stock-model==0.1.0)
Test (Python 3.12)	Install dependencies	2026-10-04T14:18:21.8115439Z   Using cached executing-2.2.1-py2.py3-none-any.whl.metadata (8.9 kB)
Test (Python 3.12)	Install dependencies	2026-10-04T14:18:21.8275186Z Collecting asttokens>=2.1.0 (from stack_data>=0.6.0->ipython>=8.14.0->stock-model==0.1.0)
Test (Python 3.12)	Install dependencies	2026-10-04T14:18:21.8288259Z   Using cached asttokens-3.0.2-py3-none-any.whl.metadata (5.7 kB)
Test (Python 3.12)	Install dependencies	2026-10-04T14:18:21.8417331Z Collecting pure-eval (from stack_data>=0.6.0->ipython>=8.14.0->stock-model==0.1.0)
Test (Python 3.12)	Install dependencies	2026-10-04T14:18:21.8429504Z   Using cached pure_eval-0.2.4-py3-none-any.whl.metadata (6.4 kB)
Test (Python 3.12)	Install dependencies	2026-10-04T14:18:21.8694085Z Collecting comm>=0.1.1 (from ipykernel->jupyter>=1.0.0->stock-model==0.1.0)
Test (Python 3.12)	Install dependencies	2026-10-04T14:18:21.8706404Z   Using cached comm-0.2.3-py3-none-any.whl.metadata (3.7 kB)
Test (Python 3.12)	Install dependencies	2026-10-04T14:18:21.9547237Z Collecting debugpy>=1.6.5 (from ipykernel->jupyter>=1.0.0->stock-model==0.1.0)
Test (Python 3.12)	Install dependencies	2026-10-04T14:18:21.9562164Z   Using cached debugpy-1.8.22-cp312-cp312-manylinux_2_34_x86_64.whl.metadata (1.4 kB)
Test (Python 3.12)	Install dependencies	2026-10-04T14:18:21.9821018Z Collecting jupyter-client>=8.9.0 (from ipykernel->jupyter>=1.0.0->stock-model==0.1.0)
Test (Python 3.12)	Install dependencies	2026-10-04T14:18:21.9834814Z   Using cached jupyter_client-8.10.0-py3-none-any.whl.metadata (8.5 kB)
Test (Python 3.12)	Install dependencies	2026-10-04T14:18:22.0035379Z Collecting jupyter-core!=6.0.*,>=5.1 (from ipykernel->jupyter>=1.0.0->stock-model==0.1.0)
Test (Python 3.12)	Install dependencies	2026-10-04T14:18:22.0047966Z   Using cached jupyter_core-5.9.1-py3-none-any.whl.metadata (1.5 kB)
Test (Python 3.12)	Install dependencies	2026-10-04T14:18:22.0201156Z Collecting nest-asyncio2>=1.7.0 (from ipykernel->jupyter>=1.0.0->stock-model==0.1.0)
Test (Python 3.12)	Install dependencies	2026-10-04T14:18:22.0213598Z   Using cached nest_asyncio2-1.7.3-py3-none-any.whl.metadata (6.7 kB)
Test (Python 3.12)	Install dependencies	2026-10-04T14:18:22.3108874Z Collecting pyzmq>=25 (from ipykernel->jupyter>=1.0.0->stock-model==0.1.0)
Test (Python 3.12)	Install dependencies	2026-10-04T14:18:22.3122850Z   Using cached pyzmq-27.2.0-cp312-abi3-manylinux_2_26_x86_64.manylinux_2_28_x86_64.whl.metadata (3.8 kB)
Test (Python 3.12)	Install dependencies	2026-10-04T14:18:22.3500426Z Collecting tornado>=6.5.7 (from ipykernel->jupyter>=1.0.0->stock-model==0.1.0)
Test (Python 3.12)	Install dependencies	2026-10-04T14:18:22.3514816Z   Using cached tornado-6.5.10-cp39-abi3-manylinux1_x86_64.manylinux_2_28_x86_64.manylinux_2_5_x86_64.whl.metadata (2.8 kB)
Test (Python 3.12)	Install dependencies	2026-10-04T14:18:22.3956415Z Collecting widgetsnbextension~=4.0.16 (from ipywidgets->jupyter>=1.0.0->stock-model==0.1.0)
Test (Python 3.12)	Install dependencies	2026-10-04T14:18:22.3969807Z   Using cached widgetsnbextension-4.0.16-py3-none-any.whl.metadata (1.6 kB)
Test (Python 3.12)	Install dependencies	2026-10-04T14:18:22.4156198Z Collecting jupyterlab_widgets~=3.0.17 (from ipywidgets->jupyter>=1.0.0->stock-model==0.1.0)
Test (Python 3.12)	Install dependencies	2026-10-04T14:18:22.4170602Z   Using cached jupyterlab_widgets-3.0.17-py3-none-any.whl.metadata (20 kB)
Test (Python 3.12)	Install dependencies	2026-10-04T14:18:22.4490403Z Collecting async-lru>=1.0.0 (from jupyterlab->jupyter>=1.0.0->stock-model==0.1.0)
Test (Python 3.12)	Install dependencies	2026-10-04T14:18:22.4502379Z   Using cached async_lru-2.3.0-py3-none-any.whl.metadata (7.6 kB)
Test (Python 3.12)	Install dependencies	2026-10-04T14:18:22.4705259Z Collecting jinja2>=3.0.3 (from jupyterlab->jupyter>=1.0.0->stock-model==0.1.0)
Test (Python 3.12)	Install dependencies	2026-10-04T14:18:22.4717587Z   Using cached jinja2-3.1.6-py3-none-any.whl.metadata (2.9 kB)
Test (Python 3.12)	Install dependencies	2026-10-04T14:18:22.4869260Z Collecting jupyter-builder>=1.0.2 (from jupyterlab->jupyter>=1.0.0->stock-model==0.1.0)
Test (Python 3.12)	Install dependencies	2026-10-04T14:18:22.4881870Z   Using cached jupyter_builder-1.2.3-py3-none-any.whl.metadata (7.8 kB)
Test (Python 3.12)	Install dependencies	2026-10-04T14:18:22.5048703Z Collecting jupyter-lsp>=2.0.0 (from jupyterlab->jupyter>=1.0.0->stock-model==0.1.0)
Test (Python 3.12)	Install dependencies	2026-10-04T14:18:22.5061266Z   Using cached jupyter_lsp-2.3.1-py3-none-any.whl.metadata (1.8 kB)
Test (Python 3.12)	Install dependencies	2026-10-04T14:18:22.5313153Z Collecting jupyter-server<3,>=2.19.0 (from jupyterlab->jupyter>=1.0.0->stock-model==0.1.0)
Test (Python 3.12)	Install dependencies	2026-10-04T14:18:22.5328300Z   Using cached jupyter_server-2.21.1-py3-none-any.whl.metadata (8.5 kB)
Test (Python 3.12)	Install dependencies	2026-10-04T14:18:22.5590184Z Collecting jupyterlab-server<3,>=2.28.0 (from jupyterlab->jupyter>=1.0.0->stock-model==0.1.0)
Test (Python 3.12)	Install dependencies	2026-10-04T14:18:22.5603589Z   Using cached jupyterlab_server-2.28.1-py3-none-any.whl.metadata (5.8 kB)
Test (Python 3.12)	Install dependencies	2026-10-04T14:18:22.5748618Z Collecting notebook-shim>=0.2 (from jupyterlab->jupyter>=1.0.0->stock-model==0.1.0)
Test (Python 3.12)	Install dependencies	2026-10-04T14:18:22.5761187Z   Using cached notebook_shim-0.2.4-py3-none-any.whl.metadata (4.0 kB)
Test (Python 3.12)	Install dependencies	2026-10-04T14:18:22.6036656Z Collecting argon2-cffi>=21.1 (from jupyter-server<3,>=2.19.0->jupyterlab->jupyter>=1.0.0->stock-model==0.1.0)
Test (Python 3.12)	Install dependencies	2026-10-04T14:18:22.6048765Z   Using cached argon2_cffi-25.1.0-py3-none-any.whl.metadata (4.1 kB)
Test (Python 3.12)	Install dependencies	2026-10-04T14:18:22.6186501Z Collecting jupyter-events>=0.11.0 (from jupyter-server<3,>=2.19.0->jupyterlab->jupyter>=1.0.0->stock-model==0.1.0)
Test (Python 3.12)	Install dependencies	2026-10-04T14:18:22.6198645Z   Using cached jupyter_events-0.12.1-py3-none-any.whl.metadata (5.8 kB)
Test (Python 3.12)	Install dependencies	2026-10-04T14:18:22.6334581Z Collecting jupyter-server-terminals>=0.4.4 (from jupyter-server<3,>=2.19.0->jupyterlab->jupyter>=1.0.0->stock-model==0.1.0)
Test (Python 3.12)	Install dependencies	2026-10-04T14:18:22.6346387Z   Using cached jupyter_server_terminals-0.5.4-py3-none-any.whl.metadata (5.9 kB)
Test (Python 3.12)	Install dependencies	2026-10-04T14:18:22.6549012Z Collecting nbformat>=5.3.0 (from jupyter-server<3,>=2.19.0->jupyterlab->jupyter>=1.0.0->stock-model==0.1.0)
Test (Python 3.12)	Install dependencies	2026-10-04T14:18:22.6561182Z   Using cached nbformat-5.11.1-py3-none-any.whl.metadata (3.7 kB)
Test (Python 3.12)	Install dependencies	2026-10-04T14:18:22.6727327Z Collecting prometheus-client>=0.9 (from jupyter-server<3,>=2.19.0->jupyterlab->jupyter>=1.0.0->stock-model==0.1.0)
Test (Python 3.12)	Install dependencies	2026-10-04T14:18:22.6739252Z   Using cached prometheus_client-0.26.0-py3-none-any.whl.metadata (2.1 kB)
Test (Python 3.12)	Install dependencies	2026-10-04T14:18:22.6905479Z Collecting send2trash>=1.8.2 (from jupyter-server<3,>=2.19.0->jupyterlab->jupyter>=1.0.0->stock-model==0.1.0)
Test (Python 3.12)	Install dependencies	2026-10-04T14:18:22.6917557Z   Using cached send2trash-2.1.0-py3-none-any.whl.metadata (4.1 kB)
Test (Python 3.12)	Install dependencies	2026-10-04T14:18:22.7069201Z Collecting terminado>=0.8.3 (from jupyter-server<3,>=2.19.0->jupyterlab->jupyter>=1.0.0->stock-model==0.1.0)
Test (Python 3.12)	Install dependencies	2026-10-04T14:18:22.7081821Z   Using cached terminado-0.18.1-py3-none-any.whl.metadata (5.8 kB)
Test (Python 3.12)	Install dependencies	2026-10-04T14:18:22.7300534Z Collecting websocket-client>=1.7 (from jupyter-server<3,>=2.19.0->jupyterlab->jupyter>=1.0.0->stock-model==0.1.0)
Test (Python 3.12)	Install dependencies	2026-10-04T14:18:22.7313338Z   Using cached websocket_client-1.9.2-py3-none-any.whl.metadata (8.3 kB)
Test (Python 3.12)	Install dependencies	2026-10-04T14:18:22.7486933Z Collecting babel>=2.10 (from jupyterlab-server<3,>=2.28.0->jupyterlab->jupyter>=1.0.0->stock-model==0.1.0)
Test (Python 3.12)	Install dependencies	2026-10-04T14:18:22.7498995Z   Using cached babel-2.18.0-py3-none-any.whl.metadata (2.2 kB)
Test (Python 3.12)	Install dependencies	2026-10-04T14:18:22.7675499Z Collecting json5>=0.9.0 (from jupyterlab-server<3,>=2.28.0->jupyterlab->jupyter>=1.0.0->stock-model==0.1.0)
Test (Python 3.12)	Install dependencies	2026-10-04T14:18:22.7687795Z   Using cached json5-0.15.0-py3-none-any.whl.metadata (37 kB)
Test (Python 3.12)	Install dependencies	2026-10-04T14:18:22.7936278Z Collecting jsonschema>=4.18.0 (from jupyterlab-server<3,>=2.28.0->jupyterlab->jupyter>=1.0.0->stock-model==0.1.0)
Test (Python 3.12)	Install dependencies	2026-10-04T14:18:22.7949246Z   Using cached jsonschema-4.26.0-py3-none-any.whl.metadata (7.6 kB)
Test (Python 3.12)	Install dependencies	2026-10-04T14:18:22.8180589Z Collecting argon2-cffi-bindings (from argon2-cffi>=21.1->jupyter-server<3,>=2.19.0->jupyterlab->jupyter>=1.0.0->stock-model==0.1.0)
Test (Python 3.12)	Install dependencies	2026-10-04T14:18:22.8193626Z   Using cached argon2_cffi_bindings-26.1.0-cp310-abi3-manylinux_2_26_x86_64.manylinux_2_28_x86_64.whl.metadata (7.5 kB)
Test (Python 3.12)	Install dependencies	2026-10-04T14:18:22.8788772Z Collecting MarkupSafe>=2.0 (from jinja2>=3.0.3->jupyterlab->jupyter>=1.0.0->stock-model==0.1.0)
Test (Python 3.12)	Install dependencies	2026-10-04T14:18:22.8803817Z   Using cached markupsafe-3.0.4-cp312-cp312-manylinux2014_x86_64.manylinux_2_17_x86_64.manylinux_2_28_x86_64.whl.metadata (2.7 kB)
Test (Python 3.12)	Install dependencies	2026-10-04T14:18:22.8987788Z Collecting attrs>=22.2.0 (from jsonschema>=4.18.0->jupyterlab-server<3,>=2.28.0->jupyterlab->jupyter>=1.0.0->stock-model==0.1.0)
Test (Python 3.12)	Install dependencies	2026-10-04T14:18:22.9000688Z   Using cached attrs-26.1.0-py3-none-any.whl.metadata (8.8 kB)
Test (Python 3.12)	Install dependencies	2026-10-04T14:18:22.9153908Z Collecting jsonschema-specifications>=2023.03.6 (from jsonschema>=4.18.0->jupyterlab-server<3,>=2.28.0->jupyterlab->jupyter>=1.0.0->stock-model==0.1.0)
Test (Python 3.12)	Install dependencies	2026-10-04T14:18:22.9168400Z   Using cached jsonschema_specifications-2025.9.1-py3-none-any.whl.metadata (2.9 kB)
Test (Python 3.12)	Install dependencies	2026-10-04T14:18:22.9400139Z Collecting referencing>=0.28.4 (from jsonschema>=4.18.0->jupyterlab-server<3,>=2.28.0->jupyterlab->jupyter>=1.0.0->stock-model==0.1.0)
Test (Python 3.12)	Install dependencies	2026-10-04T14:18:22.9414001Z   Using cached referencing-0.37.0-py3-none-any.whl.metadata (2.8 kB)
Test (Python 3.12)	Install dependencies	2026-10-04T14:18:23.1815148Z Collecting rpds-py>=0.25.0 (from jsonschema>=4.18.0->jupyterlab-server<3,>=2.28.0->jupyterlab->jupyter>=1.0.0->stock-model==0.1.0)
Test (Python 3.12)	Install dependencies	2026-10-04T14:18:23.1829538Z   Using cached rpds_py-2026.6.3-cp312-cp312-manylinux_2_17_x86_64.manylinux2014_x86_64.whl.metadata (4.1 kB)
Test (Python 3.12)	Install dependencies	2026-10-04T14:18:23.2050790Z Collecting python-json-logger>=2.0.4 (from jupyter-events>=0.11.0->jupyter-server<3,>=2.19.0->jupyterlab->jupyter>=1.0.0->stock-model==0.1.0)
Test (Python 3.12)	Install dependencies	2026-10-04T14:18:23.2064368Z   Using cached python_json_logger-4.2.0-py3-none-any.whl.metadata (2.9 kB)
Test (Python 3.12)	Install dependencies	2026-10-04T14:18:23.2209218Z Collecting rfc3339-validator (from jupyter-events>=0.11.0->jupyter-server<3,>=2.19.0->jupyterlab->jupyter>=1.0.0->stock-model==0.1.0)
Test (Python 3.12)	Install dependencies	2026-10-04T14:18:23.2222797Z   Using cached rfc3339_validator-0.1.4-py2.py3-none-any.whl.metadata (1.5 kB)
Test (Python 3.12)	Install dependencies	2026-10-04T14:18:23.2353493Z Collecting rfc3986-validator>=0.1.1 (from jupyter-events>=0.11.0->jupyter-server<3,>=2.19.0->jupyterlab->jupyter>=1.0.0->stock-model==0.1.0)
Test (Python 3.12)	Install dependencies	2026-10-04T14:18:23.2368330Z   Using cached rfc3986_validator-0.1.1-py2.py3-none-any.whl.metadata (1.7 kB)
Test (Python 3.12)	Install dependencies	2026-10-04T14:18:23.2571182Z Collecting fqdn (from jsonschema[format-nongpl]>=4.18.0->jupyter-events>=0.11.0->jupyter-server<3,>=2.19.0->jupyterlab->jupyter>=1.0.0->stock-model==0.1.0)
Test (Python 3.12)	Install dependencies	2026-10-04T14:18:23.2585569Z   Using cached fqdn-1.6.0-py3-none-any.whl.metadata (9.4 kB)
Test (Python 3.12)	Install dependencies	2026-10-04T14:18:23.2720809Z Collecting isoduration (from jsonschema[format-nongpl]>=4.18.0->jupyter-events>=0.11.0->jupyter-server<3,>=2.19.0->jupyterlab->jupyter>=1.0.0->stock-model==0.1.0)
Test (Python 3.12)	Install dependencies	2026-10-04T14:18:23.2734468Z   Using cached isoduration-20.11.0-py3-none-any.whl.metadata (5.7 kB)
Test (Python 3.12)	Install dependencies	2026-10-04T14:18:23.2887597Z Collecting jsonpointer>1.13 (from jsonschema[format-nongpl]>=4.18.0->jupyter-events>=0.11.0->jupyter-server<3,>=2.19.0->jupyterlab->jupyter>=1.0.0->stock-model==0.1.0)
Test (Python 3.12)	Install dependencies	2026-10-04T14:18:23.2900054Z   Using cached jsonpointer-3.1.1-py3-none-any.whl.metadata (2.4 kB)
Test (Python 3.12)	Install dependencies	2026-10-04T14:18:23.3029239Z Collecting rfc3987-syntax>=1.1.0 (from jsonschema[format-nongpl]>=4.18.0->jupyter-events>=0.11.0->jupyter-server<3,>=2.19.0->jupyterlab->jupyter>=1.0.0->stock-model==0.1.0)
Test (Python 3.12)	Install dependencies	2026-10-04T14:18:23.3041534Z   Using cached rfc3987_syntax-1.1.0-py3-none-any.whl.metadata (7.7 kB)
Test (Python 3.12)	Install dependencies	2026-10-04T14:18:23.3174963Z Collecting uri-template (from jsonschema[format-nongpl]>=4.18.0->jupyter-events>=0.11.0->jupyter-server<3,>=2.19.0->jupyterlab->jupyter>=1.0.0->stock-model==0.1.0)
Test (Python 3.12)	Install dependencies	2026-10-04T14:18:23.3187060Z   Using cached uri_template-1.3.0-py3-none-any.whl.metadata (8.8 kB)
Test (Python 3.12)	Install dependencies	2026-10-04T14:18:23.3345281Z Collecting webcolors>=24.6.0 (from jsonschema[format-nongpl]>=4.18.0->jupyter-events>=0.11.0->jupyter-server<3,>=2.19.0->jupyterlab->jupyter>=1.0.0->stock-model==0.1.0)
Test (Python 3.12)	Install dependencies	2026-10-04T14:18:23.3358251Z   Using cached webcolors-25.10.0-py3-none-any.whl.metadata (2.2 kB)
Test (Python 3.12)	Install dependencies	2026-10-04T14:18:23.3609019Z Collecting bleach!=5.0.0 (from bleach[css]!=5.0.0->nbconvert->jupyter>=1.0.0->stock-model==0.1.0)
Test (Python 3.12)	Install dependencies	2026-10-04T14:18:23.3622169Z   Using cached bleach-6.4.0-py3-none-any.whl.metadata (32 kB)
Test (Python 3.12)	Install dependencies	2026-10-04T14:18:23.3783607Z Collecting defusedxml (from nbconvert->jupyter>=1.0.0->stock-model==0.1.0)
Test (Python 3.12)	Install dependencies	2026-10-04T14:18:23.3796900Z   Using cached defusedxml-0.7.1-py2.py3-none-any.whl.metadata (32 kB)
Test (Python 3.12)	Install dependencies	2026-10-04T14:18:23.3966042Z Collecting jupyterlab-pygments (from nbconvert->jupyter>=1.0.0->stock-model==0.1.0)
Test (Python 3.12)	Install dependencies	2026-10-04T14:18:23.3978659Z   Using cached jupyterlab_pygments-0.3.0-py3-none-any.whl.metadata (4.4 kB)
Test (Python 3.12)	Install dependencies	2026-10-04T14:18:23.4161634Z Collecting mistune<4,>=2.0.3 (from nbconvert->jupyter>=1.0.0->stock-model==0.1.0)
Test (Python 3.12)	Install dependencies	2026-10-04T14:18:23.4174477Z   Using cached mistune-3.3.4-py3-none-any.whl.metadata (1.9 kB)
Test (Python 3.12)	Install dependencies	2026-10-04T14:18:23.4341427Z Collecting nbclient>=0.5.0 (from nbconvert->jupyter>=1.0.0->stock-model==0.1.0)
Test (Python 3.12)	Install dependencies	2026-10-04T14:18:23.4355242Z   Using cached nbclient-0.11.0-py3-none-any.whl.metadata (7.3 kB)
Test (Python 3.12)	Install dependencies	2026-10-04T14:18:23.4515537Z Collecting pandocfilters>=1.4.1 (from nbconvert->jupyter>=1.0.0->stock-model==0.1.0)
Test (Python 3.12)	Install dependencies	2026-10-04T14:18:23.4527884Z   Using cached pandocfilters-1.5.1-py2.py3-none-any.whl.metadata (9.0 kB)
Test (Python 3.12)	Install dependencies	2026-10-04T14:18:23.4736189Z Collecting tinycss2>=1.1.0 (from bleach[css]!=5.0.0->nbconvert->jupyter>=1.0.0->stock-model==0.1.0)
Test (Python 3.12)	Install dependencies	2026-10-04T14:18:23.4749358Z   Using cached tinycss2-1.5.1-py3-none-any.whl.metadata (3.0 kB)
Test (Python 3.12)	Install dependencies	2026-10-04T14:18:23.5053210Z Collecting fastjsonschema>=2.15 (from nbformat>=5.3.0->jupyter-server<3,>=2.19.0->jupyterlab->jupyter>=1.0.0->stock-model==0.1.0)
Test (Python 3.12)	Install dependencies	2026-10-04T14:18:23.5066191Z   Using cached fastjsonschema-2.22.2-py3-none-any.whl.metadata (2.1 kB)
Test (Python 3.12)	Install dependencies	2026-10-04T14:18:23.5357823Z Collecting lark>=1.2.2 (from rfc3987-syntax>=1.1.0->jsonschema[format-nongpl]>=4.18.0->jupyter-events>=0.11.0->jupyter-server<3,>=2.19.0->jupyterlab->jupyter>=1.0.0->stock-model==0.1.0)
Test (Python 3.12)	Install dependencies	2026-10-04T14:18:23.5376701Z   Using cached lark-1.3.1-py3-none-any.whl.metadata (1.8 kB)
Test (Python 3.12)	Install dependencies	2026-10-04T14:18:23.5776403Z Collecting arrow>=0.15.0 (from isoduration->jsonschema[format-nongpl]>=4.18.0->jupyter-events>=0.11.0->jupyter-server<3,>=2.19.0->jupyterlab->jupyter>=1.0.0->stock-model==0.1.0)
Test (Python 3.12)	Install dependencies	2026-10-04T14:18:23.5790565Z   Using cached arrow-1.4.0-py3-none-any.whl.metadata (7.7 kB)
Test (Python 3.12)	Install dependencies	2026-10-04T14:18:23.5991901Z Collecting tzdata (from arrow>=0.15.0->isoduration->jsonschema[format-nongpl]>=4.18.0->jupyter-events>=0.11.0->jupyter-server<3,>=2.19.0->jupyterlab->jupyter>=1.0.0->stock-model==0.1.0)
Test (Python 3.12)	Install dependencies	2026-10-04T14:18:23.6006304Z   Using cached tzdata-2026.5-py2.py3-none-any.whl.metadata (1.4 kB)
Test (Python 3.12)	Install dependencies	2026-10-04T14:18:23.6220065Z Using cached akshare-1.19.1-py3-none-any.whl (1.3 MB)
Test (Python 3.12)	Install dependencies	2026-10-04T14:18:23.6238034Z Using cached akracer-0.0.14-py3-none-any.whl (10.1 MB)
Test (Python 3.12)	Install dependencies	2026-10-04T14:18:23.6287756Z Using cached baostock-0.9.4-py3-none-any.whl (52 kB)
Test (Python 3.12)	Install dependencies	2026-10-04T14:18:23.6299619Z Using cached beautifulsoup4-4.15.0-py3-none-any.whl (109 kB)
Test (Python 3.12)	Install dependencies	2026-10-04T14:18:23.6312135Z Using cached curl_cffi-0.16.3-cp310-abi3-manylinux2014_x86_64.manylinux_2_17_x86_64.whl (13.5 MB)
Test (Python 3.12)	Install dependencies	2026-10-04T14:18:23.6375837Z Using cached certifi-2026.7.22-py3-none-any.whl (136 kB)
Test (Python 3.12)	Install dependencies	2026-10-04T14:18:23.6388663Z Using cached cffi-2.1.1-cp312-cp312-manylinux2014_x86_64.manylinux_2_17_x86_64.whl (221 kB)
Test (Python 3.12)	Install dependencies	2026-10-04T14:18:23.6401111Z Using cached decorator-5.3.1-py3-none-any.whl (10 kB)
Test (Python 3.12)	Install dependencies	2026-10-04T14:18:23.6412765Z Using cached html5lib-1.1-py2.py3-none-any.whl (112 kB)
Test (Python 3.12)	Install dependencies	2026-10-04T14:18:23.6424774Z Using cached httpx-0.28.1-py3-none-any.whl (73 kB)
Test (Python 3.12)	Install dependencies	2026-10-04T14:18:23.6436627Z Using cached httpcore-1.0.9-py3-none-any.whl (78 kB)
Test (Python 3.12)	Install dependencies	2026-10-04T14:18:23.6448404Z Using cached h11-0.16.0-py3-none-any.whl (37 kB)
Test (Python 3.12)	Install dependencies	2026-10-04T14:18:23.6460789Z Using cached ipython-9.17.1-py3-none-any.whl (639 kB)
Test (Python 3.12)	Install dependencies	2026-10-04T14:18:23.6475871Z Using cached prompt_toolkit-3.0.53-py3-none-any.whl (392 kB)
Test (Python 3.12)	Install dependencies	2026-10-04T14:18:23.6489036Z Using cached ipython_pygments_lexers-1.1.1-py3-none-any.whl (8.1 kB)
Test (Python 3.12)	Install dependencies	2026-10-04T14:18:23.6501292Z Using cached jedi-0.20.0-py2.py3-none-any.whl (4.9 MB)
Test (Python 3.12)	Install dependencies	2026-10-04T14:18:23.6532787Z Using cached parso-0.8.7-py2.py3-none-any.whl (107 kB)
Test (Python 3.12)	Install dependencies	2026-10-04T14:18:23.6545194Z Using cached jupyter-1.1.1-py2.py3-none-any.whl (2.7 kB)
Test (Python 3.12)	Install dependencies	2026-10-04T14:18:23.6557316Z Using cached kaleido-1.4.0-py3-none-any.whl (56 kB)
Test (Python 3.12)	Install dependencies	2026-10-04T14:18:23.6587884Z Using cached choreographer-1.4.0-py3-none-any.whl (57 kB)
Test (Python 3.12)	Install dependencies	2026-10-04T14:18:23.6588727Z Using cached logistro-2.0.1-py3-none-any.whl (8.6 kB)
Test (Python 3.12)	Install dependencies	2026-10-04T14:18:23.6594292Z Using cached loguru-0.7.3-py3-none-any.whl (61 kB)
Test (Python 3.12)	Install dependencies	2026-10-04T14:18:23.6606431Z Using cached lxml-6.1.3-cp312-cp312-manylinux_2_26_x86_64.manylinux_2_28_x86_64.whl (5.2 MB)
Test (Python 3.12)	Install dependencies	2026-10-04T14:18:23.6639988Z Using cached matplotlib-3.11.2-cp312-cp312-manylinux2014_x86_64.manylinux_2_17_x86_64.whl (9.9 MB)
Test (Python 3.12)	Install dependencies	2026-10-04T14:18:23.6689967Z Using cached contourpy-1.4.0-cp312-cp312-manylinux_2_27_x86_64.manylinux_2_28_x86_64.whl (383 kB)
Test (Python 3.12)	Install dependencies	2026-10-04T14:18:23.6702553Z Using cached cycler-0.12.1-py3-none-any.whl (8.3 kB)
Test (Python 3.12)	Install dependencies	2026-10-04T14:18:23.6714687Z Using cached fonttools-4.66.1-cp312-cp312-manylinux2014_x86_64.manylinux_2_17_x86_64.whl (5.4 MB)
Test (Python 3.12)	Install dependencies	2026-10-04T14:18:23.6747278Z Using cached kiwisolver-1.5.1-cp312-cp312-manylinux2014_x86_64.manylinux_2_17_x86_64.whl (1.5 MB)
Test (Python 3.12)	Install dependencies	2026-10-04T14:18:23.6763944Z Using cached matplotlib_inline-0.2.2-py3-none-any.whl (9.5 kB)
Test (Python 3.12)	Install dependencies	2026-10-04T14:18:23.6775703Z Using cached mypy-2.4.0-cp312-cp312-manylinux2014_x86_64.manylinux_2_17_x86_64.manylinux_2_28_x86_64.whl (15.6 MB)
Test (Python 3.12)	Install dependencies	2026-10-04T14:18:23.6846163Z Using cached ast_serialize-0.12.1-cp39-abi3-manylinux_2_17_x86_64.manylinux2014_x86_64.whl (1.3 MB)
Test (Python 3.12)	Install dependencies	2026-10-04T14:18:23.6863359Z Using cached librt-0.16.0-cp312-cp312-manylinux2014_x86_64.manylinux_2_17_x86_64.manylinux_2_28_x86_64.whl (531 kB)
Test (Python 3.12)	Install dependencies	2026-10-04T14:18:23.6876846Z Using cached mypy_extensions-1.1.0-py3-none-any.whl (5.0 kB)
Test (Python 3.12)	Install dependencies	2026-10-04T14:18:23.6889419Z Using cached numpy-2.5.3-cp312-cp312-manylinux_2_27_x86_64.manylinux_2_28_x86_64.whl (16.7 MB)
Test (Python 3.12)	Install dependencies	2026-10-04T14:18:23.6966219Z Using cached openpyxl-3.1.5-py2.py3-none-any.whl (250 kB)
Test (Python 3.12)	Install dependencies	2026-10-04T14:18:23.6978317Z Using cached orjson-3.12.0-cp312-cp312-manylinux_2_17_x86_64.manylinux2014_x86_64.whl (131 kB)
Test (Python 3.12)	Install dependencies	2026-10-04T14:18:23.6989853Z Using cached packaging-26.3-py3-none-any.whl (129 kB)
Test (Python 3.12)	Install dependencies	2026-10-04T14:18:23.7002043Z Using cached pandas-3.0.6-cp312-cp312-manylinux_2_24_x86_64.manylinux_2_28_x86_64.whl (10.8 MB)
Test (Python 3.12)	Install dependencies	2026-10-04T14:18:23.7056908Z Using cached pathspec-1.1.1-py3-none-any.whl (57 kB)
Test (Python 3.12)	Install dependencies	2026-10-04T14:18:23.7075277Z Using cached pexpect-4.9.0-py2.py3-none-any.whl (63 kB)
Test (Python 3.12)	Install dependencies	2026-10-04T14:18:23.7087642Z Using cached pillow-12.3.0-cp312-cp312-manylinux_2_27_x86_64.manylinux_2_28_x86_64.whl (6.9 MB)
Test (Python 3.12)	Install dependencies	2026-10-04T14:18:23.7126320Z Using cached platformdirs-4.12.3-py3-none-any.whl (32 kB)
Test (Python 3.12)	Install dependencies	2026-10-04T14:18:23.7138059Z Using cached plotly-7.1.0-py3-none-any.whl (9.7 MB)
Test (Python 3.12)	Install dependencies	2026-10-04T14:18:23.7190485Z Using cached narwhals-2.26.0-py3-none-any.whl (474 kB)
Test (Python 3.12)	Install dependencies	2026-10-04T14:18:23.7204540Z Using cached psutil-7.2.2-cp36-abi3-manylinux2010_x86_64.manylinux_2_12_x86_64.manylinux_2_28_x86_64.whl (155 kB)
Test (Python 3.12)	Install dependencies	2026-10-04T14:18:23.7216256Z Using cached ptyprocess-0.7.0-py2.py3-none-any.whl (13 kB)
Test (Python 3.12)	Install dependencies	2026-10-04T14:18:23.7227912Z Using cached py_mini_racer-0.6.0-py2.py3-none-manylinux1_x86_64.whl (5.4 MB)
Test (Python 3.12)	Install dependencies	2026-10-04T14:18:23.7260445Z Using cached pydantic-2.13.5-py3-none-any.whl (472 kB)
Test (Python 3.12)	Install dependencies	2026-10-04T14:18:23.7274454Z Using cached pydantic_core-2.46.5-cp312-cp312-manylinux_2_17_x86_64.manylinux2014_x86_64.whl (2.1 MB)
Test (Python 3.12)	Install dependencies	2026-10-04T14:18:23.7293458Z Using cached annotated_types-0.8.0-py3-none-any.whl (13 kB)
Test (Python 3.12)	Install dependencies	2026-10-04T14:18:23.7305354Z Using cached pydantic_settings-2.15.0-py3-none-any.whl (69 kB)
Test (Python 3.12)	Install dependencies	2026-10-04T14:18:23.7317039Z Using cached pygments-2.21.0-py3-none-any.whl (1.3 MB)
Test (Python 3.12)	Install dependencies	2026-10-04T14:18:23.7332927Z Using cached pyparsing-3.3.3-py3-none-any.whl (126 kB)
Test (Python 3.12)	Install dependencies	2026-10-04T14:18:23.7345078Z Using cached pytest-9.1.1-py3-none-any.whl (386 kB)
Test (Python 3.12)	Install dependencies	2026-10-04T14:18:23.7357656Z Using cached pluggy-1.6.0-py3-none-any.whl (20 kB)
Test (Python 3.12)	Install dependencies	2026-10-04T14:18:23.7369087Z Using cached iniconfig-2.3.0-py3-none-any.whl (7.5 kB)
Test (Python 3.12)	Install dependencies	2026-10-04T14:18:23.7385531Z Using cached pytest_cov-7.1.0-py3-none-any.whl (22 kB)
Test (Python 3.12)	Install dependencies	2026-10-04T14:18:23.7400351Z Using cached coverage-7.16.2-cp312-cp312-manylinux1_x86_64.manylinux_2_28_x86_64.manylinux_2_5_x86_64.whl (258 kB)
Test (Python 3.12)	Install dependencies	2026-10-04T14:18:23.7413742Z Using cached python_dateutil-2.9.0.post0-py2.py3-none-any.whl (229 kB)
Test (Python 3.12)	Install dependencies	2026-10-04T14:18:23.7426798Z Using cached python_dotenv-1.2.4-py3-none-any.whl (23 kB)
Test (Python 3.12)	Install dependencies	2026-10-04T14:18:23.7438957Z Using cached pyyaml-6.0.3-cp312-cp312-manylinux2014_x86_64.manylinux_2_17_x86_64.manylinux_2_28_x86_64.whl (807 kB)
Test (Python 3.12)	Install dependencies	2026-10-04T14:18:23.7453415Z Using cached requests-2.34.2-py3-none-any.whl (73 kB)
Test (Python 3.12)	Install dependencies	2026-10-04T14:18:23.7465901Z Using cached charset_normalizer-3.5.2-cp312-cp312-manylinux2014_x86_64.manylinux_2_17_x86_64.manylinux_2_28_x86_64.whl (257 kB)
Test (Python 3.12)	Install dependencies	2026-10-04T14:18:23.7478142Z Using cached idna-3.20-py3-none-any.whl (69 kB)
Test (Python 3.12)	Install dependencies	2026-10-04T14:18:23.7489903Z Using cached urllib3-2.8.0-py3-none-any.whl (135 kB)
Test (Python 3.12)	Install dependencies	2026-10-04T14:18:23.7501762Z Using cached rich-15.0.0-py3-none-any.whl (310 kB)
Test (Python 3.12)	Install dependencies	2026-10-04T14:18:23.7514865Z Using cached markdown_it_py-4.2.0-py3-none-any.whl (91 kB)
Test (Python 3.12)	Install dependencies	2026-10-04T14:18:23.7526788Z Using cached mdurl-0.1.2-py3-none-any.whl (10.0 kB)
Test (Python 3.12)	Install dependencies	2026-10-04T14:18:23.7538855Z Using cached ruff-0.16.10-py3-none-manylinux_2_17_x86_64.manylinux2014_x86_64.whl (10.4 MB)
Test (Python 3.12)	Install dependencies	2026-10-04T14:18:23.7589728Z Using cached scipy-1.18.1-cp312-cp312-manylinux_2_27_x86_64.manylinux_2_28_x86_64.whl (35.3 MB)
Test (Python 3.12)	Install dependencies	2026-10-04T14:18:23.7729085Z Using cached simplejson-4.2.0-cp312-cp312-manylinux1_x86_64.manylinux_2_28_x86_64.manylinux_2_5_x86_64.whl (198 kB)
Test (Python 3.12)	Install dependencies	2026-10-04T14:18:23.7741139Z Using cached six-1.17.0-py2.py3-none-any.whl (11 kB)
Test (Python 3.12)	Install dependencies	2026-10-04T14:18:23.7753203Z Using cached soupsieve-2.10-py3-none-any.whl (38 kB)
Test (Python 3.12)	Install dependencies	2026-10-04T14:18:23.7764844Z Using cached stack_data-0.6.3-py3-none-any.whl (24 kB)
Test (Python 3.12)	Install dependencies	2026-10-04T14:18:23.7777086Z Using cached asttokens-3.0.2-py3-none-any.whl (28 kB)
Test (Python 3.12)	Install dependencies	2026-10-04T14:18:23.7789271Z Using cached executing-2.2.1-py2.py3-none-any.whl (28 kB)
Test (Python 3.12)	Install dependencies	2026-10-04T14:18:23.7800884Z Using cached tabulate-0.10.0-py3-none-any.whl (39 kB)
Test (Python 3.12)	Install dependencies	2026-10-04T14:18:23.7812426Z Using cached tenacity-9.1.4-py3-none-any.whl (28 kB)
Test (Python 3.12)	Install dependencies	2026-10-04T14:18:23.7824053Z Using cached tqdm-4.70.1-py3-none-any.whl (80 kB)
Test (Python 3.12)	Install dependencies	2026-10-04T14:18:23.7835661Z Using cached traitlets-5.16.1-py3-none-any.whl (86 kB)
Test (Python 3.12)	Install dependencies	2026-10-04T14:18:23.7847355Z Using cached typing_extensions-4.16.0-py3-none-any.whl (45 kB)
Test (Python 3.12)	Install dependencies	2026-10-04T14:18:23.7859045Z Using cached typing_inspection-0.4.4-py3-none-any.whl (14 kB)
Test (Python 3.12)	Install dependencies	2026-10-04T14:18:23.7871380Z Using cached wcwidth-0.9.1-cp310-abi3-manylinux2014_x86_64.manylinux_2_17_x86_64.whl (768 kB)
Test (Python 3.12)	Install dependencies	2026-10-04T14:18:23.7886437Z Using cached xlrd-2.0.2-py2.py3-none-any.whl (96 kB)
Test (Python 3.12)	Install dependencies	2026-10-04T14:18:23.7898272Z Using cached anyio-4.15.1-py3-none-any.whl (132 kB)
Test (Python 3.12)	Install dependencies	2026-10-04T14:18:23.7910627Z Using cached et_xmlfile-2.0.0-py3-none-any.whl (18 kB)
Test (Python 3.12)	Install dependencies	2026-10-04T14:18:23.7922049Z Using cached ipykernel-7.4.0-py3-none-any.whl (123 kB)
Test (Python 3.12)	Install dependencies	2026-10-04T14:18:23.7934190Z Using cached comm-0.2.3-py3-none-any.whl (7.3 kB)
Test (Python 3.12)	Install dependencies	2026-10-04T14:18:23.7945897Z Using cached debugpy-1.8.22-cp312-cp312-manylinux_2_34_x86_64.whl (4.0 MB)
Test (Python 3.12)	Install dependencies	2026-10-04T14:18:23.7972553Z Using cached jupyter_client-8.10.0-py3-none-any.whl (110 kB)
Test (Python 3.12)	Install dependencies	2026-10-04T14:18:23.7984957Z Using cached jupyter_core-5.9.1-py3-none-any.whl (29 kB)
Test (Python 3.12)	Install dependencies	2026-10-04T14:18:23.7996442Z Using cached nest_asyncio2-1.7.3-py3-none-any.whl (8.4 kB)
Test (Python 3.12)	Install dependencies	2026-10-04T14:18:23.8008086Z Using cached pyzmq-27.2.0-cp312-abi3-manylinux_2_26_x86_64.manylinux_2_28_x86_64.whl (872 kB)
Test (Python 3.12)	Install dependencies	2026-10-04T14:18:23.8022658Z Using cached tornado-6.5.10-cp39-abi3-manylinux1_x86_64.manylinux_2_28_x86_64.manylinux_2_5_x86_64.whl (467 kB)
Test (Python 3.12)	Install dependencies	2026-10-04T14:18:23.8035820Z Using cached ipywidgets-8.1.9-py3-none-any.whl (140 kB)
Test (Python 3.12)	Install dependencies	2026-10-04T14:18:23.8047739Z Using cached jupyterlab_widgets-3.0.17-py3-none-any.whl (217 kB)
Test (Python 3.12)	Install dependencies	2026-10-04T14:18:23.8059900Z Using cached widgetsnbextension-4.0.16-py3-none-any.whl (2.2 MB)
Test (Python 3.12)	Install dependencies	2026-10-04T14:18:23.8079536Z Using cached jupyter_console-6.6.3-py3-none-any.whl (24 kB)
Test (Python 3.12)	Install dependencies	2026-10-04T14:18:23.8091066Z Using cached jupyterlab-4.6.4-py3-none-any.whl (17.2 MB)
Test (Python 3.12)	Install dependencies	2026-10-04T14:18:23.8167976Z Using cached jupyter_server-2.21.1-py3-none-any.whl (394 kB)
Test (Python 3.12)	Install dependencies	2026-10-04T14:18:23.8181119Z Using cached jupyterlab_server-2.28.1-py3-none-any.whl (60 kB)
Test (Python 3.12)	Install dependencies	2026-10-04T14:18:23.8192900Z Using cached argon2_cffi-25.1.0-py3-none-any.whl (14 kB)
Test (Python 3.12)	Install dependencies	2026-10-04T14:18:23.8204649Z Using cached async_lru-2.3.0-py3-none-any.whl (8.4 kB)
Test (Python 3.12)	Install dependencies	2026-10-04T14:18:23.8215988Z Using cached babel-2.18.0-py3-none-any.whl (10.2 MB)
Test (Python 3.12)	Install dependencies	2026-10-04T14:18:23.8267476Z Using cached jinja2-3.1.6-py3-none-any.whl (134 kB)
Test (Python 3.12)	Install dependencies	2026-10-04T14:18:23.8279308Z Using cached json5-0.15.0-py3-none-any.whl (36 kB)
Test (Python 3.12)	Install dependencies	2026-10-04T14:18:23.8290924Z Using cached jsonschema-4.26.0-py3-none-any.whl (90 kB)
Test (Python 3.12)	Install dependencies	2026-10-04T14:18:23.8302827Z Using cached attrs-26.1.0-py3-none-any.whl (67 kB)
Test (Python 3.12)	Install dependencies	2026-10-04T14:18:23.8314705Z Using cached jsonschema_specifications-2025.9.1-py3-none-any.whl (18 kB)
Test (Python 3.12)	Install dependencies	2026-10-04T14:18:23.8326117Z Using cached jupyter_builder-1.2.3-py3-none-any.whl (947 kB)
Test (Python 3.12)	Install dependencies	2026-10-04T14:18:23.8340978Z Using cached jupyter_events-0.12.1-py3-none-any.whl (19 kB)
Test (Python 3.12)	Install dependencies	2026-10-04T14:18:23.8352746Z Using cached jsonpointer-3.1.1-py3-none-any.whl (7.7 kB)
Test (Python 3.12)	Install dependencies	2026-10-04T14:18:23.8364226Z Using cached jupyter_lsp-2.3.1-py3-none-any.whl (77 kB)
Test (Python 3.12)	Install dependencies	2026-10-04T14:18:23.8376011Z Using cached jupyter_server_terminals-0.5.4-py3-none-any.whl (13 kB)
Test (Python 3.12)	Install dependencies	2026-10-04T14:18:23.8388000Z Using cached markupsafe-3.0.4-cp312-cp312-manylinux2014_x86_64.manylinux_2_17_x86_64.manylinux_2_28_x86_64.whl (22 kB)
Test (Python 3.12)	Install dependencies	2026-10-04T14:18:23.8399220Z Using cached nbconvert-7.17.1-py3-none-any.whl (261 kB)
Test (Python 3.12)	Install dependencies	2026-10-04T14:18:23.8411789Z Using cached mistune-3.3.4-py3-none-any.whl (66 kB)
Test (Python 3.12)	Install dependencies	2026-10-04T14:18:23.8423925Z Using cached bleach-6.4.0-py3-none-any.whl (165 kB)
Test (Python 3.12)	Install dependencies	2026-10-04T14:18:23.8436058Z Using cached nbclient-0.11.0-py3-none-any.whl (25 kB)
Test (Python 3.12)	Install dependencies	2026-10-04T14:18:23.8447585Z Using cached nbformat-5.11.1-py3-none-any.whl (79 kB)
Test (Python 3.12)	Install dependencies	2026-10-04T14:18:23.8459854Z Using cached fastjsonschema-2.22.2-py3-none-any.whl (27 kB)
Test (Python 3.12)	Install dependencies	2026-10-04T14:18:23.8471440Z Using cached notebook_shim-0.2.4-py3-none-any.whl (13 kB)
Test (Python 3.12)	Install dependencies	2026-10-04T14:18:23.8483993Z Using cached pandocfilters-1.5.1-py2.py3-none-any.whl (8.7 kB)
Test (Python 3.12)	Install dependencies	2026-10-04T14:18:23.8495823Z Using cached prometheus_client-0.26.0-py3-none-any.whl (64 kB)
Test (Python 3.12)	Install dependencies	2026-10-04T14:18:23.8507581Z Using cached python_json_logger-4.2.0-py3-none-any.whl (14 kB)
Test (Python 3.12)	Install dependencies	2026-10-04T14:18:23.8518981Z Using cached referencing-0.37.0-py3-none-any.whl (26 kB)
Test (Python 3.12)	Install dependencies	2026-10-04T14:18:23.8530505Z Using cached rfc3986_validator-0.1.1-py2.py3-none-any.whl (4.2 kB)
Test (Python 3.12)	Install dependencies	2026-10-04T14:18:23.8541961Z Using cached rfc3987_syntax-1.1.0-py3-none-any.whl (8.0 kB)
Test (Python 3.12)	Install dependencies	2026-10-04T14:18:23.8553750Z Using cached lark-1.3.1-py3-none-any.whl (113 kB)
Test (Python 3.12)	Install dependencies	2026-10-04T14:18:23.8565892Z Using cached rpds_py-2026.6.3-cp312-cp312-manylinux_2_17_x86_64.manylinux2014_x86_64.whl (366 kB)
Test (Python 3.12)	Install dependencies	2026-10-04T14:18:23.8578694Z Using cached send2trash-2.1.0-py3-none-any.whl (17 kB)
Test (Python 3.12)	Install dependencies	2026-10-04T14:18:23.8590114Z Using cached terminado-0.18.1-py3-none-any.whl (14 kB)
Test (Python 3.12)	Install dependencies	2026-10-04T14:18:23.8601866Z Using cached tinycss2-1.5.1-py3-none-any.whl (28 kB)
Test (Python 3.12)	Install dependencies	2026-10-04T14:18:23.8613540Z Using cached webcolors-25.10.0-py3-none-any.whl (14 kB)
Test (Python 3.12)	Install dependencies	2026-10-04T14:18:23.8624999Z Using cached webencodings-0.6.1-py3-none-any.whl (8.7 kB)
Test (Python 3.12)	Install dependencies	2026-10-04T14:18:23.8636690Z Using cached websocket_client-1.9.2-py3-none-any.whl (95 kB)
Test (Python 3.12)	Install dependencies	2026-10-04T14:18:23.8650514Z Using cached argon2_cffi_bindings-26.1.0-cp310-abi3-manylinux_2_26_x86_64.manylinux_2_28_x86_64.whl (26 kB)
Test (Python 3.12)	Install dependencies	2026-10-04T14:18:23.8661825Z Using cached defusedxml-0.7.1-py2.py3-none-any.whl (25 kB)
Test (Python 3.12)	Install dependencies	2026-10-04T14:18:23.8673544Z Using cached fqdn-1.6.0-py3-none-any.whl (12 kB)
Test (Python 3.12)	Install dependencies	2026-10-04T14:18:23.8684995Z Using cached isoduration-20.11.0-py3-none-any.whl (11 kB)
Test (Python 3.12)	Install dependencies	2026-10-04T14:18:23.8696533Z Using cached arrow-1.4.0-py3-none-any.whl (68 kB)
Test (Python 3.12)	Install dependencies	2026-10-04T14:18:23.8708648Z Using cached jupyterlab_pygments-0.3.0-py3-none-any.whl (15 kB)
Test (Python 3.12)	Install dependencies	2026-10-04T14:18:23.8720155Z Using cached notebook-7.6.3-py3-none-any.whl (5.5 MB)
Test (Python 3.12)	Install dependencies	2026-10-04T14:18:23.8754292Z Using cached pure_eval-0.2.4-py3-none-any.whl (11 kB)
Test (Python 3.12)	Install dependencies	2026-10-04T14:18:23.8765827Z Using cached pycparser-3.0-py3-none-any.whl (48 kB)
Test (Python 3.12)	Install dependencies	2026-10-04T14:18:23.8777781Z Using cached rfc3339_validator-0.1.4-py2.py3-none-any.whl (3.5 kB)
Test (Python 3.12)	Install dependencies	2026-10-04T14:18:23.8789170Z Using cached tzdata-2026.5-py2.py3-none-any.whl (347 kB)
Test (Python 3.12)	Install dependencies	2026-10-04T14:18:23.8801828Z Using cached uri_template-1.3.0-py3-none-any.whl (11 kB)
Test (Python 3.12)	Install dependencies	2026-10-04T14:18:24.6277615Z Building wheels for collected packages: stock-model
Test (Python 3.12)	Install dependencies	2026-10-04T14:18:24.6286408Z   Building editable for stock-model (pyproject.toml): started
Test (Python 3.12)	Install dependencies	2026-10-04T14:18:24.8653154Z   Building editable for stock-model (pyproject.toml): finished with status 'done'
Test (Python 3.12)	Install dependencies	2026-10-04T14:18:24.8660176Z   Created wheel for stock-model: filename=stock_model-0.1.0-0.editable-py3-none-any.whl size=6088 sha256=6ac7ae7b71d72d9d2d918ced6e6c6618b35a524c634faa1bae869748e0df19dc
Test (Python 3.12)	Install dependencies	2026-10-04T14:18:24.8662350Z   Stored in directory: /tmp/pip-ephem-wheel-cache-fv4jws0_/wheels/97/e5/05/29e7c006df540cbfc4b8c938e3e16cd3d0b65c43c989eddf0d
Test (Python 3.12)	Install dependencies	2026-10-04T14:18:24.8688777Z Successfully built stock-model
Test (Python 3.12)	Install dependencies	2026-10-04T14:18:25.2249988Z Installing collected packages: py-mini-racer, pure-eval, ptyprocess, jsonpath, xlrd, widgetsnbextension, websocket-client, webencodings, webcolors, wcwidth, urllib3, uri-template, tzdata, typing-extensions, traitlets, tqdm, tornado, tenacity, tabulate, soupsieve, six, simplejson, send2trash, ruff, rpds-py, rfc3986-validator, pyzmq, pyyaml, python-json-logger, python-dotenv, pyparsing, pygments, pycparser, psutil, prometheus-client, pluggy, platformdirs, pillow, pexpect, pathspec, parso, pandocfilters, packaging, orjson, numpy, nest-asyncio2, narwhals, mypy_extensions, mistune, mdurl, MarkupSafe, lxml, loguru, logistro, librt, lark, kiwisolver, jupyterlab_widgets, jupyterlab-pygments, jsonpointer, json5, iniconfig, idna, h11, fqdn, fonttools, fastjsonschema, executing, et-xmlfile, defusedxml, decorator, debugpy, cycler, coverage, comm, charset_normalizer, certifi, babel, attrs, async-lru, asttokens, ast-serialize, annotated-types, akracer, typing-inspection, tinycss2, terminado, stack_data, scipy, rfc3987-syntax, rfc3339-validator, requests, referencing, python-dateutil, pytest, pydantic-core, prompt_toolkit, plotly, openpyxl, mypy, matplotlib-inline, markdown-it-py, jupyter-core, jinja2, jedi, ipython-pygments-lexers, httpcore, html5lib, contourpy, choreographer, cffi, bleach, beautifulsoup4, anyio, rich, pytest-cov, pydantic, pandas, matplotlib, kaleido, jupyter-server-terminals, jupyter-client, jupyter-builder, jsonschema-specifications, ipython, httpx, curl_cffi, arrow, argon2-cffi-bindings, pydantic-settings, jsonschema, isoduration, ipywidgets, ipykernel, baostock, argon2-cffi, akshare, stock-model, nbformat, jupyter-console, nbclient, jupyter-events, nbconvert, jupyter-server, notebook-shim, jupyterlab-server, jupyter-lsp, jupyterlab, notebook, jupyter
Test (Python 3.12)	Install dependencies	2026-10-04T14:18:56.1255810Z 
Test (Python 3.12)	Install dependencies	2026-10-04T14:18:56.1379404Z Successfully installed MarkupSafe-3.0.4 akracer-0.0.14 akshare-1.19.1 annotated-types-0.8.0 anyio-4.15.1 argon2-cffi-25.1.0 argon2-cffi-bindings-26.1.0 arrow-1.4.0 ast-serialize-0.12.1 asttokens-3.0.2 async-lru-2.3.0 attrs-26.1.0 babel-2.18.0 baostock-0.9.4 beautifulsoup4-4.15.0 bleach-6.4.0 certifi-2026.7.22 cffi-2.1.1 charset_normalizer-3.5.2 choreographer-1.4.0 comm-0.2.3 contourpy-1.4.0 coverage-7.16.2 curl_cffi-0.16.3 cycler-0.12.1 debugpy-1.8.22 decorator-5.3.1 defusedxml-0.7.1 et-xmlfile-2.0.0 executing-2.2.1 fastjsonschema-2.22.2 fonttools-4.66.1 fqdn-1.6.0 h11-0.16.0 html5lib-1.1 httpcore-1.0.9 httpx-0.28.1 idna-3.20 iniconfig-2.3.0 ipykernel-7.4.0 ipython-9.17.1 ipython-pygments-lexers-1.1.1 ipywidgets-8.1.9 isoduration-20.11.0 jedi-0.20.0 jinja2-3.1.6 json5-0.15.0 jsonpath-0.82.2 jsonpointer-3.1.1 jsonschema-4.26.0 jsonschema-specifications-2025.9.1 jupyter-1.1.1 jupyter-builder-1.2.3 jupyter-client-8.10.0 jupyter-console-6.6.3 jupyter-core-5.9.1 jupyter-events-0.12.1 jupyter-lsp-2.3.1 jupyter-server-2.21.1 jupyter-server-terminals-0.5.4 jupyterlab-4.6.4 jupyterlab-pygments-0.3.0 jupyterlab-server-2.28.1 jupyterlab_widgets-3.0.17 kaleido-1.4.0 kiwisolver-1.5.1 lark-1.3.1 librt-0.16.0 logistro-2.0.1 loguru-0.7.3 lxml-6.1.3 markdown-it-py-4.2.0 matplotlib-3.11.2 matplotlib-inline-0.2.2 mdurl-0.1.2 mistune-3.3.4 mypy-2.4.0 mypy_extensions-1.1.0 narwhals-2.26.0 nbclient-0.11.0 nbconvert-7.17.1 nbformat-5.11.1 nest-asyncio2-1.7.3 notebook-7.6.3 notebook-shim-0.2.4 numpy-2.5.3 openpyxl-3.1.5 orjson-3.12.0 packaging-26.3 pandas-3.0.6 pandocfilters-1.5.1 parso-0.8.7 pathspec-1.1.1 pexpect-4.9.0 pillow-12.3.0 platformdirs-4.12.3 plotly-7.1.0 pluggy-1.6.0 prometheus-client-0.26.0 prompt_toolkit-3.0.53 psutil-7.2.2 ptyprocess-0.7.0 pure-eval-0.2.4 py-mini-racer-0.6.0 pycparser-3.0 pydantic-2.13.5 pydantic-core-2.46.5 pydantic-settings-2.15.0 pygments-2.21.0 pyparsing-3.3.3 pytest-9.1.1 pytest-cov-7.1.0 python-dateutil-2.9.0.post0 python-dotenv-1.2.4 python-json-logger-4.2.0 pyyaml-6.0.3 pyzmq-27.2.0 referencing-0.37.0 requests-2.34.2 rfc3339-validator-0.1.4 rfc3986-validator-0.1.1 rfc3987-syntax-1.1.0 rich-15.0.0 rpds-py-2026.6.3 ruff-0.16.10 scipy-1.18.1 send2trash-2.1.0 simplejson-4.2.0 six-1.17.0 soupsieve-2.10 stack_data-0.6.3 stock-model-0.1.0 tabulate-0.10.0 tenacity-9.1.4 terminado-0.18.1 tinycss2-1.5.1 tornado-6.5.10 tqdm-4.70.1 traitlets-5.16.1 typing-extensions-4.16.0 typing-inspection-0.4.4 tzdata-2026.5 uri-template-1.3.0 urllib3-2.8.0 wcwidth-0.9.1 webcolors-25.10.0 webencodings-0.6.1 websocket-client-1.9.2 widgetsnbextension-4.0.16 xlrd-2.0.2
Test (Python 3.12)	Install dependencies	2026-10-04T14:18:57.1928531Z Collecting pandas-ta
Test (Python 3.12)	Install dependencies	2026-10-04T14:18:57.1944941Z   Using cached pandas_ta-0.4.71b0-py3-none-any.whl.metadata (2.3 kB)
Test (Python 3.12)	Install dependencies	2026-10-04T14:18:57.2957552Z Collecting numba==0.61.2 (from pandas-ta)
Test (Python 3.12)	Install dependencies	2026-10-04T14:18:57.2973379Z   Using cached numba-0.61.2-cp312-cp312-manylinux2014_x86_64.manylinux_2_17_x86_64.whl.metadata (2.8 kB)
Test (Python 3.12)	Install dependencies	2026-10-04T14:18:57.2995481Z Requirement already satisfied: numpy>=2.2.6 in /opt/hostedtoolcache/Python/3.12.14/x64/lib/python3.12/site-packages (from pandas-ta) (2.5.3)
Test (Python 3.12)	Install dependencies	2026-10-04T14:18:57.3001592Z Requirement already satisfied: pandas>=2.3.2 in /opt/hostedtoolcache/Python/3.12.14/x64/lib/python3.12/site-packages (from pandas-ta) (3.0.6)
Test (Python 3.12)	Install dependencies	2026-10-04T14:18:57.3007160Z Requirement already satisfied: tqdm>=4.67.1 in /opt/hostedtoolcache/Python/3.12.14/x64/lib/python3.12/site-packages (from pandas-ta) (4.70.1)
Test (Python 3.12)	Install dependencies	2026-10-04T14:18:57.3634833Z Collecting llvmlite<0.45,>=0.44.0dev0 (from numba==0.61.2->pandas-ta)
Test (Python 3.12)	Install dependencies	2026-10-04T14:18:57.3650116Z   Using cached llvmlite-0.44.0-cp312-cp312-manylinux_2_17_x86_64.manylinux2014_x86_64.whl.metadata (5.0 kB)
Test (Python 3.12)	Install dependencies	2026-10-04T14:18:57.5448992Z Collecting numpy>=2.2.6 (from pandas-ta)
Test (Python 3.12)	Install dependencies	2026-10-04T14:18:57.5464238Z   Using cached numpy-2.2.6-cp312-cp312-manylinux_2_17_x86_64.manylinux2014_x86_64.whl.metadata (62 kB)
Test (Python 3.12)	Install dependencies	2026-10-04T14:18:57.5648611Z Requirement already satisfied: python-dateutil>=2.8.2 in /opt/hostedtoolcache/Python/3.12.14/x64/lib/python3.12/site-packages (from pandas>=2.3.2->pandas-ta) (2.9.0.post0)
Test (Python 3.12)	Install dependencies	2026-10-04T14:18:57.5715367Z Requirement already satisfied: six>=1.5 in /opt/hostedtoolcache/Python/3.12.14/x64/lib/python3.12/site-packages (from python-dateutil>=2.8.2->pandas>=2.3.2->pandas-ta) (1.17.0)
Test (Python 3.12)	Install dependencies	2026-10-04T14:18:57.5757311Z Using cached pandas_ta-0.4.71b0-py3-none-any.whl (240 kB)
Test (Python 3.12)	Install dependencies	2026-10-04T14:18:57.5773367Z Using cached numba-0.61.2-cp312-cp312-manylinux2014_x86_64.manylinux_2_17_x86_64.whl (3.9 MB)
Test (Python 3.12)	Install dependencies	2026-10-04T14:18:57.5805171Z Using cached llvmlite-0.44.0-cp312-cp312-manylinux_2_17_x86_64.manylinux2014_x86_64.whl (42.4 MB)
Test (Python 3.12)	Install dependencies	2026-10-04T14:18:57.5977008Z Using cached numpy-2.2.6-cp312-cp312-manylinux_2_17_x86_64.manylinux2014_x86_64.whl (16.5 MB)
Test (Python 3.12)	Install dependencies	2026-10-04T14:18:57.8463290Z Installing collected packages: numpy, llvmlite, numba, pandas-ta
Test (Python 3.12)	Install dependencies	2026-10-04T14:18:57.8470524Z   Attempting uninstall: numpy
Test (Python 3.12)	Install dependencies	2026-10-04T14:18:57.8508291Z     Found existing installation: numpy 2.5.3
Test (Python 3.12)	Install dependencies	2026-10-04T14:18:57.8966556Z     Uninstalling numpy-2.5.3:
Test (Python 3.12)	Install dependencies	2026-10-04T14:18:57.9061453Z       Successfully uninstalled numpy-2.5.3
Test (Python 3.12)	Install dependencies	2026-10-04T14:19:03.5699837Z 
Test (Python 3.12)	Install dependencies	2026-10-04T14:19:03.5802620Z Successfully installed llvmlite-0.44.0 numba-0.61.2 numpy-2.2.6 pandas-ta-0.4.71b0
Test (Python 3.12)	Install dependencies	2026-10-04T14:19:10.5153424Z Collecting ta-lib
Test (Python 3.12)	Install dependencies	2026-10-04T14:19:10.5169287Z   Using cached ta_lib-0.8.1-cp312-cp312-manylinux2014_x86_64.manylinux_2_17_x86_64.manylinux_2_28_x86_64.whl.metadata (26 kB)
Test (Python 3.12)	Install dependencies	2026-10-04T14:19:10.5209505Z Requirement already satisfied: numpy in /opt/hostedtoolcache/Python/3.12.14/x64/lib/python3.12/site-packages (from ta-lib) (2.2.6)
Test (Python 3.12)	Install dependencies	2026-10-04T14:19:10.5254506Z Using cached ta_lib-0.8.1-cp312-cp312-manylinux2014_x86_64.manylinux_2_17_x86_64.manylinux_2_28_x86_64.whl (3.7 MB)
Test (Python 3.12)	Install dependencies	2026-10-04T14:19:10.7038185Z Installing collected packages: ta-lib
Test (Python 3.12)	Install dependencies	2026-10-04T14:19:10.7826532Z Successfully installed ta-lib-0.8.1
Test (Python 3.12)	Run tests	﻿2026-10-04T14:19:10.8608952Z ##[group]Run pytest tests/ -v --tb=short --cov=stock_model --cov-report=xml --cov-report=term-missing
Test (Python 3.12)	Run tests	2026-10-04T14:19:10.8609711Z ^[[36;1mpytest tests/ -v --tb=short --cov=stock_model --cov-report=xml --cov-report=term-missing^[[0m
Test (Python 3.12)	Run tests	2026-10-04T14:19:10.8677790Z shell: /usr/bin/bash -e {0}
Test (Python 3.12)	Run tests	2026-10-04T14:19:10.8678088Z env:
Test (Python 3.12)	Run tests	2026-10-04T14:19:10.8678369Z   pythonLocation: /opt/hostedtoolcache/Python/3.12.14/x64
Test (Python 3.12)	Run tests	2026-10-04T14:19:10.8678829Z   PKG_CONFIG_PATH: /opt/hostedtoolcache/Python/3.12.14/x64/lib/pkgconfig
Test (Python 3.12)	Run tests	2026-10-04T14:19:10.8679510Z   Python_ROOT_DIR: /opt/hostedtoolcache/Python/3.12.14/x64
Test (Python 3.12)	Run tests	2026-10-04T14:19:10.8679895Z   Python2_ROOT_DIR: /opt/hostedtoolcache/Python/3.12.14/x64
Test (Python 3.12)	Run tests	2026-10-04T14:19:10.8680279Z   Python3_ROOT_DIR: /opt/hostedtoolcache/Python/3.12.14/x64
Test (Python 3.12)	Run tests	2026-10-04T14:19:10.8680692Z   LD_LIBRARY_PATH: /opt/hostedtoolcache/Python/3.12.14/x64/lib
Test (Python 3.12)	Run tests	2026-10-04T14:19:10.8681021Z ##[endgroup]
Test (Python 3.12)	Run tests	2026-10-04T14:19:11.9081435Z ============================= test session starts ==============================
Test (Python 3.12)	Run tests	2026-10-04T14:19:11.9083206Z platform linux -- Python 3.12.14, pytest-9.1.1, pluggy-1.6.0 -- /opt/hostedtoolcache/Python/3.12.14/x64/bin/python
Test (Python 3.12)	Run tests	2026-10-04T14:19:11.9084297Z cachedir: .pytest_cache
Test (Python 3.12)	Run tests	2026-10-04T14:19:11.9084886Z rootdir: /home/runner/work/stock-model/stock-model
Test (Python 3.12)	Run tests	2026-10-04T14:19:11.9085565Z configfile: pyproject.toml
Test (Python 3.12)	Run tests	2026-10-04T14:19:11.9086148Z plugins: platformdirs-4.12.3, cov-7.1.0, anyio-4.15.1
Test (Python 3.12)	Run tests	2026-10-04T14:19:15.3135597Z collecting ... collected 263 items
Test (Python 3.12)	Run tests	2026-10-04T14:19:15.3136050Z 
Test (Python 3.12)	Run tests	2026-10-04T14:19:15.3169703Z tests/test_batch2.py::TestAutoDataCollector::test_add_watchlist PASSED   [  0%]
Test (Python 3.12)	Run tests	2026-10-04T14:19:15.3187713Z tests/test_batch2.py::TestAutoDataCollector::test_add_watchlist_no_duplicate PASSED [  0%]
Test (Python 3.12)	Run tests	2026-10-04T14:19:15.3206314Z tests/test_batch2.py::TestAutoDataCollector::test_remove_watchlist PASSED [  1%]
Test (Python 3.12)	Run tests	2026-10-04T14:19:15.3242327Z tests/test_batch2.py::TestAutoDataCollector::test_collect_now_success PASSED [  1%]
Test (Python 3.12)	Run tests	2026-10-04T14:19:15.3263083Z tests/test_batch2.py::TestAutoDataCollector::test_collect_now_error PASSED [  1%]
Test (Python 3.12)	Run tests	2026-10-04T14:19:15.3292717Z tests/test_batch2.py::TestAutoDataCollector::test_collect_now_callback PASSED [  2%]
Test (Python 3.12)	Run tests	2026-10-04T14:19:15.3308864Z tests/test_batch2.py::TestAutoDataCollector::test_stats PASSED           [  2%]
Test (Python 3.12)	Run tests	2026-10-04T14:19:15.3325067Z tests/test_batch2.py::TestAutoDataCollector::test_is_running_default PASSED [  3%]
Test (Python 3.12)	Run tests	2026-10-04T14:19:15.3412821Z tests/test_batch2.py::TestDataQualityMonitor::test_good_data PASSED      [  3%]
Test (Python 3.12)	Run tests	2026-10-04T14:19:15.3428912Z tests/test_batch2.py::TestDataQualityMonitor::test_empty_data PASSED     [  3%]
Test (Python 3.12)	Run tests	2026-10-04T14:19:15.3442036Z tests/test_batch2.py::TestDataQualityMonitor::test_none_data PASSED      [  4%]
Test (Python 3.12)	Run tests	2026-10-04T14:19:15.3518505Z tests/test_batch2.py::TestDataQualityMonitor::test_missing_values PASSED [  4%]
Test (Python 3.12)	Run tests	2026-10-04T14:19:15.3550446Z tests/test_batch2.py::TestDataQualityMonitor::test_missing_close_column PASSED [  4%]
Test (Python 3.12)	Run tests	2026-10-04T14:19:15.3591560Z tests/test_batch2.py::TestDataQualityMonitor::test_stale_data PASSED     [  5%]
Test (Python 3.12)	Run tests	2026-10-04T14:19:15.3657222Z tests/test_batch2.py::TestDataQualityMonitor::test_score_calculation PASSED [  5%]
Test (Python 3.12)	Run tests	2026-10-04T14:19:15.3670958Z tests/test_batch2.py::TestQualityIssue::test_str PASSED                  [  6%]
Test (Python 3.12)	Run tests	2026-10-04T14:19:15.3684649Z tests/test_batch2.py::TestQualityReport::test_has_errors PASSED          [  6%]
Test (Python 3.12)	Run tests	2026-10-04T14:19:15.3697827Z tests/test_batch2.py::TestQualityReport::test_no_errors PASSED           [  6%]
Test (Python 3.12)	Run tests	2026-10-04T14:19:15.3710847Z tests/test_batch2.py::TestQualityReport::test_str PASSED                 [  7%]
Test (Python 3.12)	Run tests	2026-10-04T14:19:15.3734802Z tests/test_batch2.py::TestSignalNotifier::test_notify_with_console PASSED [  7%]
Test (Python 3.12)	Run tests	2026-10-04T14:19:15.3756975Z tests/test_batch2.py::TestSignalNotifier::test_notify_with_file PASSED   [  7%]
Test (Python 3.12)	Run tests	2026-10-04T14:19:15.3770569Z tests/test_batch2.py::TestSignalNotifier::test_notify_no_channels PASSED [  8%]
Test (Python 3.12)	Run tests	2026-10-04T14:19:15.3785557Z tests/test_batch2.py::TestSignalNotifier::test_add_remove_channel PASSED [  8%]
Test (Python 3.12)	Run tests	2026-10-04T14:19:15.3799691Z tests/test_batch2.py::TestSignalNotifier::test_format_message_buy PASSED [  9%]
Test (Python 3.12)	Run tests	2026-10-04T14:19:15.5006640Z tests/test_batch2.py::TestWebhookChannel::test_webhook_without_httpx PASSED [  9%]
Test (Python 3.12)	Run tests	2026-10-04T14:19:15.5116659Z tests/test_batch3.py::TestPortfolioModels::test_portfolio_weight_creation PASSED [  9%]
Test (Python 3.12)	Run tests	2026-10-04T14:19:15.5133410Z tests/test_batch3.py::TestPortfolioModels::test_portfolio_weight_value PASSED [ 10%]
Test (Python 3.12)	Run tests	2026-10-04T14:19:15.5147110Z tests/test_batch3.py::TestPortfolioModels::test_portfolio_creation PASSED [ 10%]
Test (Python 3.12)	Run tests	2026-10-04T14:19:15.5160563Z tests/test_batch3.py::TestPortfolioModels::test_portfolio_weight_sum PASSED [ 11%]
Test (Python 3.12)	Run tests	2026-10-04T14:19:15.5179137Z tests/test_batch3.py::TestPortfolioOptimizer::test_equal_weight PASSED   [ 11%]
Test (Python 3.12)	Run tests	2026-10-04T14:19:15.5195272Z tests/test_batch3.py::TestPortfolioOptimizer::test_equal_weight_shares PASSED [ 11%]
Test (Python 3.12)	Run tests	2026-10-04T14:19:15.5245685Z tests/test_batch3.py::TestPortfolioOptimizer::test_risk_parity PASSED    [ 12%]
Test (Python 3.12)	Run tests	2026-10-04T14:19:15.5280586Z tests/test_batch3.py::TestPortfolioOptimizer::test_risk_parity_low_vol_high_weight PASSED [ 12%]
Test (Python 3.12)	Run tests	2026-10-04T14:19:16.2019491Z tests/test_batch3.py::TestPortfolioOptimizer::test_min_variance PASSED   [ 12%]
Test (Python 3.12)	Run tests	2026-10-04T14:19:16.2112340Z tests/test_batch3.py::TestPortfolioOptimizer::test_mean_variance PASSED  [ 13%]
Test (Python 3.12)	Run tests	2026-10-04T14:19:16.2207794Z tests/test_batch3.py::TestPortfolioOptimizer::test_mean_variance_with_target PASSED [ 13%]
Test (Python 3.12)	Run tests	2026-10-04T14:19:16.2223718Z tests/test_batch3.py::TestPortfolioOptimizer::test_single_asset PASSED   [ 14%]
Test (Python 3.12)	Run tests	2026-10-04T14:19:16.2238082Z tests/test_batch3.py::TestRLTradingAgent::test_agent_creation PASSED     [ 14%]
Test (Python 3.12)	Run tests	2026-10-04T14:19:16.2251801Z tests/test_batch3.py::TestRLTradingAgent::test_agent_creation_dqn PASSED [ 14%]
Test (Python 3.12)	Run tests	2026-10-04T14:19:16.2269657Z tests/test_batch3.py::TestRLTradingAgent::test_rule_based_insufficient_data PASSED [ 15%]
Test (Python 3.12)	Run tests	2026-10-04T14:19:16.2308141Z tests/test_batch3.py::TestRLTradingAgent::test_rule_based_buy_signal PASSED [ 15%]
Test (Python 3.12)	Run tests	2026-10-04T14:19:16.2334292Z tests/test_batch3.py::TestRLTradingAgent::test_rule_based_sell_signal PASSED [ 15%]
Test (Python 3.12)	Run tests	2026-10-04T14:19:16.2353075Z tests/test_batch3.py::TestRLTradingAgent::test_train_without_deps PASSED [ 16%]
Test (Python 3.12)	Run tests	2026-10-04T14:19:16.2424029Z tests/test_batch3.py::TestRLTradingAgent::test_extract_features PASSED   [ 16%]
Test (Python 3.12)	Run tests	2026-10-04T14:19:16.2441220Z tests/test_batch3.py::TestRLTradingAgent::test_extract_features_short_data PASSED [ 17%]
Test (Python 3.12)	Run tests	2026-10-04T14:19:16.2479542Z tests/test_batch3.py::TestRLTradingAgent::test_evaluate PASSED           [ 17%]
Test (Python 3.12)	Run tests	2026-10-04T14:19:16.2508146Z tests/test_batch3.py::TestRLTradingAgent::test_analyze_returns_strategy_result PASSED [ 17%]
Test (Python 3.12)	Run tests	2026-10-04T14:19:16.2600283Z tests/test_batch3.py::TestWebDashboard::test_create_app_import_error PASSED [ 18%]
Test (Python 3.12)	Run tests	2026-10-04T14:19:16.2616425Z tests/test_batch3.py::TestWebDashboard::test_render_dashboard_html PASSED [ 18%]
Test (Python 3.12)	Run tests	2026-10-04T14:19:16.2632044Z tests/test_batch3.py::TestWebDashboard::test_dashboard_has_chinese PASSED [ 19%]
Test (Python 3.12)	Run tests	2026-10-04T14:19:16.2648653Z tests/test_batch3.py::TestWebDashboard::test_web_module_init PASSED      [ 19%]
Test (Python 3.12)	Run tests	2026-10-04T14:19:16.2662764Z tests/test_data_sources.py::TestBaostockConvertSymbol::test_shenzhen_main PASSED [ 19%]
Test (Python 3.12)	Run tests	2026-10-04T14:19:16.2676611Z tests/test_data_sources.py::TestBaostockConvertSymbol::test_shenzhen_gem PASSED [ 20%]
Test (Python 3.12)	Run tests	2026-10-04T14:19:16.2692344Z tests/test_data_sources.py::TestBaostockConvertSymbol::test_shenzhen_small PASSED [ 20%]
Test (Python 3.12)	Run tests	2026-10-04T14:19:16.2705209Z tests/test_data_sources.py::TestBaostockConvertSymbol::test_shanghai_main PASSED [ 20%]
Test (Python 3.12)	Run tests	2026-10-04T14:19:16.2717972Z tests/test_data_sources.py::TestBaostockConvertSymbol::test_shanghai_star PASSED [ 21%]
Test (Python 3.12)	Run tests	2026-10-04T14:19:16.2732491Z tests/test_data_sources.py::TestBaostockConvertSymbol::test_bse PASSED   [ 21%]
Test (Python 3.12)	Run tests	2026-10-04T14:19:16.2745315Z tests/test_data_sources.py::TestBaostockConvertSymbol::test_already_prefixed_sh PASSED [ 22%]
Test (Python 3.12)	Run tests	2026-10-04T14:19:16.2757751Z tests/test_data_sources.py::TestBaostockConvertSymbol::test_already_prefixed_sz PASSED [ 22%]
Test (Python 3.12)	Run tests	2026-10-04T14:19:16.2771680Z tests/test_data_sources.py::TestBaostockConvertSymbol::test_unknown_prefix PASSED [ 22%]
Test (Python 3.12)	Run tests	2026-10-04T14:19:16.2784764Z tests/test_data_sources.py::TestBaostockNormalizeDate::test_yyyymmdd_format PASSED [ 23%]
Test (Python 3.12)	Run tests	2026-10-04T14:19:16.2797129Z tests/test_data_sources.py::TestBaostockNormalizeDate::test_already_normalized PASSED [ 23%]
Test (Python 3.12)	Run tests	2026-10-04T14:19:16.2809419Z tests/test_data_sources.py::TestBaostockNormalizeDate::test_none_input PASSED [ 23%]
Test (Python 3.12)	Run tests	2026-10-04T14:19:16.2821886Z tests/test_data_sources.py::TestBaostockNormalizeDate::test_empty_string PASSED [ 24%]
Test (Python 3.12)	Run tests	2026-10-04T14:19:16.2834750Z tests/test_data_sources.py::TestBaostockNormalizeDate::test_short_date PASSED [ 24%]
Test (Python 3.12)	Run tests	2026-10-04T14:19:16.2847115Z tests/test_data_sources.py::TestBaostockNormalizeDate::test_with_spaces PASSED [ 25%]
Test (Python 3.12)	Run tests	2026-10-04T14:19:16.2860067Z tests/test_data_sources.py::TestBaostockConvertAdjust::test_qfq PASSED   [ 25%]
Test (Python 3.12)	Run tests	2026-10-04T14:19:16.2875037Z tests/test_data_sources.py::TestBaostockConvertAdjust::test_hfq PASSED   [ 25%]
Test (Python 3.12)	Run tests	2026-10-04T14:19:16.2893867Z tests/test_data_sources.py::TestBaostockConvertAdjust::test_no_adjust PASSED [ 26%]
Test (Python 3.12)	Run tests	2026-10-04T14:19:16.2901040Z tests/test_data_sources.py::TestBaostockConvertAdjust::test_unknown_defaults_qfq PASSED [ 26%]
Test (Python 3.12)	Run tests	2026-10-04T14:19:16.2917230Z tests/test_data_sources.py::TestDataSourceBase::test_cannot_instantiate PASSED [ 26%]
Test (Python 3.12)	Run tests	2026-10-04T14:19:16.2930518Z tests/test_data_sources.py::TestDataSourceBase::test_baostock_is_datasource PASSED [ 27%]
Test (Python 3.12)	Run tests	2026-10-04T14:19:16.2943038Z tests/test_data_sources.py::TestDataSourceBase::test_akshare_is_datasource PASSED [ 27%]
Test (Python 3.12)	Run tests	2026-10-04T14:19:16.2956121Z tests/test_data_sources.py::TestConnectionErrorDetection::test_connection_error_pattern PASSED [ 28%]
Test (Python 3.12)	Run tests	2026-10-04T14:19:16.2969084Z tests/test_data_sources.py::TestConnectionErrorDetection::test_remote_disconnected PASSED [ 28%]
Test (Python 3.12)	Run tests	2026-10-04T14:19:16.2982733Z tests/test_data_sources.py::TestConnectionErrorDetection::test_proxy_error PASSED [ 28%]
Test (Python 3.12)	Run tests	2026-10-04T14:19:16.2995701Z tests/test_data_sources.py::TestConnectionErrorDetection::test_ssl_error PASSED [ 29%]
Test (Python 3.12)	Run tests	2026-10-04T14:19:16.3008427Z tests/test_data_sources.py::TestConnectionErrorDetection::test_non_connection_error PASSED [ 29%]
Test (Python 3.12)	Run tests	2026-10-04T14:19:16.3021246Z tests/test_data_sources.py::TestConnectionErrorDetection::test_runtime_error_not_connection PASSED [ 30%]
Test (Python 3.12)	Run tests	2026-10-04T14:19:16.3034643Z tests/test_data_sources.py::TestConnectionErrorDetection::test_key_error_not_connection PASSED [ 30%]
Test (Python 3.12)	Run tests	2026-10-04T14:19:16.3046931Z tests/test_data_sources.py::TestCreateSource::test_create_akshare PASSED [ 30%]
Test (Python 3.12)	Run tests	2026-10-04T14:19:17.3688988Z tests/test_data_sources.py::TestCreateSource::test_create_baostock PASSED [ 31%]
Test (Python 3.12)	Run tests	2026-10-04T14:19:17.3707429Z tests/test_data_sources.py::TestCreateSource::test_create_unknown_raises PASSED [ 31%]
Test (Python 3.12)	Run tests	2026-10-04T14:19:17.3848815Z tests/test_data_sources.py::TestFallbackMechanism::test_primary_success_no_fallback PASSED [ 31%]
Test (Python 3.12)	Run tests	2026-10-04T14:19:17.3899482Z tests/test_data_sources.py::TestFallbackMechanism::test_connection_error_triggers_fallback PASSED [ 32%]
Test (Python 3.12)	Run tests	2026-10-04T14:19:17.3948687Z tests/test_data_sources.py::TestFallbackMechanism::test_empty_data_triggers_fallback PASSED [ 32%]
Test (Python 3.12)	Run tests	2026-10-04T14:19:17.4006198Z tests/test_data_sources.py::TestFallbackMechanism::test_non_connection_error_raises PASSED [ 33%]
Test (Python 3.12)	Run tests	2026-10-04T14:19:17.4049978Z tests/test_data_sources.py::TestFallbackMechanism::test_both_fail_raises_runtime_error PASSED [ 33%]
Test (Python 3.12)	Run tests	2026-10-04T14:19:17.4095953Z tests/test_data_sources.py::TestFallbackMechanism::test_no_fallback_instance_primary_fails PASSED [ 33%]
Test (Python 3.12)	Run tests	2026-10-04T14:19:17.4179418Z tests/test_data_sources.py::TestBaostockNormalize::test_column_rename PASSED [ 34%]
Test (Python 3.12)	Run tests	2026-10-04T14:19:17.4224830Z tests/test_data_sources.py::TestBaostockNormalize::test_numeric_conversion PASSED [ 34%]
Test (Python 3.12)	Run tests	2026-10-04T14:19:17.4263887Z tests/test_data_sources.py::TestBaostockNormalize::test_date_index PASSED [ 34%]
Test (Python 3.12)	Run tests	2026-10-04T14:19:17.4310538Z tests/test_data_sources.py::TestBaostockNormalize::test_symbol_added PASSED [ 35%]
Test (Python 3.12)	Run tests	2026-10-04T14:19:17.4325249Z tests/test_data_sources.py::TestCacheKey::test_basic_key PASSED          [ 35%]
Test (Python 3.12)	Run tests	2026-10-04T14:19:17.4339531Z tests/test_data_sources.py::TestCacheKey::test_key_with_start_date PASSED [ 36%]
Test (Python 3.12)	Run tests	2026-10-04T14:19:17.4353142Z tests/test_data_sources.py::TestCacheKey::test_key_with_all_params PASSED [ 36%]
Test (Python 3.12)	Run tests	2026-10-04T14:19:17.4366466Z tests/test_data_sources.py::TestCacheKey::test_key_none_params_excluded PASSED [ 36%]
Test (Python 3.12)	Run tests	2026-10-04T14:19:17.4380296Z tests/test_data_sources.py::TestCacheKey::test_different_methods_different_keys PASSED [ 37%]
Test (Python 3.12)	Run tests	2026-10-04T14:19:17.4393991Z tests/test_data_sources.py::TestCacheKey::test_different_symbols_different_keys PASSED [ 37%]
Test (Python 3.12)	Run tests	2026-10-04T14:19:17.4433887Z tests/test_data_sources.py::TestCacheIntegration::test_cache_hit_returns_cached_data PASSED [ 38%]
Test (Python 3.12)	Run tests	2026-10-04T14:19:17.4477277Z tests/test_data_sources.py::TestCacheIntegration::test_cache_miss_fetches_and_stores PASSED [ 38%]
Test (Python 3.12)	Run tests	2026-10-04T14:19:17.4516697Z tests/test_data_sources.py::TestCacheIntegration::test_cache_disabled_skips_cache PASSED [ 38%]
Test (Python 3.12)	Run tests	2026-10-04T14:19:17.4562487Z tests/test_data_sources.py::TestCacheIntegration::test_cache_write_failure_does_not_raise PASSED [ 39%]
Test (Python 3.12)	Run tests	2026-10-04T14:19:17.4596022Z tests/test_data_sources.py::TestCacheIntegration::test_empty_data_not_cached PASSED [ 39%]
Test (Python 3.12)	Run tests	2026-10-04T14:19:17.4638621Z tests/test_data_sources.py::TestCacheIntegration::test_cache_ttl_passed_correctly PASSED [ 39%]
Test (Python 3.12)	Run tests	2026-10-04T14:19:17.4675346Z tests/test_data_sources.py::TestValuationFallback::test_valuation_primary_success PASSED [ 40%]
Test (Python 3.12)	Run tests	2026-10-04T14:19:17.4729156Z tests/test_data_sources.py::TestValuationFallback::test_valuation_fallback_on_connection_error PASSED [ 40%]
Test (Python 3.12)	Run tests	2026-10-04T14:19:17.4758532Z tests/test_data_sources.py::TestValuationFallback::test_valuation_both_fail_raises PASSED [ 41%]
Test (Python 3.12)	Run tests	2026-10-04T14:19:17.4785592Z tests/test_data_sources.py::TestFinancialSummaryFallback::test_financial_summary_primary_success PASSED [ 41%]
Test (Python 3.12)	Run tests	2026-10-04T14:19:17.4819398Z tests/test_data_sources.py::TestFinancialSummaryFallback::test_financial_summary_fallback_on_error PASSED [ 41%]
Test (Python 3.12)	Run tests	2026-10-04T14:19:17.4833256Z tests/test_data_sources.py::TestDataSourceAbstractMethods::test_get_valuation_is_abstract PASSED [ 42%]
Test (Python 3.12)	Run tests	2026-10-04T14:19:17.4847279Z tests/test_data_sources.py::TestDataSourceAbstractMethods::test_get_financial_summary_is_abstract PASSED [ 42%]
Test (Python 3.12)	Run tests	2026-10-04T14:19:17.4861978Z tests/test_data_sources.py::TestDataSourceAbstractMethods::test_incomplete_subclass_raises_type_error PASSED [ 42%]
Test (Python 3.12)	Run tests	2026-10-04T14:19:17.4875794Z tests/test_data_sources.py::TestCacheStats::test_creation PASSED         [ 43%]
Test (Python 3.12)	Run tests	2026-10-04T14:19:17.4889221Z tests/test_data_sources.py::TestCacheStats::test_hit_rate PASSED         [ 43%]
Test (Python 3.12)	Run tests	2026-10-04T14:19:17.4902497Z tests/test_data_sources.py::TestCacheStats::test_hit_rate_zero_requests PASSED [ 44%]
Test (Python 3.12)	Run tests	2026-10-04T14:19:17.4916091Z tests/test_data_sources.py::TestCacheStats::test_total_requests PASSED   [ 44%]
Test (Python 3.12)	Run tests	2026-10-04T14:19:17.4929476Z tests/test_data_sources.py::TestCacheStats::test_str_representation PASSED [ 44%]
Test (Python 3.12)	Run tests	2026-10-04T14:19:17.4942809Z tests/test_data_sources.py::TestCacheStats::test_summary PASSED          [ 45%]
Test (Python 3.12)	Run tests	2026-10-04T14:19:17.8723688Z tests/test_data_sources.py::TestCacheEnhancements::test_memory_cache_hit FAILED [ 45%]
Test (Python 3.12)	Run tests	2026-10-04T14:19:18.0891892Z tests/test_data_sources.py::TestCacheEnhancements::test_memory_cache_lru_eviction FAILED [ 46%]
Test (Python 3.12)	Run tests	2026-10-04T14:19:18.2903161Z tests/test_data_sources.py::TestCacheEnhancements::test_cache_stats_tracking FAILED [ 46%]
Test (Python 3.12)	Run tests	2026-10-04T14:19:18.4871485Z tests/test_data_sources.py::TestCacheEnhancements::test_cache_reset_stats FAILED [ 46%]
Test (Python 3.12)	Run tests	2026-10-04T14:19:18.7013213Z tests/test_data_sources.py::TestCacheEnhancements::test_cache_evict_expired FAILED [ 47%]
Test (Python 3.12)	Run tests	2026-10-04T14:19:18.8974160Z tests/test_data_sources.py::TestCacheEnhancements::test_cache_info_with_memory FAILED [ 47%]
Test (Python 3.12)	Run tests	2026-10-04T14:19:19.1020254Z tests/test_data_sources.py::TestCacheEnhancements::test_cache_clear_both_layers FAILED [ 47%]
Test (Python 3.12)	Run tests	2026-10-04T14:19:19.3093789Z tests/test_data_sources.py::TestCacheEnhancements::test_cache_stats_disk_info FAILED [ 48%]
Test (Python 3.12)	Run tests	2026-10-04T14:19:19.5095165Z tests/test_data_sources.py::TestCacheEnhancements::test_cache_set_updates_memory FAILED [ 48%]
Test (Python 3.12)	Run tests	2026-10-04T14:19:19.5108616Z tests/test_helpers.py::TestFormatStockCode::test_zero_padding PASSED     [ 49%]
Test (Python 3.12)	Run tests	2026-10-04T14:19:19.5121744Z tests/test_helpers.py::TestFormatStockCode::test_already_six_digits PASSED [ 49%]
Test (Python 3.12)	Run tests	2026-10-04T14:19:19.5134905Z tests/test_helpers.py::TestFormatStockCode::test_remove_prefix_sh PASSED [ 49%]
Test (Python 3.12)	Run tests	2026-10-04T14:19:19.5148146Z tests/test_helpers.py::TestFormatStockCode::test_remove_prefix_sz PASSED [ 50%]
Test (Python 3.12)	Run tests	2026-10-04T14:19:19.5165339Z tests/test_helpers.py::TestSharpeRatio::test_positive_returns PASSED     [ 50%]
Test (Python 3.12)	Run tests	2026-10-04T14:19:19.5180586Z tests/test_helpers.py::TestSharpeRatio::test_zero_returns PASSED         [ 50%]
Test (Python 3.12)	Run tests	2026-10-04T14:19:19.5195667Z tests/test_helpers.py::TestSharpeRatio::test_empty_returns PASSED        [ 51%]
Test (Python 3.12)	Run tests	2026-10-04T14:19:19.5210527Z tests/test_helpers.py::TestMaxDrawdown::test_no_drawdown PASSED          [ 51%]
Test (Python 3.12)	Run tests	2026-10-04T14:19:19.5225093Z tests/test_helpers.py::TestMaxDrawdown::test_with_drawdown PASSED        [ 52%]
Test (Python 3.12)	Run tests	2026-10-04T14:19:19.5237615Z tests/test_helpers.py::TestWinRate::test_all_wins PASSED                 [ 52%]
Test (Python 3.12)	Run tests	2026-10-04T14:19:19.5250084Z tests/test_helpers.py::TestWinRate::test_all_losses PASSED               [ 52%]
Test (Python 3.12)	Run tests	2026-10-04T14:19:19.5264491Z tests/test_helpers.py::TestWinRate::test_mixed PASSED                    [ 53%]
Test (Python 3.12)	Run tests	2026-10-04T14:19:19.5276984Z tests/test_helpers.py::TestWinRate::test_empty PASSED                    [ 53%]
Test (Python 3.12)	Run tests	2026-10-04T14:19:19.5289784Z tests/test_helpers.py::TestProfitFactor::test_basic PASSED               [ 53%]
Test (Python 3.12)	Run tests	2026-10-04T14:19:19.5304994Z tests/test_helpers.py::TestProfitFactor::test_no_losses PASSED           [ 54%]
Test (Python 3.12)	Run tests	2026-10-04T14:19:19.5672496Z tests/test_integration.py::TestDataAnalysisSignalChain::test_full_chain PASSED [ 54%]
Test (Python 3.12)	Run tests	2026-10-04T14:19:19.5957917Z tests/test_integration.py::TestDataAnalysisSignalChain::test_data_quality_then_analysis PASSED [ 55%]
Test (Python 3.12)	Run tests	2026-10-04T14:19:19.6219396Z tests/test_integration.py::TestStrategyRiskPositionChain::test_buy_signal_flow PASSED [ 55%]
Test (Python 3.12)	Run tests	2026-10-04T14:19:19.6233453Z tests/test_integration.py::TestStrategyRiskPositionChain::test_risk_blocks_signal PASSED [ 55%]
Test (Python 3.12)	Run tests	2026-10-04T14:19:19.6249750Z tests/test_integration.py::TestStrategyRiskPositionChain::test_position_sizer_methods PASSED [ 56%]
Test (Python 3.12)	Run tests	2026-10-04T14:19:19.6761624Z tests/test_integration.py::TestTradingPipeline::test_run_once_success PASSED [ 56%]
Test (Python 3.12)	Run tests	2026-10-04T14:19:19.7040314Z tests/test_integration.py::TestTradingPipeline::test_run_once_no_strategy PASSED [ 57%]
Test (Python 3.12)	Run tests	2026-10-04T14:19:19.7064815Z tests/test_integration.py::TestTradingPipeline::test_run_once_data_fetch_failure PASSED [ 57%]
Test (Python 3.12)	Run tests	2026-10-04T14:19:19.7100689Z tests/test_integration.py::TestTradingPipeline::test_run_once_insufficient_data PASSED [ 57%]
Test (Python 3.12)	Run tests	2026-10-04T14:19:19.8024400Z tests/test_integration.py::TestTradingPipeline::test_run_batch PASSED    [ 58%]
Test (Python 3.12)	Run tests	2026-10-04T14:19:19.8958909Z tests/test_integration.py::TestTradingPipeline::test_signal_cooldown PASSED [ 58%]
Test (Python 3.12)	Run tests	2026-10-04T14:19:19.8978420Z tests/test_integration.py::TestTradingPipeline::test_cooldown_clear PASSED [ 58%]
Test (Python 3.12)	Run tests	2026-10-04T14:19:20.0153055Z tests/test_integration.py::TestTradingPipeline::test_on_result_callback PASSED [ 59%]
Test (Python 3.12)	Run tests	2026-10-04T14:19:20.0237401Z tests/test_integration.py::TestTradingPipeline::test_pipeline_stats PASSED [ 59%]
Test (Python 3.12)	Run tests	2026-10-04T14:19:21.1305904Z tests/test_integration.py::TestBacktestIntegration::test_backtest_manual_strategy PASSED [ 60%]
Test (Python 3.12)	Run tests	2026-10-04T14:19:22.2242984Z tests/test_integration.py::TestBacktestIntegration::test_backtest_metrics PASSED [ 60%]
Test (Python 3.12)	Run tests	2026-10-04T14:19:22.2257625Z tests/test_integration.py::TestPipelineConfig::test_default_config PASSED [ 60%]
Test (Python 3.12)	Run tests	2026-10-04T14:19:22.2271097Z tests/test_integration.py::TestPipelineConfig::test_custom_config PASSED [ 61%]
Test (Python 3.12)	Run tests	2026-10-04T14:19:22.2284905Z tests/test_integration.py::TestPipelineConfig::test_from_dict PASSED     [ 61%]
Test (Python 3.12)	Run tests	2026-10-04T14:19:22.2298320Z tests/test_integration.py::TestPipelineConfig::test_to_dict PASSED       [ 61%]
Test (Python 3.12)	Run tests	2026-10-04T14:19:22.2311484Z tests/test_integration.py::TestPipelineResult::test_executed_result PASSED [ 62%]
Test (Python 3.12)	Run tests	2026-10-04T14:19:22.2324916Z tests/test_integration.py::TestPipelineResult::test_skipped_result PASSED [ 62%]
Test (Python 3.12)	Run tests	2026-10-04T14:19:22.2337810Z tests/test_integration.py::TestPipelineResult::test_blocked_result PASSED [ 63%]
Test (Python 3.12)	Run tests	2026-10-04T14:19:22.2350509Z tests/test_integration.py::TestPipelineResult::test_error_result PASSED  [ 63%]
Test (Python 3.12)	Run tests	2026-10-04T14:19:22.2364085Z tests/test_integration.py::TestPipelineRunSummary::test_summary_stats PASSED [ 63%]
Test (Python 3.12)	Run tests	2026-10-04T14:19:22.2379123Z tests/test_integration.py::TestPipelineRunSummary::test_empty_summary PASSED [ 64%]
Test (Python 3.12)	Run tests	2026-10-04T14:19:22.2391903Z tests/test_risk.py::TestPosition::test_market_value PASSED               [ 64%]
Test (Python 3.12)	Run tests	2026-10-04T14:19:22.2405057Z tests/test_risk.py::TestPosition::test_cost_value PASSED                 [ 65%]
Test (Python 3.12)	Run tests	2026-10-04T14:19:22.2417660Z tests/test_risk.py::TestPosition::test_profit_loss PASSED                [ 65%]
Test (Python 3.12)	Run tests	2026-10-04T14:19:22.2430730Z tests/test_risk.py::TestPosition::test_profit_loss_pct PASSED            [ 65%]
Test (Python 3.12)	Run tests	2026-10-04T14:19:22.2443823Z tests/test_risk.py::TestPosition::test_profit_loss_pct_zero_cost PASSED  [ 66%]
Test (Python 3.12)	Run tests	2026-10-04T14:19:22.2456530Z tests/test_risk.py::TestPosition::test_str PASSED                        [ 66%]
Test (Python 3.12)	Run tests	2026-10-04T14:19:22.2469167Z tests/test_risk.py::TestRiskAlert::test_alert_str PASSED                 [ 66%]
Test (Python 3.12)	Run tests	2026-10-04T14:19:22.2481619Z tests/test_risk.py::TestRiskEnums::test_risk_levels PASSED               [ 67%]
Test (Python 3.12)	Run tests	2026-10-04T14:19:22.2494451Z tests/test_risk.py::TestRiskEnums::test_risk_types PASSED                [ 67%]
Test (Python 3.12)	Run tests	2026-10-04T14:19:22.2509261Z tests/test_risk.py::TestRiskManager::test_no_alerts_when_no_risk PASSED  [ 68%]
Test (Python 3.12)	Run tests	2026-10-04T14:19:22.2522106Z tests/test_risk.py::TestRiskManager::test_stop_loss_triggered PASSED     [ 68%]
Test (Python 3.12)	Run tests	2026-10-04T14:19:22.2535364Z tests/test_risk.py::TestRiskManager::test_stop_loss_approaching PASSED   [ 68%]
Test (Python 3.12)	Run tests	2026-10-04T14:19:22.2547718Z tests/test_risk.py::TestRiskManager::test_stop_loss_not_triggered PASSED [ 69%]
Test (Python 3.12)	Run tests	2026-10-04T14:19:22.2560271Z tests/test_risk.py::TestRiskManager::test_take_profit_triggered PASSED   [ 69%]
Test (Python 3.12)	Run tests	2026-10-04T14:19:22.2572747Z tests/test_risk.py::TestRiskManager::test_take_profit_not_triggered PASSED [ 69%]
Test (Python 3.12)	Run tests	2026-10-04T14:19:22.2587076Z tests/test_risk.py::TestRiskManager::test_drawdown_critical PASSED       [ 70%]
Test (Python 3.12)	Run tests	2026-10-04T14:19:22.2600925Z tests/test_risk.py::TestRiskManager::test_drawdown_warning PASSED        [ 70%]
Test (Python 3.12)	Run tests	2026-10-04T14:19:22.2615426Z tests/test_risk.py::TestRiskManager::test_concentration_alert PASSED     [ 71%]
Test (Python 3.12)	Run tests	2026-10-04T14:19:22.2627752Z tests/test_risk.py::TestRiskManager::test_empty_positions PASSED         [ 71%]
Test (Python 3.12)	Run tests	2026-10-04T14:19:22.2640153Z tests/test_risk.py::TestRiskManager::test_zero_shares_position PASSED    [ 71%]
Test (Python 3.12)	Run tests	2026-10-04T14:19:22.2653908Z tests/test_risk.py::TestPositionSizer::test_fixed_size PASSED            [ 72%]
Test (Python 3.12)	Run tests	2026-10-04T14:19:22.2667319Z tests/test_risk.py::TestPositionSizer::test_fixed_size_respects_max PASSED [ 72%]
Test (Python 3.12)	Run tests	2026-10-04T14:19:22.2680756Z tests/test_risk.py::TestPositionSizer::test_fixed_size_min_shares PASSED [ 73%]
Test (Python 3.12)	Run tests	2026-10-04T14:19:22.2695071Z tests/test_risk.py::TestPositionSizer::test_kelly_size_positive PASSED   [ 73%]
Test (Python 3.12)	Run tests	2026-10-04T14:19:22.2708766Z tests/test_risk.py::TestPositionSizer::test_kelly_size_negative_returns_zero PASSED [ 73%]
Test (Python 3.12)	Run tests	2026-10-04T14:19:22.2722768Z tests/test_risk.py::TestPositionSizer::test_kelly_size_invalid_params PASSED [ 74%]
Test (Python 3.12)	Run tests	2026-10-04T14:19:22.2736581Z tests/test_risk.py::TestPositionSizer::test_risk_parity PASSED           [ 74%]
Test (Python 3.12)	Run tests	2026-10-04T14:19:22.2748953Z tests/test_risk.py::TestPositionSizer::test_risk_parity_empty PASSED     [ 74%]
Test (Python 3.12)	Run tests	2026-10-04T14:19:22.2762461Z tests/test_risk.py::TestPositionSizer::test_atr_size PASSED              [ 75%]
Test (Python 3.12)	Run tests	2026-10-04T14:19:22.2776254Z tests/test_risk.py::TestPositionSizer::test_atr_size_zero_atr PASSED     [ 75%]
Test (Python 3.12)	Run tests	2026-10-04T14:19:22.2789833Z tests/test_risk.py::TestPositionSizer::test_atr_size_respects_max PASSED [ 76%]
Test (Python 3.12)	Run tests	2026-10-04T14:19:22.2803012Z tests/test_risk.py::TestPortfolioRisk::test_max_concentration PASSED     [ 76%]
Test (Python 3.12)	Run tests	2026-10-04T14:19:22.2815861Z tests/test_risk.py::TestPortfolioRisk::test_max_concentration_empty PASSED [ 76%]
Test (Python 3.12)	Run tests	2026-10-04T14:19:22.2828255Z tests/test_risk.py::TestPortfolioRisk::test_has_critical_alerts PASSED   [ 77%]
Test (Python 3.12)	Run tests	2026-10-04T14:19:22.2842919Z tests/test_risk.py::TestPortfolioRisk::test_no_critical_alerts PASSED    [ 77%]
Test (Python 3.12)	Run tests	2026-10-04T14:19:22.2855880Z tests/test_strategy_engine.py::TestTrade::test_trade_amount PASSED       [ 77%]
Test (Python 3.12)	Run tests	2026-10-04T14:19:22.2868679Z tests/test_strategy_engine.py::TestTrade::test_trade_str PASSED          [ 78%]
Test (Python 3.12)	Run tests	2026-10-04T14:19:22.2883615Z tests/test_strategy_engine.py::TestBacktestResult::test_total_return_positive PASSED [ 78%]
Test (Python 3.12)	Run tests	2026-10-04T14:19:22.2898807Z tests/test_strategy_engine.py::TestBacktestResult::test_total_return_negative PASSED [ 79%]
Test (Python 3.12)	Run tests	2026-10-04T14:19:22.2912534Z tests/test_strategy_engine.py::TestBacktestResult::test_total_return_zero_initial PASSED [ 79%]
Test (Python 3.12)	Run tests	2026-10-04T14:19:23.3854544Z tests/test_strategy_engine.py::TestBacktestEngine::test_backtest_with_manual_strategy PASSED [ 79%]
Test (Python 3.12)	Run tests	2026-10-04T14:19:23.4258848Z tests/test_strategy_engine.py::TestBacktestEngine::test_backtest_with_quant_strategy PASSED [ 80%]
Test (Python 3.12)	Run tests	2026-10-04T14:19:23.4435242Z tests/test_strategy_engine.py::TestBacktestEngine::test_backtest_short_data PASSED [ 80%]
Test (Python 3.12)	Run tests	2026-10-04T14:19:24.5590243Z tests/test_strategy_engine.py::TestBacktestEngine::test_backtest_metrics_keys PASSED [ 80%]
Test (Python 3.12)	Run tests	2026-10-04T14:19:26.7876514Z tests/test_strategy_engine.py::TestBacktestEngine::test_backtest_commission_and_slippage PASSED [ 81%]
Test (Python 3.12)	Run tests	2026-10-04T14:19:26.7890385Z tests/test_strategy_engine.py::TestQuantStrategy::test_params_default PASSED [ 81%]
Test (Python 3.12)	Run tests	2026-10-04T14:19:26.7903968Z tests/test_strategy_engine.py::TestQuantStrategy::test_set_get_param PASSED [ 82%]
Test (Python 3.12)	Run tests	2026-10-04T14:19:26.7916716Z tests/test_strategy_engine.py::TestQuantStrategy::test_params_to_dict PASSED [ 82%]
Test (Python 3.12)	Run tests	2026-10-04T14:19:26.8322684Z tests/test_strategy_engine.py::TestQuantStrategy::test_optimize_basic PASSED [ 82%]
Test (Python 3.12)	Run tests	2026-10-04T14:19:26.8721919Z tests/test_strategy_engine.py::TestQuantStrategy::test_evaluate_uses_backtest PASSED [ 83%]
Test (Python 3.12)	Run tests	2026-10-04T14:19:26.8739999Z tests/test_strategy_engine.py::TestStrategyEngine::test_register_and_list PASSED [ 83%]
Test (Python 3.12)	Run tests	2026-10-04T14:19:26.8756805Z tests/test_strategy_engine.py::TestStrategyEngine::test_unregister PASSED [ 84%]
Test (Python 3.12)	Run tests	2026-10-04T14:19:26.8976380Z tests/test_strategy_engine.py::TestStrategyEngine::test_run_all PASSED   [ 84%]
Test (Python 3.12)	Run tests	2026-10-04T14:19:26.9189895Z tests/test_strategy_engine.py::TestStrategyEngine::test_aggregate_signal_single PASSED [ 84%]
Test (Python 3.12)	Run tests	2026-10-04T14:19:26.9203572Z tests/test_strategy_engine.py::TestStrategyEngine::test_aggregate_signal_empty PASSED [ 85%]
Test (Python 3.12)	Run tests	2026-10-04T14:19:26.9423175Z tests/test_strategy_engine.py::TestStrategyEngine::test_aggregate_signal_multiple PASSED [ 85%]
Test (Python 3.12)	Run tests	2026-10-04T14:19:26.9635946Z tests/test_strategy_engine.py::TestStrategyEngine::test_get_performance PASSED [ 85%]
Test (Python 3.12)	Run tests	2026-10-04T14:19:26.9651295Z tests/test_strategy_engine.py::TestTradePair::test_trade_pair_return_pct PASSED [ 86%]
Test (Python 3.12)	Run tests	2026-10-04T14:19:26.9665341Z tests/test_strategy_engine.py::TestTradePair::test_trade_pair_loss PASSED [ 86%]
Test (Python 3.12)	Run tests	2026-10-04T14:19:26.9678354Z tests/test_strategy_engine.py::TestTradePair::test_trade_pair_str PASSED [ 87%]
Test (Python 3.12)	Run tests	2026-10-04T14:19:27.0074936Z tests/test_strategy_engine.py::TestBacktestAnalysis::test_trade_analysis_populated PASSED [ 87%]
Test (Python 3.12)	Run tests	2026-10-04T14:19:27.0473882Z tests/test_strategy_engine.py::TestBacktestAnalysis::test_benchmark_populated PASSED [ 87%]
Test (Python 3.12)	Run tests	2026-10-04T14:19:28.1191560Z tests/test_strategy_engine.py::TestBacktestAnalysis::test_new_metrics_calmar PASSED [ 88%]
Test (Python 3.12)	Run tests	2026-10-04T14:19:29.2367735Z tests/test_strategy_engine.py::TestBacktestAnalysis::test_compare_strategies PASSED [ 88%]
Test (Python 3.12)	Run tests	2026-10-04T14:19:29.2535954Z tests/test_strategy_engine.py::TestBacktestAnalysis::test_trade_analysis_empty_trades PASSED [ 88%]
Test (Python 3.12)	Run tests	2026-10-04T14:19:29.2549510Z tests/test_strategy_engine.py::TestBacktestAnalysis::test_benchmark_str PASSED [ 89%]
Test (Python 3.12)	Run tests	2026-10-04T14:19:29.2638103Z tests/test_strategy_engine.py::TestTradingEnvReward::test_default_reward_fn PASSED [ 89%]
Test (Python 3.12)	Run tests	2026-10-04T14:19:29.2720340Z tests/test_strategy_engine.py::TestTradingEnvReward::test_sharpe_reward_fn PASSED [ 90%]
Test (Python 3.12)	Run tests	2026-10-04T14:19:29.2805263Z tests/test_strategy_engine.py::TestTradingEnvReward::test_sortino_reward_fn PASSED [ 90%]
Test (Python 3.12)	Run tests	2026-10-04T14:19:29.2889083Z tests/test_strategy_engine.py::TestTradingEnvReward::test_custom_reward_fn PASSED [ 90%]
Test (Python 3.12)	Run tests	2026-10-04T14:19:29.2972425Z tests/test_strategy_engine.py::TestTradingEnvReward::test_invalid_reward_fn_falls_back PASSED [ 91%]
Test (Python 3.12)	Run tests	2026-10-04T14:19:29.2986172Z tests/test_strategy_engine.py::TestTradingEnvReward::test_builtin_rewards_registry PASSED [ 91%]
Test (Python 3.12)	Run tests	2026-10-04T14:19:29.3070059Z tests/test_strategy_engine.py::TestTradingEnvReward::test_returns_history_reset PASSED [ 92%]
Test (Python 3.12)	Run tests	2026-10-04T14:19:29.3170094Z tests/test_strategy_engine.py::TestTradingEnvReward::test_reward_fn_multiple_steps PASSED [ 92%]
Test (Python 3.12)	Run tests	2026-10-04T14:19:29.3317379Z tests/test_strategy_engine.py::TestMultiStockTradingEnv::test_init PASSED [ 92%]
Test (Python 3.12)	Run tests	2026-10-04T14:19:29.3467886Z tests/test_strategy_engine.py::TestMultiStockTradingEnv::test_reset PASSED [ 93%]
Test (Python 3.12)	Run tests	2026-10-04T14:19:29.3626748Z tests/test_strategy_engine.py::TestMultiStockTradingEnv::test_step_hold PASSED [ 93%]
Test (Python 3.12)	Run tests	2026-10-04T14:19:29.3785293Z tests/test_strategy_engine.py::TestMultiStockTradingEnv::test_step_buy PASSED [ 93%]
Test (Python 3.12)	Run tests	2026-10-04T14:19:29.3948585Z tests/test_strategy_engine.py::TestMultiStockTradingEnv::test_step_sell PASSED [ 94%]
Test (Python 3.12)	Run tests	2026-10-04T14:19:29.4130497Z tests/test_strategy_engine.py::TestMultiStockTradingEnv::test_observation_shape PASSED [ 94%]
Test (Python 3.12)	Run tests	2026-10-04T14:19:29.4294565Z tests/test_strategy_engine.py::TestMultiStockTradingEnv::test_concentration_penalty PASSED [ 95%]
Test (Python 3.12)	Run tests	2026-10-04T14:19:29.4596777Z tests/test_strategy_engine.py::TestMultiStockTradingEnv::test_multiple_episodes PASSED [ 95%]
Test (Python 3.12)	Run tests	2026-10-04T14:19:29.4806335Z tests/test_strategy_engine.py::TestMultiStockTradingEnv::test_three_stocks PASSED [ 95%]
Test (Python 3.12)	Run tests	2026-10-04T14:19:29.4953317Z tests/test_strategy_engine.py::TestMultiStockTradingEnv::test_total_value_property PASSED [ 96%]
Test (Python 3.12)	Run tests	2026-10-04T14:19:29.5102539Z tests/test_strategy_engine.py::TestMultiStockTradingEnv::test_current_step_property PASSED [ 96%]
Test (Python 3.12)	Run tests	2026-10-04T14:19:29.5116491Z tests/test_strategy_engine.py::TestEvaluationResult::test_creation PASSED [ 96%]
Test (Python 3.12)	Run tests	2026-10-04T14:19:29.5130354Z tests/test_strategy_engine.py::TestEvaluationResult::test_str_representation PASSED [ 97%]
Test (Python 3.12)	Run tests	2026-10-04T14:19:29.5143338Z tests/test_strategy_engine.py::TestEvaluationResult::test_summary PASSED [ 97%]
Test (Python 3.12)	Run tests	2026-10-04T14:19:29.5156140Z tests/test_strategy_engine.py::TestEvaluationResult::test_default_values PASSED [ 98%]
Test (Python 3.12)	Run tests	2026-10-04T14:19:29.5360645Z tests/test_strategy_engine.py::TestRLAgentEvaluation::test_evaluate_episodes_untrained PASSED [ 98%]
Test (Python 3.12)	Run tests	2026-10-04T14:19:29.5631119Z tests/test_strategy_engine.py::TestRLAgentEvaluation::test_evaluate_episodes_statistics PASSED [ 98%]
Test (Python 3.12)	Run tests	2026-10-04T14:19:29.5903668Z tests/test_strategy_engine.py::TestRLAgentEvaluation::test_evaluate_episodes_with_reward_fn PASSED [ 99%]
Test (Python 3.12)	Run tests	2026-10-04T14:19:29.6002572Z tests/test_strategy_engine.py::TestRLAgentEvaluation::test_compare_with_baseline PASSED [ 99%]
Test (Python 3.12)	Run tests	2026-10-04T14:19:30.6869027Z tests/test_strategy_engine.py::TestRLAgentEvaluation::test_evaluate_backtest PASSED [100%]
Test (Python 3.12)	Run tests	2026-10-04T14:19:30.6869835Z 
Test (Python 3.12)	Run tests	2026-10-04T14:19:30.6870097Z =================================== FAILURES ===================================
Test (Python 3.12)	Run tests	2026-10-04T14:19:30.6870962Z _________________ TestCacheEnhancements.test_memory_cache_hit __________________
Test (Python 3.12)	Run tests	2026-10-04T14:19:30.6871763Z tests/test_data_sources.py:721: in test_memory_cache_hit
Test (Python 3.12)	Run tests	2026-10-04T14:19:30.6872698Z     storage.cache_set("test_key", df)
Test (Python 3.12)	Run tests	2026-10-04T14:19:30.6873265Z src/stock_model/data/storage.py:204: in cache_set
Test (Python 3.12)	Run tests	2026-10-04T14:19:30.6873853Z     self._save(df, filepath, "parquet")
Test (Python 3.12)	Run tests	2026-10-04T14:19:30.6874385Z src/stock_model/data/storage.py:351: in _save
Test (Python 3.12)	Run tests	2026-10-04T14:19:30.6874902Z     df.to_parquet(filepath, index=True)
Test (Python 3.12)	Run tests	2026-10-04T14:19:30.6876122Z /opt/hostedtoolcache/Python/3.12.14/x64/lib/python3.12/site-packages/pandas/core/frame.py:3135: in to_parquet
Test (Python 3.12)	Run tests	2026-10-04T14:19:30.6877061Z     return to_parquet(
Test (Python 3.12)	Run tests	2026-10-04T14:19:30.6877922Z /opt/hostedtoolcache/Python/3.12.14/x64/lib/python3.12/site-packages/pandas/io/parquet.py:486: in to_parquet
Test (Python 3.12)	Run tests	2026-10-04T14:19:30.6878887Z     impl = get_engine(engine)
Test (Python 3.12)	Run tests	2026-10-04T14:19:30.6879328Z            ^^^^^^^^^^^^^^^^^^
Test (Python 3.12)	Run tests	2026-10-04T14:19:30.6880460Z /opt/hostedtoolcache/Python/3.12.14/x64/lib/python3.12/site-packages/pandas/io/parquet.py:68: in get_engine
Test (Python 3.12)	Run tests	2026-10-04T14:19:30.6881372Z     raise ImportError(
Test (Python 3.12)	Run tests	2026-10-04T14:19:30.6882306Z E   ImportError: Unable to find a usable engine; tried using: 'pyarrow', 'fastparquet'.
Test (Python 3.12)	Run tests	2026-10-04T14:19:30.6883434Z E   A suitable version of pyarrow or fastparquet is required for parquet support.
Test (Python 3.12)	Run tests	2026-10-04T14:19:30.6884277Z E   Trying to import the above resulted in these errors:
Test (Python 3.12)	Run tests	2026-10-04T14:19:30.6885655Z E    - `Import pyarrow` failed. pyarrow is required for parquet support. Use pip or conda to install the pyarrow package.
Test (Python 3.12)	Run tests	2026-10-04T14:19:30.6887338Z E    - `Import fastparquet` failed. fastparquet is required for parquet support. Use pip or conda to install the fastparquet package.
Test (Python 3.12)	Run tests	2026-10-04T14:19:30.6888819Z _____________ TestCacheEnhancements.test_memory_cache_lru_eviction _____________
Test (Python 3.12)	Run tests	2026-10-04T14:19:30.6889895Z tests/test_data_sources.py:734: in test_memory_cache_lru_eviction
Test (Python 3.12)	Run tests	2026-10-04T14:19:30.6890647Z     storage.cache_set(f"key_{i}", df)
Test (Python 3.12)	Run tests	2026-10-04T14:19:30.6891297Z src/stock_model/data/storage.py:204: in cache_set
Test (Python 3.12)	Run tests	2026-10-04T14:19:30.6891946Z     self._save(df, filepath, "parquet")
Test (Python 3.12)	Run tests	2026-10-04T14:19:30.6903379Z src/stock_model/data/storage.py:351: in _save
Test (Python 3.12)	Run tests	2026-10-04T14:19:30.6903898Z     df.to_parquet(filepath, index=True)
Test (Python 3.12)	Run tests	2026-10-04T14:19:30.6904703Z /opt/hostedtoolcache/Python/3.12.14/x64/lib/python3.12/site-packages/pandas/core/frame.py:3135: in to_parquet
Test (Python 3.12)	Run tests	2026-10-04T14:19:30.6905482Z     return to_parquet(
Test (Python 3.12)	Run tests	2026-10-04T14:19:30.6906189Z /opt/hostedtoolcache/Python/3.12.14/x64/lib/python3.12/site-packages/pandas/io/parquet.py:486: in to_parquet
Test (Python 3.12)	Run tests	2026-10-04T14:19:30.6907002Z     impl = get_engine(engine)
Test (Python 3.12)	Run tests	2026-10-04T14:19:30.6907358Z            ^^^^^^^^^^^^^^^^^^
Test (Python 3.12)	Run tests	2026-10-04T14:19:30.6908057Z /opt/hostedtoolcache/Python/3.12.14/x64/lib/python3.12/site-packages/pandas/io/parquet.py:68: in get_engine
Test (Python 3.12)	Run tests	2026-10-04T14:19:30.6908817Z     raise ImportError(
Test (Python 3.12)	Run tests	2026-10-04T14:19:30.6909393Z E   ImportError: Unable to find a usable engine; tried using: 'pyarrow', 'fastparquet'.
Test (Python 3.12)	Run tests	2026-10-04T14:19:30.6910232Z E   A suitable version of pyarrow or fastparquet is required for parquet support.
Test (Python 3.12)	Run tests	2026-10-04T14:19:30.6910960Z E   Trying to import the above resulted in these errors:
Test (Python 3.12)	Run tests	2026-10-04T14:19:30.6911879Z E    - `Import pyarrow` failed. pyarrow is required for parquet support. Use pip or conda to install the pyarrow package.
Test (Python 3.12)	Run tests	2026-10-04T14:19:30.6913450Z E    - `Import fastparquet` failed. fastparquet is required for parquet support. Use pip or conda to install the fastparquet package.
Test (Python 3.12)	Run tests	2026-10-04T14:19:30.6914544Z _______________ TestCacheEnhancements.test_cache_stats_tracking ________________
Test (Python 3.12)	Run tests	2026-10-04T14:19:30.6915301Z tests/test_data_sources.py:750: in test_cache_stats_tracking
Test (Python 3.12)	Run tests	2026-10-04T14:19:30.6915857Z     storage.cache_set("test_key", df)
Test (Python 3.12)	Run tests	2026-10-04T14:19:30.6916329Z src/stock_model/data/storage.py:204: in cache_set
Test (Python 3.12)	Run tests	2026-10-04T14:19:30.6916812Z     self._save(df, filepath, "parquet")
Test (Python 3.12)	Run tests	2026-10-04T14:19:30.6917292Z src/stock_model/data/storage.py:351: in _save
Test (Python 3.12)	Run tests	2026-10-04T14:19:30.6917764Z     df.to_parquet(filepath, index=True)
Test (Python 3.12)	Run tests	2026-10-04T14:19:30.6918571Z /opt/hostedtoolcache/Python/3.12.14/x64/lib/python3.12/site-packages/pandas/core/frame.py:3135: in to_parquet
Test (Python 3.12)	Run tests	2026-10-04T14:19:30.6919366Z     return to_parquet(
Test (Python 3.12)	Run tests	2026-10-04T14:19:30.6920067Z /opt/hostedtoolcache/Python/3.12.14/x64/lib/python3.12/site-packages/pandas/io/parquet.py:486: in to_parquet
Test (Python 3.12)	Run tests	2026-10-04T14:19:30.6920866Z     impl = get_engine(engine)
Test (Python 3.12)	Run tests	2026-10-04T14:19:30.6921242Z            ^^^^^^^^^^^^^^^^^^
Test (Python 3.12)	Run tests	2026-10-04T14:19:30.6922435Z /opt/hostedtoolcache/Python/3.12.14/x64/lib/python3.12/site-packages/pandas/io/parquet.py:68: in get_engine
Test (Python 3.12)	Run tests	2026-10-04T14:19:30.6923218Z     raise ImportError(
Test (Python 3.12)	Run tests	2026-10-04T14:19:30.6923792Z E   ImportError: Unable to find a usable engine; tried using: 'pyarrow', 'fastparquet'.
Test (Python 3.12)	Run tests	2026-10-04T14:19:30.6924664Z E   A suitable version of pyarrow or fastparquet is required for parquet support.
Test (Python 3.12)	Run tests	2026-10-04T14:19:30.6925367Z E   Trying to import the above resulted in these errors:
Test (Python 3.12)	Run tests	2026-10-04T14:19:30.6926465Z E    - `Import pyarrow` failed. pyarrow is required for parquet support. Use pip or conda to install the pyarrow package.
Test (Python 3.12)	Run tests	2026-10-04T14:19:30.6927781Z E    - `Import fastparquet` failed. fastparquet is required for parquet support. Use pip or conda to install the fastparquet package.
Test (Python 3.12)	Run tests	2026-10-04T14:19:30.6928870Z _________________ TestCacheEnhancements.test_cache_reset_stats _________________
Test (Python 3.12)	Run tests	2026-10-04T14:19:30.6929580Z tests/test_data_sources.py:763: in test_cache_reset_stats
Test (Python 3.12)	Run tests	2026-10-04T14:19:30.6930091Z     storage.cache_set("test_key", df)
Test (Python 3.12)	Run tests	2026-10-04T14:19:30.6930554Z src/stock_model/data/storage.py:204: in cache_set
Test (Python 3.12)	Run tests	2026-10-04T14:19:30.6931016Z     self._save(df, filepath, "parquet")
Test (Python 3.12)	Run tests	2026-10-04T14:19:30.6931451Z src/stock_model/data/storage.py:351: in _save
Test (Python 3.12)	Run tests	2026-10-04T14:19:30.6931894Z     df.to_parquet(filepath, index=True)
Test (Python 3.12)	Run tests	2026-10-04T14:19:30.6932844Z /opt/hostedtoolcache/Python/3.12.14/x64/lib/python3.12/site-packages/pandas/core/frame.py:3135: in to_parquet
Test (Python 3.12)	Run tests	2026-10-04T14:19:30.6933606Z     return to_parquet(
Test (Python 3.12)	Run tests	2026-10-04T14:19:30.6934294Z /opt/hostedtoolcache/Python/3.12.14/x64/lib/python3.12/site-packages/pandas/io/parquet.py:486: in to_parquet
Test (Python 3.12)	Run tests	2026-10-04T14:19:30.6935054Z     impl = get_engine(engine)
Test (Python 3.12)	Run tests	2026-10-04T14:19:30.6935430Z            ^^^^^^^^^^^^^^^^^^
Test (Python 3.12)	Run tests	2026-10-04T14:19:30.6936131Z /opt/hostedtoolcache/Python/3.12.14/x64/lib/python3.12/site-packages/pandas/io/parquet.py:68: in get_engine
Test (Python 3.12)	Run tests	2026-10-04T14:19:30.6936888Z     raise ImportError(
Test (Python 3.12)	Run tests	2026-10-04T14:19:30.6937457Z E   ImportError: Unable to find a usable engine; tried using: 'pyarrow', 'fastparquet'.
Test (Python 3.12)	Run tests	2026-10-04T14:19:30.6938339Z E   A suitable version of pyarrow or fastparquet is required for parquet support.
Test (Python 3.12)	Run tests	2026-10-04T14:19:30.6939023Z E   Trying to import the above resulted in these errors:
Test (Python 3.12)	Run tests	2026-10-04T14:19:30.6939892Z E    - `Import pyarrow` failed. pyarrow is required for parquet support. Use pip or conda to install the pyarrow package.
Test (Python 3.12)	Run tests	2026-10-04T14:19:30.6941233Z E    - `Import fastparquet` failed. fastparquet is required for parquet support. Use pip or conda to install the fastparquet package.
Test (Python 3.12)	Run tests	2026-10-04T14:19:30.6942513Z ________________ TestCacheEnhancements.test_cache_evict_expired ________________
Test (Python 3.12)	Run tests	2026-10-04T14:19:30.6943224Z tests/test_data_sources.py:778: in test_cache_evict_expired
Test (Python 3.12)	Run tests	2026-10-04T14:19:30.6943771Z     storage.cache_set("test_key", df)
Test (Python 3.12)	Run tests	2026-10-04T14:19:30.6944238Z src/stock_model/data/storage.py:204: in cache_set
Test (Python 3.12)	Run tests	2026-10-04T14:19:30.6944699Z     self._save(df, filepath, "parquet")
Test (Python 3.12)	Run tests	2026-10-04T14:19:30.6945181Z src/stock_model/data/storage.py:351: in _save
Test (Python 3.12)	Run tests	2026-10-04T14:19:30.6945636Z     df.to_parquet(filepath, index=True)
Test (Python 3.12)	Run tests	2026-10-04T14:19:30.6946392Z /opt/hostedtoolcache/Python/3.12.14/x64/lib/python3.12/site-packages/pandas/core/frame.py:3135: in to_parquet
Test (Python 3.12)	Run tests	2026-10-04T14:19:30.6947173Z     return to_parquet(
Test (Python 3.12)	Run tests	2026-10-04T14:19:30.6947850Z /opt/hostedtoolcache/Python/3.12.14/x64/lib/python3.12/site-packages/pandas/io/parquet.py:486: in to_parquet
Test (Python 3.12)	Run tests	2026-10-04T14:19:30.6948625Z     impl = get_engine(engine)
Test (Python 3.12)	Run tests	2026-10-04T14:19:30.6948981Z            ^^^^^^^^^^^^^^^^^^
Test (Python 3.12)	Run tests	2026-10-04T14:19:30.6949677Z /opt/hostedtoolcache/Python/3.12.14/x64/lib/python3.12/site-packages/pandas/io/parquet.py:68: in get_engine
Test (Python 3.12)	Run tests	2026-10-04T14:19:30.6950484Z     raise ImportError(
Test (Python 3.12)	Run tests	2026-10-04T14:19:30.6951056Z E   ImportError: Unable to find a usable engine; tried using: 'pyarrow', 'fastparquet'.
Test (Python 3.12)	Run tests	2026-10-04T14:19:30.6951948Z E   A suitable version of pyarrow or fastparquet is required for parquet support.
Test (Python 3.12)	Run tests	2026-10-04T14:19:30.6952855Z E   Trying to import the above resulted in these errors:
Test (Python 3.12)	Run tests	2026-10-04T14:19:30.6953949Z E    - `Import pyarrow` failed. pyarrow is required for parquet support. Use pip or conda to install the pyarrow package.
Test (Python 3.12)	Run tests	2026-10-04T14:19:30.6955299Z E    - `Import fastparquet` failed. fastparquet is required for parquet support. Use pip or conda to install the fastparquet package.
Test (Python 3.12)	Run tests	2026-10-04T14:19:30.6956417Z ______________ TestCacheEnhancements.test_cache_info_with_memory _______________
Test (Python 3.12)	Run tests	2026-10-04T14:19:30.6957364Z tests/test_data_sources.py:789: in test_cache_info_with_memory
Test (Python 3.12)	Run tests	2026-10-04T14:19:30.6957915Z     storage.cache_set("test_key", df)
Test (Python 3.12)	Run tests	2026-10-04T14:19:30.6958384Z src/stock_model/data/storage.py:204: in cache_set
Test (Python 3.12)	Run tests	2026-10-04T14:19:30.6958874Z     self._save(df, filepath, "parquet")
Test (Python 3.12)	Run tests	2026-10-04T14:19:30.6959329Z src/stock_model/data/storage.py:351: in _save
Test (Python 3.12)	Run tests	2026-10-04T14:19:30.6959790Z     df.to_parquet(filepath, index=True)
Test (Python 3.12)	Run tests	2026-10-04T14:19:30.6960591Z /opt/hostedtoolcache/Python/3.12.14/x64/lib/python3.12/site-packages/pandas/core/frame.py:3135: in to_parquet
Test (Python 3.12)	Run tests	2026-10-04T14:19:30.6961385Z     return to_parquet(
Test (Python 3.12)	Run tests	2026-10-04T14:19:30.6962292Z /opt/hostedtoolcache/Python/3.12.14/x64/lib/python3.12/site-packages/pandas/io/parquet.py:486: in to_parquet
Test (Python 3.12)	Run tests	2026-10-04T14:19:30.6963075Z     impl = get_engine(engine)
Test (Python 3.12)	Run tests	2026-10-04T14:19:30.6963434Z            ^^^^^^^^^^^^^^^^^^
Test (Python 3.12)	Run tests	2026-10-04T14:19:30.6964134Z /opt/hostedtoolcache/Python/3.12.14/x64/lib/python3.12/site-packages/pandas/io/parquet.py:68: in get_engine
Test (Python 3.12)	Run tests	2026-10-04T14:19:30.6964903Z     raise ImportError(
Test (Python 3.12)	Run tests	2026-10-04T14:19:30.6965541Z E   ImportError: Unable to find a usable engine; tried using: 'pyarrow', 'fastparquet'.
Test (Python 3.12)	Run tests	2026-10-04T14:19:30.6966371Z E   A suitable version of pyarrow or fastparquet is required for parquet support.
Test (Python 3.12)	Run tests	2026-10-04T14:19:30.6967043Z E   Trying to import the above resulted in these errors:
Test (Python 3.12)	Run tests	2026-10-04T14:19:30.6967933Z E    - `Import pyarrow` failed. pyarrow is required for parquet support. Use pip or conda to install the pyarrow package.
Test (Python 3.12)	Run tests	2026-10-04T14:19:30.6969235Z E    - `Import fastparquet` failed. fastparquet is required for parquet support. Use pip or conda to install the fastparquet package.
Test (Python 3.12)	Run tests	2026-10-04T14:19:30.6970337Z ______________ TestCacheEnhancements.test_cache_clear_both_layers ______________
Test (Python 3.12)	Run tests	2026-10-04T14:19:30.6971047Z tests/test_data_sources.py:800: in test_cache_clear_both_layers
Test (Python 3.12)	Run tests	2026-10-04T14:19:30.6971606Z     storage.cache_set("test_key", df)
Test (Python 3.12)	Run tests	2026-10-04T14:19:30.6972264Z src/stock_model/data/storage.py:204: in cache_set
Test (Python 3.12)	Run tests	2026-10-04T14:19:30.6972748Z     self._save(df, filepath, "parquet")
Test (Python 3.12)	Run tests	2026-10-04T14:19:30.6973190Z src/stock_model/data/storage.py:351: in _save
Test (Python 3.12)	Run tests	2026-10-04T14:19:30.6973648Z     df.to_parquet(filepath, index=True)
Test (Python 3.12)	Run tests	2026-10-04T14:19:30.6974403Z /opt/hostedtoolcache/Python/3.12.14/x64/lib/python3.12/site-packages/pandas/core/frame.py:3135: in to_parquet
Test (Python 3.12)	Run tests	2026-10-04T14:19:30.6975173Z     return to_parquet(
Test (Python 3.12)	Run tests	2026-10-04T14:19:30.6975844Z /opt/hostedtoolcache/Python/3.12.14/x64/lib/python3.12/site-packages/pandas/io/parquet.py:486: in to_parquet
Test (Python 3.12)	Run tests	2026-10-04T14:19:30.6976664Z     impl = get_engine(engine)
Test (Python 3.12)	Run tests	2026-10-04T14:19:30.6977019Z            ^^^^^^^^^^^^^^^^^^
Test (Python 3.12)	Run tests	2026-10-04T14:19:30.6977721Z /opt/hostedtoolcache/Python/3.12.14/x64/lib/python3.12/site-packages/pandas/io/parquet.py:68: in get_engine
Test (Python 3.12)	Run tests	2026-10-04T14:19:30.6978533Z     raise ImportError(
Test (Python 3.12)	Run tests	2026-10-04T14:19:30.6979085Z E   ImportError: Unable to find a usable engine; tried using: 'pyarrow', 'fastparquet'.
Test (Python 3.12)	Run tests	2026-10-04T14:19:30.6979902Z E   A suitable version of pyarrow or fastparquet is required for parquet support.
Test (Python 3.12)	Run tests	2026-10-04T14:19:30.6980568Z E   Trying to import the above resulted in these errors:
Test (Python 3.12)	Run tests	2026-10-04T14:19:30.6981505Z E    - `Import pyarrow` failed. pyarrow is required for parquet support. Use pip or conda to install the pyarrow package.
Test (Python 3.12)	Run tests	2026-10-04T14:19:30.6982990Z E    - `Import fastparquet` failed. fastparquet is required for parquet support. Use pip or conda to install the fastparquet package.
Test (Python 3.12)	Run tests	2026-10-04T14:19:30.6984067Z _______________ TestCacheEnhancements.test_cache_stats_disk_info _______________
Test (Python 3.12)	Run tests	2026-10-04T14:19:30.6984934Z tests/test_data_sources.py:811: in test_cache_stats_disk_info
Test (Python 3.12)	Run tests	2026-10-04T14:19:30.6985453Z     storage.cache_set("test_key", df)
Test (Python 3.12)	Run tests	2026-10-04T14:19:30.6985898Z src/stock_model/data/storage.py:204: in cache_set
Test (Python 3.12)	Run tests	2026-10-04T14:19:30.6986363Z     self._save(df, filepath, "parquet")
Test (Python 3.12)	Run tests	2026-10-04T14:19:30.6986818Z src/stock_model/data/storage.py:351: in _save
Test (Python 3.12)	Run tests	2026-10-04T14:19:30.6987288Z     df.to_parquet(filepath, index=True)
Test (Python 3.12)	Run tests	2026-10-04T14:19:30.6988250Z /opt/hostedtoolcache/Python/3.12.14/x64/lib/python3.12/site-packages/pandas/core/frame.py:3135: in to_parquet
Test (Python 3.12)	Run tests	2026-10-04T14:19:30.6989063Z     return to_parquet(
Test (Python 3.12)	Run tests	2026-10-04T14:19:30.6989773Z /opt/hostedtoolcache/Python/3.12.14/x64/lib/python3.12/site-packages/pandas/io/parquet.py:486: in to_parquet
Test (Python 3.12)	Run tests	2026-10-04T14:19:30.6990573Z     impl = get_engine(engine)
Test (Python 3.12)	Run tests	2026-10-04T14:19:30.6990947Z            ^^^^^^^^^^^^^^^^^^
Test (Python 3.12)	Run tests	2026-10-04T14:19:30.6991686Z /opt/hostedtoolcache/Python/3.12.14/x64/lib/python3.12/site-packages/pandas/io/parquet.py:68: in get_engine
Test (Python 3.12)	Run tests	2026-10-04T14:19:30.6992712Z     raise ImportError(
Test (Python 3.12)	Run tests	2026-10-04T14:19:30.6993306Z E   ImportError: Unable to find a usable engine; tried using: 'pyarrow', 'fastparquet'.
Test (Python 3.12)	Run tests	2026-10-04T14:19:30.6994185Z E   A suitable version of pyarrow or fastparquet is required for parquet support.
Test (Python 3.12)	Run tests	2026-10-04T14:19:30.6994905Z E   Trying to import the above resulted in these errors:
Test (Python 3.12)	Run tests	2026-10-04T14:19:30.6995863Z E    - `Import pyarrow` failed. pyarrow is required for parquet support. Use pip or conda to install the pyarrow package.
Test (Python 3.12)	Run tests	2026-10-04T14:19:30.6997258Z E    - `Import fastparquet` failed. fastparquet is required for parquet support. Use pip or conda to install the fastparquet package.
Test (Python 3.12)	Run tests	2026-10-04T14:19:30.6998407Z _____________ TestCacheEnhancements.test_cache_set_updates_memory ______________
Test (Python 3.12)	Run tests	2026-10-04T14:19:30.6999196Z tests/test_data_sources.py:822: in test_cache_set_updates_memory
Test (Python 3.12)	Run tests	2026-10-04T14:19:30.6999810Z     storage.cache_set("test_key", df1)
Test (Python 3.12)	Run tests	2026-10-04T14:19:30.7000303Z src/stock_model/data/storage.py:204: in cache_set
Test (Python 3.12)	Run tests	2026-10-04T14:19:30.7000796Z     self._save(df, filepath, "parquet")
Test (Python 3.12)	Run tests	2026-10-04T14:19:30.7001213Z src/stock_model/data/storage.py:351: in _save
Test (Python 3.12)	Run tests	2026-10-04T14:19:30.7001640Z     df.to_parquet(filepath, index=True)
Test (Python 3.12)	Run tests	2026-10-04T14:19:30.7002568Z /opt/hostedtoolcache/Python/3.12.14/x64/lib/python3.12/site-packages/pandas/core/frame.py:3135: in to_parquet
Test (Python 3.12)	Run tests	2026-10-04T14:19:30.7003305Z     return to_parquet(
Test (Python 3.12)	Run tests	2026-10-04T14:19:30.7004016Z /opt/hostedtoolcache/Python/3.12.14/x64/lib/python3.12/site-packages/pandas/io/parquet.py:486: in to_parquet
Test (Python 3.12)	Run tests	2026-10-04T14:19:30.7004804Z     impl = get_engine(engine)
Test (Python 3.12)	Run tests	2026-10-04T14:19:30.7005161Z            ^^^^^^^^^^^^^^^^^^
Test (Python 3.12)	Run tests	2026-10-04T14:19:30.7005860Z /opt/hostedtoolcache/Python/3.12.14/x64/lib/python3.12/site-packages/pandas/io/parquet.py:68: in get_engine
Test (Python 3.12)	Run tests	2026-10-04T14:19:30.7006613Z     raise ImportError(
Test (Python 3.12)	Run tests	2026-10-04T14:19:30.7007172Z E   ImportError: Unable to find a usable engine; tried using: 'pyarrow', 'fastparquet'.
Test (Python 3.12)	Run tests	2026-10-04T14:19:30.7007994Z E   A suitable version of pyarrow or fastparquet is required for parquet support.
Test (Python 3.12)	Run tests	2026-10-04T14:19:30.7008678Z E   Trying to import the above resulted in these errors:
Test (Python 3.12)	Run tests	2026-10-04T14:19:30.7009547Z E    - `Import pyarrow` failed. pyarrow is required for parquet support. Use pip or conda to install the pyarrow package.
Test (Python 3.12)	Run tests	2026-10-04T14:19:30.7010839Z E    - `Import fastparquet` failed. fastparquet is required for parquet support. Use pip or conda to install the fastparquet package.
Test (Python 3.12)	Run tests	2026-10-04T14:19:30.7011795Z =============================== warnings summary ===============================
Test (Python 3.12)	Run tests	2026-10-04T14:19:30.7012823Z ../../../../../opt/hostedtoolcache/Python/3.12.14/x64/lib/python3.12/site-packages/pandas_ta/__init__.py:37
Test (Python 3.12)	Run tests	2026-10-04T14:19:30.7014931Z   /opt/hostedtoolcache/Python/3.12.14/x64/lib/python3.12/site-packages/pandas_ta/__init__.py:37: Pandas4Warning: The 'mode.copy_on_write' option is deprecated. Copy-on-Write can no longer be disabled (it is always enabled with pandas >= 3.0), and setting the option has no impact. This option will be removed in pandas 4.0.
Test (Python 3.12)	Run tests	2026-10-04T14:19:30.7016974Z     from pandas_ta.core import AnalysisIndicators
Test (Python 3.12)	Run tests	2026-10-04T14:19:30.7017311Z 
Test (Python 3.12)	Run tests	2026-10-04T14:19:30.7017630Z -- Docs: https://docs.pytest.org/en/stable/how-to/capture-warnings.html
Test (Python 3.12)	Run tests	2026-10-04T14:19:30.7018302Z ================================ tests coverage ================================
Test (Python 3.12)	Run tests	2026-10-04T14:19:30.7018913Z _______________ coverage: platform linux, python 3.12.14-final-0 _______________
Test (Python 3.12)	Run tests	2026-10-04T14:19:30.7019549Z 
Test (Python 3.12)	Run tests	2026-10-04T14:19:30.7019765Z Name                                              Stmts   Miss  Cover   Missing
Test (Python 3.12)	Run tests	2026-10-04T14:19:30.7020379Z -------------------------------------------------------------------------------
Test (Python 3.12)	Run tests	2026-10-04T14:19:30.7021016Z src/stock_model/__init__.py                           1      0   100%
Test (Python 3.12)	Run tests	2026-10-04T14:19:30.7021653Z src/stock_model/analysis/__init__.py                  4      0   100%
Test (Python 3.12)	Run tests	2026-10-04T14:19:30.7022733Z src/stock_model/analysis/fundamental.py              94     64    32%   43, 68-69, 81-82, 94-102, 114-122, 135-145, 157-196, 208-218
Test (Python 3.12)	Run tests	2026-10-04T14:19:30.7023677Z src/stock_model/analysis/signals.py                 131      6    95%   50, 90, 94, 318-324
Test (Python 3.12)	Run tests	2026-10-04T14:19:30.7024474Z src/stock_model/analysis/technical.py                90      4    96%   24-26, 37
Test (Python 3.12)	Run tests	2026-10-04T14:19:30.7025185Z src/stock_model/config/__init__.py                    2      0   100%
Test (Python 3.12)	Run tests	2026-10-04T14:19:30.7025830Z src/stock_model/config/settings.py                   58      0   100%
Test (Python 3.12)	Run tests	2026-10-04T14:19:30.7026487Z src/stock_model/data/__init__.py                      5      0   100%
Test (Python 3.12)	Run tests	2026-10-04T14:19:30.7027249Z src/stock_model/data/collector.py                    90     29    68%   94, 116, 119-123, 131-135, 146-166, 170-175
Test (Python 3.12)	Run tests	2026-10-04T14:19:30.7028500Z src/stock_model/data/fetcher.py                     167     55    67%   88-93, 155, 174-176, 179-189, 192-193, 202-213, 278-283, 294-295, 308-309, 324-325, 332-333, 343-344, 354-355, 362-363, 368-369, 390-396
Test (Python 3.12)	Run tests	2026-10-04T14:19:30.7029711Z src/stock_model/data/monitor.py                     101      7    93%   45, 127, 143, 164, 170-171, 195
Test (Python 3.12)	Run tests	2026-10-04T14:19:30.7030563Z src/stock_model/data/processor.py                    61     46    25%   34-46, 60-64, 81-100, 114-127, 141-152
Test (Python 3.12)	Run tests	2026-10-04T14:19:30.7031329Z src/stock_model/data/sources/__init__.py              4      0   100%
Test (Python 3.12)	Run tests	2026-10-04T14:19:30.7032466Z src/stock_model/data/sources/akshare_source.py       70     52    26%   32-40, 49-57, 66-74, 77-80, 83-84, 91-110, 117-134, 137-138, 141-142, 147-167
Test (Python 3.12)	Run tests	2026-10-04T14:19:30.7033789Z src/stock_model/data/sources/baostock_source.py     215    145    33%   51, 58-62, 124-151, 160-186, 195-221, 225-226, 230-248, 252-270, 274-290, 298-345, 353-392
Test (Python 3.12)	Run tests	2026-10-04T14:19:30.7034824Z src/stock_model/data/sources/base.py                 25      1    96%   102
Test (Python 3.12)	Run tests	2026-10-04T14:19:30.7036020Z src/stock_model/data/storage.py                     182    107    41%   126-132, 142-148, 159-160, 169-170, 179-182, 188-191, 208-212, 225-261, 269-279, 283-297, 301-302, 313-329, 335-336, 341-343, 352-355, 361-370
Test (Python 3.12)	Run tests	2026-10-04T14:19:30.7037189Z src/stock_model/notify/__init__.py                    3      0   100%
Test (Python 3.12)	Run tests	2026-10-04T14:19:30.7037887Z src/stock_model/notify/channels.py                   42      5    88%   107-112
Test (Python 3.12)	Run tests	2026-10-04T14:19:30.7038631Z src/stock_model/notify/notifier.py                   35      2    94%   62-63
Test (Python 3.12)	Run tests	2026-10-04T14:19:30.7039309Z src/stock_model/pipeline/__init__.py                  4      0   100%
Test (Python 3.12)	Run tests	2026-10-04T14:19:30.7039991Z src/stock_model/pipeline/config.py                   36      4    89%   79-83
Test (Python 3.12)	Run tests	2026-10-04T14:19:30.7040712Z src/stock_model/pipeline/models.py                   48      2    96%   56, 61
Test (Python 3.12)	Run tests	2026-10-04T14:19:30.7041897Z src/stock_model/pipeline/trading_pipeline.py        186     62    67%   92, 103-104, 110, 114, 154, 179, 190-194, 206, 210, 229-231, 242-243, 289-292, 296-297, 323-325, 329-342, 346-384, 391-400, 411-412
Test (Python 3.12)	Run tests	2026-10-04T14:19:30.7043230Z src/stock_model/portfolio/__init__.py                 3      0   100%
Test (Python 3.12)	Run tests	2026-10-04T14:19:30.7043957Z src/stock_model/portfolio/models.py                  35      9    74%   27, 42, 47, 52-55, 58-59
Test (Python 3.12)	Run tests	2026-10-04T14:19:30.7045086Z src/stock_model/portfolio/optimizer.py              133     21    84%   48, 99, 106-107, 168, 175, 205-213, 274, 282, 302, 325-330
Test (Python 3.12)	Run tests	2026-10-04T14:19:30.7045952Z src/stock_model/risk/__init__.py                      4      0   100%
Test (Python 3.12)	Run tests	2026-10-04T14:19:30.7046646Z src/stock_model/risk/manager.py                      79      4    95%   131, 177, 216, 248
Test (Python 3.12)	Run tests	2026-10-04T14:19:30.7047519Z src/stock_model/risk/models.py                       69      1    99%   115
Test (Python 3.12)	Run tests	2026-10-04T14:19:30.7048232Z src/stock_model/risk/position_sizer.py               62      2    97%   144, 148
Test (Python 3.12)	Run tests	2026-10-04T14:19:30.7048945Z src/stock_model/strategy/__init__.py                  7      0   100%
Test (Python 3.12)	Run tests	2026-10-04T14:19:30.7049591Z src/stock_model/strategy/base.py                     34      0   100%
Test (Python 3.12)	Run tests	2026-10-04T14:19:30.7050466Z src/stock_model/strategy/engine.py                  371     24    94%   59, 82, 113, 163, 214, 236-239, 335, 371-376, 478-480, 561-562, 634-635, 672
Test (Python 3.12)	Run tests	2026-10-04T14:19:30.7051417Z src/stock_model/strategy/manual.py                   93     21    77%   139-172
Test (Python 3.12)	Run tests	2026-10-04T14:19:30.7052457Z src/stock_model/strategy/quant_strategy.py           74     10    86%   35, 64, 105, 118-120, 123-125, 141
Test (Python 3.12)	Run tests	2026-10-04T14:19:30.7053635Z src/stock_model/strategy/rl_agent.py                254    106    58%   131, 171-178, 191, 206, 216, 219, 222, 263, 313-362, 390-463, 479-487, 495-505, 525-533, 538, 543, 547-565, 593, 628
Test (Python 3.12)	Run tests	2026-10-04T14:19:30.7055418Z src/stock_model/strategy/trading_env.py             419     67    84%   38, 49, 68, 74-79, 181-188, 196, 242-244, 257, 287, 296, 332, 342, 346, 350-352, 361-369, 379, 391-393, 405, 414-418, 484-487, 521-522, 560-562, 575-585, 592, 625, 649, 674, 683, 687, 742, 749-751
Test (Python 3.12)	Run tests	2026-10-04T14:19:30.7056784Z src/stock_model/utils/__init__.py                     3      0   100%
Test (Python 3.12)	Run tests	2026-10-04T14:19:30.7057465Z src/stock_model/utils/helpers.py                     44      1    98%   97
Test (Python 3.12)	Run tests	2026-10-04T14:19:30.7058187Z src/stock_model/utils/logger.py                      13      8    38%   23-53
Test (Python 3.12)	Run tests	2026-10-04T14:19:30.7058904Z src/stock_model/visualization/__init__.py             2      2     0%   3-5
Test (Python 3.12)	Run tests	2026-10-04T14:19:30.7059643Z src/stock_model/visualization/charts.py              94     94     0%   11-312
Test (Python 3.12)	Run tests	2026-10-04T14:19:30.7060335Z src/stock_model/web/__init__.py                       2      0   100%
Test (Python 3.12)	Run tests	2026-10-04T14:19:30.7060982Z src/stock_model/web/app.py                          240    224     7%   41-483
Test (Python 3.12)	Run tests	2026-10-04T14:19:30.7061646Z -------------------------------------------------------------------------------
Test (Python 3.12)	Run tests	2026-10-04T14:19:30.7062396Z TOTAL                                              3689   1185    68%
Test (Python 3.12)	Run tests	2026-10-04T14:19:30.7062885Z Coverage XML written to file coverage.xml
Test (Python 3.12)	Run tests	2026-10-04T14:19:30.8432642Z =========================== short test summary info ============================
Test (Python 3.12)	Run tests	2026-10-04T14:19:30.8433889Z FAILED tests/test_data_sources.py::TestCacheEnhancements::test_memory_cache_hit - ImportError: Unable to find a usable engine; tried using: 'pyarrow', 'fastparquet'.
Test (Python 3.12)	Run tests	2026-10-04T14:19:30.8438449Z A suitable version of pyarrow or fastparquet is required for parquet support.
Test (Python 3.12)	Run tests	2026-10-04T14:19:30.8439273Z Trying to import the above resulted in these errors:
Test (Python 3.12)	Run tests	2026-10-04T14:19:30.8440296Z  - `Import pyarrow` failed. pyarrow is required for parquet support. Use pip or conda to install the pyarrow package.
Test (Python 3.12)	Run tests	2026-10-04T14:19:30.8441481Z  - `Import fastparquet` failed. fastparquet is required for parquet support. Use pip or conda to install the fastparquet package.
Test (Python 3.12)	Run tests	2026-10-04T14:19:30.8442984Z FAILED tests/test_data_sources.py::TestCacheEnhancements::test_memory_cache_lru_eviction - ImportError: Unable to find a usable engine; tried using: 'pyarrow', 'fastparquet'.
Test (Python 3.12)	Run tests	2026-10-04T14:19:30.8443989Z A suitable version of pyarrow or fastparquet is required for parquet support.
Test (Python 3.12)	Run tests	2026-10-04T14:19:30.8444510Z Trying to import the above resulted in these errors:
Test (Python 3.12)	Run tests	2026-10-04T14:19:30.8445243Z  - `Import pyarrow` failed. pyarrow is required for parquet support. Use pip or conda to install the pyarrow package.
Test (Python 3.12)	Run tests	2026-10-04T14:19:30.8446503Z  - `Import fastparquet` failed. fastparquet is required for parquet support. Use pip or conda to install the fastparquet package.
Test (Python 3.12)	Run tests	2026-10-04T14:19:30.8447692Z FAILED tests/test_data_sources.py::TestCacheEnhancements::test_cache_stats_tracking - ImportError: Unable to find a usable engine; tried using: 'pyarrow', 'fastparquet'.
Test (Python 3.12)	Run tests	2026-10-04T14:19:30.8448821Z A suitable version of pyarrow or fastparquet is required for parquet support.
Test (Python 3.12)	Run tests	2026-10-04T14:19:30.8449272Z Trying to import the above resulted in these errors:
Test (Python 3.12)	Run tests	2026-10-04T14:19:30.8449846Z  - `Import pyarrow` failed. pyarrow is required for parquet support. Use pip or conda to install the pyarrow package.
Test (Python 3.12)	Run tests	2026-10-04T14:19:30.8450686Z  - `Import fastparquet` failed. fastparquet is required for parquet support. Use pip or conda to install the fastparquet package.
Test (Python 3.12)	Run tests	2026-10-04T14:19:30.8451704Z FAILED tests/test_data_sources.py::TestCacheEnhancements::test_cache_reset_stats - ImportError: Unable to find a usable engine; tried using: 'pyarrow', 'fastparquet'.
Test (Python 3.12)	Run tests	2026-10-04T14:19:30.8453192Z A suitable version of pyarrow or fastparquet is required for parquet support.
Test (Python 3.12)	Run tests	2026-10-04T14:19:30.8453974Z Trying to import the above resulted in these errors:
Test (Python 3.12)	Run tests	2026-10-04T14:19:30.8454948Z  - `Import pyarrow` failed. pyarrow is required for parquet support. Use pip or conda to install the pyarrow package.
Test (Python 3.12)	Run tests	2026-10-04T14:19:30.8456380Z  - `Import fastparquet` failed. fastparquet is required for parquet support. Use pip or conda to install the fastparquet package.
Test (Python 3.12)	Run tests	2026-10-04T14:19:30.8458150Z FAILED tests/test_data_sources.py::TestCacheEnhancements::test_cache_evict_expired - ImportError: Unable to find a usable engine; tried using: 'pyarrow', 'fastparquet'.
Test (Python 3.12)	Run tests	2026-10-04T14:19:30.8459617Z A suitable version of pyarrow or fastparquet is required for parquet support.
Test (Python 3.12)	Run tests	2026-10-04T14:19:30.8460394Z Trying to import the above resulted in these errors:
Test (Python 3.12)	Run tests	2026-10-04T14:19:30.8461383Z  - `Import pyarrow` failed. pyarrow is required for parquet support. Use pip or conda to install the pyarrow package.
Test (Python 3.12)	Run tests	2026-10-04T14:19:30.8462664Z  - `Import fastparquet` failed. fastparquet is required for parquet support. Use pip or conda to install the fastparquet package.
Test (Python 3.12)	Run tests	2026-10-04T14:19:30.8463693Z FAILED tests/test_data_sources.py::TestCacheEnhancements::test_cache_info_with_memory - ImportError: Unable to find a usable engine; tried using: 'pyarrow', 'fastparquet'.
Test (Python 3.12)	Run tests	2026-10-04T14:19:30.8464805Z A suitable version of pyarrow or fastparquet is required for parquet support.
Test (Python 3.12)	Run tests	2026-10-04T14:19:30.8465260Z Trying to import the above resulted in these errors:
Test (Python 3.12)	Run tests	2026-10-04T14:19:30.8465830Z  - `Import pyarrow` failed. pyarrow is required for parquet support. Use pip or conda to install the pyarrow package.
Test (Python 3.12)	Run tests	2026-10-04T14:19:30.8466659Z  - `Import fastparquet` failed. fastparquet is required for parquet support. Use pip or conda to install the fastparquet package.
Test (Python 3.12)	Run tests	2026-10-04T14:19:30.8467672Z FAILED tests/test_data_sources.py::TestCacheEnhancements::test_cache_clear_both_layers - ImportError: Unable to find a usable engine; tried using: 'pyarrow', 'fastparquet'.
Test (Python 3.12)	Run tests	2026-10-04T14:19:30.8468524Z A suitable version of pyarrow or fastparquet is required for parquet support.
Test (Python 3.12)	Run tests	2026-10-04T14:19:30.8468961Z Trying to import the above resulted in these errors:
Test (Python 3.12)	Run tests	2026-10-04T14:19:30.8469509Z  - `Import pyarrow` failed. pyarrow is required for parquet support. Use pip or conda to install the pyarrow package.
Test (Python 3.12)	Run tests	2026-10-04T14:19:30.8470325Z  - `Import fastparquet` failed. fastparquet is required for parquet support. Use pip or conda to install the fastparquet package.
Test (Python 3.12)	Run tests	2026-10-04T14:19:30.8471358Z FAILED tests/test_data_sources.py::TestCacheEnhancements::test_cache_stats_disk_info - ImportError: Unable to find a usable engine; tried using: 'pyarrow', 'fastparquet'.
Test (Python 3.12)	Run tests	2026-10-04T14:19:30.8472490Z A suitable version of pyarrow or fastparquet is required for parquet support.
Test (Python 3.12)	Run tests	2026-10-04T14:19:30.8472944Z Trying to import the above resulted in these errors:
Test (Python 3.12)	Run tests	2026-10-04T14:19:30.8473697Z  - `Import pyarrow` failed. pyarrow is required for parquet support. Use pip or conda to install the pyarrow package.
Test (Python 3.12)	Run tests	2026-10-04T14:19:30.8475111Z  - `Import fastparquet` failed. fastparquet is required for parquet support. Use pip or conda to install the fastparquet package.
Test (Python 3.12)	Run tests	2026-10-04T14:19:30.8476180Z FAILED tests/test_data_sources.py::TestCacheEnhancements::test_cache_set_updates_memory - ImportError: Unable to find a usable engine; tried using: 'pyarrow', 'fastparquet'.
Test (Python 3.12)	Run tests	2026-10-04T14:19:30.8477190Z A suitable version of pyarrow or fastparquet is required for parquet support.
Test (Python 3.12)	Run tests	2026-10-04T14:19:30.8477628Z Trying to import the above resulted in these errors:
Test (Python 3.12)	Run tests	2026-10-04T14:19:30.8478188Z  - `Import pyarrow` failed. pyarrow is required for parquet support. Use pip or conda to install the pyarrow package.
Test (Python 3.12)	Run tests	2026-10-04T14:19:30.8479125Z  - `Import fastparquet` failed. fastparquet is required for parquet support. Use pip or conda to install the fastparquet package.
Test (Python 3.12)	Run tests	2026-10-04T14:19:30.8479789Z ================== 9 failed, 254 passed, 1 warning in 18.79s ===================
Test (Python 3.12)	Run tests	2026-10-04T14:19:31.1615961Z ##[error]Process completed with exit code 1.
Test (Python 3.12)	Post Run actions/checkout@v4	﻿2026-10-04T14:19:31.2828526Z Post job cleanup.
Test (Python 3.12)	Post Run actions/checkout@v4	2026-10-04T14:19:31.3745417Z [command]/usr/bin/git version
Test (Python 3.12)	Post Run actions/checkout@v4	2026-10-04T14:19:31.3790242Z git version 2.55.0
Test (Python 3.12)	Post Run actions/checkout@v4	2026-10-04T14:19:31.3834094Z Temporarily overriding HOME='/home/runner/work/_temp/8f9e616a-ece0-448e-bdc0-b1151dd02814' before making global git config changes
Test (Python 3.12)	Post Run actions/checkout@v4	2026-10-04T14:19:31.3835678Z Adding repository directory to the temporary git global config as a safe directory
Test (Python 3.12)	Post Run actions/checkout@v4	2026-10-04T14:19:31.3841820Z [command]/usr/bin/git config --global --add safe.directory /home/runner/work/stock-model/stock-model
Test (Python 3.12)	Post Run actions/checkout@v4	2026-10-04T14:19:31.3887225Z [command]/usr/bin/git config --local --name-only --get-regexp core\.sshCommand
Test (Python 3.12)	Post Run actions/checkout@v4	2026-10-04T14:19:31.3929144Z [command]/usr/bin/git submodule foreach --recursive sh -c "git config --local --name-only --get-regexp 'core\.sshCommand' && git config --local --unset-all 'core.sshCommand' || :"
Test (Python 3.12)	Post Run actions/checkout@v4	2026-10-04T14:19:31.4204182Z [command]/usr/bin/git config --local --name-only --get-regexp http\.https\:\/\/github\.com\/\.extraheader
Test (Python 3.12)	Post Run actions/checkout@v4	2026-10-04T14:19:31.4240104Z http.https://github.com/.extraheader
Test (Python 3.12)	Post Run actions/checkout@v4	2026-10-04T14:19:31.4253169Z [command]/usr/bin/git config --local --unset-all http.https://github.com/.extraheader
Test (Python 3.12)	Post Run actions/checkout@v4	2026-10-04T14:19:31.4299098Z [command]/usr/bin/git submodule foreach --recursive sh -c "git config --local --name-only --get-regexp 'http\.https\:\/\/github\.com\/\.extraheader' && git config --local --unset-all 'http.https://github.com/.extraheader' || :"
Test (Python 3.12)	Post Run actions/checkout@v4	2026-10-04T14:19:31.4584215Z [command]/usr/bin/git config --local --name-only --get-regexp ^includeIf\.gitdir:
Test (Python 3.12)	Post Run actions/checkout@v4	2026-10-04T14:19:31.4637020Z [command]/usr/bin/git submodule foreach --recursive git config --local --show-origin --name-only --get-regexp remote.origin.url
Test (Python 3.12)	Complete job	﻿2026-10-04T14:19:31.5069520Z Cleaning up orphan processes
Test (Python 3.12)	Complete job	2026-10-04T14:19:31.5515667Z ##[warning]Node.js 20 is deprecated. The following actions target Node.js 20 but are being forced to run on Node.js 24: actions/checkout@v4, actions/setup-python@v5. For more information see: https://github.blog/changelog/2025-09-19-deprecation-of-node-20-on-github-actions-runners/
Lint	Set up job	﻿2026-10-04T14:18:02.6820278Z Current runner version: '2.337.0'
Lint	Set up job	2026-10-04T14:18:02.6847460Z ##[group]Runner Image Provisioner
Lint	Set up job	2026-10-04T14:18:02.6848307Z Hosted Compute Agent
Lint	Set up job	2026-10-04T14:18:02.6849056Z Version: 20260901.588
Lint	Set up job	2026-10-04T14:18:02.6849696Z Commit: f88ec8081b781fac6c440065ac7ff9e710ce3d0b
Lint	Set up job	2026-10-04T14:18:02.6850423Z Build Date: 2026-09-01T19:56:44Z
Lint	Set up job	2026-10-04T14:18:02.6851237Z Worker ID: {907d12a4-7a59-455f-8fde-807a8a12d31a}
Lint	Set up job	2026-10-04T14:18:02.6851953Z Azure Region: eastus2
Lint	Set up job	2026-10-04T14:18:02.6852588Z ##[endgroup]
Lint	Set up job	2026-10-04T14:18:02.6854293Z ##[group]Operating System
Lint	Set up job	2026-10-04T14:18:02.6854985Z Ubuntu
Lint	Set up job	2026-10-04T14:18:02.6855695Z 24.04.5
Lint	Set up job	2026-10-04T14:18:02.6856263Z LTS
Lint	Set up job	2026-10-04T14:18:02.6856939Z ##[endgroup]
Lint	Set up job	2026-10-04T14:18:02.6857569Z ##[group]Runner Image
Lint	Set up job	2026-10-04T14:18:02.6858211Z Image: ubuntu-24.04
Lint	Set up job	2026-10-04T14:18:02.6858857Z Version: 20260927.320.1
Lint	Set up job	2026-10-04T14:18:02.6859928Z Included Software: https://github.com/actions/runner-images/blob/ubuntu24/20260927.320/images/ubuntu/Ubuntu2404-Readme.md
Lint	Set up job	2026-10-04T14:18:02.6861741Z Image Release: https://github.com/actions/runner-images/releases/tag/ubuntu24%2F20260927.320
Lint	Set up job	2026-10-04T14:18:02.6862704Z ##[endgroup]
Lint	Set up job	2026-10-04T14:18:02.6864289Z ##[group]GITHUB_TOKEN Permissions
Lint	Set up job	2026-10-04T14:18:02.6866571Z Contents: read
Lint	Set up job	2026-10-04T14:18:02.6867283Z Metadata: read
Lint	Set up job	2026-10-04T14:18:02.6867852Z Packages: read
Lint	Set up job	2026-10-04T14:18:02.6868418Z ##[endgroup]
Lint	Set up job	2026-10-04T14:18:02.6870540Z Secret source: Actions
Lint	Set up job	2026-10-04T14:18:02.6871540Z Cache mode: write
Lint	Set up job	2026-10-04T14:18:02.6872444Z Prepare workflow directory
Lint	Set up job	2026-10-04T14:18:02.7205362Z Prepare all required actions
Lint	Set up job	2026-10-04T14:18:02.7252892Z Getting action download info
Lint	Set up job	2026-10-04T14:18:02.9670868Z Download action repository 'actions/checkout@v4' (SHA:11d5960a326750d5838078e36cf38b85af677262)
Lint	Set up job	2026-10-04T14:18:03.0782909Z Download action repository 'actions/setup-python@v5' (SHA:a26af69be951a213d495a4c3e4e4022e16d87065)
Lint	Set up job	2026-10-04T14:18:03.2606938Z Complete job name: Lint
Lint	Run actions/checkout@v4	﻿2026-10-04T14:18:03.3361631Z ##[group]Run actions/checkout@v4
Lint	Run actions/checkout@v4	2026-10-04T14:18:03.3362550Z with:
Lint	Run actions/checkout@v4	2026-10-04T14:18:03.3363225Z   repository: Colinchiu007/stock-model
Lint	Run actions/checkout@v4	2026-10-04T14:18:03.3367146Z   token: ***
Lint	Run actions/checkout@v4	2026-10-04T14:18:03.3367593Z   ssh-strict: true
Lint	Run actions/checkout@v4	2026-10-04T14:18:03.3368046Z   ssh-user: git
Lint	Run actions/checkout@v4	2026-10-04T14:18:03.3368508Z   persist-credentials: true
Lint	Run actions/checkout@v4	2026-10-04T14:18:03.3369016Z   clean: true
Lint	Run actions/checkout@v4	2026-10-04T14:18:03.3369476Z   sparse-checkout-cone-mode: true
Lint	Run actions/checkout@v4	2026-10-04T14:18:03.3370018Z   fetch-depth: 1
Lint	Run actions/checkout@v4	2026-10-04T14:18:03.3370459Z   fetch-tags: false
Lint	Run actions/checkout@v4	2026-10-04T14:18:03.3370915Z   show-progress: true
Lint	Run actions/checkout@v4	2026-10-04T14:18:03.3371382Z   lfs: false
Lint	Run actions/checkout@v4	2026-10-04T14:18:03.3371804Z   submodules: false
Lint	Run actions/checkout@v4	2026-10-04T14:18:03.3372270Z   set-safe-directory: true
Lint	Run actions/checkout@v4	2026-10-04T14:18:03.3372787Z   allow-unsafe-pr-checkout: false
Lint	Run actions/checkout@v4	2026-10-04T14:18:03.3373794Z ##[endgroup]
Lint	Run actions/checkout@v4	2026-10-04T14:18:03.4381864Z Syncing repository: Colinchiu007/stock-model
Lint	Run actions/checkout@v4	2026-10-04T14:18:03.4389559Z ##[group]Getting Git version info
Lint	Run actions/checkout@v4	2026-10-04T14:18:03.4391322Z Working directory is '/home/runner/work/stock-model/stock-model'
Lint	Run actions/checkout@v4	2026-10-04T14:18:03.4393453Z [command]/usr/bin/git version
Lint	Run actions/checkout@v4	2026-10-04T14:18:03.4473124Z git version 2.55.0
Lint	Run actions/checkout@v4	2026-10-04T14:18:03.4505924Z ##[endgroup]
Lint	Run actions/checkout@v4	2026-10-04T14:18:03.4522094Z Temporarily overriding HOME='/home/runner/work/_temp/c8ba9dcd-da4c-4587-a38e-3f995e1cafef' before making global git config changes
Lint	Run actions/checkout@v4	2026-10-04T14:18:03.4525047Z Adding repository directory to the temporary git global config as a safe directory
Lint	Run actions/checkout@v4	2026-10-04T14:18:03.4527966Z [command]/usr/bin/git config --global --add safe.directory /home/runner/work/stock-model/stock-model
Lint	Run actions/checkout@v4	2026-10-04T14:18:03.4586698Z Deleting the contents of '/home/runner/work/stock-model/stock-model'
Lint	Run actions/checkout@v4	2026-10-04T14:18:03.4591699Z ##[group]Initializing the repository
Lint	Run actions/checkout@v4	2026-10-04T14:18:03.4595851Z [command]/usr/bin/git init /home/runner/work/stock-model/stock-model
Lint	Run actions/checkout@v4	2026-10-04T14:18:03.4712733Z hint: Using 'master' as the name for the initial branch. This default branch name
Lint	Run actions/checkout@v4	2026-10-04T14:18:03.4714689Z hint: will change to "main" in Git 3.0. To configure the initial branch name
Lint	Run actions/checkout@v4	2026-10-04T14:18:03.4716692Z hint: to use in all of your new repositories, which will suppress this warning,
Lint	Run actions/checkout@v4	2026-10-04T14:18:03.4717920Z hint: call:
Lint	Run actions/checkout@v4	2026-10-04T14:18:03.4718546Z hint:
Lint	Run actions/checkout@v4	2026-10-04T14:18:03.4719365Z hint: 	git config --global init.defaultBranch <name>
Lint	Run actions/checkout@v4	2026-10-04T14:18:03.4720465Z hint:
Lint	Run actions/checkout@v4	2026-10-04T14:18:03.4721390Z hint: Names commonly chosen instead of 'master' are 'main', 'trunk' and
Lint	Run actions/checkout@v4	2026-10-04T14:18:03.4722885Z hint: 'development'. The just-created branch can be renamed via this command:
Lint	Run actions/checkout@v4	2026-10-04T14:18:03.4724337Z hint:
Lint	Run actions/checkout@v4	2026-10-04T14:18:03.4725063Z hint: 	git branch -m <name>
Lint	Run actions/checkout@v4	2026-10-04T14:18:03.4725863Z hint:
Lint	Run actions/checkout@v4	2026-10-04T14:18:03.4726879Z hint: Disable this message with "git config set advice.defaultBranchName false"
Lint	Run actions/checkout@v4	2026-10-04T14:18:03.4728617Z Initialized empty Git repository in /home/runner/work/stock-model/stock-model/.git/
Lint	Run actions/checkout@v4	2026-10-04T14:18:03.4731412Z [command]/usr/bin/git remote add origin https://github.com/Colinchiu007/stock-model
Lint	Run actions/checkout@v4	2026-10-04T14:18:03.4780857Z ##[endgroup]
Lint	Run actions/checkout@v4	2026-10-04T14:18:03.4782532Z ##[group]Disabling automatic garbage collection
Lint	Run actions/checkout@v4	2026-10-04T14:18:03.4784648Z [command]/usr/bin/git config --local gc.auto 0
Lint	Run actions/checkout@v4	2026-10-04T14:18:03.4817725Z ##[endgroup]
Lint	Run actions/checkout@v4	2026-10-04T14:18:03.4818911Z ##[group]Setting up auth
Lint	Run actions/checkout@v4	2026-10-04T14:18:03.4824834Z [command]/usr/bin/git config --local --name-only --get-regexp core\.sshCommand
Lint	Run actions/checkout@v4	2026-10-04T14:18:03.4863360Z [command]/usr/bin/git submodule foreach --recursive sh -c "git config --local --name-only --get-regexp 'core\.sshCommand' && git config --local --unset-all 'core.sshCommand' || :"
Lint	Run actions/checkout@v4	2026-10-04T14:18:03.5277804Z [command]/usr/bin/git config --local --name-only --get-regexp http\.https\:\/\/github\.com\/\.extraheader
Lint	Run actions/checkout@v4	2026-10-04T14:18:03.5316317Z [command]/usr/bin/git submodule foreach --recursive sh -c "git config --local --name-only --get-regexp 'http\.https\:\/\/github\.com\/\.extraheader' && git config --local --unset-all 'http.https://github.com/.extraheader' || :"
Lint	Run actions/checkout@v4	2026-10-04T14:18:03.5539858Z [command]/usr/bin/git config --local --name-only --get-regexp ^includeIf\.gitdir:
Lint	Run actions/checkout@v4	2026-10-04T14:18:03.5575087Z [command]/usr/bin/git submodule foreach --recursive git config --local --show-origin --name-only --get-regexp remote.origin.url
Lint	Run actions/checkout@v4	2026-10-04T14:18:03.5802655Z [command]/usr/bin/git config --local http.https://github.com/.extraheader AUTHORIZATION: basic ***
Lint	Run actions/checkout@v4	2026-10-04T14:18:03.5844317Z ##[endgroup]
Lint	Run actions/checkout@v4	2026-10-04T14:18:03.5845196Z ##[group]Fetching the repository
Lint	Run actions/checkout@v4	2026-10-04T14:18:03.5854878Z [command]/usr/bin/git -c protocol.version=2 fetch --no-tags --prune --no-recurse-submodules --depth=1 origin +bb290b61a6e4fbd0ca235df6cf1453c6d4b3fb47:refs/remotes/pull/3/merge
Lint	Run actions/checkout@v4	2026-10-04T14:18:03.8445286Z From https://github.com/Colinchiu007/stock-model
Lint	Run actions/checkout@v4	2026-10-04T14:18:03.8447250Z  * [new ref]         bb290b61a6e4fbd0ca235df6cf1453c6d4b3fb47 -> pull/3/merge
Lint	Run actions/checkout@v4	2026-10-04T14:18:03.8451018Z ##[endgroup]
Lint	Run actions/checkout@v4	2026-10-04T14:18:03.8452744Z ##[group]Determining the checkout info
Lint	Run actions/checkout@v4	2026-10-04T14:18:03.8455059Z ##[endgroup]
Lint	Run actions/checkout@v4	2026-10-04T14:18:03.8461451Z [command]/usr/bin/git sparse-checkout disable
Lint	Run actions/checkout@v4	2026-10-04T14:18:03.8528627Z [command]/usr/bin/git config --local --unset-all extensions.worktreeConfig
Lint	Run actions/checkout@v4	2026-10-04T14:18:03.8561924Z ##[group]Checking out the ref
Lint	Run actions/checkout@v4	2026-10-04T14:18:03.8566334Z [command]/usr/bin/git checkout --progress --force refs/remotes/pull/3/merge
Lint	Run actions/checkout@v4	2026-10-04T14:18:03.8676596Z Note: switching to 'refs/remotes/pull/3/merge'.
Lint	Run actions/checkout@v4	2026-10-04T14:18:03.8677558Z 
Lint	Run actions/checkout@v4	2026-10-04T14:18:03.8678521Z You are in 'detached HEAD' state. You can look around, make experimental
Lint	Run actions/checkout@v4	2026-10-04T14:18:03.8680957Z changes and commit them, and you can discard any commits you make in this
Lint	Run actions/checkout@v4	2026-10-04T14:18:03.8683451Z state without impacting any branches by switching back to a branch.
Lint	Run actions/checkout@v4	2026-10-04T14:18:03.8684857Z 
Lint	Run actions/checkout@v4	2026-10-04T14:18:03.8686064Z If you want to create a new branch to retain commits you create, you may
Lint	Run actions/checkout@v4	2026-10-04T14:18:03.8687965Z do so (now or later) by using -c with the switch command. Example:
Lint	Run actions/checkout@v4	2026-10-04T14:18:03.8689013Z 
Lint	Run actions/checkout@v4	2026-10-04T14:18:03.8689539Z   git switch -c <new-branch-name>
Lint	Run actions/checkout@v4	2026-10-04T14:18:03.8690629Z 
Lint	Run actions/checkout@v4	2026-10-04T14:18:03.8691065Z Or undo this operation with:
Lint	Run actions/checkout@v4	2026-10-04T14:18:03.8691731Z 
Lint	Run actions/checkout@v4	2026-10-04T14:18:03.8692119Z   git switch -
Lint	Run actions/checkout@v4	2026-10-04T14:18:03.8692714Z 
Lint	Run actions/checkout@v4	2026-10-04T14:18:03.8693782Z Turn off this advice by setting config variable advice.detachedHead to false
Lint	Run actions/checkout@v4	2026-10-04T14:18:03.8695084Z 
Lint	Run actions/checkout@v4	2026-10-04T14:18:03.8696429Z HEAD is now at bb290b6 Merge d8ff3922f3e34bcd2c0dcd8918c03214dfa194e0 into 2eed5b885493094f1cd3f88d5f3f41a6965d57e3
Lint	Run actions/checkout@v4	2026-10-04T14:18:03.8700062Z ##[endgroup]
Lint	Run actions/checkout@v4	2026-10-04T14:18:03.8738035Z [command]/usr/bin/git log -1 --format=%H
Lint	Run actions/checkout@v4	2026-10-04T14:18:03.8765662Z bb290b61a6e4fbd0ca235df6cf1453c6d4b3fb47
Lint	Run actions/setup-python@v5	﻿2026-10-04T14:18:03.9078204Z ##[group]Run actions/setup-python@v5
Lint	Run actions/setup-python@v5	2026-10-04T14:18:03.9078928Z with:
Lint	Run actions/setup-python@v5	2026-10-04T14:18:03.9079424Z   python-version: 3.12
Lint	Run actions/setup-python@v5	2026-10-04T14:18:03.9079950Z   check-latest: false
Lint	Run actions/setup-python@v5	2026-10-04T14:18:03.9084311Z   token: ***
Lint	Run actions/setup-python@v5	2026-10-04T14:18:03.9084836Z   update-environment: true
Lint	Run actions/setup-python@v5	2026-10-04T14:18:03.9085400Z   allow-prereleases: false
Lint	Run actions/setup-python@v5	2026-10-04T14:18:03.9085978Z   freethreaded: false
Lint	Run actions/setup-python@v5	2026-10-04T14:18:03.9086479Z ##[endgroup]
Lint	Run actions/setup-python@v5	2026-10-04T14:18:04.0514407Z ##[group]Installed versions
Lint	Run actions/setup-python@v5	2026-10-04T14:18:04.0594814Z (node:2279) [DEP0040] DeprecationWarning: The `punycode` module is deprecated. Please use a userland alternative instead.
Lint	Run actions/setup-python@v5	2026-10-04T14:18:04.0597119Z (Use `node --trace-deprecation ...` to show where the warning was created)
Lint	Run actions/setup-python@v5	2026-10-04T14:18:04.0598332Z Successfully set up CPython (3.12.14)
Lint	Run actions/setup-python@v5	2026-10-04T14:18:04.0599392Z ##[endgroup]
Lint	Install dev dependencies	﻿2026-10-04T14:18:04.0774924Z ##[group]Run pip install --upgrade pip
Lint	Install dev dependencies	2026-10-04T14:18:04.0775772Z ^[[36;1mpip install --upgrade pip^[[0m
Lint	Install dev dependencies	2026-10-04T14:18:04.0776445Z ^[[36;1mpip install ruff mypy^[[0m
Lint	Install dev dependencies	2026-10-04T14:18:04.1096302Z shell: /usr/bin/bash -e {0}
Lint	Install dev dependencies	2026-10-04T14:18:04.1096983Z env:
Lint	Install dev dependencies	2026-10-04T14:18:04.1097582Z   pythonLocation: /opt/hostedtoolcache/Python/3.12.14/x64
Lint	Install dev dependencies	2026-10-04T14:18:04.1098589Z   PKG_CONFIG_PATH: /opt/hostedtoolcache/Python/3.12.14/x64/lib/pkgconfig
Lint	Install dev dependencies	2026-10-04T14:18:04.1099571Z   Python_ROOT_DIR: /opt/hostedtoolcache/Python/3.12.14/x64
Lint	Install dev dependencies	2026-10-04T14:18:04.1100480Z   Python2_ROOT_DIR: /opt/hostedtoolcache/Python/3.12.14/x64
Lint	Install dev dependencies	2026-10-04T14:18:04.1101365Z   Python3_ROOT_DIR: /opt/hostedtoolcache/Python/3.12.14/x64
Lint	Install dev dependencies	2026-10-04T14:18:04.1102260Z   LD_LIBRARY_PATH: /opt/hostedtoolcache/Python/3.12.14/x64/lib
Lint	Install dev dependencies	2026-10-04T14:18:04.1103212Z ##[endgroup]
Lint	Install dev dependencies	2026-10-04T14:18:04.8483302Z Requirement already satisfied: pip in /opt/hostedtoolcache/Python/3.12.14/x64/lib/python3.12/site-packages (26.2.1)
Lint	Install dev dependencies	2026-10-04T14:18:05.8307238Z Collecting ruff
Lint	Install dev dependencies	2026-10-04T14:18:05.8927136Z   Downloading ruff-0.16.10-py3-none-manylinux_2_17_x86_64.manylinux2014_x86_64.whl.metadata (20 kB)
Lint	Install dev dependencies	2026-10-04T14:18:06.0174256Z Collecting mypy
Lint	Install dev dependencies	2026-10-04T14:18:06.0254624Z   Downloading mypy-2.4.0-cp312-cp312-manylinux2014_x86_64.manylinux_2_17_x86_64.manylinux_2_28_x86_64.whl.metadata (2.4 kB)
Lint	Install dev dependencies	2026-10-04T14:18:06.0472192Z Collecting typing_extensions>=4.6.0 (from mypy)
Lint	Install dev dependencies	2026-10-04T14:18:06.0550785Z   Downloading typing_extensions-4.16.0-py3-none-any.whl.metadata (3.3 kB)
Lint	Install dev dependencies	2026-10-04T14:18:06.0706415Z Collecting mypy_extensions>=1.0.0 (from mypy)
Lint	Install dev dependencies	2026-10-04T14:18:06.0784960Z   Downloading mypy_extensions-1.1.0-py3-none-any.whl.metadata (1.1 kB)
Lint	Install dev dependencies	2026-10-04T14:18:06.0937438Z Collecting pathspec>=1.0.0 (from mypy)
Lint	Install dev dependencies	2026-10-04T14:18:06.1020636Z   Downloading pathspec-1.1.1-py3-none-any.whl.metadata (14 kB)
Lint	Install dev dependencies	2026-10-04T14:18:06.2351687Z Collecting librt>=0.16.0 (from mypy)
Lint	Install dev dependencies	2026-10-04T14:18:06.2433824Z   Downloading librt-0.16.0-cp312-cp312-manylinux2014_x86_64.manylinux_2_17_x86_64.manylinux_2_28_x86_64.whl.metadata (1.3 kB)
Lint	Install dev dependencies	2026-10-04T14:18:06.2965255Z Collecting ast-serialize<1.0.0,>=0.11.2 (from mypy)
Lint	Install dev dependencies	2026-10-04T14:18:06.3045323Z   Downloading ast_serialize-0.12.1-cp39-abi3-manylinux_2_17_x86_64.manylinux2014_x86_64.whl.metadata (1.4 kB)
Lint	Install dev dependencies	2026-10-04T14:18:06.3163662Z Downloading ruff-0.16.10-py3-none-manylinux_2_17_x86_64.manylinux2014_x86_64.whl (10.4 MB)
Lint	Install dev dependencies	2026-10-04T14:18:06.4069627Z    ━━━━━━━━━━━━━━━━━━━━━━━━━━━━━━━━━━━━━━━━ 10.4/10.4 MB 141.2 MB/s  0:00:00
Lint	Install dev dependencies	2026-10-04T14:18:06.4155313Z Downloading mypy-2.4.0-cp312-cp312-manylinux2014_x86_64.manylinux_2_17_x86_64.manylinux_2_28_x86_64.whl (15.6 MB)
Lint	Install dev dependencies	2026-10-04T14:18:06.4709324Z    ━━━━━━━━━━━━━━━━━━━━━━━━━━━━━━━━━━━━━━━━ 15.6/15.6 MB 292.3 MB/s  0:00:00
Lint	Install dev dependencies	2026-10-04T14:18:06.4792723Z Downloading ast_serialize-0.12.1-cp39-abi3-manylinux_2_17_x86_64.manylinux2014_x86_64.whl (1.3 MB)
Lint	Install dev dependencies	2026-10-04T14:18:06.4864978Z    ━━━━━━━━━━━━━━━━━━━━━━━━━━━━━━━━━━━━━━━━ 1.3/1.3 MB 233.3 MB/s  0:00:00
Lint	Install dev dependencies	2026-10-04T14:18:06.4950500Z Downloading librt-0.16.0-cp312-cp312-manylinux2014_x86_64.manylinux_2_17_x86_64.manylinux_2_28_x86_64.whl (531 kB)
Lint	Install dev dependencies	2026-10-04T14:18:06.5015510Z    ━━━━━━━━━━━━━━━━━━━━━━━━━━━━━━━━━━━━━━━━ 532.0/532.0 kB 65.1 MB/s  0:00:00
Lint	Install dev dependencies	2026-10-04T14:18:06.5089378Z Downloading mypy_extensions-1.1.0-py3-none-any.whl (5.0 kB)
Lint	Install dev dependencies	2026-10-04T14:18:06.5185697Z Downloading pathspec-1.1.1-py3-none-any.whl (57 kB)
Lint	Install dev dependencies	2026-10-04T14:18:06.5283455Z Downloading typing_extensions-4.16.0-py3-none-any.whl (45 kB)
Lint	Install dev dependencies	2026-10-04T14:18:06.6108493Z Installing collected packages: typing_extensions, ruff, pathspec, mypy_extensions, librt, ast-serialize, mypy
Lint	Install dev dependencies	2026-10-04T14:18:08.4469285Z 
Lint	Install dev dependencies	2026-10-04T14:18:08.4483768Z Successfully installed ast-serialize-0.12.1 librt-0.16.0 mypy-2.4.0 mypy_extensions-1.1.0 pathspec-1.1.1 ruff-0.16.10 typing_extensions-4.16.0
Lint	Ruff check	﻿2026-10-04T14:18:08.5127100Z ##[group]Run ruff check src/ tests/
Lint	Ruff check	2026-10-04T14:18:08.5127454Z ^[[36;1mruff check src/ tests/^[[0m
Lint	Ruff check	2026-10-04T14:18:08.5193451Z shell: /usr/bin/bash -e {0}
Lint	Ruff check	2026-10-04T14:18:08.5193710Z env:
Lint	Ruff check	2026-10-04T14:18:08.5193975Z   pythonLocation: /opt/hostedtoolcache/Python/3.12.14/x64
Lint	Ruff check	2026-10-04T14:18:08.5194410Z   PKG_CONFIG_PATH: /opt/hostedtoolcache/Python/3.12.14/x64/lib/pkgconfig
Lint	Ruff check	2026-10-04T14:18:08.5194832Z   Python_ROOT_DIR: /opt/hostedtoolcache/Python/3.12.14/x64
Lint	Ruff check	2026-10-04T14:18:08.5195204Z   Python2_ROOT_DIR: /opt/hostedtoolcache/Python/3.12.14/x64
Lint	Ruff check	2026-10-04T14:18:08.5195585Z   Python3_ROOT_DIR: /opt/hostedtoolcache/Python/3.12.14/x64
Lint	Ruff check	2026-10-04T14:18:08.5195976Z   LD_LIBRARY_PATH: /opt/hostedtoolcache/Python/3.12.14/x64/lib
Lint	Ruff check	2026-10-04T14:18:08.5196295Z ##[endgroup]
Lint	Ruff check	2026-10-04T14:18:08.5427947Z All checks passed!
Lint	Ruff format check	﻿2026-10-04T14:18:08.5470338Z ##[group]Run ruff format --check src/ tests/
Lint	Ruff format check	2026-10-04T14:18:08.5470725Z ^[[36;1mruff format --check src/ tests/^[[0m
Lint	Ruff format check	2026-10-04T14:18:08.5534947Z shell: /usr/bin/bash -e {0}
Lint	Ruff format check	2026-10-04T14:18:08.5535211Z env:
Lint	Ruff format check	2026-10-04T14:18:08.5535486Z   pythonLocation: /opt/hostedtoolcache/Python/3.12.14/x64
Lint	Ruff format check	2026-10-04T14:18:08.5535957Z   PKG_CONFIG_PATH: /opt/hostedtoolcache/Python/3.12.14/x64/lib/pkgconfig
Lint	Ruff format check	2026-10-04T14:18:08.5536405Z   Python_ROOT_DIR: /opt/hostedtoolcache/Python/3.12.14/x64
Lint	Ruff format check	2026-10-04T14:18:08.5536793Z   Python2_ROOT_DIR: /opt/hostedtoolcache/Python/3.12.14/x64
Lint	Ruff format check	2026-10-04T14:18:08.5537178Z   Python3_ROOT_DIR: /opt/hostedtoolcache/Python/3.12.14/x64
Lint	Ruff format check	2026-10-04T14:18:08.5537580Z   LD_LIBRARY_PATH: /opt/hostedtoolcache/Python/3.12.14/x64/lib
Lint	Ruff format check	2026-10-04T14:18:08.5537927Z ##[endgroup]
Lint	Ruff format check	2026-10-04T14:18:08.5771811Z 53 files already formatted
Lint	Post Run actions/setup-python@v5	﻿2026-10-04T14:18:08.5881877Z Post job cleanup.
Lint	Post Run actions/setup-python@v5	2026-10-04T14:18:08.7072597Z (node:2361) [DEP0040] DeprecationWarning: The `punycode` module is deprecated. Please use a userland alternative instead.
Lint	Post Run actions/setup-python@v5	2026-10-04T14:18:08.7074127Z (Use `node --trace-deprecation ...` to show where the warning was created)
Lint	Post Run actions/checkout@v4	﻿2026-10-04T14:18:08.7326781Z Post job cleanup.
Lint	Post Run actions/checkout@v4	2026-10-04T14:18:08.8223507Z [command]/usr/bin/git version
Lint	Post Run actions/checkout@v4	2026-10-04T14:18:08.8266831Z git version 2.55.0
Lint	Post Run actions/checkout@v4	2026-10-04T14:18:08.8307923Z Temporarily overriding HOME='/home/runner/work/_temp/f0871c9e-33a8-42ae-9781-224267f9a290' before making global git config changes
Lint	Post Run actions/checkout@v4	2026-10-04T14:18:08.8309237Z Adding repository directory to the temporary git global config as a safe directory
Lint	Post Run actions/checkout@v4	2026-10-04T14:18:08.8315904Z [command]/usr/bin/git config --global --add safe.directory /home/runner/work/stock-model/stock-model
Lint	Post Run actions/checkout@v4	2026-10-04T14:18:08.8355424Z [command]/usr/bin/git config --local --name-only --get-regexp core\.sshCommand
Lint	Post Run actions/checkout@v4	2026-10-04T14:18:08.8390567Z [command]/usr/bin/git submodule foreach --recursive sh -c "git config --local --name-only --get-regexp 'core\.sshCommand' && git config --local --unset-all 'core.sshCommand' || :"
Lint	Post Run actions/checkout@v4	2026-10-04T14:18:08.8645206Z [command]/usr/bin/git config --local --name-only --get-regexp http\.https\:\/\/github\.com\/\.extraheader
Lint	Post Run actions/checkout@v4	2026-10-04T14:18:08.8676824Z http.https://github.com/.extraheader
Lint	Post Run actions/checkout@v4	2026-10-04T14:18:08.8688518Z [command]/usr/bin/git config --local --unset-all http.https://github.com/.extraheader
Lint	Post Run actions/checkout@v4	2026-10-04T14:18:08.8724006Z [command]/usr/bin/git submodule foreach --recursive sh -c "git config --local --name-only --get-regexp 'http\.https\:\/\/github\.com\/\.extraheader' && git config --local --unset-all 'http.https://github.com/.extraheader' || :"
Lint	Post Run actions/checkout@v4	2026-10-04T14:18:08.8990193Z [command]/usr/bin/git config --local --name-only --get-regexp ^includeIf\.gitdir:
Lint	Post Run actions/checkout@v4	2026-10-04T14:18:08.9029905Z [command]/usr/bin/git submodule foreach --recursive git config --local --show-origin --name-only --get-regexp remote.origin.url
Lint	Complete job	﻿2026-10-04T14:18:08.9420701Z Cleaning up orphan processes
Lint	Complete job	2026-10-04T14:18:08.9716048Z ##[warning]Node.js 20 is deprecated. The following actions target Node.js 20 but are being forced to run on Node.js 24: actions/checkout@v4, actions/setup-python@v5. For more information see: https://github.blog/changelog/2025-09-19-deprecation-of-node-20-on-github-actions-runners/
Test Optional Dependencies	Set up job	﻿2026-10-04T14:18:03.7053334Z Current runner version: '2.337.0'
Test Optional Dependencies	Set up job	2026-10-04T14:18:03.7078377Z ##[group]Runner Image Provisioner
Test Optional Dependencies	Set up job	2026-10-04T14:18:03.7079234Z Hosted Compute Agent
Test Optional Dependencies	Set up job	2026-10-04T14:18:03.7079972Z Version: 20260901.588
Test Optional Dependencies	Set up job	2026-10-04T14:18:03.7080633Z Commit: f88ec8081b781fac6c440065ac7ff9e710ce3d0b
Test Optional Dependencies	Set up job	2026-10-04T14:18:03.7081411Z Build Date: 2026-09-01T19:56:44Z
Test Optional Dependencies	Set up job	2026-10-04T14:18:03.7082067Z Worker ID: {2a519ad1-3aad-44f7-b6e0-c731d9ebd0b4}
Test Optional Dependencies	Set up job	2026-10-04T14:18:03.7082722Z Azure Region: westus3
Test Optional Dependencies	Set up job	2026-10-04T14:18:03.7083223Z ##[endgroup]
Test Optional Dependencies	Set up job	2026-10-04T14:18:03.7084693Z ##[group]Operating System
Test Optional Dependencies	Set up job	2026-10-04T14:18:03.7085295Z Ubuntu
Test Optional Dependencies	Set up job	2026-10-04T14:18:03.7085816Z 24.04.5
Test Optional Dependencies	Set up job	2026-10-04T14:18:03.7086301Z LTS
Test Optional Dependencies	Set up job	2026-10-04T14:18:03.7086797Z ##[endgroup]
Test Optional Dependencies	Set up job	2026-10-04T14:18:03.7087325Z ##[group]Runner Image
Test Optional Dependencies	Set up job	2026-10-04T14:18:03.7087928Z Image: ubuntu-24.04
Test Optional Dependencies	Set up job	2026-10-04T14:18:03.7088456Z Version: 20260927.320.1
Test Optional Dependencies	Set up job	2026-10-04T14:18:03.7089422Z Included Software: https://github.com/actions/runner-images/blob/ubuntu24/20260927.320/images/ubuntu/Ubuntu2404-Readme.md
Test Optional Dependencies	Set up job	2026-10-04T14:18:03.7091235Z Image Release: https://github.com/actions/runner-images/releases/tag/ubuntu24%2F20260927.320
Test Optional Dependencies	Set up job	2026-10-04T14:18:03.7092116Z ##[endgroup]
Test Optional Dependencies	Set up job	2026-10-04T14:18:03.7093194Z ##[group]GITHUB_TOKEN Permissions
Test Optional Dependencies	Set up job	2026-10-04T14:18:03.7095237Z Contents: read
Test Optional Dependencies	Set up job	2026-10-04T14:18:03.7095833Z Metadata: read
Test Optional Dependencies	Set up job	2026-10-04T14:18:03.7096413Z Packages: read
Test Optional Dependencies	Set up job	2026-10-04T14:18:03.7096920Z ##[endgroup]
Test Optional Dependencies	Set up job	2026-10-04T14:18:03.7099021Z Secret source: Actions
Test Optional Dependencies	Set up job	2026-10-04T14:18:03.7100665Z Cache mode: write
Test Optional Dependencies	Set up job	2026-10-04T14:18:03.7101486Z Prepare workflow directory
Test Optional Dependencies	Set up job	2026-10-04T14:18:03.7427719Z Prepare all required actions
Test Optional Dependencies	Set up job	2026-10-04T14:18:03.7479860Z Getting action download info
Test Optional Dependencies	Set up job	2026-10-04T14:18:04.0767722Z Download action repository 'actions/checkout@v4' (SHA:11d5960a326750d5838078e36cf38b85af677262)
Test Optional Dependencies	Set up job	2026-10-04T14:18:04.1764663Z Download action repository 'actions/setup-python@v5' (SHA:a26af69be951a213d495a4c3e4e4022e16d87065)
Test Optional Dependencies	Set up job	2026-10-04T14:18:04.3358981Z Complete job name: Test Optional Dependencies
Test Optional Dependencies	Run actions/checkout@v4	﻿2026-10-04T14:18:04.4182661Z ##[group]Run actions/checkout@v4
Test Optional Dependencies	Run actions/checkout@v4	2026-10-04T14:18:04.4183527Z with:
Test Optional Dependencies	Run actions/checkout@v4	2026-10-04T14:18:04.4183962Z   repository: Colinchiu007/stock-model
Test Optional Dependencies	Run actions/checkout@v4	2026-10-04T14:18:04.4187487Z   token: ***
Test Optional Dependencies	Run actions/checkout@v4	2026-10-04T14:18:04.4187881Z   ssh-strict: true
Test Optional Dependencies	Run actions/checkout@v4	2026-10-04T14:18:04.4188280Z   ssh-user: git
Test Optional Dependencies	Run actions/checkout@v4	2026-10-04T14:18:04.4188690Z   persist-credentials: true
Test Optional Dependencies	Run actions/checkout@v4	2026-10-04T14:18:04.4189138Z   clean: true
Test Optional Dependencies	Run actions/checkout@v4	2026-10-04T14:18:04.4189559Z   sparse-checkout-cone-mode: true
Test Optional Dependencies	Run actions/checkout@v4	2026-10-04T14:18:04.4190433Z   fetch-depth: 1
Test Optional Dependencies	Run actions/checkout@v4	2026-10-04T14:18:04.4190838Z   fetch-tags: false
Test Optional Dependencies	Run actions/checkout@v4	2026-10-04T14:18:04.4191236Z   show-progress: true
Test Optional Dependencies	Run actions/checkout@v4	2026-10-04T14:18:04.4191641Z   lfs: false
Test Optional Dependencies	Run actions/checkout@v4	2026-10-04T14:18:04.4192018Z   submodules: false
Test Optional Dependencies	Run actions/checkout@v4	2026-10-04T14:18:04.4192429Z   set-safe-directory: true
Test Optional Dependencies	Run actions/checkout@v4	2026-10-04T14:18:04.4192888Z   allow-unsafe-pr-checkout: false
Test Optional Dependencies	Run actions/checkout@v4	2026-10-04T14:18:04.4193673Z ##[endgroup]
Test Optional Dependencies	Run actions/checkout@v4	2026-10-04T14:18:04.5188925Z Syncing repository: Colinchiu007/stock-model
Test Optional Dependencies	Run actions/checkout@v4	2026-10-04T14:18:04.5191036Z ##[group]Getting Git version info
Test Optional Dependencies	Run actions/checkout@v4	2026-10-04T14:18:04.5191741Z Working directory is '/home/runner/work/stock-model/stock-model'
Test Optional Dependencies	Run actions/checkout@v4	2026-10-04T14:18:04.5192863Z [command]/usr/bin/git version
Test Optional Dependencies	Run actions/checkout@v4	2026-10-04T14:18:04.5237726Z git version 2.55.0
Test Optional Dependencies	Run actions/checkout@v4	2026-10-04T14:18:04.5259108Z ##[endgroup]
Test Optional Dependencies	Run actions/checkout@v4	2026-10-04T14:18:04.5273873Z Temporarily overriding HOME='/home/runner/work/_temp/60d27862-a02b-4c62-bd83-de81c2e7a6b5' before making global git config changes
Test Optional Dependencies	Run actions/checkout@v4	2026-10-04T14:18:04.5276479Z Adding repository directory to the temporary git global config as a safe directory
Test Optional Dependencies	Run actions/checkout@v4	2026-10-04T14:18:04.5279011Z [command]/usr/bin/git config --global --add safe.directory /home/runner/work/stock-model/stock-model
Test Optional Dependencies	Run actions/checkout@v4	2026-10-04T14:18:04.5330315Z Deleting the contents of '/home/runner/work/stock-model/stock-model'
Test Optional Dependencies	Run actions/checkout@v4	2026-10-04T14:18:04.5336847Z ##[group]Initializing the repository
Test Optional Dependencies	Run actions/checkout@v4	2026-10-04T14:18:04.5342138Z [command]/usr/bin/git init /home/runner/work/stock-model/stock-model
Test Optional Dependencies	Run actions/checkout@v4	2026-10-04T14:18:04.5445327Z hint: Using 'master' as the name for the initial branch. This default branch name
Test Optional Dependencies	Run actions/checkout@v4	2026-10-04T14:18:04.5447947Z hint: will change to "main" in Git 3.0. To configure the initial branch name
Test Optional Dependencies	Run actions/checkout@v4	2026-10-04T14:18:04.5450282Z hint: to use in all of your new repositories, which will suppress this warning,
Test Optional Dependencies	Run actions/checkout@v4	2026-10-04T14:18:04.5451422Z hint: call:
Test Optional Dependencies	Run actions/checkout@v4	2026-10-04T14:18:04.5452232Z hint:
Test Optional Dependencies	Run actions/checkout@v4	2026-10-04T14:18:04.5453281Z hint: 	git config --global init.defaultBranch <name>
Test Optional Dependencies	Run actions/checkout@v4	2026-10-04T14:18:04.5454168Z hint:
Test Optional Dependencies	Run actions/checkout@v4	2026-10-04T14:18:04.5455206Z hint: Names commonly chosen instead of 'master' are 'main', 'trunk' and
Test Optional Dependencies	Run actions/checkout@v4	2026-10-04T14:18:04.5457294Z hint: 'development'. The just-created branch can be renamed via this command:
Test Optional Dependencies	Run actions/checkout@v4	2026-10-04T14:18:04.5458318Z hint:
Test Optional Dependencies	Run actions/checkout@v4	2026-10-04T14:18:04.5459155Z hint: 	git branch -m <name>
Test Optional Dependencies	Run actions/checkout@v4	2026-10-04T14:18:04.5460346Z hint:
Test Optional Dependencies	Run actions/checkout@v4	2026-10-04T14:18:04.5461492Z hint: Disable this message with "git config set advice.defaultBranchName false"
Test Optional Dependencies	Run actions/checkout@v4	2026-10-04T14:18:04.5463159Z Initialized empty Git repository in /home/runner/work/stock-model/stock-model/.git/
Test Optional Dependencies	Run actions/checkout@v4	2026-10-04T14:18:04.5466378Z [command]/usr/bin/git remote add origin https://github.com/Colinchiu007/stock-model
Test Optional Dependencies	Run actions/checkout@v4	2026-10-04T14:18:04.5505631Z ##[endgroup]
Test Optional Dependencies	Run actions/checkout@v4	2026-10-04T14:18:04.5506420Z ##[group]Disabling automatic garbage collection
Test Optional Dependencies	Run actions/checkout@v4	2026-10-04T14:18:04.5510798Z [command]/usr/bin/git config --local gc.auto 0
Test Optional Dependencies	Run actions/checkout@v4	2026-10-04T14:18:04.5541554Z ##[endgroup]
Test Optional Dependencies	Run actions/checkout@v4	2026-10-04T14:18:04.5542276Z ##[group]Setting up auth
Test Optional Dependencies	Run actions/checkout@v4	2026-10-04T14:18:04.5550793Z [command]/usr/bin/git config --local --name-only --get-regexp core\.sshCommand
Test Optional Dependencies	Run actions/checkout@v4	2026-10-04T14:18:04.5582660Z [command]/usr/bin/git submodule foreach --recursive sh -c "git config --local --name-only --get-regexp 'core\.sshCommand' && git config --local --unset-all 'core.sshCommand' || :"
Test Optional Dependencies	Run actions/checkout@v4	2026-10-04T14:18:04.5918978Z [command]/usr/bin/git config --local --name-only --get-regexp http\.https\:\/\/github\.com\/\.extraheader
Test Optional Dependencies	Run actions/checkout@v4	2026-10-04T14:18:04.5952294Z [command]/usr/bin/git submodule foreach --recursive sh -c "git config --local --name-only --get-regexp 'http\.https\:\/\/github\.com\/\.extraheader' && git config --local --unset-all 'http.https://github.com/.extraheader' || :"
Test Optional Dependencies	Run actions/checkout@v4	2026-10-04T14:18:04.6165753Z [command]/usr/bin/git config --local --name-only --get-regexp ^includeIf\.gitdir:
Test Optional Dependencies	Run actions/checkout@v4	2026-10-04T14:18:04.6198783Z [command]/usr/bin/git submodule foreach --recursive git config --local --show-origin --name-only --get-regexp remote.origin.url
Test Optional Dependencies	Run actions/checkout@v4	2026-10-04T14:18:04.6384676Z [command]/usr/bin/git config --local http.https://github.com/.extraheader AUTHORIZATION: basic ***
Test Optional Dependencies	Run actions/checkout@v4	2026-10-04T14:18:04.6419010Z ##[endgroup]
Test Optional Dependencies	Run actions/checkout@v4	2026-10-04T14:18:04.6420486Z ##[group]Fetching the repository
Test Optional Dependencies	Run actions/checkout@v4	2026-10-04T14:18:04.6430156Z [command]/usr/bin/git -c protocol.version=2 fetch --no-tags --prune --no-recurse-submodules --depth=1 origin +bb290b61a6e4fbd0ca235df6cf1453c6d4b3fb47:refs/remotes/pull/3/merge
Test Optional Dependencies	Run actions/checkout@v4	2026-10-04T14:18:05.1814127Z From https://github.com/Colinchiu007/stock-model
Test Optional Dependencies	Run actions/checkout@v4	2026-10-04T14:18:05.1815262Z  * [new ref]         bb290b61a6e4fbd0ca235df6cf1453c6d4b3fb47 -> pull/3/merge
Test Optional Dependencies	Run actions/checkout@v4	2026-10-04T14:18:05.1817688Z ##[endgroup]
Test Optional Dependencies	Run actions/checkout@v4	2026-10-04T14:18:05.1818800Z ##[group]Determining the checkout info
Test Optional Dependencies	Run actions/checkout@v4	2026-10-04T14:18:05.1820099Z ##[endgroup]
Test Optional Dependencies	Run actions/checkout@v4	2026-10-04T14:18:05.1826347Z [command]/usr/bin/git sparse-checkout disable
Test Optional Dependencies	Run actions/checkout@v4	2026-10-04T14:18:05.1883176Z [command]/usr/bin/git config --local --unset-all extensions.worktreeConfig
Test Optional Dependencies	Run actions/checkout@v4	2026-10-04T14:18:05.1920557Z ##[group]Checking out the ref
Test Optional Dependencies	Run actions/checkout@v4	2026-10-04T14:18:05.1922165Z [command]/usr/bin/git checkout --progress --force refs/remotes/pull/3/merge
Test Optional Dependencies	Run actions/checkout@v4	2026-10-04T14:18:05.2010165Z Note: switching to 'refs/remotes/pull/3/merge'.
Test Optional Dependencies	Run actions/checkout@v4	2026-10-04T14:18:05.2011378Z 
Test Optional Dependencies	Run actions/checkout@v4	2026-10-04T14:18:05.2012172Z You are in 'detached HEAD' state. You can look around, make experimental
Test Optional Dependencies	Run actions/checkout@v4	2026-10-04T14:18:05.2014058Z changes and commit them, and you can discard any commits you make in this
Test Optional Dependencies	Run actions/checkout@v4	2026-10-04T14:18:05.2015592Z state without impacting any branches by switching back to a branch.
Test Optional Dependencies	Run actions/checkout@v4	2026-10-04T14:18:05.2016179Z 
Test Optional Dependencies	Run actions/checkout@v4	2026-10-04T14:18:05.2016597Z If you want to create a new branch to retain commits you create, you may
Test Optional Dependencies	Run actions/checkout@v4	2026-10-04T14:18:05.2017511Z do so (now or later) by using -c with the switch command. Example:
Test Optional Dependencies	Run actions/checkout@v4	2026-10-04T14:18:05.2018712Z 
Test Optional Dependencies	Run actions/checkout@v4	2026-10-04T14:18:05.2019482Z   git switch -c <new-branch-name>
Test Optional Dependencies	Run actions/checkout@v4	2026-10-04T14:18:05.2020304Z 
Test Optional Dependencies	Run actions/checkout@v4	2026-10-04T14:18:05.2020572Z Or undo this operation with:
Test Optional Dependencies	Run actions/checkout@v4	2026-10-04T14:18:05.2020922Z 
Test Optional Dependencies	Run actions/checkout@v4	2026-10-04T14:18:05.2021144Z   git switch -
Test Optional Dependencies	Run actions/checkout@v4	2026-10-04T14:18:05.2021438Z 
Test Optional Dependencies	Run actions/checkout@v4	2026-10-04T14:18:05.2021869Z Turn off this advice by setting config variable advice.detachedHead to false
Test Optional Dependencies	Run actions/checkout@v4	2026-10-04T14:18:05.2022471Z 
Test Optional Dependencies	Run actions/checkout@v4	2026-10-04T14:18:05.2023334Z HEAD is now at bb290b6 Merge d8ff3922f3e34bcd2c0dcd8918c03214dfa194e0 into 2eed5b885493094f1cd3f88d5f3f41a6965d57e3
Test Optional Dependencies	Run actions/checkout@v4	2026-10-04T14:18:05.2027128Z ##[endgroup]
Test Optional Dependencies	Run actions/checkout@v4	2026-10-04T14:18:05.2070144Z [command]/usr/bin/git log -1 --format=%H
Test Optional Dependencies	Run actions/checkout@v4	2026-10-04T14:18:05.2094582Z bb290b61a6e4fbd0ca235df6cf1453c6d4b3fb47
Test Optional Dependencies	Run actions/setup-python@v5	﻿2026-10-04T14:18:05.2375829Z ##[group]Run actions/setup-python@v5
Test Optional Dependencies	Run actions/setup-python@v5	2026-10-04T14:18:05.2376513Z with:
Test Optional Dependencies	Run actions/setup-python@v5	2026-10-04T14:18:05.2376982Z   python-version: 3.12
Test Optional Dependencies	Run actions/setup-python@v5	2026-10-04T14:18:05.2377484Z   cache: pip
Test Optional Dependencies	Run actions/setup-python@v5	2026-10-04T14:18:05.2377945Z   check-latest: false
Test Optional Dependencies	Run actions/setup-python@v5	2026-10-04T14:18:05.2382118Z   token: ***
Test Optional Dependencies	Run actions/setup-python@v5	2026-10-04T14:18:05.2382624Z   update-environment: true
Test Optional Dependencies	Run actions/setup-python@v5	2026-10-04T14:18:05.2383231Z   allow-prereleases: false
Test Optional Dependencies	Run actions/setup-python@v5	2026-10-04T14:18:05.2383765Z   freethreaded: false
Test Optional Dependencies	Run actions/setup-python@v5	2026-10-04T14:18:05.2384263Z ##[endgroup]
Test Optional Dependencies	Run actions/setup-python@v5	2026-10-04T14:18:05.3786384Z ##[group]Installed versions
Test Optional Dependencies	Run actions/setup-python@v5	2026-10-04T14:18:05.3880702Z (node:2305) [DEP0040] DeprecationWarning: The `punycode` module is deprecated. Please use a userland alternative instead.
Test Optional Dependencies	Run actions/setup-python@v5	2026-10-04T14:18:05.3882947Z (Use `node --trace-deprecation ...` to show where the warning was created)
Test Optional Dependencies	Run actions/setup-python@v5	2026-10-04T14:18:05.3883731Z Successfully set up CPython (3.12.14)
Test Optional Dependencies	Run actions/setup-python@v5	2026-10-04T14:18:05.3891086Z ##[endgroup]
Test Optional Dependencies	Run actions/setup-python@v5	2026-10-04T14:18:05.4872037Z [command]/opt/hostedtoolcache/Python/3.12.14/x64/bin/pip cache dir
Test Optional Dependencies	Run actions/setup-python@v5	2026-10-04T14:18:05.7654885Z /home/runner/.cache/pip
Test Optional Dependencies	Run actions/setup-python@v5	2026-10-04T14:18:06.0221328Z Cache hit for: setup-python-Linux-x64-24.04-Ubuntu-python-3.12.14-pip-3d254d9a52917b05d0626dece0ab703683fc9c56650d987941ed143add53b764
Test Optional Dependencies	Run actions/setup-python@v5	2026-10-04T14:18:06.0415824Z (node:2305) [DEP0169] DeprecationWarning: `url.parse()` behavior is not standardized and prone to errors that have security implications. Use the WHATWG URL API instead. CVEs are not issued for `url.parse()` vulnerabilities.
Test Optional Dependencies	Run actions/setup-python@v5	2026-10-04T14:18:07.2432312Z Received 37748736 of 299058967 (12.6%), 36.0 MBs/sec
Test Optional Dependencies	Run actions/setup-python@v5	2026-10-04T14:18:08.2432749Z Received 130023424 of 299058967 (43.5%), 62.0 MBs/sec
Test Optional Dependencies	Run actions/setup-python@v5	2026-10-04T14:18:09.2444473Z Received 251658240 of 299058967 (84.2%), 79.9 MBs/sec
Test Optional Dependencies	Run actions/setup-python@v5	2026-10-04T14:18:09.6418052Z Received 299058967 of 299058967 (100.0%), 83.9 MBs/sec
Test Optional Dependencies	Run actions/setup-python@v5	2026-10-04T14:18:09.6430790Z Cache Size: ~285 MB (299058967 B)
Test Optional Dependencies	Run actions/setup-python@v5	2026-10-04T14:18:09.6462756Z [command]/usr/bin/tar -xf /home/runner/work/_temp/f5158280-9476-4d91-a5d1-e8f73b1000d3/cache.tzst -P -C /home/runner/work/stock-model/stock-model --use-compress-program unzstd
Test Optional Dependencies	Run actions/setup-python@v5	2026-10-04T14:18:09.9845946Z Cache restored successfully
Test Optional Dependencies	Run actions/setup-python@v5	2026-10-04T14:18:09.9960909Z Cache restored from key: setup-python-Linux-x64-24.04-Ubuntu-python-3.12.14-pip-3d254d9a52917b05d0626dece0ab703683fc9c56650d987941ed143add53b764
Test Optional Dependencies	Install all optional dependencies	﻿2026-10-04T14:18:10.0188887Z ##[group]Run pip install --upgrade pip
Test Optional Dependencies	Install all optional dependencies	2026-10-04T14:18:10.0189416Z ^[[36;1mpip install --upgrade pip^[[0m
Test Optional Dependencies	Install all optional dependencies	2026-10-04T14:18:10.0189960Z ^[[36;1mpip install -e ".[dev,quant,schedule,web,ta]"^[[0m
Test Optional Dependencies	Install all optional dependencies	2026-10-04T14:18:10.0190356Z ^[[36;1m# ta-lib C library^[[0m
Test Optional Dependencies	Install all optional dependencies	2026-10-04T14:18:10.0190790Z ^[[36;1msudo apt-get update -qq && sudo apt-get install -y -qq libta-lib0-dev 2>/dev/null || true^[[0m
Test Optional Dependencies	Install all optional dependencies	2026-10-04T14:18:10.0191276Z ^[[36;1mpip install ta-lib 2>/dev/null || true^[[0m
Test Optional Dependencies	Install all optional dependencies	2026-10-04T14:18:10.0385772Z shell: /usr/bin/bash -e {0}
Test Optional Dependencies	Install all optional dependencies	2026-10-04T14:18:10.0386209Z env:
Test Optional Dependencies	Install all optional dependencies	2026-10-04T14:18:10.0386516Z   pythonLocation: /opt/hostedtoolcache/Python/3.12.14/x64
Test Optional Dependencies	Install all optional dependencies	2026-10-04T14:18:10.0386986Z   PKG_CONFIG_PATH: /opt/hostedtoolcache/Python/3.12.14/x64/lib/pkgconfig
Test Optional Dependencies	Install all optional dependencies	2026-10-04T14:18:10.0387419Z   Python_ROOT_DIR: /opt/hostedtoolcache/Python/3.12.14/x64
Test Optional Dependencies	Install all optional dependencies	2026-10-04T14:18:10.0387806Z   Python2_ROOT_DIR: /opt/hostedtoolcache/Python/3.12.14/x64
Test Optional Dependencies	Install all optional dependencies	2026-10-04T14:18:10.0388186Z   Python3_ROOT_DIR: /opt/hostedtoolcache/Python/3.12.14/x64
Test Optional Dependencies	Install all optional dependencies	2026-10-04T14:18:10.0388659Z   LD_LIBRARY_PATH: /opt/hostedtoolcache/Python/3.12.14/x64/lib
Test Optional Dependencies	Install all optional dependencies	2026-10-04T14:18:10.0389279Z ##[endgroup]
Test Optional Dependencies	Install all optional dependencies	2026-10-04T14:18:10.5868268Z Requirement already satisfied: pip in /opt/hostedtoolcache/Python/3.12.14/x64/lib/python3.12/site-packages (26.2.1)
Test Optional Dependencies	Install all optional dependencies	2026-10-04T14:18:11.0832106Z Obtaining file:///home/runner/work/stock-model/stock-model
Test Optional Dependencies	Install all optional dependencies	2026-10-04T14:18:11.0850777Z   Installing build dependencies: started
Test Optional Dependencies	Install all optional dependencies	2026-10-04T14:18:11.7478655Z   Installing build dependencies: finished with status 'done'
Test Optional Dependencies	Install all optional dependencies	2026-10-04T14:18:11.7485762Z   Checking if build backend supports build_editable: started
Test Optional Dependencies	Install all optional dependencies	2026-10-04T14:18:12.1305295Z   Checking if build backend supports build_editable: finished with status 'done'
Test Optional Dependencies	Install all optional dependencies	2026-10-04T14:18:12.1315449Z   Getting requirements to build editable: started
Test Optional Dependencies	Install all optional dependencies	2026-10-04T14:18:12.4604648Z   Getting requirements to build editable: finished with status 'done'
Test Optional Dependencies	Install all optional dependencies	2026-10-04T14:18:12.4615535Z   Preparing editable metadata (pyproject.toml): started
Test Optional Dependencies	Install all optional dependencies	2026-10-04T14:18:12.6579467Z   Preparing editable metadata (pyproject.toml): finished with status 'done'
Test Optional Dependencies	Install all optional dependencies	2026-10-04T14:18:12.7815074Z Collecting akshare>=1.12.0 (from stock-model==0.1.0)
Test Optional Dependencies	Install all optional dependencies	2026-10-04T14:18:12.7833202Z   Using cached akshare-1.19.1-py3-none-any.whl.metadata (14 kB)
Test Optional Dependencies	Install all optional dependencies	2026-10-04T14:18:12.8028146Z Collecting baostock>=0.9.0 (from stock-model==0.1.0)
Test Optional Dependencies	Install all optional dependencies	2026-10-04T14:18:12.8041117Z   Using cached baostock-0.9.4-py3-none-any.whl.metadata (3.5 kB)
Test Optional Dependencies	Install all optional dependencies	2026-10-04T14:18:12.9210883Z Collecting pandas>=2.0.0 (from stock-model==0.1.0)
Test Optional Dependencies	Install all optional dependencies	2026-10-04T14:18:12.9224218Z   Using cached pandas-3.0.6-cp312-cp312-manylinux_2_24_x86_64.manylinux_2_28_x86_64.whl.metadata (79 kB)
Test Optional Dependencies	Install all optional dependencies	2026-10-04T14:18:13.1084106Z Collecting numpy>=1.24.0 (from stock-model==0.1.0)
Test Optional Dependencies	Install all optional dependencies	2026-10-04T14:18:13.1097936Z   Using cached numpy-2.5.3-cp312-cp312-manylinux_2_27_x86_64.manylinux_2_28_x86_64.whl.metadata (6.6 kB)
Test Optional Dependencies	Install all optional dependencies	2026-10-04T14:18:13.1400039Z Collecting plotly>=5.15.0 (from stock-model==0.1.0)
Test Optional Dependencies	Install all optional dependencies	2026-10-04T14:18:13.1413865Z   Using cached plotly-7.1.0-py3-none-any.whl.metadata (8.8 kB)
Test Optional Dependencies	Install all optional dependencies	2026-10-04T14:18:13.2622806Z Collecting matplotlib>=3.7.0 (from stock-model==0.1.0)
Test Optional Dependencies	Install all optional dependencies	2026-10-04T14:18:13.2636736Z   Using cached matplotlib-3.11.2-cp312-cp312-manylinux2014_x86_64.manylinux_2_17_x86_64.whl.metadata (80 kB)
Test Optional Dependencies	Install all optional dependencies	2026-10-04T14:18:13.2968303Z Collecting kaleido>=0.2.1 (from stock-model==0.1.0)
Test Optional Dependencies	Install all optional dependencies	2026-10-04T14:18:13.2980922Z   Using cached kaleido-1.4.0-py3-none-any.whl.metadata (7.5 kB)
Test Optional Dependencies	Install all optional dependencies	2026-10-04T14:18:13.3881906Z Collecting pydantic>=2.0.0 (from stock-model==0.1.0)
Test Optional Dependencies	Install all optional dependencies	2026-10-04T14:18:13.3895685Z   Using cached pydantic-2.13.5-py3-none-any.whl.metadata (110 kB)
Test Optional Dependencies	Install all optional dependencies	2026-10-04T14:18:13.4125717Z Collecting pydantic-settings>=2.0.0 (from stock-model==0.1.0)
Test Optional Dependencies	Install all optional dependencies	2026-10-04T14:18:13.4142001Z   Using cached pydantic_settings-2.15.0-py3-none-any.whl.metadata (3.9 kB)
Test Optional Dependencies	Install all optional dependencies	2026-10-04T14:18:13.4501729Z Collecting pyyaml>=6.0 (from stock-model==0.1.0)
Test Optional Dependencies	Install all optional dependencies	2026-10-04T14:18:13.4516104Z   Using cached pyyaml-6.0.3-cp312-cp312-manylinux2014_x86_64.manylinux_2_17_x86_64.manylinux_2_28_x86_64.whl.metadata (2.4 kB)
Test Optional Dependencies	Install all optional dependencies	2026-10-04T14:18:13.4823415Z Collecting rich>=13.0.0 (from stock-model==0.1.0)
Test Optional Dependencies	Install all optional dependencies	2026-10-04T14:18:13.4836500Z   Using cached rich-15.0.0-py3-none-any.whl.metadata (18 kB)
Test Optional Dependencies	Install all optional dependencies	2026-10-04T14:18:13.5011568Z Collecting loguru>=0.7.0 (from stock-model==0.1.0)
Test Optional Dependencies	Install all optional dependencies	2026-10-04T14:18:13.5024359Z   Using cached loguru-0.7.3-py3-none-any.whl.metadata (22 kB)
Test Optional Dependencies	Install all optional dependencies	2026-10-04T14:18:13.5268581Z Collecting httpx>=0.24.0 (from stock-model==0.1.0)
Test Optional Dependencies	Install all optional dependencies	2026-10-04T14:18:13.5282543Z   Using cached httpx-0.28.1-py3-none-any.whl.metadata (7.1 kB)
Test Optional Dependencies	Install all optional dependencies	2026-10-04T14:18:13.5479853Z Collecting tenacity>=8.2.0 (from stock-model==0.1.0)
Test Optional Dependencies	Install all optional dependencies	2026-10-04T14:18:13.5494596Z   Using cached tenacity-9.1.4-py3-none-any.whl.metadata (1.2 kB)
Test Optional Dependencies	Install all optional dependencies	2026-10-04T14:18:13.6334277Z Collecting pandas-ta>=0.3.14b (from stock-model==0.1.0)
Test Optional Dependencies	Install all optional dependencies	2026-10-04T14:18:13.6347619Z   Using cached pandas_ta-0.4.71b0-py3-none-any.whl.metadata (2.3 kB)
Test Optional Dependencies	Install all optional dependencies	2026-10-04T14:18:13.6667914Z Collecting ta-lib>=0.4.28 (from stock-model==0.1.0)
Test Optional Dependencies	Install all optional dependencies	2026-10-04T14:18:13.6684466Z   Using cached ta_lib-0.8.1-cp312-cp312-manylinux2014_x86_64.manylinux_2_17_x86_64.manylinux_2_28_x86_64.whl.metadata (26 kB)
Test Optional Dependencies	Install all optional dependencies	2026-10-04T14:18:13.6977131Z Collecting pytest>=7.4.0 (from stock-model==0.1.0)
Test Optional Dependencies	Install all optional dependencies	2026-10-04T14:18:13.6989954Z   Using cached pytest-9.1.1-py3-none-any.whl.metadata (7.6 kB)
Test Optional Dependencies	Install all optional dependencies	2026-10-04T14:18:13.7183176Z Collecting pytest-cov>=4.1.0 (from stock-model==0.1.0)
Test Optional Dependencies	Install all optional dependencies	2026-10-04T14:18:13.7195523Z   Using cached pytest_cov-7.1.0-py3-none-any.whl.metadata (32 kB)
Test Optional Dependencies	Install all optional dependencies	2026-10-04T14:18:14.0245559Z Collecting ruff>=0.1.0 (from stock-model==0.1.0)
Test Optional Dependencies	Install all optional dependencies	2026-10-04T14:18:14.0257743Z   Using cached ruff-0.16.10-py3-none-manylinux_2_17_x86_64.manylinux2014_x86_64.whl.metadata (20 kB)
Test Optional Dependencies	Install all optional dependencies	2026-10-04T14:18:14.1225200Z Collecting mypy>=1.5.0 (from stock-model==0.1.0)
Test Optional Dependencies	Install all optional dependencies	2026-10-04T14:18:14.1239327Z   Using cached mypy-2.4.0-cp312-cp312-manylinux2014_x86_64.manylinux_2_17_x86_64.manylinux_2_28_x86_64.whl.metadata (2.4 kB)
Test Optional Dependencies	Install all optional dependencies	2026-10-04T14:18:14.1580233Z Collecting ipython>=8.14.0 (from stock-model==0.1.0)
Test Optional Dependencies	Install all optional dependencies	2026-10-04T14:18:14.1594055Z   Using cached ipython-9.17.1-py3-none-any.whl.metadata (4.6 kB)
Test Optional Dependencies	Install all optional dependencies	2026-10-04T14:18:14.1775723Z Collecting jupyter>=1.0.0 (from stock-model==0.1.0)
Test Optional Dependencies	Install all optional dependencies	2026-10-04T14:18:14.1787284Z   Using cached jupyter-1.1.1-py2.py3-none-any.whl.metadata (2.0 kB)
Test Optional Dependencies	Install all optional dependencies	2026-10-04T14:18:14.2869252Z Collecting scipy>=1.11.0 (from stock-model==0.1.0)
Test Optional Dependencies	Install all optional dependencies	2026-10-04T14:18:14.2882537Z   Using cached scipy-1.18.1-cp312-cp312-manylinux_2_27_x86_64.manylinux_2_28_x86_64.whl.metadata (62 kB)
Test Optional Dependencies	Install all optional dependencies	2026-10-04T14:18:14.3189580Z Collecting apscheduler>=3.10.0 (from stock-model==0.1.0)
Test Optional Dependencies	Install all optional dependencies	2026-10-04T14:18:14.3201952Z   Using cached apscheduler-3.11.3-py3-none-any.whl.metadata (6.5 kB)
Test Optional Dependencies	Install all optional dependencies	2026-10-04T14:18:14.3645447Z Collecting fastapi>=0.100.0 (from stock-model==0.1.0)
Test Optional Dependencies	Install all optional dependencies	2026-10-04T14:18:14.3659840Z   Using cached fastapi-0.142.2-py3-none-any.whl.metadata (27 kB)
Test Optional Dependencies	Install all optional dependencies	2026-10-04T14:18:14.4298232Z Collecting uvicorn>=0.23.0 (from stock-model==0.1.0)
Test Optional Dependencies	Install all optional dependencies	2026-10-04T14:18:14.4312386Z   Using cached uvicorn-0.54.0-py3-none-any.whl.metadata (6.6 kB)
Test Optional Dependencies	Install all optional dependencies	2026-10-04T14:18:14.6530918Z Collecting websockets>=11.0 (from stock-model==0.1.0)
Test Optional Dependencies	Install all optional dependencies	2026-10-04T14:18:14.7011361Z   Downloading websockets-17.2-cp312-cp312-manylinux1_x86_64.manylinux_2_28_x86_64.manylinux_2_5_x86_64.whl.metadata (6.3 kB)
Test Optional Dependencies	Install all optional dependencies	2026-10-04T14:18:14.7235855Z Collecting beautifulsoup4>=4.9.1 (from akshare>=1.12.0->stock-model==0.1.0)
Test Optional Dependencies	Install all optional dependencies	2026-10-04T14:18:14.7249361Z   Using cached beautifulsoup4-4.15.0-py3-none-any.whl.metadata (3.8 kB)
Test Optional Dependencies	Install all optional dependencies	2026-10-04T14:18:14.9208933Z Collecting lxml>=4.2.1 (from akshare>=1.12.0->stock-model==0.1.0)
Test Optional Dependencies	Install all optional dependencies	2026-10-04T14:18:14.9223628Z   Using cached lxml-6.1.3-cp312-cp312-manylinux_2_26_x86_64.manylinux_2_28_x86_64.whl.metadata (3.3 kB)
Test Optional Dependencies	Install all optional dependencies	2026-10-04T14:18:14.9467671Z Collecting requests>=2.22.0 (from akshare>=1.12.0->stock-model==0.1.0)
Test Optional Dependencies	Install all optional dependencies	2026-10-04T14:18:14.9480853Z   Using cached requests-2.34.2-py3-none-any.whl.metadata (4.8 kB)
Test Optional Dependencies	Install all optional dependencies	2026-10-04T14:18:15.0085770Z Collecting curl_cffi>=0.13.0 (from akshare>=1.12.0->stock-model==0.1.0)
Test Optional Dependencies	Install all optional dependencies	2026-10-04T14:18:15.0101410Z   Using cached curl_cffi-0.16.3-cp310-abi3-manylinux2014_x86_64.manylinux_2_17_x86_64.whl.metadata (17 kB)
Test Optional Dependencies	Install all optional dependencies	2026-10-04T14:18:15.0291269Z Collecting html5lib>=1.0.1 (from akshare>=1.12.0->stock-model==0.1.0)
Test Optional Dependencies	Install all optional dependencies	2026-10-04T14:18:15.0304573Z   Using cached html5lib-1.1-py2.py3-none-any.whl.metadata (16 kB)
Test Optional Dependencies	Install all optional dependencies	2026-10-04T14:18:15.0492744Z Collecting xlrd>=1.2.0 (from akshare>=1.12.0->stock-model==0.1.0)
Test Optional Dependencies	Install all optional dependencies	2026-10-04T14:18:15.0504958Z   Using cached xlrd-2.0.2-py2.py3-none-any.whl.metadata (3.5 kB)
Test Optional Dependencies	Install all optional dependencies	2026-10-04T14:18:15.0742869Z Collecting urllib3>=1.25.8 (from akshare>=1.12.0->stock-model==0.1.0)
Test Optional Dependencies	Install all optional dependencies	2026-10-04T14:18:15.0755840Z   Using cached urllib3-2.8.0-py3-none-any.whl.metadata (7.4 kB)
Test Optional Dependencies	Install all optional dependencies	2026-10-04T14:18:15.1054996Z Collecting tqdm>=4.43.0 (from akshare>=1.12.0->stock-model==0.1.0)
Test Optional Dependencies	Install all optional dependencies	2026-10-04T14:18:15.1068272Z   Using cached tqdm-4.70.1-py3-none-any.whl.metadata (57 kB)
Test Optional Dependencies	Install all optional dependencies	2026-10-04T14:18:15.1297897Z Collecting openpyxl>=3.0.3 (from akshare>=1.12.0->stock-model==0.1.0)
Test Optional Dependencies	Install all optional dependencies	2026-10-04T14:18:15.1309032Z   Using cached openpyxl-3.1.5-py2.py3-none-any.whl.metadata (2.5 kB)
Test Optional Dependencies	Install all optional dependencies	2026-10-04T14:18:15.1475336Z Collecting jsonpath>=0.82 (from akshare>=1.12.0->stock-model==0.1.0)
Test Optional Dependencies	Install all optional dependencies	2026-10-04T14:18:15.1476388Z   Using cached jsonpath-0.82.2-py3-none-any.whl
Test Optional Dependencies	Install all optional dependencies	2026-10-04T14:18:15.1665030Z Collecting tabulate>=0.8.6 (from akshare>=1.12.0->stock-model==0.1.0)
Test Optional Dependencies	Install all optional dependencies	2026-10-04T14:18:15.1678514Z   Using cached tabulate-0.10.0-py3-none-any.whl.metadata (40 kB)
Test Optional Dependencies	Install all optional dependencies	2026-10-04T14:18:15.1886310Z Collecting decorator>=4.4.2 (from akshare>=1.12.0->stock-model==0.1.0)
Test Optional Dependencies	Install all optional dependencies	2026-10-04T14:18:15.1898636Z   Using cached decorator-5.3.1-py3-none-any.whl.metadata (3.9 kB)
Test Optional Dependencies	Install all optional dependencies	2026-10-04T14:18:15.2156448Z Collecting py-mini-racer>=0.6.0 (from akshare>=1.12.0->stock-model==0.1.0)
Test Optional Dependencies	Install all optional dependencies	2026-10-04T14:18:15.2169109Z   Using cached py_mini_racer-0.6.0-py2.py3-none-manylinux1_x86_64.whl.metadata (8.7 kB)
Test Optional Dependencies	Install all optional dependencies	2026-10-04T14:18:15.2336148Z Collecting akracer>=0.0.13 (from akshare>=1.12.0->stock-model==0.1.0)
Test Optional Dependencies	Install all optional dependencies	2026-10-04T14:18:15.2349118Z   Using cached akracer-0.0.14-py3-none-any.whl.metadata (3.3 kB)
Test Optional Dependencies	Install all optional dependencies	2026-10-04T14:18:15.2542249Z Collecting tzlocal>=3.0 (from apscheduler>=3.10.0->stock-model==0.1.0)
Test Optional Dependencies	Install all optional dependencies	2026-10-04T14:18:15.2554374Z   Using cached tzlocal-5.4.4-py3-none-any.whl.metadata (7.7 kB)
Test Optional Dependencies	Install all optional dependencies	2026-10-04T14:18:15.2807077Z Collecting soupsieve>=1.6.1 (from beautifulsoup4>=4.9.1->akshare>=1.12.0->stock-model==0.1.0)
Test Optional Dependencies	Install all optional dependencies	2026-10-04T14:18:15.2807921Z   Using cached soupsieve-2.10-py3-none-any.whl.metadata (4.4 kB)
Test Optional Dependencies	Install all optional dependencies	2026-10-04T14:18:15.3017196Z Collecting typing-extensions>=4.0.0 (from beautifulsoup4>=4.9.1->akshare>=1.12.0->stock-model==0.1.0)
Test Optional Dependencies	Install all optional dependencies	2026-10-04T14:18:15.3029992Z   Using cached typing_extensions-4.16.0-py3-none-any.whl.metadata (3.3 kB)
Test Optional Dependencies	Install all optional dependencies	2026-10-04T14:18:15.3936224Z Collecting cffi>=2.0.0 (from curl_cffi>=0.13.0->akshare>=1.12.0->stock-model==0.1.0)
Test Optional Dependencies	Install all optional dependencies	2026-10-04T14:18:15.3950552Z   Using cached cffi-2.1.1-cp312-cp312-manylinux2014_x86_64.manylinux_2_17_x86_64.whl.metadata (2.5 kB)
Test Optional Dependencies	Install all optional dependencies	2026-10-04T14:18:15.4154238Z Collecting certifi>=2024.2.2 (from curl_cffi>=0.13.0->akshare>=1.12.0->stock-model==0.1.0)
Test Optional Dependencies	Install all optional dependencies	2026-10-04T14:18:15.4166693Z   Using cached certifi-2026.7.22-py3-none-any.whl.metadata (2.5 kB)
Test Optional Dependencies	Install all optional dependencies	2026-10-04T14:18:15.4342573Z Collecting pycparser (from cffi>=2.0.0->curl_cffi>=0.13.0->akshare>=1.12.0->stock-model==0.1.0)
Test Optional Dependencies	Install all optional dependencies	2026-10-04T14:18:15.4354722Z   Using cached pycparser-3.0-py3-none-any.whl.metadata (8.2 kB)
Test Optional Dependencies	Install all optional dependencies	2026-10-04T14:18:15.4622987Z Collecting starlette>=0.46.0 (from fastapi>=0.100.0->stock-model==0.1.0)
Test Optional Dependencies	Install all optional dependencies	2026-10-04T14:18:15.4636326Z   Using cached starlette-1.7.0-py3-none-any.whl.metadata (6.6 kB)
Test Optional Dependencies	Install all optional dependencies	2026-10-04T14:18:15.5231081Z Collecting typing-inspection>=0.4.2 (from fastapi>=0.100.0->stock-model==0.1.0)
Test Optional Dependencies	Install all optional dependencies	2026-10-04T14:18:15.5243659Z   Using cached typing_inspection-0.4.4-py3-none-any.whl.metadata (2.6 kB)
Test Optional Dependencies	Install all optional dependencies	2026-10-04T14:18:15.5394003Z Collecting annotated-doc>=0.0.2 (from fastapi>=0.100.0->stock-model==0.1.0)
Test Optional Dependencies	Install all optional dependencies	2026-10-04T14:18:15.5406509Z   Using cached annotated_doc-0.0.5-py3-none-any.whl.metadata (6.5 kB)
Test Optional Dependencies	Install all optional dependencies	2026-10-04T14:18:15.5621580Z Collecting opentelemetry-api>=1.44.0 (from fastapi>=0.100.0->stock-model==0.1.0)
Test Optional Dependencies	Install all optional dependencies	2026-10-04T14:18:15.5635101Z   Using cached opentelemetry_api-1.45.0-py3-none-any.whl.metadata (1.4 kB)
Test Optional Dependencies	Install all optional dependencies	2026-10-04T14:18:15.5813764Z Collecting six>=1.9 (from html5lib>=1.0.1->akshare>=1.12.0->stock-model==0.1.0)
Test Optional Dependencies	Install all optional dependencies	2026-10-04T14:18:15.5826585Z   Using cached six-1.17.0-py2.py3-none-any.whl.metadata (1.7 kB)
Test Optional Dependencies	Install all optional dependencies	2026-10-04T14:18:15.5980796Z Collecting webencodings (from html5lib>=1.0.1->akshare>=1.12.0->stock-model==0.1.0)
Test Optional Dependencies	Install all optional dependencies	2026-10-04T14:18:15.5993359Z   Using cached webencodings-0.6.1-py3-none-any.whl.metadata (3.4 kB)
Test Optional Dependencies	Install all optional dependencies	2026-10-04T14:18:15.6220435Z Collecting anyio (from httpx>=0.24.0->stock-model==0.1.0)
Test Optional Dependencies	Install all optional dependencies	2026-10-04T14:18:15.6233584Z   Using cached anyio-4.15.1-py3-none-any.whl.metadata (4.7 kB)
Test Optional Dependencies	Install all optional dependencies	2026-10-04T14:18:15.6428357Z Collecting httpcore==1.* (from httpx>=0.24.0->stock-model==0.1.0)
Test Optional Dependencies	Install all optional dependencies	2026-10-04T14:18:15.6441484Z   Using cached httpcore-1.0.9-py3-none-any.whl.metadata (21 kB)
Test Optional Dependencies	Install all optional dependencies	2026-10-04T14:18:15.6635708Z Collecting idna (from httpx>=0.24.0->stock-model==0.1.0)
Test Optional Dependencies	Install all optional dependencies	2026-10-04T14:18:15.6648499Z   Using cached idna-3.20-py3-none-any.whl.metadata (7.2 kB)
Test Optional Dependencies	Install all optional dependencies	2026-10-04T14:18:15.6826954Z Collecting h11>=0.16 (from httpcore==1.*->httpx>=0.24.0->stock-model==0.1.0)
Test Optional Dependencies	Install all optional dependencies	2026-10-04T14:18:15.6840167Z   Using cached h11-0.16.0-py3-none-any.whl.metadata (8.3 kB)
Test Optional Dependencies	Install all optional dependencies	2026-10-04T14:18:15.7005596Z Collecting ipython-pygments-lexers>=1.0.0 (from ipython>=8.14.0->stock-model==0.1.0)
Test Optional Dependencies	Install all optional dependencies	2026-10-04T14:18:15.7018716Z   Using cached ipython_pygments_lexers-1.1.1-py3-none-any.whl.metadata (1.1 kB)
Test Optional Dependencies	Install all optional dependencies	2026-10-04T14:18:15.7193419Z Collecting jedi>=0.18.2 (from ipython>=8.14.0->stock-model==0.1.0)
Test Optional Dependencies	Install all optional dependencies	2026-10-04T14:18:15.7207112Z   Using cached jedi-0.20.0-py2.py3-none-any.whl.metadata (23 kB)
Test Optional Dependencies	Install all optional dependencies	2026-10-04T14:18:15.7400389Z Collecting matplotlib-inline>=0.1.6 (from ipython>=8.14.0->stock-model==0.1.0)
Test Optional Dependencies	Install all optional dependencies	2026-10-04T14:18:15.7414597Z   Using cached matplotlib_inline-0.2.2-py3-none-any.whl.metadata (2.4 kB)
Test Optional Dependencies	Install all optional dependencies	2026-10-04T14:18:15.7582312Z Collecting pexpect>4.6 (from ipython>=8.14.0->stock-model==0.1.0)
Test Optional Dependencies	Install all optional dependencies	2026-10-04T14:18:15.7596575Z   Using cached pexpect-4.9.0-py2.py3-none-any.whl.metadata (2.5 kB)
Test Optional Dependencies	Install all optional dependencies	2026-10-04T14:18:15.7852782Z Collecting prompt_toolkit<3.1.0,>=3.0.41 (from ipython>=8.14.0->stock-model==0.1.0)
Test Optional Dependencies	Install all optional dependencies	2026-10-04T14:18:15.7864891Z   Using cached prompt_toolkit-3.0.53-py3-none-any.whl.metadata (6.4 kB)
Test Optional Dependencies	Install all optional dependencies	2026-10-04T14:18:15.8473461Z Collecting psutil>=7 (from ipython>=8.14.0->stock-model==0.1.0)
Test Optional Dependencies	Install all optional dependencies	2026-10-04T14:18:15.8486273Z   Using cached psutil-7.2.2-cp36-abi3-manylinux2010_x86_64.manylinux_2_12_x86_64.manylinux_2_28_x86_64.whl.metadata (22 kB)
Test Optional Dependencies	Install all optional dependencies	2026-10-04T14:18:15.8725950Z Collecting pygments>=2.14.0 (from ipython>=8.14.0->stock-model==0.1.0)
Test Optional Dependencies	Install all optional dependencies	2026-10-04T14:18:15.8738347Z   Using cached pygments-2.21.0-py3-none-any.whl.metadata (2.5 kB)
Test Optional Dependencies	Install all optional dependencies	2026-10-04T14:18:15.8903875Z Collecting stack_data>=0.6.0 (from ipython>=8.14.0->stock-model==0.1.0)
Test Optional Dependencies	Install all optional dependencies	2026-10-04T14:18:15.8917167Z   Using cached stack_data-0.6.3-py3-none-any.whl.metadata (18 kB)
Test Optional Dependencies	Install all optional dependencies	2026-10-04T14:18:15.9145656Z Collecting traitlets>=5.13.0 (from ipython>=8.14.0->stock-model==0.1.0)
Test Optional Dependencies	Install all optional dependencies	2026-10-04T14:18:15.9163819Z   Using cached traitlets-5.16.1-py3-none-any.whl.metadata (10 kB)
Test Optional Dependencies	Install all optional dependencies	2026-10-04T14:18:15.9393901Z Collecting wcwidth>=0.1.4 (from prompt_toolkit<3.1.0,>=3.0.41->ipython>=8.14.0->stock-model==0.1.0)
Test Optional Dependencies	Install all optional dependencies	2026-10-04T14:18:15.9408773Z   Using cached wcwidth-0.9.1-cp310-abi3-manylinux2014_x86_64.manylinux_2_17_x86_64.whl.metadata (23 kB)
Test Optional Dependencies	Install all optional dependencies	2026-10-04T14:18:15.9609837Z Collecting parso<0.9.0,>=0.8.6 (from jedi>=0.18.2->ipython>=8.14.0->stock-model==0.1.0)
Test Optional Dependencies	Install all optional dependencies	2026-10-04T14:18:15.9622974Z   Using cached parso-0.8.7-py2.py3-none-any.whl.metadata (8.2 kB)
Test Optional Dependencies	Install all optional dependencies	2026-10-04T14:18:16.0009835Z Collecting notebook (from jupyter>=1.0.0->stock-model==0.1.0)
Test Optional Dependencies	Install all optional dependencies	2026-10-04T14:18:16.0023249Z   Using cached notebook-7.6.3-py3-none-any.whl.metadata (10 kB)
Test Optional Dependencies	Install all optional dependencies	2026-10-04T14:18:16.0218757Z Collecting jupyter-console (from jupyter>=1.0.0->stock-model==0.1.0)
Test Optional Dependencies	Install all optional dependencies	2026-10-04T14:18:16.0232474Z   Using cached jupyter_console-6.6.3-py3-none-any.whl.metadata (5.8 kB)
Test Optional Dependencies	Install all optional dependencies	2026-10-04T14:18:16.0485669Z Collecting nbconvert (from jupyter>=1.0.0->stock-model==0.1.0)
Test Optional Dependencies	Install all optional dependencies	2026-10-04T14:18:16.0499390Z   Using cached nbconvert-7.17.1-py3-none-any.whl.metadata (8.4 kB)
Test Optional Dependencies	Install all optional dependencies	2026-10-04T14:18:16.0823222Z Collecting ipykernel (from jupyter>=1.0.0->stock-model==0.1.0)
Test Optional Dependencies	Install all optional dependencies	2026-10-04T14:18:16.0837396Z   Using cached ipykernel-7.4.0-py3-none-any.whl.metadata (3.4 kB)
Test Optional Dependencies	Install all optional dependencies	2026-10-04T14:18:16.1247160Z Collecting ipywidgets (from jupyter>=1.0.0->stock-model==0.1.0)
Test Optional Dependencies	Install all optional dependencies	2026-10-04T14:18:16.1260947Z   Using cached ipywidgets-8.1.9-py3-none-any.whl.metadata (2.4 kB)
Test Optional Dependencies	Install all optional dependencies	2026-10-04T14:18:16.1976599Z Collecting jupyterlab (from jupyter>=1.0.0->stock-model==0.1.0)
Test Optional Dependencies	Install all optional dependencies	2026-10-04T14:18:16.1990986Z   Using cached jupyterlab-4.6.4-py3-none-any.whl.metadata (16 kB)
Test Optional Dependencies	Install all optional dependencies	2026-10-04T14:18:16.2206823Z Collecting choreographer>=1.3.0 (from kaleido>=0.2.1->stock-model==0.1.0)
Test Optional Dependencies	Install all optional dependencies	2026-10-04T14:18:16.2220056Z   Using cached choreographer-1.4.0-py3-none-any.whl.metadata (5.5 kB)
Test Optional Dependencies	Install all optional dependencies	2026-10-04T14:18:16.2398412Z Collecting logistro>=1.0.8 (from kaleido>=0.2.1->stock-model==0.1.0)
Test Optional Dependencies	Install all optional dependencies	2026-10-04T14:18:16.2411656Z   Using cached logistro-2.0.1-py3-none-any.whl.metadata (3.9 kB)
Test Optional Dependencies	Install all optional dependencies	2026-10-04T14:18:16.4477191Z Collecting orjson>=3.10.15 (from kaleido>=0.2.1->stock-model==0.1.0)
Test Optional Dependencies	Install all optional dependencies	2026-10-04T14:18:16.4491088Z   Using cached orjson-3.12.0-cp312-cp312-manylinux_2_17_x86_64.manylinux2014_x86_64.whl.metadata (41 kB)
Test Optional Dependencies	Install all optional dependencies	2026-10-04T14:18:16.4604802Z Collecting packaging (from kaleido>=0.2.1->stock-model==0.1.0)
Test Optional Dependencies	Install all optional dependencies	2026-10-04T14:18:16.4617913Z   Using cached packaging-26.3-py3-none-any.whl.metadata (3.5 kB)
Test Optional Dependencies	Install all optional dependencies	2026-10-04T14:18:16.5347631Z Collecting platformdirs>=4.3.6 (from choreographer>=1.3.0->kaleido>=0.2.1->stock-model==0.1.0)
Test Optional Dependencies	Install all optional dependencies	2026-10-04T14:18:16.5361901Z   Using cached platformdirs-4.12.3-py3-none-any.whl.metadata (5.5 kB)
Test Optional Dependencies	Install all optional dependencies	2026-10-04T14:18:16.6276833Z Collecting simplejson>=3.19.3 (from choreographer>=1.3.0->kaleido>=0.2.1->stock-model==0.1.0)
Test Optional Dependencies	Install all optional dependencies	2026-10-04T14:18:16.6291330Z   Using cached simplejson-4.2.0-cp312-cp312-manylinux1_x86_64.manylinux_2_28_x86_64.manylinux_2_5_x86_64.whl.metadata (3.8 kB)
Test Optional Dependencies	Install all optional dependencies	2026-10-04T14:18:16.6898358Z Collecting contourpy>=1.0.1 (from matplotlib>=3.7.0->stock-model==0.1.0)
Test Optional Dependencies	Install all optional dependencies	2026-10-04T14:18:16.6912665Z   Using cached contourpy-1.4.0-cp312-cp312-manylinux_2_27_x86_64.manylinux_2_28_x86_64.whl.metadata (3.8 kB)
Test Optional Dependencies	Install all optional dependencies	2026-10-04T14:18:16.7078424Z Collecting cycler>=0.10 (from matplotlib>=3.7.0->stock-model==0.1.0)
Test Optional Dependencies	Install all optional dependencies	2026-10-04T14:18:16.7091515Z   Using cached cycler-0.12.1-py3-none-any.whl.metadata (3.8 kB)
Test Optional Dependencies	Install all optional dependencies	2026-10-04T14:18:16.8420444Z Collecting fonttools>=4.28.2 (from matplotlib>=3.7.0->stock-model==0.1.0)
Test Optional Dependencies	Install all optional dependencies	2026-10-04T14:18:16.8430207Z   Using cached fonttools-4.66.1-cp312-cp312-manylinux2014_x86_64.manylinux_2_17_x86_64.whl.metadata (130 kB)
Test Optional Dependencies	Install all optional dependencies	2026-10-04T14:18:16.9134436Z Collecting kiwisolver>=1.3.1 (from matplotlib>=3.7.0->stock-model==0.1.0)
Test Optional Dependencies	Install all optional dependencies	2026-10-04T14:18:16.9147722Z   Using cached kiwisolver-1.5.1-cp312-cp312-manylinux2014_x86_64.manylinux_2_17_x86_64.whl.metadata (5.2 kB)
Test Optional Dependencies	Install all optional dependencies	2026-10-04T14:18:17.0571984Z Collecting pillow>=9 (from matplotlib>=3.7.0->stock-model==0.1.0)
Test Optional Dependencies	Install all optional dependencies	2026-10-04T14:18:17.0585672Z   Using cached pillow-12.3.0-cp312-cp312-manylinux_2_27_x86_64.manylinux_2_28_x86_64.whl.metadata (9.1 kB)
Test Optional Dependencies	Install all optional dependencies	2026-10-04T14:18:17.0858304Z Collecting pyparsing>=3 (from matplotlib>=3.7.0->stock-model==0.1.0)
Test Optional Dependencies	Install all optional dependencies	2026-10-04T14:18:17.0871896Z   Using cached pyparsing-3.3.3-py3-none-any.whl.metadata (5.9 kB)
Test Optional Dependencies	Install all optional dependencies	2026-10-04T14:18:17.1049279Z Collecting python-dateutil>=2.7 (from matplotlib>=3.7.0->stock-model==0.1.0)
Test Optional Dependencies	Install all optional dependencies	2026-10-04T14:18:17.1062836Z   Using cached python_dateutil-2.9.0.post0-py2.py3-none-any.whl.metadata (8.4 kB)
Test Optional Dependencies	Install all optional dependencies	2026-10-04T14:18:17.1321699Z Collecting mypy_extensions>=1.0.0 (from mypy>=1.5.0->stock-model==0.1.0)
Test Optional Dependencies	Install all optional dependencies	2026-10-04T14:18:17.1335262Z   Using cached mypy_extensions-1.1.0-py3-none-any.whl.metadata (1.1 kB)
Test Optional Dependencies	Install all optional dependencies	2026-10-04T14:18:17.1503312Z Collecting pathspec>=1.0.0 (from mypy>=1.5.0->stock-model==0.1.0)
Test Optional Dependencies	Install all optional dependencies	2026-10-04T14:18:17.1516503Z   Using cached pathspec-1.1.1-py3-none-any.whl.metadata (14 kB)
Test Optional Dependencies	Install all optional dependencies	2026-10-04T14:18:17.3277667Z Collecting librt>=0.16.0 (from mypy>=1.5.0->stock-model==0.1.0)
Test Optional Dependencies	Install all optional dependencies	2026-10-04T14:18:17.3292305Z   Using cached librt-0.16.0-cp312-cp312-manylinux2014_x86_64.manylinux_2_17_x86_64.manylinux_2_28_x86_64.whl.metadata (1.3 kB)
Test Optional Dependencies	Install all optional dependencies	2026-10-04T14:18:17.3756946Z Collecting ast-serialize<1.0.0,>=0.11.2 (from mypy>=1.5.0->stock-model==0.1.0)
Test Optional Dependencies	Install all optional dependencies	2026-10-04T14:18:17.3771635Z   Using cached ast_serialize-0.12.1-cp39-abi3-manylinux_2_17_x86_64.manylinux2014_x86_64.whl.metadata (1.4 kB)
Test Optional Dependencies	Install all optional dependencies	2026-10-04T14:18:17.3957260Z Collecting et-xmlfile (from openpyxl>=3.0.3->akshare>=1.12.0->stock-model==0.1.0)
Test Optional Dependencies	Install all optional dependencies	2026-10-04T14:18:17.3970398Z   Using cached et_xmlfile-2.0.0-py3-none-any.whl.metadata (2.7 kB)
Test Optional Dependencies	Install all optional dependencies	2026-10-04T14:18:17.4940502Z Collecting numba==0.61.2 (from pandas-ta>=0.3.14b->stock-model==0.1.0)
Test Optional Dependencies	Install all optional dependencies	2026-10-04T14:18:17.4954295Z   Using cached numba-0.61.2-cp312-cp312-manylinux2014_x86_64.manylinux_2_17_x86_64.whl.metadata (2.8 kB)
Test Optional Dependencies	Install all optional dependencies	2026-10-04T14:18:17.5615783Z Collecting llvmlite<0.45,>=0.44.0dev0 (from numba==0.61.2->pandas-ta>=0.3.14b->stock-model==0.1.0)
Test Optional Dependencies	Install all optional dependencies	2026-10-04T14:18:17.5631099Z   Using cached llvmlite-0.44.0-cp312-cp312-manylinux_2_17_x86_64.manylinux2014_x86_64.whl.metadata (5.0 kB)
Test Optional Dependencies	Install all optional dependencies	2026-10-04T14:18:17.5657952Z Collecting numpy>=1.24.0 (from stock-model==0.1.0)
Test Optional Dependencies	Install all optional dependencies	2026-10-04T14:18:17.5670428Z   Using cached numpy-2.2.6-cp312-cp312-manylinux_2_17_x86_64.manylinux2014_x86_64.whl.metadata (62 kB)
Test Optional Dependencies	Install all optional dependencies	2026-10-04T14:18:17.5947794Z Collecting ptyprocess>=0.5 (from pexpect>4.6->ipython>=8.14.0->stock-model==0.1.0)
Test Optional Dependencies	Install all optional dependencies	2026-10-04T14:18:17.5960016Z   Using cached ptyprocess-0.7.0-py2.py3-none-any.whl.metadata (1.3 kB)
Test Optional Dependencies	Install all optional dependencies	2026-10-04T14:18:17.6381177Z Collecting narwhals>=1.15.1 (from plotly>=5.15.0->stock-model==0.1.0)
Test Optional Dependencies	Install all optional dependencies	2026-10-04T14:18:17.6400328Z   Using cached narwhals-2.26.0-py3-none-any.whl.metadata (15 kB)
Test Optional Dependencies	Install all optional dependencies	2026-10-04T14:18:17.6653426Z Collecting annotated-types>=0.6.0 (from pydantic>=2.0.0->stock-model==0.1.0)
Test Optional Dependencies	Install all optional dependencies	2026-10-04T14:18:17.6669928Z   Using cached annotated_types-0.8.0-py3-none-any.whl.metadata (15 kB)
Test Optional Dependencies	Install all optional dependencies	2026-10-04T14:18:18.2822353Z Collecting pydantic-core==2.46.5 (from pydantic>=2.0.0->stock-model==0.1.0)
Test Optional Dependencies	Install all optional dependencies	2026-10-04T14:18:18.2836327Z   Using cached pydantic_core-2.46.5-cp312-cp312-manylinux_2_17_x86_64.manylinux2014_x86_64.whl.metadata (6.6 kB)
Test Optional Dependencies	Install all optional dependencies	2026-10-04T14:18:18.3086261Z Collecting python-dotenv>=0.21.0 (from pydantic-settings>=2.0.0->stock-model==0.1.0)
Test Optional Dependencies	Install all optional dependencies	2026-10-04T14:18:18.3098267Z   Using cached python_dotenv-1.2.4-py3-none-any.whl.metadata (29 kB)
Test Optional Dependencies	Install all optional dependencies	2026-10-04T14:18:18.3298728Z Collecting iniconfig>=1.0.1 (from pytest>=7.4.0->stock-model==0.1.0)
Test Optional Dependencies	Install all optional dependencies	2026-10-04T14:18:18.3312536Z   Using cached iniconfig-2.3.0-py3-none-any.whl.metadata (2.5 kB)
Test Optional Dependencies	Install all optional dependencies	2026-10-04T14:18:18.3488002Z Collecting pluggy<2,>=1.5 (from pytest>=7.4.0->stock-model==0.1.0)
Test Optional Dependencies	Install all optional dependencies	2026-10-04T14:18:18.3501496Z   Using cached pluggy-1.6.0-py3-none-any.whl.metadata (4.8 kB)
Test Optional Dependencies	Install all optional dependencies	2026-10-04T14:18:18.6853396Z Collecting coverage>=7.10.6 (from coverage[toml]>=7.10.6->pytest-cov>=4.1.0->stock-model==0.1.0)
Test Optional Dependencies	Install all optional dependencies	2026-10-04T14:18:18.6866855Z   Using cached coverage-7.16.2-cp312-cp312-manylinux1_x86_64.manylinux_2_28_x86_64.manylinux_2_5_x86_64.whl.metadata (8.2 kB)
Test Optional Dependencies	Install all optional dependencies	2026-10-04T14:18:18.8766501Z Collecting charset_normalizer<4,>=2 (from requests>=2.22.0->akshare>=1.12.0->stock-model==0.1.0)
Test Optional Dependencies	Install all optional dependencies	2026-10-04T14:18:18.8781415Z   Using cached charset_normalizer-3.5.2-cp312-cp312-manylinux2014_x86_64.manylinux_2_17_x86_64.manylinux_2_28_x86_64.whl.metadata (46 kB)
Test Optional Dependencies	Install all optional dependencies	2026-10-04T14:18:18.9072272Z Collecting markdown-it-py>=2.2.0 (from rich>=13.0.0->stock-model==0.1.0)
Test Optional Dependencies	Install all optional dependencies	2026-10-04T14:18:18.9085459Z   Using cached markdown_it_py-4.2.0-py3-none-any.whl.metadata (7.4 kB)
Test Optional Dependencies	Install all optional dependencies	2026-10-04T14:18:18.9289122Z Collecting mdurl~=0.1 (from markdown-it-py>=2.2.0->rich>=13.0.0->stock-model==0.1.0)
Test Optional Dependencies	Install all optional dependencies	2026-10-04T14:18:18.9299086Z   Using cached mdurl-0.1.2-py3-none-any.whl.metadata (1.6 kB)
Test Optional Dependencies	Install all optional dependencies	2026-10-04T14:18:18.9540872Z Collecting executing>=1.2.0 (from stack_data>=0.6.0->ipython>=8.14.0->stock-model==0.1.0)
Test Optional Dependencies	Install all optional dependencies	2026-10-04T14:18:18.9555437Z   Using cached executing-2.2.1-py2.py3-none-any.whl.metadata (8.9 kB)
Test Optional Dependencies	Install all optional dependencies	2026-10-04T14:18:18.9742124Z Collecting asttokens>=2.1.0 (from stack_data>=0.6.0->ipython>=8.14.0->stock-model==0.1.0)
Test Optional Dependencies	Install all optional dependencies	2026-10-04T14:18:18.9755606Z   Using cached asttokens-3.0.2-py3-none-any.whl.metadata (5.7 kB)
Test Optional Dependencies	Install all optional dependencies	2026-10-04T14:18:18.9918891Z Collecting pure-eval (from stack_data>=0.6.0->ipython>=8.14.0->stock-model==0.1.0)
Test Optional Dependencies	Install all optional dependencies	2026-10-04T14:18:18.9931251Z   Using cached pure_eval-0.2.4-py3-none-any.whl.metadata (6.4 kB)
Test Optional Dependencies	Install all optional dependencies	2026-10-04T14:18:19.0320141Z Collecting click>=7.0 (from uvicorn>=0.23.0->stock-model==0.1.0)
Test Optional Dependencies	Install all optional dependencies	2026-10-04T14:18:19.0333842Z   Using cached click-8.5.0-py3-none-any.whl.metadata (2.6 kB)
Test Optional Dependencies	Install all optional dependencies	2026-10-04T14:18:19.0549894Z Collecting comm>=0.1.1 (from ipykernel->jupyter>=1.0.0->stock-model==0.1.0)
Test Optional Dependencies	Install all optional dependencies	2026-10-04T14:18:19.0565175Z   Using cached comm-0.2.3-py3-none-any.whl.metadata (3.7 kB)
Test Optional Dependencies	Install all optional dependencies	2026-10-04T14:18:19.1352473Z Collecting debugpy>=1.6.5 (from ipykernel->jupyter>=1.0.0->stock-model==0.1.0)
Test Optional Dependencies	Install all optional dependencies	2026-10-04T14:18:19.1365298Z   Using cached debugpy-1.8.22-cp312-cp312-manylinux_2_34_x86_64.whl.metadata (1.4 kB)
Test Optional Dependencies	Install all optional dependencies	2026-10-04T14:18:19.1618602Z Collecting jupyter-client>=8.9.0 (from ipykernel->jupyter>=1.0.0->stock-model==0.1.0)
Test Optional Dependencies	Install all optional dependencies	2026-10-04T14:18:19.1631113Z   Using cached jupyter_client-8.10.0-py3-none-any.whl.metadata (8.5 kB)
Test Optional Dependencies	Install all optional dependencies	2026-10-04T14:18:19.1851895Z Collecting jupyter-core!=6.0.*,>=5.1 (from ipykernel->jupyter>=1.0.0->stock-model==0.1.0)
Test Optional Dependencies	Install all optional dependencies	2026-10-04T14:18:19.1864443Z   Using cached jupyter_core-5.9.1-py3-none-any.whl.metadata (1.5 kB)
Test Optional Dependencies	Install all optional dependencies	2026-10-04T14:18:19.2026818Z Collecting nest-asyncio2>=1.7.0 (from ipykernel->jupyter>=1.0.0->stock-model==0.1.0)
Test Optional Dependencies	Install all optional dependencies	2026-10-04T14:18:19.2039078Z   Using cached nest_asyncio2-1.7.3-py3-none-any.whl.metadata (6.7 kB)
Test Optional Dependencies	Install all optional dependencies	2026-10-04T14:18:19.3836608Z Collecting pyzmq>=25 (from ipykernel->jupyter>=1.0.0->stock-model==0.1.0)
Test Optional Dependencies	Install all optional dependencies	2026-10-04T14:18:19.3848963Z   Using cached pyzmq-27.2.0-cp312-abi3-manylinux_2_26_x86_64.manylinux_2_28_x86_64.whl.metadata (3.8 kB)
Test Optional Dependencies	Install all optional dependencies	2026-10-04T14:18:19.4225173Z Collecting tornado>=6.5.7 (from ipykernel->jupyter>=1.0.0->stock-model==0.1.0)
Test Optional Dependencies	Install all optional dependencies	2026-10-04T14:18:19.4237669Z   Using cached tornado-6.5.10-cp39-abi3-manylinux1_x86_64.manylinux_2_28_x86_64.manylinux_2_5_x86_64.whl.metadata (2.8 kB)
Test Optional Dependencies	Install all optional dependencies	2026-10-04T14:18:19.4683332Z Collecting widgetsnbextension~=4.0.16 (from ipywidgets->jupyter>=1.0.0->stock-model==0.1.0)
Test Optional Dependencies	Install all optional dependencies	2026-10-04T14:18:19.4696952Z   Using cached widgetsnbextension-4.0.16-py3-none-any.whl.metadata (1.6 kB)
Test Optional Dependencies	Install all optional dependencies	2026-10-04T14:18:19.4921573Z Collecting jupyterlab_widgets~=3.0.17 (from ipywidgets->jupyter>=1.0.0->stock-model==0.1.0)
Test Optional Dependencies	Install all optional dependencies	2026-10-04T14:18:19.4933902Z   Using cached jupyterlab_widgets-3.0.17-py3-none-any.whl.metadata (20 kB)
Test Optional Dependencies	Install all optional dependencies	2026-10-04T14:18:19.5271010Z Collecting async-lru>=1.0.0 (from jupyterlab->jupyter>=1.0.0->stock-model==0.1.0)
Test Optional Dependencies	Install all optional dependencies	2026-10-04T14:18:19.5294888Z   Using cached async_lru-2.3.0-py3-none-any.whl.metadata (7.6 kB)
Test Optional Dependencies	Install all optional dependencies	2026-10-04T14:18:19.5552606Z Collecting jinja2>=3.0.3 (from jupyterlab->jupyter>=1.0.0->stock-model==0.1.0)
Test Optional Dependencies	Install all optional dependencies	2026-10-04T14:18:19.5565017Z   Using cached jinja2-3.1.6-py3-none-any.whl.metadata (2.9 kB)
Test Optional Dependencies	Install all optional dependencies	2026-10-04T14:18:19.5729110Z Collecting jupyter-builder>=1.0.2 (from jupyterlab->jupyter>=1.0.0->stock-model==0.1.0)
Test Optional Dependencies	Install all optional dependencies	2026-10-04T14:18:19.5740587Z   Using cached jupyter_builder-1.2.3-py3-none-any.whl.metadata (7.8 kB)
Test Optional Dependencies	Install all optional dependencies	2026-10-04T14:18:19.5924052Z Collecting jupyter-lsp>=2.0.0 (from jupyterlab->jupyter>=1.0.0->stock-model==0.1.0)
Test Optional Dependencies	Install all optional dependencies	2026-10-04T14:18:19.5935661Z   Using cached jupyter_lsp-2.3.1-py3-none-any.whl.metadata (1.8 kB)
Test Optional Dependencies	Install all optional dependencies	2026-10-04T14:18:19.6220903Z Collecting jupyter-server<3,>=2.19.0 (from jupyterlab->jupyter>=1.0.0->stock-model==0.1.0)
Test Optional Dependencies	Install all optional dependencies	2026-10-04T14:18:19.6234750Z   Using cached jupyter_server-2.21.1-py3-none-any.whl.metadata (8.5 kB)
Test Optional Dependencies	Install all optional dependencies	2026-10-04T14:18:19.6499496Z Collecting jupyterlab-server<3,>=2.28.0 (from jupyterlab->jupyter>=1.0.0->stock-model==0.1.0)
Test Optional Dependencies	Install all optional dependencies	2026-10-04T14:18:19.6513142Z   Using cached jupyterlab_server-2.28.1-py3-none-any.whl.metadata (5.8 kB)
Test Optional Dependencies	Install all optional dependencies	2026-10-04T14:18:19.6713908Z Collecting notebook-shim>=0.2 (from jupyterlab->jupyter>=1.0.0->stock-model==0.1.0)
Test Optional Dependencies	Install all optional dependencies	2026-10-04T14:18:19.6727182Z   Using cached notebook_shim-0.2.4-py3-none-any.whl.metadata (4.0 kB)
Test Optional Dependencies	Install all optional dependencies	2026-10-04T14:18:19.7009885Z Collecting argon2-cffi>=21.1 (from jupyter-server<3,>=2.19.0->jupyterlab->jupyter>=1.0.0->stock-model==0.1.0)
Test Optional Dependencies	Install all optional dependencies	2026-10-04T14:18:19.7023087Z   Using cached argon2_cffi-25.1.0-py3-none-any.whl.metadata (4.1 kB)
Test Optional Dependencies	Install all optional dependencies	2026-10-04T14:18:19.7196413Z Collecting jupyter-events>=0.11.0 (from jupyter-server<3,>=2.19.0->jupyterlab->jupyter>=1.0.0->stock-model==0.1.0)
Test Optional Dependencies	Install all optional dependencies	2026-10-04T14:18:19.7210194Z   Using cached jupyter_events-0.12.1-py3-none-any.whl.metadata (5.8 kB)
Test Optional Dependencies	Install all optional dependencies	2026-10-04T14:18:19.7390145Z Collecting jupyter-server-terminals>=0.4.4 (from jupyter-server<3,>=2.19.0->jupyterlab->jupyter>=1.0.0->stock-model==0.1.0)
Test Optional Dependencies	Install all optional dependencies	2026-10-04T14:18:19.7403016Z   Using cached jupyter_server_terminals-0.5.4-py3-none-any.whl.metadata (5.9 kB)
Test Optional Dependencies	Install all optional dependencies	2026-10-04T14:18:19.7621560Z Collecting nbformat>=5.3.0 (from jupyter-server<3,>=2.19.0->jupyterlab->jupyter>=1.0.0->stock-model==0.1.0)
Test Optional Dependencies	Install all optional dependencies	2026-10-04T14:18:19.7634774Z   Using cached nbformat-5.11.1-py3-none-any.whl.metadata (3.7 kB)
Test Optional Dependencies	Install all optional dependencies	2026-10-04T14:18:19.7826621Z Collecting prometheus-client>=0.9 (from jupyter-server<3,>=2.19.0->jupyterlab->jupyter>=1.0.0->stock-model==0.1.0)
Test Optional Dependencies	Install all optional dependencies	2026-10-04T14:18:19.7840754Z   Using cached prometheus_client-0.26.0-py3-none-any.whl.metadata (2.1 kB)
Test Optional Dependencies	Install all optional dependencies	2026-10-04T14:18:19.8025173Z Collecting send2trash>=1.8.2 (from jupyter-server<3,>=2.19.0->jupyterlab->jupyter>=1.0.0->stock-model==0.1.0)
Test Optional Dependencies	Install all optional dependencies	2026-10-04T14:18:19.8038452Z   Using cached send2trash-2.1.0-py3-none-any.whl.metadata (4.1 kB)
Test Optional Dependencies	Install all optional dependencies	2026-10-04T14:18:19.8221211Z Collecting terminado>=0.8.3 (from jupyter-server<3,>=2.19.0->jupyterlab->jupyter>=1.0.0->stock-model==0.1.0)
Test Optional Dependencies	Install all optional dependencies	2026-10-04T14:18:19.8234447Z   Using cached terminado-0.18.1-py3-none-any.whl.metadata (5.8 kB)
Test Optional Dependencies	Install all optional dependencies	2026-10-04T14:18:19.8452774Z Collecting websocket-client>=1.7 (from jupyter-server<3,>=2.19.0->jupyterlab->jupyter>=1.0.0->stock-model==0.1.0)
Test Optional Dependencies	Install all optional dependencies	2026-10-04T14:18:19.8466070Z   Using cached websocket_client-1.9.2-py3-none-any.whl.metadata (8.3 kB)
Test Optional Dependencies	Install all optional dependencies	2026-10-04T14:18:19.8672202Z Collecting babel>=2.10 (from jupyterlab-server<3,>=2.28.0->jupyterlab->jupyter>=1.0.0->stock-model==0.1.0)
Test Optional Dependencies	Install all optional dependencies	2026-10-04T14:18:19.8683122Z   Using cached babel-2.18.0-py3-none-any.whl.metadata (2.2 kB)
Test Optional Dependencies	Install all optional dependencies	2026-10-04T14:18:19.8897456Z Collecting json5>=0.9.0 (from jupyterlab-server<3,>=2.28.0->jupyterlab->jupyter>=1.0.0->stock-model==0.1.0)
Test Optional Dependencies	Install all optional dependencies	2026-10-04T14:18:19.8909902Z   Using cached json5-0.15.0-py3-none-any.whl.metadata (37 kB)
Test Optional Dependencies	Install all optional dependencies	2026-10-04T14:18:19.9190164Z Collecting jsonschema>=4.18.0 (from jupyterlab-server<3,>=2.28.0->jupyterlab->jupyter>=1.0.0->stock-model==0.1.0)
Test Optional Dependencies	Install all optional dependencies	2026-10-04T14:18:19.9202959Z   Using cached jsonschema-4.26.0-py3-none-any.whl.metadata (7.6 kB)
Test Optional Dependencies	Install all optional dependencies	2026-10-04T14:18:19.9457064Z Collecting argon2-cffi-bindings (from argon2-cffi>=21.1->jupyter-server<3,>=2.19.0->jupyterlab->jupyter>=1.0.0->stock-model==0.1.0)
Test Optional Dependencies	Install all optional dependencies	2026-10-04T14:18:19.9469825Z   Using cached argon2_cffi_bindings-26.1.0-cp310-abi3-manylinux_2_26_x86_64.manylinux_2_28_x86_64.whl.metadata (7.5 kB)
Test Optional Dependencies	Install all optional dependencies	2026-10-04T14:18:20.0037999Z Collecting MarkupSafe>=2.0 (from jinja2>=3.0.3->jupyterlab->jupyter>=1.0.0->stock-model==0.1.0)
Test Optional Dependencies	Install all optional dependencies	2026-10-04T14:18:20.0051648Z   Using cached markupsafe-3.0.4-cp312-cp312-manylinux2014_x86_64.manylinux_2_17_x86_64.manylinux_2_28_x86_64.whl.metadata (2.7 kB)
Test Optional Dependencies	Install all optional dependencies	2026-10-04T14:18:20.1170464Z Collecting attrs>=22.2.0 (from jsonschema>=4.18.0->jupyterlab-server<3,>=2.28.0->jupyterlab->jupyter>=1.0.0->stock-model==0.1.0)
Test Optional Dependencies	Install all optional dependencies	2026-10-04T14:18:20.1184781Z   Using cached attrs-26.1.0-py3-none-any.whl.metadata (8.8 kB)
Test Optional Dependencies	Install all optional dependencies	2026-10-04T14:18:20.1724930Z Collecting jsonschema-specifications>=2023.03.6 (from jsonschema>=4.18.0->jupyterlab-server<3,>=2.28.0->jupyterlab->jupyter>=1.0.0->stock-model==0.1.0)
Test Optional Dependencies	Install all optional dependencies	2026-10-04T14:18:20.1738814Z   Using cached jsonschema_specifications-2025.9.1-py3-none-any.whl.metadata (2.9 kB)
Test Optional Dependencies	Install all optional dependencies	2026-10-04T14:18:20.2257201Z Collecting referencing>=0.28.4 (from jsonschema>=4.18.0->jupyterlab-server<3,>=2.28.0->jupyterlab->jupyter>=1.0.0->stock-model==0.1.0)
Test Optional Dependencies	Install all optional dependencies	2026-10-04T14:18:20.2272405Z   Using cached referencing-0.37.0-py3-none-any.whl.metadata (2.8 kB)
Test Optional Dependencies	Install all optional dependencies	2026-10-04T14:18:20.4590719Z Collecting rpds-py>=0.25.0 (from jsonschema>=4.18.0->jupyterlab-server<3,>=2.28.0->jupyterlab->jupyter>=1.0.0->stock-model==0.1.0)
Test Optional Dependencies	Install all optional dependencies	2026-10-04T14:18:20.4603287Z   Using cached rpds_py-2026.6.3-cp312-cp312-manylinux_2_17_x86_64.manylinux2014_x86_64.whl.metadata (4.1 kB)
Test Optional Dependencies	Install all optional dependencies	2026-10-04T14:18:20.8214306Z Collecting python-json-logger>=2.0.4 (from jupyter-events>=0.11.0->jupyter-server<3,>=2.19.0->jupyterlab->jupyter>=1.0.0->stock-model==0.1.0)
Test Optional Dependencies	Install all optional dependencies	2026-10-04T14:18:20.8233461Z   Using cached python_json_logger-4.2.0-py3-none-any.whl.metadata (2.9 kB)
Test Optional Dependencies	Install all optional dependencies	2026-10-04T14:18:21.1178275Z Collecting rfc3339-validator (from jupyter-events>=0.11.0->jupyter-server<3,>=2.19.0->jupyterlab->jupyter>=1.0.0->stock-model==0.1.0)
Test Optional Dependencies	Install all optional dependencies	2026-10-04T14:18:21.1192986Z   Using cached rfc3339_validator-0.1.4-py2.py3-none-any.whl.metadata (1.5 kB)
Test Optional Dependencies	Install all optional dependencies	2026-10-04T14:18:21.3058445Z Collecting rfc3986-validator>=0.1.1 (from jupyter-events>=0.11.0->jupyter-server<3,>=2.19.0->jupyterlab->jupyter>=1.0.0->stock-model==0.1.0)
Test Optional Dependencies	Install all optional dependencies	2026-10-04T14:18:21.3072968Z   Using cached rfc3986_validator-0.1.1-py2.py3-none-any.whl.metadata (1.7 kB)
Test Optional Dependencies	Install all optional dependencies	2026-10-04T14:18:21.3258434Z Collecting fqdn (from jsonschema[format-nongpl]>=4.18.0->jupyter-events>=0.11.0->jupyter-server<3,>=2.19.0->jupyterlab->jupyter>=1.0.0->stock-model==0.1.0)
Test Optional Dependencies	Install all optional dependencies	2026-10-04T14:18:21.3270606Z   Using cached fqdn-1.6.0-py3-none-any.whl.metadata (9.4 kB)
Test Optional Dependencies	Install all optional dependencies	2026-10-04T14:18:21.3437054Z Collecting isoduration (from jsonschema[format-nongpl]>=4.18.0->jupyter-events>=0.11.0->jupyter-server<3,>=2.19.0->jupyterlab->jupyter>=1.0.0->stock-model==0.1.0)
Test Optional Dependencies	Install all optional dependencies	2026-10-04T14:18:21.3449165Z   Using cached isoduration-20.11.0-py3-none-any.whl.metadata (5.7 kB)
Test Optional Dependencies	Install all optional dependencies	2026-10-04T14:18:21.3631650Z Collecting jsonpointer>1.13 (from jsonschema[format-nongpl]>=4.18.0->jupyter-events>=0.11.0->jupyter-server<3,>=2.19.0->jupyterlab->jupyter>=1.0.0->stock-model==0.1.0)
Test Optional Dependencies	Install all optional dependencies	2026-10-04T14:18:21.3644234Z   Using cached jsonpointer-3.1.1-py3-none-any.whl.metadata (2.4 kB)
Test Optional Dependencies	Install all optional dependencies	2026-10-04T14:18:21.3803925Z Collecting rfc3987-syntax>=1.1.0 (from jsonschema[format-nongpl]>=4.18.0->jupyter-events>=0.11.0->jupyter-server<3,>=2.19.0->jupyterlab->jupyter>=1.0.0->stock-model==0.1.0)
Test Optional Dependencies	Install all optional dependencies	2026-10-04T14:18:21.3815768Z   Using cached rfc3987_syntax-1.1.0-py3-none-any.whl.metadata (7.7 kB)
Test Optional Dependencies	Install all optional dependencies	2026-10-04T14:18:21.3979381Z Collecting uri-template (from jsonschema[format-nongpl]>=4.18.0->jupyter-events>=0.11.0->jupyter-server<3,>=2.19.0->jupyterlab->jupyter>=1.0.0->stock-model==0.1.0)
Test Optional Dependencies	Install all optional dependencies	2026-10-04T14:18:21.3997570Z   Using cached uri_template-1.3.0-py3-none-any.whl.metadata (8.8 kB)
Test Optional Dependencies	Install all optional dependencies	2026-10-04T14:18:21.4181645Z Collecting webcolors>=24.6.0 (from jsonschema[format-nongpl]>=4.18.0->jupyter-events>=0.11.0->jupyter-server<3,>=2.19.0->jupyterlab->jupyter>=1.0.0->stock-model==0.1.0)
Test Optional Dependencies	Install all optional dependencies	2026-10-04T14:18:21.4197232Z   Using cached webcolors-25.10.0-py3-none-any.whl.metadata (2.2 kB)
Test Optional Dependencies	Install all optional dependencies	2026-10-04T14:18:21.4467194Z Collecting bleach!=5.0.0 (from bleach[css]!=5.0.0->nbconvert->jupyter>=1.0.0->stock-model==0.1.0)
Test Optional Dependencies	Install all optional dependencies	2026-10-04T14:18:21.4480171Z   Using cached bleach-6.4.0-py3-none-any.whl.metadata (32 kB)
Test Optional Dependencies	Install all optional dependencies	2026-10-04T14:18:21.4667364Z Collecting defusedxml (from nbconvert->jupyter>=1.0.0->stock-model==0.1.0)
Test Optional Dependencies	Install all optional dependencies	2026-10-04T14:18:21.4681124Z   Using cached defusedxml-0.7.1-py2.py3-none-any.whl.metadata (32 kB)
Test Optional Dependencies	Install all optional dependencies	2026-10-04T14:18:21.4881328Z Collecting jupyterlab-pygments (from nbconvert->jupyter>=1.0.0->stock-model==0.1.0)
Test Optional Dependencies	Install all optional dependencies	2026-10-04T14:18:21.4893268Z   Using cached jupyterlab_pygments-0.3.0-py3-none-any.whl.metadata (4.4 kB)
Test Optional Dependencies	Install all optional dependencies	2026-10-04T14:18:21.5105500Z Collecting mistune<4,>=2.0.3 (from nbconvert->jupyter>=1.0.0->stock-model==0.1.0)
Test Optional Dependencies	Install all optional dependencies	2026-10-04T14:18:21.5119444Z   Using cached mistune-3.3.4-py3-none-any.whl.metadata (1.9 kB)
Test Optional Dependencies	Install all optional dependencies	2026-10-04T14:18:21.5346865Z Collecting nbclient>=0.5.0 (from nbconvert->jupyter>=1.0.0->stock-model==0.1.0)
Test Optional Dependencies	Install all optional dependencies	2026-10-04T14:18:21.5359247Z   Using cached nbclient-0.11.0-py3-none-any.whl.metadata (7.3 kB)
Test Optional Dependencies	Install all optional dependencies	2026-10-04T14:18:21.5571643Z Collecting pandocfilters>=1.4.1 (from nbconvert->jupyter>=1.0.0->stock-model==0.1.0)
Test Optional Dependencies	Install all optional dependencies	2026-10-04T14:18:21.5584526Z   Using cached pandocfilters-1.5.1-py2.py3-none-any.whl.metadata (9.0 kB)
Test Optional Dependencies	Install all optional dependencies	2026-10-04T14:18:21.5881573Z Collecting tinycss2>=1.1.0 (from bleach[css]!=5.0.0->nbconvert->jupyter>=1.0.0->stock-model==0.1.0)
Test Optional Dependencies	Install all optional dependencies	2026-10-04T14:18:21.5900725Z   Using cached tinycss2-1.5.1-py3-none-any.whl.metadata (3.0 kB)
Test Optional Dependencies	Install all optional dependencies	2026-10-04T14:18:21.6266408Z Collecting fastjsonschema>=2.15 (from nbformat>=5.3.0->jupyter-server<3,>=2.19.0->jupyterlab->jupyter>=1.0.0->stock-model==0.1.0)
Test Optional Dependencies	Install all optional dependencies	2026-10-04T14:18:21.6286800Z   Using cached fastjsonschema-2.22.2-py3-none-any.whl.metadata (2.1 kB)
Test Optional Dependencies	Install all optional dependencies	2026-10-04T14:18:21.6625834Z Collecting lark>=1.2.2 (from rfc3987-syntax>=1.1.0->jsonschema[format-nongpl]>=4.18.0->jupyter-events>=0.11.0->jupyter-server<3,>=2.19.0->jupyterlab->jupyter>=1.0.0->stock-model==0.1.0)
Test Optional Dependencies	Install all optional dependencies	2026-10-04T14:18:21.6637677Z   Using cached lark-1.3.1-py3-none-any.whl.metadata (1.8 kB)
Test Optional Dependencies	Install all optional dependencies	2026-10-04T14:18:21.6991732Z Collecting arrow>=0.15.0 (from isoduration->jsonschema[format-nongpl]>=4.18.0->jupyter-events>=0.11.0->jupyter-server<3,>=2.19.0->jupyterlab->jupyter>=1.0.0->stock-model==0.1.0)
Test Optional Dependencies	Install all optional dependencies	2026-10-04T14:18:21.7004137Z   Using cached arrow-1.4.0-py3-none-any.whl.metadata (7.7 kB)
Test Optional Dependencies	Install all optional dependencies	2026-10-04T14:18:21.7220451Z Collecting tzdata (from arrow>=0.15.0->isoduration->jsonschema[format-nongpl]>=4.18.0->jupyter-events>=0.11.0->jupyter-server<3,>=2.19.0->jupyterlab->jupyter>=1.0.0->stock-model==0.1.0)
Test Optional Dependencies	Install all optional dependencies	2026-10-04T14:18:21.7232268Z   Using cached tzdata-2026.5-py2.py3-none-any.whl.metadata (1.4 kB)
Test Optional Dependencies	Install all optional dependencies	2026-10-04T14:18:21.7432482Z Using cached akshare-1.19.1-py3-none-any.whl (1.3 MB)
Test Optional Dependencies	Install all optional dependencies	2026-10-04T14:18:21.7450362Z Using cached akracer-0.0.14-py3-none-any.whl (10.1 MB)
Test Optional Dependencies	Install all optional dependencies	2026-10-04T14:18:21.7505432Z Using cached apscheduler-3.11.3-py3-none-any.whl (66 kB)
Test Optional Dependencies	Install all optional dependencies	2026-10-04T14:18:21.7515191Z Using cached baostock-0.9.4-py3-none-any.whl (52 kB)
Test Optional Dependencies	Install all optional dependencies	2026-10-04T14:18:21.7526734Z Using cached beautifulsoup4-4.15.0-py3-none-any.whl (109 kB)
Test Optional Dependencies	Install all optional dependencies	2026-10-04T14:18:21.7538445Z Using cached curl_cffi-0.16.3-cp310-abi3-manylinux2014_x86_64.manylinux_2_17_x86_64.whl (13.5 MB)
Test Optional Dependencies	Install all optional dependencies	2026-10-04T14:18:21.7604597Z Using cached certifi-2026.7.22-py3-none-any.whl (136 kB)
Test Optional Dependencies	Install all optional dependencies	2026-10-04T14:18:21.7616509Z Using cached cffi-2.1.1-cp312-cp312-manylinux2014_x86_64.manylinux_2_17_x86_64.whl (221 kB)
Test Optional Dependencies	Install all optional dependencies	2026-10-04T14:18:21.7628419Z Using cached decorator-5.3.1-py3-none-any.whl (10 kB)
Test Optional Dependencies	Install all optional dependencies	2026-10-04T14:18:21.7639536Z Using cached fastapi-0.142.2-py3-none-any.whl (144 kB)
Test Optional Dependencies	Install all optional dependencies	2026-10-04T14:18:21.7651967Z Using cached annotated_doc-0.0.5-py3-none-any.whl (5.3 kB)
Test Optional Dependencies	Install all optional dependencies	2026-10-04T14:18:21.7663406Z Using cached html5lib-1.1-py2.py3-none-any.whl (112 kB)
Test Optional Dependencies	Install all optional dependencies	2026-10-04T14:18:21.7674813Z Using cached httpx-0.28.1-py3-none-any.whl (73 kB)
Test Optional Dependencies	Install all optional dependencies	2026-10-04T14:18:21.7686476Z Using cached httpcore-1.0.9-py3-none-any.whl (78 kB)
Test Optional Dependencies	Install all optional dependencies	2026-10-04T14:18:21.7698582Z Using cached h11-0.16.0-py3-none-any.whl (37 kB)
Test Optional Dependencies	Install all optional dependencies	2026-10-04T14:18:21.7710281Z Using cached ipython-9.17.1-py3-none-any.whl (639 kB)
Test Optional Dependencies	Install all optional dependencies	2026-10-04T14:18:21.7724286Z Using cached prompt_toolkit-3.0.53-py3-none-any.whl (392 kB)
Test Optional Dependencies	Install all optional dependencies	2026-10-04T14:18:21.7736672Z Using cached ipython_pygments_lexers-1.1.1-py3-none-any.whl (8.1 kB)
Test Optional Dependencies	Install all optional dependencies	2026-10-04T14:18:21.7747686Z Using cached jedi-0.20.0-py2.py3-none-any.whl (4.9 MB)
Test Optional Dependencies	Install all optional dependencies	2026-10-04T14:18:21.7779880Z Using cached parso-0.8.7-py2.py3-none-any.whl (107 kB)
Test Optional Dependencies	Install all optional dependencies	2026-10-04T14:18:21.7792002Z Using cached jupyter-1.1.1-py2.py3-none-any.whl (2.7 kB)
Test Optional Dependencies	Install all optional dependencies	2026-10-04T14:18:21.7803419Z Using cached kaleido-1.4.0-py3-none-any.whl (56 kB)
Test Optional Dependencies	Install all optional dependencies	2026-10-04T14:18:21.7814831Z Using cached choreographer-1.4.0-py3-none-any.whl (57 kB)
Test Optional Dependencies	Install all optional dependencies	2026-10-04T14:18:21.7826184Z Using cached logistro-2.0.1-py3-none-any.whl (8.6 kB)
Test Optional Dependencies	Install all optional dependencies	2026-10-04T14:18:21.7837975Z Using cached loguru-0.7.3-py3-none-any.whl (61 kB)
Test Optional Dependencies	Install all optional dependencies	2026-10-04T14:18:21.7850479Z Using cached lxml-6.1.3-cp312-cp312-manylinux_2_26_x86_64.manylinux_2_28_x86_64.whl (5.2 MB)
Test Optional Dependencies	Install all optional dependencies	2026-10-04T14:18:21.7887872Z Using cached matplotlib-3.11.2-cp312-cp312-manylinux2014_x86_64.manylinux_2_17_x86_64.whl (9.9 MB)
Test Optional Dependencies	Install all optional dependencies	2026-10-04T14:18:21.7941977Z Using cached contourpy-1.4.0-cp312-cp312-manylinux_2_27_x86_64.manylinux_2_28_x86_64.whl (383 kB)
Test Optional Dependencies	Install all optional dependencies	2026-10-04T14:18:21.7955498Z Using cached cycler-0.12.1-py3-none-any.whl (8.3 kB)
Test Optional Dependencies	Install all optional dependencies	2026-10-04T14:18:21.7967397Z Using cached fonttools-4.66.1-cp312-cp312-manylinux2014_x86_64.manylinux_2_17_x86_64.whl (5.4 MB)
Test Optional Dependencies	Install all optional dependencies	2026-10-04T14:18:21.8001626Z Using cached kiwisolver-1.5.1-cp312-cp312-manylinux2014_x86_64.manylinux_2_17_x86_64.whl (1.5 MB)
Test Optional Dependencies	Install all optional dependencies	2026-10-04T14:18:21.8019460Z Using cached matplotlib_inline-0.2.2-py3-none-any.whl (9.5 kB)
Test Optional Dependencies	Install all optional dependencies	2026-10-04T14:18:21.8031622Z Using cached mypy-2.4.0-cp312-cp312-manylinux2014_x86_64.manylinux_2_17_x86_64.manylinux_2_28_x86_64.whl (15.6 MB)
Test Optional Dependencies	Install all optional dependencies	2026-10-04T14:18:21.8111239Z Using cached ast_serialize-0.12.1-cp39-abi3-manylinux_2_17_x86_64.manylinux2014_x86_64.whl (1.3 MB)
Test Optional Dependencies	Install all optional dependencies	2026-10-04T14:18:21.8131631Z Using cached librt-0.16.0-cp312-cp312-manylinux2014_x86_64.manylinux_2_17_x86_64.manylinux_2_28_x86_64.whl (531 kB)
Test Optional Dependencies	Install all optional dependencies	2026-10-04T14:18:21.8146097Z Using cached mypy_extensions-1.1.0-py3-none-any.whl (5.0 kB)
Test Optional Dependencies	Install all optional dependencies	2026-10-04T14:18:21.8158530Z Using cached openpyxl-3.1.5-py2.py3-none-any.whl (250 kB)
Test Optional Dependencies	Install all optional dependencies	2026-10-04T14:18:21.8171292Z Using cached opentelemetry_api-1.45.0-py3-none-any.whl (60 kB)
Test Optional Dependencies	Install all optional dependencies	2026-10-04T14:18:21.8183173Z Using cached orjson-3.12.0-cp312-cp312-manylinux_2_17_x86_64.manylinux2014_x86_64.whl (131 kB)
Test Optional Dependencies	Install all optional dependencies	2026-10-04T14:18:21.8194837Z Using cached packaging-26.3-py3-none-any.whl (129 kB)
Test Optional Dependencies	Install all optional dependencies	2026-10-04T14:18:21.8207233Z Using cached pandas-3.0.6-cp312-cp312-manylinux_2_24_x86_64.manylinux_2_28_x86_64.whl (10.8 MB)
Test Optional Dependencies	Install all optional dependencies	2026-10-04T14:18:21.8263420Z Using cached pandas_ta-0.4.71b0-py3-none-any.whl (240 kB)
Test Optional Dependencies	Install all optional dependencies	2026-10-04T14:18:21.8276589Z Using cached numba-0.61.2-cp312-cp312-manylinux2014_x86_64.manylinux_2_17_x86_64.whl (3.9 MB)
Test Optional Dependencies	Install all optional dependencies	2026-10-04T14:18:21.8304103Z Using cached llvmlite-0.44.0-cp312-cp312-manylinux_2_17_x86_64.manylinux2014_x86_64.whl (42.4 MB)
Test Optional Dependencies	Install all optional dependencies	2026-10-04T14:18:21.8483813Z Using cached numpy-2.2.6-cp312-cp312-manylinux_2_17_x86_64.manylinux2014_x86_64.whl (16.5 MB)
Test Optional Dependencies	Install all optional dependencies	2026-10-04T14:18:21.8563369Z Using cached pathspec-1.1.1-py3-none-any.whl (57 kB)
Test Optional Dependencies	Install all optional dependencies	2026-10-04T14:18:21.8575511Z Using cached pexpect-4.9.0-py2.py3-none-any.whl (63 kB)
Test Optional Dependencies	Install all optional dependencies	2026-10-04T14:18:21.8696192Z Using cached pillow-12.3.0-cp312-cp312-manylinux_2_27_x86_64.manylinux_2_28_x86_64.whl (6.9 MB)
Test Optional Dependencies	Install all optional dependencies	2026-10-04T14:18:21.8697937Z Using cached platformdirs-4.12.3-py3-none-any.whl (32 kB)
Test Optional Dependencies	Install all optional dependencies	2026-10-04T14:18:21.8698949Z Using cached plotly-7.1.0-py3-none-any.whl (9.7 MB)
Test Optional Dependencies	Install all optional dependencies	2026-10-04T14:18:21.8726758Z Using cached narwhals-2.26.0-py3-none-any.whl (474 kB)
Test Optional Dependencies	Install all optional dependencies	2026-10-04T14:18:21.8741125Z Using cached psutil-7.2.2-cp36-abi3-manylinux2010_x86_64.manylinux_2_12_x86_64.manylinux_2_28_x86_64.whl (155 kB)
Test Optional Dependencies	Install all optional dependencies	2026-10-04T14:18:21.8751124Z Using cached ptyprocess-0.7.0-py2.py3-none-any.whl (13 kB)
Test Optional Dependencies	Install all optional dependencies	2026-10-04T14:18:21.8761816Z Using cached py_mini_racer-0.6.0-py2.py3-none-manylinux1_x86_64.whl (5.4 MB)
Test Optional Dependencies	Install all optional dependencies	2026-10-04T14:18:21.8795106Z Using cached pydantic-2.13.5-py3-none-any.whl (472 kB)
Test Optional Dependencies	Install all optional dependencies	2026-10-04T14:18:21.8807797Z Using cached pydantic_core-2.46.5-cp312-cp312-manylinux_2_17_x86_64.manylinux2014_x86_64.whl (2.1 MB)
Test Optional Dependencies	Install all optional dependencies	2026-10-04T14:18:21.8826450Z Using cached annotated_types-0.8.0-py3-none-any.whl (13 kB)
Test Optional Dependencies	Install all optional dependencies	2026-10-04T14:18:21.8836706Z Using cached pydantic_settings-2.15.0-py3-none-any.whl (69 kB)
Test Optional Dependencies	Install all optional dependencies	2026-10-04T14:18:21.8847259Z Using cached pygments-2.21.0-py3-none-any.whl (1.3 MB)
Test Optional Dependencies	Install all optional dependencies	2026-10-04T14:18:21.8862932Z Using cached pyparsing-3.3.3-py3-none-any.whl (126 kB)
Test Optional Dependencies	Install all optional dependencies	2026-10-04T14:18:21.8874487Z Using cached pytest-9.1.1-py3-none-any.whl (386 kB)
Test Optional Dependencies	Install all optional dependencies	2026-10-04T14:18:21.8885951Z Using cached pluggy-1.6.0-py3-none-any.whl (20 kB)
Test Optional Dependencies	Install all optional dependencies	2026-10-04T14:18:21.8895990Z Using cached iniconfig-2.3.0-py3-none-any.whl (7.5 kB)
Test Optional Dependencies	Install all optional dependencies	2026-10-04T14:18:21.8906717Z Using cached pytest_cov-7.1.0-py3-none-any.whl (22 kB)
Test Optional Dependencies	Install all optional dependencies	2026-10-04T14:18:21.8917494Z Using cached coverage-7.16.2-cp312-cp312-manylinux1_x86_64.manylinux_2_28_x86_64.manylinux_2_5_x86_64.whl (258 kB)
Test Optional Dependencies	Install all optional dependencies	2026-10-04T14:18:21.8928564Z Using cached python_dateutil-2.9.0.post0-py2.py3-none-any.whl (229 kB)
Test Optional Dependencies	Install all optional dependencies	2026-10-04T14:18:21.8940743Z Using cached python_dotenv-1.2.4-py3-none-any.whl (23 kB)
Test Optional Dependencies	Install all optional dependencies	2026-10-04T14:18:21.8951042Z Using cached pyyaml-6.0.3-cp312-cp312-manylinux2014_x86_64.manylinux_2_17_x86_64.manylinux_2_28_x86_64.whl (807 kB)
Test Optional Dependencies	Install all optional dependencies	2026-10-04T14:18:21.8965149Z Using cached requests-2.34.2-py3-none-any.whl (73 kB)
Test Optional Dependencies	Install all optional dependencies	2026-10-04T14:18:21.8976016Z Using cached charset_normalizer-3.5.2-cp312-cp312-manylinux2014_x86_64.manylinux_2_17_x86_64.manylinux_2_28_x86_64.whl (257 kB)
Test Optional Dependencies	Install all optional dependencies	2026-10-04T14:18:21.8987138Z Using cached idna-3.20-py3-none-any.whl (69 kB)
Test Optional Dependencies	Install all optional dependencies	2026-10-04T14:18:21.8998186Z Using cached urllib3-2.8.0-py3-none-any.whl (135 kB)
Test Optional Dependencies	Install all optional dependencies	2026-10-04T14:18:21.9009059Z Using cached rich-15.0.0-py3-none-any.whl (310 kB)
Test Optional Dependencies	Install all optional dependencies	2026-10-04T14:18:21.9020349Z Using cached markdown_it_py-4.2.0-py3-none-any.whl (91 kB)
Test Optional Dependencies	Install all optional dependencies	2026-10-04T14:18:21.9031101Z Using cached mdurl-0.1.2-py3-none-any.whl (10.0 kB)
Test Optional Dependencies	Install all optional dependencies	2026-10-04T14:18:21.9041130Z Using cached ruff-0.16.10-py3-none-manylinux_2_17_x86_64.manylinux2014_x86_64.whl (10.4 MB)
Test Optional Dependencies	Install all optional dependencies	2026-10-04T14:18:21.9096013Z Using cached scipy-1.18.1-cp312-cp312-manylinux_2_27_x86_64.manylinux_2_28_x86_64.whl (35.3 MB)
Test Optional Dependencies	Install all optional dependencies	2026-10-04T14:18:21.9250584Z Using cached simplejson-4.2.0-cp312-cp312-manylinux1_x86_64.manylinux_2_28_x86_64.manylinux_2_5_x86_64.whl (198 kB)
Test Optional Dependencies	Install all optional dependencies	2026-10-04T14:18:21.9262381Z Using cached six-1.17.0-py2.py3-none-any.whl (11 kB)
Test Optional Dependencies	Install all optional dependencies	2026-10-04T14:18:21.9272865Z Using cached soupsieve-2.10-py3-none-any.whl (38 kB)
Test Optional Dependencies	Install all optional dependencies	2026-10-04T14:18:21.9283453Z Using cached stack_data-0.6.3-py3-none-any.whl (24 kB)
Test Optional Dependencies	Install all optional dependencies	2026-10-04T14:18:21.9293828Z Using cached asttokens-3.0.2-py3-none-any.whl (28 kB)
Test Optional Dependencies	Install all optional dependencies	2026-10-04T14:18:21.9304337Z Using cached executing-2.2.1-py2.py3-none-any.whl (28 kB)
Test Optional Dependencies	Install all optional dependencies	2026-10-04T14:18:21.9314472Z Using cached starlette-1.7.0-py3-none-any.whl (78 kB)
Test Optional Dependencies	Install all optional dependencies	2026-10-04T14:18:21.9325435Z Using cached anyio-4.15.1-py3-none-any.whl (132 kB)
Test Optional Dependencies	Install all optional dependencies	2026-10-04T14:18:21.9336910Z Using cached ta_lib-0.8.1-cp312-cp312-manylinux2014_x86_64.manylinux_2_17_x86_64.manylinux_2_28_x86_64.whl (3.7 MB)
Test Optional Dependencies	Install all optional dependencies	2026-10-04T14:18:21.9361928Z Using cached tabulate-0.10.0-py3-none-any.whl (39 kB)
Test Optional Dependencies	Install all optional dependencies	2026-10-04T14:18:21.9372313Z Using cached tenacity-9.1.4-py3-none-any.whl (28 kB)
Test Optional Dependencies	Install all optional dependencies	2026-10-04T14:18:21.9383084Z Using cached tqdm-4.70.1-py3-none-any.whl (80 kB)
Test Optional Dependencies	Install all optional dependencies	2026-10-04T14:18:21.9394231Z Using cached traitlets-5.16.1-py3-none-any.whl (86 kB)
Test Optional Dependencies	Install all optional dependencies	2026-10-04T14:18:21.9404882Z Using cached typing_extensions-4.16.0-py3-none-any.whl (45 kB)
Test Optional Dependencies	Install all optional dependencies	2026-10-04T14:18:21.9414907Z Using cached typing_inspection-0.4.4-py3-none-any.whl (14 kB)
Test Optional Dependencies	Install all optional dependencies	2026-10-04T14:18:21.9425283Z Using cached tzlocal-5.4.4-py3-none-any.whl (18 kB)
Test Optional Dependencies	Install all optional dependencies	2026-10-04T14:18:21.9435404Z Using cached uvicorn-0.54.0-py3-none-any.whl (87 kB)
Test Optional Dependencies	Install all optional dependencies	2026-10-04T14:18:21.9446063Z Using cached click-8.5.0-py3-none-any.whl (125 kB)
Test Optional Dependencies	Install all optional dependencies	2026-10-04T14:18:21.9457684Z Using cached wcwidth-0.9.1-cp310-abi3-manylinux2014_x86_64.manylinux_2_17_x86_64.whl (768 kB)
Test Optional Dependencies	Install all optional dependencies	2026-10-04T14:18:21.9492315Z Downloading websockets-17.2-cp312-cp312-manylinux1_x86_64.manylinux_2_28_x86_64.manylinux_2_5_x86_64.whl (225 kB)
Test Optional Dependencies	Install all optional dependencies	2026-10-04T14:18:21.9785518Z Using cached xlrd-2.0.2-py2.py3-none-any.whl (96 kB)
Test Optional Dependencies	Install all optional dependencies	2026-10-04T14:18:21.9797088Z Using cached et_xmlfile-2.0.0-py3-none-any.whl (18 kB)
Test Optional Dependencies	Install all optional dependencies	2026-10-04T14:18:21.9807891Z Using cached ipykernel-7.4.0-py3-none-any.whl (123 kB)
Test Optional Dependencies	Install all optional dependencies	2026-10-04T14:18:21.9818416Z Using cached comm-0.2.3-py3-none-any.whl (7.3 kB)
Test Optional Dependencies	Install all optional dependencies	2026-10-04T14:18:21.9829510Z Using cached debugpy-1.8.22-cp312-cp312-manylinux_2_34_x86_64.whl (4.0 MB)
Test Optional Dependencies	Install all optional dependencies	2026-10-04T14:18:21.9857020Z Using cached jupyter_client-8.10.0-py3-none-any.whl (110 kB)
Test Optional Dependencies	Install all optional dependencies	2026-10-04T14:18:21.9870015Z Using cached jupyter_core-5.9.1-py3-none-any.whl (29 kB)
Test Optional Dependencies	Install all optional dependencies	2026-10-04T14:18:21.9878392Z Using cached nest_asyncio2-1.7.3-py3-none-any.whl (8.4 kB)
Test Optional Dependencies	Install all optional dependencies	2026-10-04T14:18:21.9892997Z Using cached pyzmq-27.2.0-cp312-abi3-manylinux_2_26_x86_64.manylinux_2_28_x86_64.whl (872 kB)
Test Optional Dependencies	Install all optional dependencies	2026-10-04T14:18:21.9903181Z Using cached tornado-6.5.10-cp39-abi3-manylinux1_x86_64.manylinux_2_28_x86_64.manylinux_2_5_x86_64.whl (467 kB)
Test Optional Dependencies	Install all optional dependencies	2026-10-04T14:18:21.9915669Z Using cached ipywidgets-8.1.9-py3-none-any.whl (140 kB)
Test Optional Dependencies	Install all optional dependencies	2026-10-04T14:18:21.9928602Z Using cached jupyterlab_widgets-3.0.17-py3-none-any.whl (217 kB)
Test Optional Dependencies	Install all optional dependencies	2026-10-04T14:18:21.9938260Z Using cached widgetsnbextension-4.0.16-py3-none-any.whl (2.2 MB)
Test Optional Dependencies	Install all optional dependencies	2026-10-04T14:18:21.9958446Z Using cached jupyter_console-6.6.3-py3-none-any.whl (24 kB)
Test Optional Dependencies	Install all optional dependencies	2026-10-04T14:18:21.9968437Z Using cached jupyterlab-4.6.4-py3-none-any.whl (17.2 MB)
Test Optional Dependencies	Install all optional dependencies	2026-10-04T14:18:22.0051988Z Using cached jupyter_server-2.21.1-py3-none-any.whl (394 kB)
Test Optional Dependencies	Install all optional dependencies	2026-10-04T14:18:22.0065392Z Using cached jupyterlab_server-2.28.1-py3-none-any.whl (60 kB)
Test Optional Dependencies	Install all optional dependencies	2026-10-04T14:18:22.0076621Z Using cached argon2_cffi-25.1.0-py3-none-any.whl (14 kB)
Test Optional Dependencies	Install all optional dependencies	2026-10-04T14:18:22.0086950Z Using cached async_lru-2.3.0-py3-none-any.whl (8.4 kB)
Test Optional Dependencies	Install all optional dependencies	2026-10-04T14:18:22.0097020Z Using cached babel-2.18.0-py3-none-any.whl (10.2 MB)
Test Optional Dependencies	Install all optional dependencies	2026-10-04T14:18:22.0153243Z Using cached jinja2-3.1.6-py3-none-any.whl (134 kB)
Test Optional Dependencies	Install all optional dependencies	2026-10-04T14:18:22.0164229Z Using cached json5-0.15.0-py3-none-any.whl (36 kB)
Test Optional Dependencies	Install all optional dependencies	2026-10-04T14:18:22.0174966Z Using cached jsonschema-4.26.0-py3-none-any.whl (90 kB)
Test Optional Dependencies	Install all optional dependencies	2026-10-04T14:18:22.0185809Z Using cached attrs-26.1.0-py3-none-any.whl (67 kB)
Test Optional Dependencies	Install all optional dependencies	2026-10-04T14:18:22.0196499Z Using cached jsonschema_specifications-2025.9.1-py3-none-any.whl (18 kB)
Test Optional Dependencies	Install all optional dependencies	2026-10-04T14:18:22.0206898Z Using cached jupyter_builder-1.2.3-py3-none-any.whl (947 kB)
Test Optional Dependencies	Install all optional dependencies	2026-10-04T14:18:22.0221459Z Using cached jupyter_events-0.12.1-py3-none-any.whl (19 kB)
Test Optional Dependencies	Install all optional dependencies	2026-10-04T14:18:22.0232167Z Using cached jsonpointer-3.1.1-py3-none-any.whl (7.7 kB)
Test Optional Dependencies	Install all optional dependencies	2026-10-04T14:18:22.0242537Z Using cached jupyter_lsp-2.3.1-py3-none-any.whl (77 kB)
Test Optional Dependencies	Install all optional dependencies	2026-10-04T14:18:22.0253208Z Using cached jupyter_server_terminals-0.5.4-py3-none-any.whl (13 kB)
Test Optional Dependencies	Install all optional dependencies	2026-10-04T14:18:22.0263896Z Using cached markupsafe-3.0.4-cp312-cp312-manylinux2014_x86_64.manylinux_2_17_x86_64.manylinux_2_28_x86_64.whl (22 kB)
Test Optional Dependencies	Install all optional dependencies	2026-10-04T14:18:22.0274123Z Using cached nbconvert-7.17.1-py3-none-any.whl (261 kB)
Test Optional Dependencies	Install all optional dependencies	2026-10-04T14:18:22.0285602Z Using cached mistune-3.3.4-py3-none-any.whl (66 kB)
Test Optional Dependencies	Install all optional dependencies	2026-10-04T14:18:22.0296774Z Using cached bleach-6.4.0-py3-none-any.whl (165 kB)
Test Optional Dependencies	Install all optional dependencies	2026-10-04T14:18:22.0307244Z Using cached nbclient-0.11.0-py3-none-any.whl (25 kB)
Test Optional Dependencies	Install all optional dependencies	2026-10-04T14:18:22.0317477Z Using cached nbformat-5.11.1-py3-none-any.whl (79 kB)
Test Optional Dependencies	Install all optional dependencies	2026-10-04T14:18:22.0328378Z Using cached fastjsonschema-2.22.2-py3-none-any.whl (27 kB)
Test Optional Dependencies	Install all optional dependencies	2026-10-04T14:18:22.0338691Z Using cached notebook_shim-0.2.4-py3-none-any.whl (13 kB)
Test Optional Dependencies	Install all optional dependencies	2026-10-04T14:18:22.0349130Z Using cached pandocfilters-1.5.1-py2.py3-none-any.whl (8.7 kB)
Test Optional Dependencies	Install all optional dependencies	2026-10-04T14:18:22.0359468Z Using cached prometheus_client-0.26.0-py3-none-any.whl (64 kB)
Test Optional Dependencies	Install all optional dependencies	2026-10-04T14:18:22.0372613Z Using cached python_json_logger-4.2.0-py3-none-any.whl (14 kB)
Test Optional Dependencies	Install all optional dependencies	2026-10-04T14:18:22.0380863Z Using cached referencing-0.37.0-py3-none-any.whl (26 kB)
Test Optional Dependencies	Install all optional dependencies	2026-10-04T14:18:22.0391377Z Using cached rfc3986_validator-0.1.1-py2.py3-none-any.whl (4.2 kB)
Test Optional Dependencies	Install all optional dependencies	2026-10-04T14:18:22.0401700Z Using cached rfc3987_syntax-1.1.0-py3-none-any.whl (8.0 kB)
Test Optional Dependencies	Install all optional dependencies	2026-10-04T14:18:22.0411649Z Using cached lark-1.3.1-py3-none-any.whl (113 kB)
Test Optional Dependencies	Install all optional dependencies	2026-10-04T14:18:22.0424161Z Using cached rpds_py-2026.6.3-cp312-cp312-manylinux_2_17_x86_64.manylinux2014_x86_64.whl (366 kB)
Test Optional Dependencies	Install all optional dependencies	2026-10-04T14:18:22.0435788Z Using cached send2trash-2.1.0-py3-none-any.whl (17 kB)
Test Optional Dependencies	Install all optional dependencies	2026-10-04T14:18:22.0445792Z Using cached terminado-0.18.1-py3-none-any.whl (14 kB)
Test Optional Dependencies	Install all optional dependencies	2026-10-04T14:18:22.0455953Z Using cached tinycss2-1.5.1-py3-none-any.whl (28 kB)
Test Optional Dependencies	Install all optional dependencies	2026-10-04T14:18:22.0466330Z Using cached webcolors-25.10.0-py3-none-any.whl (14 kB)
Test Optional Dependencies	Install all optional dependencies	2026-10-04T14:18:22.0476638Z Using cached webencodings-0.6.1-py3-none-any.whl (8.7 kB)
Test Optional Dependencies	Install all optional dependencies	2026-10-04T14:18:22.0486981Z Using cached websocket_client-1.9.2-py3-none-any.whl (95 kB)
Test Optional Dependencies	Install all optional dependencies	2026-10-04T14:18:22.0498081Z Using cached argon2_cffi_bindings-26.1.0-cp310-abi3-manylinux_2_26_x86_64.manylinux_2_28_x86_64.whl (26 kB)
Test Optional Dependencies	Install all optional dependencies	2026-10-04T14:18:22.0508226Z Using cached defusedxml-0.7.1-py2.py3-none-any.whl (25 kB)
Test Optional Dependencies	Install all optional dependencies	2026-10-04T14:18:22.0518873Z Using cached fqdn-1.6.0-py3-none-any.whl (12 kB)
Test Optional Dependencies	Install all optional dependencies	2026-10-04T14:18:22.0528468Z Using cached isoduration-20.11.0-py3-none-any.whl (11 kB)
Test Optional Dependencies	Install all optional dependencies	2026-10-04T14:18:22.0539153Z Using cached arrow-1.4.0-py3-none-any.whl (68 kB)
Test Optional Dependencies	Install all optional dependencies	2026-10-04T14:18:22.0550262Z Using cached jupyterlab_pygments-0.3.0-py3-none-any.whl (15 kB)
Test Optional Dependencies	Install all optional dependencies	2026-10-04T14:18:22.0560702Z Using cached notebook-7.6.3-py3-none-any.whl (5.5 MB)
Test Optional Dependencies	Install all optional dependencies	2026-10-04T14:18:22.0596314Z Using cached pure_eval-0.2.4-py3-none-any.whl (11 kB)
Test Optional Dependencies	Install all optional dependencies	2026-10-04T14:18:22.0606289Z Using cached pycparser-3.0-py3-none-any.whl (48 kB)
Test Optional Dependencies	Install all optional dependencies	2026-10-04T14:18:22.0617298Z Using cached rfc3339_validator-0.1.4-py2.py3-none-any.whl (3.5 kB)
Test Optional Dependencies	Install all optional dependencies	2026-10-04T14:18:22.0627696Z Using cached tzdata-2026.5-py2.py3-none-any.whl (347 kB)
Test Optional Dependencies	Install all optional dependencies	2026-10-04T14:18:22.0640101Z Using cached uri_template-1.3.0-py3-none-any.whl (11 kB)
Test Optional Dependencies	Install all optional dependencies	2026-10-04T14:18:22.8102365Z Building wheels for collected packages: stock-model
Test Optional Dependencies	Install all optional dependencies	2026-10-04T14:18:22.8109285Z   Building editable for stock-model (pyproject.toml): started
Test Optional Dependencies	Install all optional dependencies	2026-10-04T14:18:23.0241332Z   Building editable for stock-model (pyproject.toml): finished with status 'done'
Test Optional Dependencies	Install all optional dependencies	2026-10-04T14:18:23.0246279Z   Created wheel for stock-model: filename=stock_model-0.1.0-0.editable-py3-none-any.whl size=6088 sha256=3b42737a72cd079c7e67bb8ee34b52e932a7ca9d11acfda390bfbc3e41b64016
Test Optional Dependencies	Install all optional dependencies	2026-10-04T14:18:23.0247795Z   Stored in directory: /tmp/pip-ephem-wheel-cache-a8fx1jba/wheels/97/e5/05/29e7c006df540cbfc4b8c938e3e16cd3d0b65c43c989eddf0d
Test Optional Dependencies	Install all optional dependencies	2026-10-04T14:18:23.0270852Z Successfully built stock-model
Test Optional Dependencies	Install all optional dependencies	2026-10-04T14:18:23.3807019Z Installing collected packages: py-mini-racer, pure-eval, ptyprocess, jsonpath, xlrd, widgetsnbextension, websockets, websocket-client, webencodings, webcolors, wcwidth, urllib3, uri-template, tzlocal, tzdata, typing-extensions, traitlets, tqdm, tornado, tenacity, tabulate, soupsieve, six, simplejson, send2trash, ruff, rpds-py, rfc3986-validator, pyzmq, pyyaml, python-json-logger, python-dotenv, pyparsing, pygments, pycparser, psutil, prometheus-client, pluggy, platformdirs, pillow, pexpect, pathspec, parso, pandocfilters, packaging, orjson, numpy, nest-asyncio2, narwhals, mypy_extensions, mistune, mdurl, MarkupSafe, lxml, loguru, logistro, llvmlite, librt, lark, kiwisolver, jupyterlab_widgets, jupyterlab-pygments, jsonpointer, json5, iniconfig, idna, h11, fqdn, fonttools, fastjsonschema, executing, et-xmlfile, defusedxml, decorator, debugpy, cycler, coverage, comm, click, charset_normalizer, certifi, babel, attrs, async-lru, asttokens, ast-serialize, annotated-types, annotated-doc, akracer, uvicorn, typing-inspection, tinycss2, terminado, ta-lib, stack_data, scipy, rfc3987-syntax, rfc3339-validator, requests, referencing, python-dateutil, pytest, pydantic-core, prompt_toolkit, plotly, opentelemetry-api, openpyxl, numba, mypy, matplotlib-inline, markdown-it-py, jupyter-core, jinja2, jedi, ipython-pygments-lexers, httpcore, html5lib, contourpy, choreographer, cffi, bleach, beautifulsoup4, apscheduler, anyio, starlette, rich, pytest-cov, pydantic, pandas, matplotlib, kaleido, jupyter-server-terminals, jupyter-client, jupyter-builder, jsonschema-specifications, ipython, httpx, curl_cffi, arrow, argon2-cffi-bindings, pydantic-settings, pandas-ta, jsonschema, isoduration, ipywidgets, ipykernel, fastapi, baostock, argon2-cffi, akshare, stock-model, nbformat, jupyter-console, nbclient, jupyter-events, nbconvert, jupyter-server, notebook-shim, jupyterlab-server, jupyter-lsp, jupyterlab, notebook, jupyter
Test Optional Dependencies	Install all optional dependencies	2026-10-04T14:18:54.2186911Z 
Test Optional Dependencies	Install all optional dependencies	2026-10-04T14:18:54.2297958Z Successfully installed MarkupSafe-3.0.4 akracer-0.0.14 akshare-1.19.1 annotated-doc-0.0.5 annotated-types-0.8.0 anyio-4.15.1 apscheduler-3.11.3 argon2-cffi-25.1.0 argon2-cffi-bindings-26.1.0 arrow-1.4.0 ast-serialize-0.12.1 asttokens-3.0.2 async-lru-2.3.0 attrs-26.1.0 babel-2.18.0 baostock-0.9.4 beautifulsoup4-4.15.0 bleach-6.4.0 certifi-2026.7.22 cffi-2.1.1 charset_normalizer-3.5.2 choreographer-1.4.0 click-8.5.0 comm-0.2.3 contourpy-1.4.0 coverage-7.16.2 curl_cffi-0.16.3 cycler-0.12.1 debugpy-1.8.22 decorator-5.3.1 defusedxml-0.7.1 et-xmlfile-2.0.0 executing-2.2.1 fastapi-0.142.2 fastjsonschema-2.22.2 fonttools-4.66.1 fqdn-1.6.0 h11-0.16.0 html5lib-1.1 httpcore-1.0.9 httpx-0.28.1 idna-3.20 iniconfig-2.3.0 ipykernel-7.4.0 ipython-9.17.1 ipython-pygments-lexers-1.1.1 ipywidgets-8.1.9 isoduration-20.11.0 jedi-0.20.0 jinja2-3.1.6 json5-0.15.0 jsonpath-0.82.2 jsonpointer-3.1.1 jsonschema-4.26.0 jsonschema-specifications-2025.9.1 jupyter-1.1.1 jupyter-builder-1.2.3 jupyter-client-8.10.0 jupyter-console-6.6.3 jupyter-core-5.9.1 jupyter-events-0.12.1 jupyter-lsp-2.3.1 jupyter-server-2.21.1 jupyter-server-terminals-0.5.4 jupyterlab-4.6.4 jupyterlab-pygments-0.3.0 jupyterlab-server-2.28.1 jupyterlab_widgets-3.0.17 kaleido-1.4.0 kiwisolver-1.5.1 lark-1.3.1 librt-0.16.0 llvmlite-0.44.0 logistro-2.0.1 loguru-0.7.3 lxml-6.1.3 markdown-it-py-4.2.0 matplotlib-3.11.2 matplotlib-inline-0.2.2 mdurl-0.1.2 mistune-3.3.4 mypy-2.4.0 mypy_extensions-1.1.0 narwhals-2.26.0 nbclient-0.11.0 nbconvert-7.17.1 nbformat-5.11.1 nest-asyncio2-1.7.3 notebook-7.6.3 notebook-shim-0.2.4 numba-0.61.2 numpy-2.2.6 openpyxl-3.1.5 opentelemetry-api-1.45.0 orjson-3.12.0 packaging-26.3 pandas-3.0.6 pandas-ta-0.4.71b0 pandocfilters-1.5.1 parso-0.8.7 pathspec-1.1.1 pexpect-4.9.0 pillow-12.3.0 platformdirs-4.12.3 plotly-7.1.0 pluggy-1.6.0 prometheus-client-0.26.0 prompt_toolkit-3.0.53 psutil-7.2.2 ptyprocess-0.7.0 pure-eval-0.2.4 py-mini-racer-0.6.0 pycparser-3.0 pydantic-2.13.5 pydantic-core-2.46.5 pydantic-settings-2.15.0 pygments-2.21.0 pyparsing-3.3.3 pytest-9.1.1 pytest-cov-7.1.0 python-dateutil-2.9.0.post0 python-dotenv-1.2.4 python-json-logger-4.2.0 pyyaml-6.0.3 pyzmq-27.2.0 referencing-0.37.0 requests-2.34.2 rfc3339-validator-0.1.4 rfc3986-validator-0.1.1 rfc3987-syntax-1.1.0 rich-15.0.0 rpds-py-2026.6.3 ruff-0.16.10 scipy-1.18.1 send2trash-2.1.0 simplejson-4.2.0 six-1.17.0 soupsieve-2.10 stack_data-0.6.3 starlette-1.7.0 stock-model-0.1.0 ta-lib-0.8.1 tabulate-0.10.0 tenacity-9.1.4 terminado-0.18.1 tinycss2-1.5.1 tornado-6.5.10 tqdm-4.70.1 traitlets-5.16.1 typing-extensions-4.16.0 typing-inspection-0.4.4 tzdata-2026.5 tzlocal-5.4.4 uri-template-1.3.0 urllib3-2.8.0 uvicorn-0.54.0 wcwidth-0.9.1 webcolors-25.10.0 webencodings-0.6.1 websocket-client-1.9.2 websockets-17.2 widgetsnbextension-4.0.16 xlrd-2.0.2
Test Optional Dependencies	Install all optional dependencies	2026-10-04T14:19:01.1807816Z Requirement already satisfied: ta-lib in /opt/hostedtoolcache/Python/3.12.14/x64/lib/python3.12/site-packages (0.8.1)
Test Optional Dependencies	Install all optional dependencies	2026-10-04T14:19:01.1824761Z Requirement already satisfied: numpy in /opt/hostedtoolcache/Python/3.12.14/x64/lib/python3.12/site-packages (from ta-lib) (2.2.6)
Test Optional Dependencies	Run tests with optional deps	﻿2026-10-04T14:19:01.4061752Z ##[group]Run pytest tests/ -v --tb=short
Test Optional Dependencies	Run tests with optional deps	2026-10-04T14:19:01.4062175Z ^[[36;1mpytest tests/ -v --tb=short^[[0m
Test Optional Dependencies	Run tests with optional deps	2026-10-04T14:19:01.4103973Z shell: /usr/bin/bash -e {0}
Test Optional Dependencies	Run tests with optional deps	2026-10-04T14:19:01.4104253Z env:
Test Optional Dependencies	Run tests with optional deps	2026-10-04T14:19:01.4104539Z   pythonLocation: /opt/hostedtoolcache/Python/3.12.14/x64
Test Optional Dependencies	Run tests with optional deps	2026-10-04T14:19:01.4105000Z   PKG_CONFIG_PATH: /opt/hostedtoolcache/Python/3.12.14/x64/lib/pkgconfig
Test Optional Dependencies	Run tests with optional deps	2026-10-04T14:19:01.4105441Z   Python_ROOT_DIR: /opt/hostedtoolcache/Python/3.12.14/x64
Test Optional Dependencies	Run tests with optional deps	2026-10-04T14:19:01.4105824Z   Python2_ROOT_DIR: /opt/hostedtoolcache/Python/3.12.14/x64
Test Optional Dependencies	Run tests with optional deps	2026-10-04T14:19:01.4106212Z   Python3_ROOT_DIR: /opt/hostedtoolcache/Python/3.12.14/x64
Test Optional Dependencies	Run tests with optional deps	2026-10-04T14:19:01.4106594Z   LD_LIBRARY_PATH: /opt/hostedtoolcache/Python/3.12.14/x64/lib
Test Optional Dependencies	Run tests with optional deps	2026-10-04T14:19:01.4106914Z ##[endgroup]
Test Optional Dependencies	Run tests with optional deps	2026-10-04T14:19:02.1527079Z ============================= test session starts ==============================
Test Optional Dependencies	Run tests with optional deps	2026-10-04T14:19:02.1528106Z platform linux -- Python 3.12.14, pytest-9.1.1, pluggy-1.6.0 -- /opt/hostedtoolcache/Python/3.12.14/x64/bin/python
Test Optional Dependencies	Run tests with optional deps	2026-10-04T14:19:02.1528973Z cachedir: .pytest_cache
Test Optional Dependencies	Run tests with optional deps	2026-10-04T14:19:02.1529316Z rootdir: /home/runner/work/stock-model/stock-model
Test Optional Dependencies	Run tests with optional deps	2026-10-04T14:19:02.1530015Z configfile: pyproject.toml
Test Optional Dependencies	Run tests with optional deps	2026-10-04T14:19:02.1530415Z plugins: platformdirs-4.12.3, cov-7.1.0, anyio-4.15.1
Test Optional Dependencies	Run tests with optional deps	2026-10-04T14:19:03.8320103Z collecting ... collected 263 items
Test Optional Dependencies	Run tests with optional deps	2026-10-04T14:19:03.8320577Z 
Test Optional Dependencies	Run tests with optional deps	2026-10-04T14:19:03.8337070Z tests/test_batch2.py::TestAutoDataCollector::test_add_watchlist PASSED   [  0%]
Test Optional Dependencies	Run tests with optional deps	2026-10-04T14:19:03.8347107Z tests/test_batch2.py::TestAutoDataCollector::test_add_watchlist_no_duplicate PASSED [  0%]
Test Optional Dependencies	Run tests with optional deps	2026-10-04T14:19:03.8357100Z tests/test_batch2.py::TestAutoDataCollector::test_remove_watchlist PASSED [  1%]
Test Optional Dependencies	Run tests with optional deps	2026-10-04T14:19:03.8379968Z tests/test_batch2.py::TestAutoDataCollector::test_collect_now_success PASSED [  1%]
Test Optional Dependencies	Run tests with optional deps	2026-10-04T14:19:03.8391397Z tests/test_batch2.py::TestAutoDataCollector::test_collect_now_error PASSED [  1%]
Test Optional Dependencies	Run tests with optional deps	2026-10-04T14:19:03.8410136Z tests/test_batch2.py::TestAutoDataCollector::test_collect_now_callback PASSED [  2%]
Test Optional Dependencies	Run tests with optional deps	2026-10-04T14:19:03.8418762Z tests/test_batch2.py::TestAutoDataCollector::test_stats PASSED           [  2%]
Test Optional Dependencies	Run tests with optional deps	2026-10-04T14:19:03.8426837Z tests/test_batch2.py::TestAutoDataCollector::test_is_running_default PASSED [  3%]
Test Optional Dependencies	Run tests with optional deps	2026-10-04T14:19:03.8472739Z tests/test_batch2.py::TestDataQualityMonitor::test_good_data PASSED      [  3%]
Test Optional Dependencies	Run tests with optional deps	2026-10-04T14:19:03.8480614Z tests/test_batch2.py::TestDataQualityMonitor::test_empty_data PASSED     [  3%]
Test Optional Dependencies	Run tests with optional deps	2026-10-04T14:19:03.8486838Z tests/test_batch2.py::TestDataQualityMonitor::test_none_data PASSED      [  4%]
Test Optional Dependencies	Run tests with optional deps	2026-10-04T14:19:03.8524488Z tests/test_batch2.py::TestDataQualityMonitor::test_missing_values PASSED [  4%]
Test Optional Dependencies	Run tests with optional deps	2026-10-04T14:19:03.8539988Z tests/test_batch2.py::TestDataQualityMonitor::test_missing_close_column PASSED [  4%]
Test Optional Dependencies	Run tests with optional deps	2026-10-04T14:19:03.8558638Z tests/test_batch2.py::TestDataQualityMonitor::test_stale_data PASSED     [  5%]
Test Optional Dependencies	Run tests with optional deps	2026-10-04T14:19:03.8589708Z tests/test_batch2.py::TestDataQualityMonitor::test_score_calculation PASSED [  5%]
Test Optional Dependencies	Run tests with optional deps	2026-10-04T14:19:03.8596140Z tests/test_batch2.py::TestQualityIssue::test_str PASSED                  [  6%]
Test Optional Dependencies	Run tests with optional deps	2026-10-04T14:19:03.8602067Z tests/test_batch2.py::TestQualityReport::test_has_errors PASSED          [  6%]
Test Optional Dependencies	Run tests with optional deps	2026-10-04T14:19:03.8607717Z tests/test_batch2.py::TestQualityReport::test_no_errors PASSED           [  6%]
Test Optional Dependencies	Run tests with optional deps	2026-10-04T14:19:03.8613509Z tests/test_batch2.py::TestQualityReport::test_str PASSED                 [  7%]
Test Optional Dependencies	Run tests with optional deps	2026-10-04T14:19:03.8626765Z tests/test_batch2.py::TestSignalNotifier::test_notify_with_console PASSED [  7%]
Test Optional Dependencies	Run tests with optional deps	2026-10-04T14:19:03.8638130Z tests/test_batch2.py::TestSignalNotifier::test_notify_with_file PASSED   [  7%]
Test Optional Dependencies	Run tests with optional deps	2026-10-04T14:19:03.8645149Z tests/test_batch2.py::TestSignalNotifier::test_notify_no_channels PASSED [  8%]
Test Optional Dependencies	Run tests with optional deps	2026-10-04T14:19:03.8651871Z tests/test_batch2.py::TestSignalNotifier::test_add_remove_channel PASSED [  8%]
Test Optional Dependencies	Run tests with optional deps	2026-10-04T14:19:03.8658473Z tests/test_batch2.py::TestSignalNotifier::test_format_message_buy PASSED [  9%]
Test Optional Dependencies	Run tests with optional deps	2026-10-04T14:19:03.9749331Z tests/test_batch2.py::TestWebhookChannel::test_webhook_without_httpx PASSED [  9%]
Test Optional Dependencies	Run tests with optional deps	2026-10-04T14:19:03.9817425Z tests/test_batch3.py::TestPortfolioModels::test_portfolio_weight_creation PASSED [  9%]
Test Optional Dependencies	Run tests with optional deps	2026-10-04T14:19:03.9824641Z tests/test_batch3.py::TestPortfolioModels::test_portfolio_weight_value PASSED [ 10%]
Test Optional Dependencies	Run tests with optional deps	2026-10-04T14:19:03.9833451Z tests/test_batch3.py::TestPortfolioModels::test_portfolio_creation PASSED [ 10%]
Test Optional Dependencies	Run tests with optional deps	2026-10-04T14:19:03.9843800Z tests/test_batch3.py::TestPortfolioModels::test_portfolio_weight_sum PASSED [ 11%]
Test Optional Dependencies	Run tests with optional deps	2026-10-04T14:19:03.9858304Z tests/test_batch3.py::TestPortfolioOptimizer::test_equal_weight PASSED   [ 11%]
Test Optional Dependencies	Run tests with optional deps	2026-10-04T14:19:03.9870582Z tests/test_batch3.py::TestPortfolioOptimizer::test_equal_weight_shares PASSED [ 11%]
Test Optional Dependencies	Run tests with optional deps	2026-10-04T14:19:03.9903537Z tests/test_batch3.py::TestPortfolioOptimizer::test_risk_parity PASSED    [ 12%]
Test Optional Dependencies	Run tests with optional deps	2026-10-04T14:19:03.9924137Z tests/test_batch3.py::TestPortfolioOptimizer::test_risk_parity_low_vol_high_weight PASSED [ 12%]
Test Optional Dependencies	Run tests with optional deps	2026-10-04T14:19:04.2948821Z tests/test_batch3.py::TestPortfolioOptimizer::test_min_variance PASSED   [ 12%]
Test Optional Dependencies	Run tests with optional deps	2026-10-04T14:19:04.2993378Z tests/test_batch3.py::TestPortfolioOptimizer::test_mean_variance PASSED  [ 13%]
Test Optional Dependencies	Run tests with optional deps	2026-10-04T14:19:04.3038467Z tests/test_batch3.py::TestPortfolioOptimizer::test_mean_variance_with_target PASSED [ 13%]
Test Optional Dependencies	Run tests with optional deps	2026-10-04T14:19:04.3047110Z tests/test_batch3.py::TestPortfolioOptimizer::test_single_asset PASSED   [ 14%]
Test Optional Dependencies	Run tests with optional deps	2026-10-04T14:19:04.3054505Z tests/test_batch3.py::TestRLTradingAgent::test_agent_creation PASSED     [ 14%]
Test Optional Dependencies	Run tests with optional deps	2026-10-04T14:19:04.3060366Z tests/test_batch3.py::TestRLTradingAgent::test_agent_creation_dqn PASSED [ 14%]
Test Optional Dependencies	Run tests with optional deps	2026-10-04T14:19:04.3069181Z tests/test_batch3.py::TestRLTradingAgent::test_rule_based_insufficient_data PASSED [ 15%]
Test Optional Dependencies	Run tests with optional deps	2026-10-04T14:19:04.3091895Z tests/test_batch3.py::TestRLTradingAgent::test_rule_based_buy_signal PASSED [ 15%]
Test Optional Dependencies	Run tests with optional deps	2026-10-04T14:19:04.3105942Z tests/test_batch3.py::TestRLTradingAgent::test_rule_based_sell_signal PASSED [ 15%]
Test Optional Dependencies	Run tests with optional deps	2026-10-04T14:19:04.3116875Z tests/test_batch3.py::TestRLTradingAgent::test_train_without_deps PASSED [ 16%]
Test Optional Dependencies	Run tests with optional deps	2026-10-04T14:19:04.3153289Z tests/test_batch3.py::TestRLTradingAgent::test_extract_features PASSED   [ 16%]
Test Optional Dependencies	Run tests with optional deps	2026-10-04T14:19:04.3164168Z tests/test_batch3.py::TestRLTradingAgent::test_extract_features_short_data PASSED [ 17%]
Test Optional Dependencies	Run tests with optional deps	2026-10-04T14:19:04.3183077Z tests/test_batch3.py::TestRLTradingAgent::test_evaluate PASSED           [ 17%]
Test Optional Dependencies	Run tests with optional deps	2026-10-04T14:19:04.3199194Z tests/test_batch3.py::TestRLTradingAgent::test_analyze_returns_strategy_result PASSED [ 17%]
Test Optional Dependencies	Run tests with optional deps	2026-10-04T14:19:04.5497488Z tests/test_batch3.py::TestWebDashboard::test_create_app_import_error PASSED [ 18%]
Test Optional Dependencies	Run tests with optional deps	2026-10-04T14:19:04.5503655Z tests/test_batch3.py::TestWebDashboard::test_render_dashboard_html PASSED [ 18%]
Test Optional Dependencies	Run tests with optional deps	2026-10-04T14:19:04.5510040Z tests/test_batch3.py::TestWebDashboard::test_dashboard_has_chinese PASSED [ 19%]
Test Optional Dependencies	Run tests with optional deps	2026-10-04T14:19:04.5517786Z tests/test_batch3.py::TestWebDashboard::test_web_module_init PASSED      [ 19%]
Test Optional Dependencies	Run tests with optional deps	2026-10-04T14:19:04.5523753Z tests/test_data_sources.py::TestBaostockConvertSymbol::test_shenzhen_main PASSED [ 19%]
Test Optional Dependencies	Run tests with optional deps	2026-10-04T14:19:04.5531245Z tests/test_data_sources.py::TestBaostockConvertSymbol::test_shenzhen_gem PASSED [ 20%]
Test Optional Dependencies	Run tests with optional deps	2026-10-04T14:19:04.5536950Z tests/test_data_sources.py::TestBaostockConvertSymbol::test_shenzhen_small PASSED [ 20%]
Test Optional Dependencies	Run tests with optional deps	2026-10-04T14:19:04.5545114Z tests/test_data_sources.py::TestBaostockConvertSymbol::test_shanghai_main PASSED [ 20%]
Test Optional Dependencies	Run tests with optional deps	2026-10-04T14:19:04.5550036Z tests/test_data_sources.py::TestBaostockConvertSymbol::test_shanghai_star PASSED [ 21%]
Test Optional Dependencies	Run tests with optional deps	2026-10-04T14:19:04.5558514Z tests/test_data_sources.py::TestBaostockConvertSymbol::test_bse PASSED   [ 21%]
Test Optional Dependencies	Run tests with optional deps	2026-10-04T14:19:04.5567049Z tests/test_data_sources.py::TestBaostockConvertSymbol::test_already_prefixed_sh PASSED [ 22%]
Test Optional Dependencies	Run tests with optional deps	2026-10-04T14:19:04.5572075Z tests/test_data_sources.py::TestBaostockConvertSymbol::test_already_prefixed_sz PASSED [ 22%]
Test Optional Dependencies	Run tests with optional deps	2026-10-04T14:19:04.5580083Z tests/test_data_sources.py::TestBaostockConvertSymbol::test_unknown_prefix PASSED [ 22%]
Test Optional Dependencies	Run tests with optional deps	2026-10-04T14:19:04.5586904Z tests/test_data_sources.py::TestBaostockNormalizeDate::test_yyyymmdd_format PASSED [ 23%]
Test Optional Dependencies	Run tests with optional deps	2026-10-04T14:19:04.5593835Z tests/test_data_sources.py::TestBaostockNormalizeDate::test_already_normalized PASSED [ 23%]
Test Optional Dependencies	Run tests with optional deps	2026-10-04T14:19:04.5600114Z tests/test_data_sources.py::TestBaostockNormalizeDate::test_none_input PASSED [ 23%]
Test Optional Dependencies	Run tests with optional deps	2026-10-04T14:19:04.5606679Z tests/test_data_sources.py::TestBaostockNormalizeDate::test_empty_string PASSED [ 24%]
Test Optional Dependencies	Run tests with optional deps	2026-10-04T14:19:04.5613315Z tests/test_data_sources.py::TestBaostockNormalizeDate::test_short_date PASSED [ 24%]
Test Optional Dependencies	Run tests with optional deps	2026-10-04T14:19:04.5619736Z tests/test_data_sources.py::TestBaostockNormalizeDate::test_with_spaces PASSED [ 25%]
Test Optional Dependencies	Run tests with optional deps	2026-10-04T14:19:04.5626176Z tests/test_data_sources.py::TestBaostockConvertAdjust::test_qfq PASSED   [ 25%]
Test Optional Dependencies	Run tests with optional deps	2026-10-04T14:19:04.5632748Z tests/test_data_sources.py::TestBaostockConvertAdjust::test_hfq PASSED   [ 25%]
Test Optional Dependencies	Run tests with optional deps	2026-10-04T14:19:04.5639011Z tests/test_data_sources.py::TestBaostockConvertAdjust::test_no_adjust PASSED [ 26%]
Test Optional Dependencies	Run tests with optional deps	2026-10-04T14:19:04.5647811Z tests/test_data_sources.py::TestBaostockConvertAdjust::test_unknown_defaults_qfq PASSED [ 26%]
Test Optional Dependencies	Run tests with optional deps	2026-10-04T14:19:04.5652886Z tests/test_data_sources.py::TestDataSourceBase::test_cannot_instantiate PASSED [ 26%]
Test Optional Dependencies	Run tests with optional deps	2026-10-04T14:19:04.5659486Z tests/test_data_sources.py::TestDataSourceBase::test_baostock_is_datasource PASSED [ 27%]
Test Optional Dependencies	Run tests with optional deps	2026-10-04T14:19:04.5665814Z tests/test_data_sources.py::TestDataSourceBase::test_akshare_is_datasource PASSED [ 27%]
Test Optional Dependencies	Run tests with optional deps	2026-10-04T14:19:04.5672683Z tests/test_data_sources.py::TestConnectionErrorDetection::test_connection_error_pattern PASSED [ 28%]
Test Optional Dependencies	Run tests with optional deps	2026-10-04T14:19:04.5679433Z tests/test_data_sources.py::TestConnectionErrorDetection::test_remote_disconnected PASSED [ 28%]
Test Optional Dependencies	Run tests with optional deps	2026-10-04T14:19:04.5685982Z tests/test_data_sources.py::TestConnectionErrorDetection::test_proxy_error PASSED [ 28%]
Test Optional Dependencies	Run tests with optional deps	2026-10-04T14:19:04.5692594Z tests/test_data_sources.py::TestConnectionErrorDetection::test_ssl_error PASSED [ 29%]
Test Optional Dependencies	Run tests with optional deps	2026-10-04T14:19:04.5698905Z tests/test_data_sources.py::TestConnectionErrorDetection::test_non_connection_error PASSED [ 29%]
Test Optional Dependencies	Run tests with optional deps	2026-10-04T14:19:04.5705624Z tests/test_data_sources.py::TestConnectionErrorDetection::test_runtime_error_not_connection PASSED [ 30%]
Test Optional Dependencies	Run tests with optional deps	2026-10-04T14:19:04.5712176Z tests/test_data_sources.py::TestConnectionErrorDetection::test_key_error_not_connection PASSED [ 30%]
Test Optional Dependencies	Run tests with optional deps	2026-10-04T14:19:04.5718381Z tests/test_data_sources.py::TestCreateSource::test_create_akshare PASSED [ 30%]
Test Optional Dependencies	Run tests with optional deps	2026-10-04T14:19:05.8812297Z tests/test_data_sources.py::TestCreateSource::test_create_baostock PASSED [ 31%]
Test Optional Dependencies	Run tests with optional deps	2026-10-04T14:19:05.8821630Z tests/test_data_sources.py::TestCreateSource::test_create_unknown_raises PASSED [ 31%]
Test Optional Dependencies	Run tests with optional deps	2026-10-04T14:19:05.8894579Z tests/test_data_sources.py::TestFallbackMechanism::test_primary_success_no_fallback PASSED [ 31%]
Test Optional Dependencies	Run tests with optional deps	2026-10-04T14:19:05.8925960Z tests/test_data_sources.py::TestFallbackMechanism::test_connection_error_triggers_fallback PASSED [ 32%]
Test Optional Dependencies	Run tests with optional deps	2026-10-04T14:19:05.8955966Z tests/test_data_sources.py::TestFallbackMechanism::test_empty_data_triggers_fallback PASSED [ 32%]
Test Optional Dependencies	Run tests with optional deps	2026-10-04T14:19:05.8985407Z tests/test_data_sources.py::TestFallbackMechanism::test_non_connection_error_raises PASSED [ 33%]
Test Optional Dependencies	Run tests with optional deps	2026-10-04T14:19:05.9010318Z tests/test_data_sources.py::TestFallbackMechanism::test_both_fail_raises_runtime_error PASSED [ 33%]
Test Optional Dependencies	Run tests with optional deps	2026-10-04T14:19:05.9035535Z tests/test_data_sources.py::TestFallbackMechanism::test_no_fallback_instance_primary_fails PASSED [ 33%]
Test Optional Dependencies	Run tests with optional deps	2026-10-04T14:19:05.9073638Z tests/test_data_sources.py::TestBaostockNormalize::test_column_rename PASSED [ 34%]
Test Optional Dependencies	Run tests with optional deps	2026-10-04T14:19:05.9098764Z tests/test_data_sources.py::TestBaostockNormalize::test_numeric_conversion PASSED [ 34%]
Test Optional Dependencies	Run tests with optional deps	2026-10-04T14:19:05.9120917Z tests/test_data_sources.py::TestBaostockNormalize::test_date_index PASSED [ 34%]
Test Optional Dependencies	Run tests with optional deps	2026-10-04T14:19:05.9142998Z tests/test_data_sources.py::TestBaostockNormalize::test_symbol_added PASSED [ 35%]
Test Optional Dependencies	Run tests with optional deps	2026-10-04T14:19:05.9148858Z tests/test_data_sources.py::TestCacheKey::test_basic_key PASSED          [ 35%]
Test Optional Dependencies	Run tests with optional deps	2026-10-04T14:19:05.9154815Z tests/test_data_sources.py::TestCacheKey::test_key_with_start_date PASSED [ 36%]
Test Optional Dependencies	Run tests with optional deps	2026-10-04T14:19:05.9160188Z tests/test_data_sources.py::TestCacheKey::test_key_with_all_params PASSED [ 36%]
Test Optional Dependencies	Run tests with optional deps	2026-10-04T14:19:05.9165815Z tests/test_data_sources.py::TestCacheKey::test_key_none_params_excluded PASSED [ 36%]
Test Optional Dependencies	Run tests with optional deps	2026-10-04T14:19:05.9171284Z tests/test_data_sources.py::TestCacheKey::test_different_methods_different_keys PASSED [ 37%]
Test Optional Dependencies	Run tests with optional deps	2026-10-04T14:19:05.9176767Z tests/test_data_sources.py::TestCacheKey::test_different_symbols_different_keys PASSED [ 37%]
Test Optional Dependencies	Run tests with optional deps	2026-10-04T14:19:05.9195887Z tests/test_data_sources.py::TestCacheIntegration::test_cache_hit_returns_cached_data PASSED [ 38%]
Test Optional Dependencies	Run tests with optional deps	2026-10-04T14:19:05.9217923Z tests/test_data_sources.py::TestCacheIntegration::test_cache_miss_fetches_and_stores PASSED [ 38%]
Test Optional Dependencies	Run tests with optional deps	2026-10-04T14:19:05.9236021Z tests/test_data_sources.py::TestCacheIntegration::test_cache_disabled_skips_cache PASSED [ 38%]
Test Optional Dependencies	Run tests with optional deps	2026-10-04T14:19:05.9255640Z tests/test_data_sources.py::TestCacheIntegration::test_cache_write_failure_does_not_raise PASSED [ 39%]
Test Optional Dependencies	Run tests with optional deps	2026-10-04T14:19:05.9270513Z tests/test_data_sources.py::TestCacheIntegration::test_empty_data_not_cached PASSED [ 39%]
Test Optional Dependencies	Run tests with optional deps	2026-10-04T14:19:05.9291012Z tests/test_data_sources.py::TestCacheIntegration::test_cache_ttl_passed_correctly PASSED [ 39%]
Test Optional Dependencies	Run tests with optional deps	2026-10-04T14:19:05.9310283Z tests/test_data_sources.py::TestValuationFallback::test_valuation_primary_success PASSED [ 40%]
Test Optional Dependencies	Run tests with optional deps	2026-10-04T14:19:05.9332637Z tests/test_data_sources.py::TestValuationFallback::test_valuation_fallback_on_connection_error PASSED [ 40%]
Test Optional Dependencies	Run tests with optional deps	2026-10-04T14:19:05.9356592Z tests/test_data_sources.py::TestValuationFallback::test_valuation_both_fail_raises PASSED [ 41%]
Test Optional Dependencies	Run tests with optional deps	2026-10-04T14:19:06.0030242Z tests/test_data_sources.py::TestFinancialSummaryFallback::test_financial_summary_primary_success PASSED [ 41%]
Test Optional Dependencies	Run tests with optional deps	2026-10-04T14:19:06.0051120Z tests/test_data_sources.py::TestFinancialSummaryFallback::test_financial_summary_fallback_on_error PASSED [ 41%]
Test Optional Dependencies	Run tests with optional deps	2026-10-04T14:19:06.0057087Z tests/test_data_sources.py::TestDataSourceAbstractMethods::test_get_valuation_is_abstract PASSED [ 42%]
Test Optional Dependencies	Run tests with optional deps	2026-10-04T14:19:06.0063156Z tests/test_data_sources.py::TestDataSourceAbstractMethods::test_get_financial_summary_is_abstract PASSED [ 42%]
Test Optional Dependencies	Run tests with optional deps	2026-10-04T14:19:06.0068720Z tests/test_data_sources.py::TestDataSourceAbstractMethods::test_incomplete_subclass_raises_type_error PASSED [ 42%]
Test Optional Dependencies	Run tests with optional deps	2026-10-04T14:19:06.0074621Z tests/test_data_sources.py::TestCacheStats::test_creation PASSED         [ 43%]
Test Optional Dependencies	Run tests with optional deps	2026-10-04T14:19:06.0079510Z tests/test_data_sources.py::TestCacheStats::test_hit_rate PASSED         [ 43%]
Test Optional Dependencies	Run tests with optional deps	2026-10-04T14:19:06.0085314Z tests/test_data_sources.py::TestCacheStats::test_hit_rate_zero_requests PASSED [ 44%]
Test Optional Dependencies	Run tests with optional deps	2026-10-04T14:19:06.0091317Z tests/test_data_sources.py::TestCacheStats::test_total_requests PASSED   [ 44%]
Test Optional Dependencies	Run tests with optional deps	2026-10-04T14:19:06.0096424Z tests/test_data_sources.py::TestCacheStats::test_str_representation PASSED [ 44%]
Test Optional Dependencies	Run tests with optional deps	2026-10-04T14:19:06.0101844Z tests/test_data_sources.py::TestCacheStats::test_summary PASSED          [ 45%]
Test Optional Dependencies	Run tests with optional deps	2026-10-04T14:19:06.2219179Z tests/test_data_sources.py::TestCacheEnhancements::test_memory_cache_hit FAILED [ 45%]
Test Optional Dependencies	Run tests with optional deps	2026-10-04T14:19:06.3281084Z tests/test_data_sources.py::TestCacheEnhancements::test_memory_cache_lru_eviction FAILED [ 46%]
Test Optional Dependencies	Run tests with optional deps	2026-10-04T14:19:06.4363759Z tests/test_data_sources.py::TestCacheEnhancements::test_cache_stats_tracking FAILED [ 46%]
Test Optional Dependencies	Run tests with optional deps	2026-10-04T14:19:06.5425606Z tests/test_data_sources.py::TestCacheEnhancements::test_cache_reset_stats FAILED [ 46%]
Test Optional Dependencies	Run tests with optional deps	2026-10-04T14:19:06.6474425Z tests/test_data_sources.py::TestCacheEnhancements::test_cache_evict_expired FAILED [ 47%]
Test Optional Dependencies	Run tests with optional deps	2026-10-04T14:19:06.7530519Z tests/test_data_sources.py::TestCacheEnhancements::test_cache_info_with_memory FAILED [ 47%]
Test Optional Dependencies	Run tests with optional deps	2026-10-04T14:19:06.8600310Z tests/test_data_sources.py::TestCacheEnhancements::test_cache_clear_both_layers FAILED [ 47%]
Test Optional Dependencies	Run tests with optional deps	2026-10-04T14:19:06.9649093Z tests/test_data_sources.py::TestCacheEnhancements::test_cache_stats_disk_info FAILED [ 48%]
Test Optional Dependencies	Run tests with optional deps	2026-10-04T14:19:07.0718577Z tests/test_data_sources.py::TestCacheEnhancements::test_cache_set_updates_memory FAILED [ 48%]
Test Optional Dependencies	Run tests with optional deps	2026-10-04T14:19:07.0724179Z tests/test_helpers.py::TestFormatStockCode::test_zero_padding PASSED     [ 49%]
Test Optional Dependencies	Run tests with optional deps	2026-10-04T14:19:07.0729562Z tests/test_helpers.py::TestFormatStockCode::test_already_six_digits PASSED [ 49%]
Test Optional Dependencies	Run tests with optional deps	2026-10-04T14:19:07.0735083Z tests/test_helpers.py::TestFormatStockCode::test_remove_prefix_sh PASSED [ 49%]
Test Optional Dependencies	Run tests with optional deps	2026-10-04T14:19:07.0740657Z tests/test_helpers.py::TestFormatStockCode::test_remove_prefix_sz PASSED [ 50%]
Test Optional Dependencies	Run tests with optional deps	2026-10-04T14:19:07.0749811Z tests/test_helpers.py::TestSharpeRatio::test_positive_returns PASSED     [ 50%]
Test Optional Dependencies	Run tests with optional deps	2026-10-04T14:19:07.0757493Z tests/test_helpers.py::TestSharpeRatio::test_zero_returns PASSED         [ 50%]
Test Optional Dependencies	Run tests with optional deps	2026-10-04T14:19:07.0766456Z tests/test_helpers.py::TestSharpeRatio::test_empty_returns PASSED        [ 51%]
Test Optional Dependencies	Run tests with optional deps	2026-10-04T14:19:07.0772376Z tests/test_helpers.py::TestMaxDrawdown::test_no_drawdown PASSED          [ 51%]
Test Optional Dependencies	Run tests with optional deps	2026-10-04T14:19:07.0779040Z tests/test_helpers.py::TestMaxDrawdown::test_with_drawdown PASSED        [ 52%]
Test Optional Dependencies	Run tests with optional deps	2026-10-04T14:19:07.0784575Z tests/test_helpers.py::TestWinRate::test_all_wins PASSED                 [ 52%]
Test Optional Dependencies	Run tests with optional deps	2026-10-04T14:19:07.0789915Z tests/test_helpers.py::TestWinRate::test_all_losses PASSED               [ 52%]
Test Optional Dependencies	Run tests with optional deps	2026-10-04T14:19:07.0795469Z tests/test_helpers.py::TestWinRate::test_mixed PASSED                    [ 53%]
Test Optional Dependencies	Run tests with optional deps	2026-10-04T14:19:07.0801170Z tests/test_helpers.py::TestWinRate::test_empty PASSED                    [ 53%]
Test Optional Dependencies	Run tests with optional deps	2026-10-04T14:19:07.0806716Z tests/test_helpers.py::TestProfitFactor::test_basic PASSED               [ 53%]
Test Optional Dependencies	Run tests with optional deps	2026-10-04T14:19:07.0813171Z tests/test_helpers.py::TestProfitFactor::test_no_losses PASSED           [ 54%]
Test Optional Dependencies	Run tests with optional deps	2026-10-04T14:19:07.1031198Z tests/test_integration.py::TestDataAnalysisSignalChain::test_full_chain PASSED [ 54%]
Test Optional Dependencies	Run tests with optional deps	2026-10-04T14:19:07.1187315Z tests/test_integration.py::TestDataAnalysisSignalChain::test_data_quality_then_analysis PASSED [ 55%]
Test Optional Dependencies	Run tests with optional deps	2026-10-04T14:19:07.1330137Z tests/test_integration.py::TestStrategyRiskPositionChain::test_buy_signal_flow PASSED [ 55%]
Test Optional Dependencies	Run tests with optional deps	2026-10-04T14:19:07.1336079Z tests/test_integration.py::TestStrategyRiskPositionChain::test_risk_blocks_signal PASSED [ 55%]
Test Optional Dependencies	Run tests with optional deps	2026-10-04T14:19:07.1344339Z tests/test_integration.py::TestStrategyRiskPositionChain::test_position_sizer_methods PASSED [ 56%]
Test Optional Dependencies	Run tests with optional deps	2026-10-04T14:19:07.1624279Z tests/test_integration.py::TestTradingPipeline::test_run_once_success PASSED [ 56%]
Test Optional Dependencies	Run tests with optional deps	2026-10-04T14:19:07.1781589Z tests/test_integration.py::TestTradingPipeline::test_run_once_no_strategy PASSED [ 57%]
Test Optional Dependencies	Run tests with optional deps	2026-10-04T14:19:07.1796602Z tests/test_integration.py::TestTradingPipeline::test_run_once_data_fetch_failure PASSED [ 57%]
Test Optional Dependencies	Run tests with optional deps	2026-10-04T14:19:07.1813922Z tests/test_integration.py::TestTradingPipeline::test_run_once_insufficient_data PASSED [ 57%]
Test Optional Dependencies	Run tests with optional deps	2026-10-04T14:19:07.2324201Z tests/test_integration.py::TestTradingPipeline::test_run_batch PASSED    [ 58%]
Test Optional Dependencies	Run tests with optional deps	2026-10-04T14:19:07.2826585Z tests/test_integration.py::TestTradingPipeline::test_signal_cooldown PASSED [ 58%]
Test Optional Dependencies	Run tests with optional deps	2026-10-04T14:19:07.2835848Z tests/test_integration.py::TestTradingPipeline::test_cooldown_clear PASSED [ 58%]
Test Optional Dependencies	Run tests with optional deps	2026-10-04T14:19:07.3112776Z tests/test_integration.py::TestTradingPipeline::test_on_result_callback PASSED [ 59%]
Test Optional Dependencies	Run tests with optional deps	2026-10-04T14:19:07.3161501Z tests/test_integration.py::TestTradingPipeline::test_pipeline_stats PASSED [ 59%]
Test Optional Dependencies	Run tests with optional deps	2026-10-04T14:19:07.8746334Z tests/test_integration.py::TestBacktestIntegration::test_backtest_manual_strategy PASSED [ 60%]
Test Optional Dependencies	Run tests with optional deps	2026-10-04T14:19:08.4373238Z tests/test_integration.py::TestBacktestIntegration::test_backtest_metrics PASSED [ 60%]
Test Optional Dependencies	Run tests with optional deps	2026-10-04T14:19:08.4379192Z tests/test_integration.py::TestPipelineConfig::test_default_config PASSED [ 60%]
Test Optional Dependencies	Run tests with optional deps	2026-10-04T14:19:08.4385318Z tests/test_integration.py::TestPipelineConfig::test_custom_config PASSED [ 61%]
Test Optional Dependencies	Run tests with optional deps	2026-10-04T14:19:08.4391415Z tests/test_integration.py::TestPipelineConfig::test_from_dict PASSED     [ 61%]
Test Optional Dependencies	Run tests with optional deps	2026-10-04T14:19:08.4397178Z tests/test_integration.py::TestPipelineConfig::test_to_dict PASSED       [ 61%]
Test Optional Dependencies	Run tests with optional deps	2026-10-04T14:19:08.4403032Z tests/test_integration.py::TestPipelineResult::test_executed_result PASSED [ 62%]
Test Optional Dependencies	Run tests with optional deps	2026-10-04T14:19:08.4408813Z tests/test_integration.py::TestPipelineResult::test_skipped_result PASSED [ 62%]
Test Optional Dependencies	Run tests with optional deps	2026-10-04T14:19:08.4414775Z tests/test_integration.py::TestPipelineResult::test_blocked_result PASSED [ 63%]
Test Optional Dependencies	Run tests with optional deps	2026-10-04T14:19:08.4420181Z tests/test_integration.py::TestPipelineResult::test_error_result PASSED  [ 63%]
Test Optional Dependencies	Run tests with optional deps	2026-10-04T14:19:08.4426173Z tests/test_integration.py::TestPipelineRunSummary::test_summary_stats PASSED [ 63%]
Test Optional Dependencies	Run tests with optional deps	2026-10-04T14:19:08.4432952Z tests/test_integration.py::TestPipelineRunSummary::test_empty_summary PASSED [ 64%]
Test Optional Dependencies	Run tests with optional deps	2026-10-04T14:19:08.4438618Z tests/test_risk.py::TestPosition::test_market_value PASSED               [ 64%]
Test Optional Dependencies	Run tests with optional deps	2026-10-04T14:19:08.4444280Z tests/test_risk.py::TestPosition::test_cost_value PASSED                 [ 65%]
Test Optional Dependencies	Run tests with optional deps	2026-10-04T14:19:08.4449883Z tests/test_risk.py::TestPosition::test_profit_loss PASSED                [ 65%]
Test Optional Dependencies	Run tests with optional deps	2026-10-04T14:19:08.4455889Z tests/test_risk.py::TestPosition::test_profit_loss_pct PASSED            [ 65%]
Test Optional Dependencies	Run tests with optional deps	2026-10-04T14:19:08.4461750Z tests/test_risk.py::TestPosition::test_profit_loss_pct_zero_cost PASSED  [ 66%]
Test Optional Dependencies	Run tests with optional deps	2026-10-04T14:19:08.4467300Z tests/test_risk.py::TestPosition::test_str PASSED                        [ 66%]
Test Optional Dependencies	Run tests with optional deps	2026-10-04T14:19:08.4472933Z tests/test_risk.py::TestRiskAlert::test_alert_str PASSED                 [ 66%]
Test Optional Dependencies	Run tests with optional deps	2026-10-04T14:19:08.4478335Z tests/test_risk.py::TestRiskEnums::test_risk_levels PASSED               [ 67%]
Test Optional Dependencies	Run tests with optional deps	2026-10-04T14:19:08.4503578Z tests/test_risk.py::TestRiskEnums::test_risk_types PASSED                [ 67%]
Test Optional Dependencies	Run tests with optional deps	2026-10-04T14:19:08.4504725Z tests/test_risk.py::TestRiskManager::test_no_alerts_when_no_risk PASSED  [ 68%]
Test Optional Dependencies	Run tests with optional deps	2026-10-04T14:19:08.4505834Z tests/test_risk.py::TestRiskManager::test_stop_loss_triggered PASSED     [ 68%]
Test Optional Dependencies	Run tests with optional deps	2026-10-04T14:19:08.4506895Z tests/test_risk.py::TestRiskManager::test_stop_loss_approaching PASSED   [ 68%]
Test Optional Dependencies	Run tests with optional deps	2026-10-04T14:19:08.4507708Z tests/test_risk.py::TestRiskManager::test_stop_loss_not_triggered PASSED [ 69%]
Test Optional Dependencies	Run tests with optional deps	2026-10-04T14:19:08.4512861Z tests/test_risk.py::TestRiskManager::test_take_profit_triggered PASSED   [ 69%]
Test Optional Dependencies	Run tests with optional deps	2026-10-04T14:19:08.4518925Z tests/test_risk.py::TestRiskManager::test_take_profit_not_triggered PASSED [ 69%]
Test Optional Dependencies	Run tests with optional deps	2026-10-04T14:19:08.4527058Z tests/test_risk.py::TestRiskManager::test_drawdown_critical PASSED       [ 70%]
Test Optional Dependencies	Run tests with optional deps	2026-10-04T14:19:08.4534917Z tests/test_risk.py::TestRiskManager::test_drawdown_warning PASSED        [ 70%]
Test Optional Dependencies	Run tests with optional deps	2026-10-04T14:19:08.4542558Z tests/test_risk.py::TestRiskManager::test_concentration_alert PASSED     [ 71%]
Test Optional Dependencies	Run tests with optional deps	2026-10-04T14:19:08.4548577Z tests/test_risk.py::TestRiskManager::test_empty_positions PASSED         [ 71%]
Test Optional Dependencies	Run tests with optional deps	2026-10-04T14:19:08.4555300Z tests/test_risk.py::TestRiskManager::test_zero_shares_position PASSED    [ 71%]
Test Optional Dependencies	Run tests with optional deps	2026-10-04T14:19:08.4562640Z tests/test_risk.py::TestPositionSizer::test_fixed_size PASSED            [ 72%]
Test Optional Dependencies	Run tests with optional deps	2026-10-04T14:19:08.4569857Z tests/test_risk.py::TestPositionSizer::test_fixed_size_respects_max PASSED [ 72%]
Test Optional Dependencies	Run tests with optional deps	2026-10-04T14:19:08.4576766Z tests/test_risk.py::TestPositionSizer::test_fixed_size_min_shares PASSED [ 73%]
Test Optional Dependencies	Run tests with optional deps	2026-10-04T14:19:08.4584246Z tests/test_risk.py::TestPositionSizer::test_kelly_size_positive PASSED   [ 73%]
Test Optional Dependencies	Run tests with optional deps	2026-10-04T14:19:08.4591522Z tests/test_risk.py::TestPositionSizer::test_kelly_size_negative_returns_zero PASSED [ 73%]
Test Optional Dependencies	Run tests with optional deps	2026-10-04T14:19:08.4598866Z tests/test_risk.py::TestPositionSizer::test_kelly_size_invalid_params PASSED [ 74%]
Test Optional Dependencies	Run tests with optional deps	2026-10-04T14:19:08.4606333Z tests/test_risk.py::TestPositionSizer::test_risk_parity PASSED           [ 74%]
Test Optional Dependencies	Run tests with optional deps	2026-10-04T14:19:08.4612994Z tests/test_risk.py::TestPositionSizer::test_risk_parity_empty PASSED     [ 74%]
Test Optional Dependencies	Run tests with optional deps	2026-10-04T14:19:08.4620121Z tests/test_risk.py::TestPositionSizer::test_atr_size PASSED              [ 75%]
Test Optional Dependencies	Run tests with optional deps	2026-10-04T14:19:08.4627054Z tests/test_risk.py::TestPositionSizer::test_atr_size_zero_atr PASSED     [ 75%]
Test Optional Dependencies	Run tests with optional deps	2026-10-04T14:19:08.4634597Z tests/test_risk.py::TestPositionSizer::test_atr_size_respects_max PASSED [ 76%]
Test Optional Dependencies	Run tests with optional deps	2026-10-04T14:19:08.4641382Z tests/test_risk.py::TestPortfolioRisk::test_max_concentration PASSED     [ 76%]
Test Optional Dependencies	Run tests with optional deps	2026-10-04T14:19:08.4647865Z tests/test_risk.py::TestPortfolioRisk::test_max_concentration_empty PASSED [ 76%]
Test Optional Dependencies	Run tests with optional deps	2026-10-04T14:19:08.4654146Z tests/test_risk.py::TestPortfolioRisk::test_has_critical_alerts PASSED   [ 77%]
Test Optional Dependencies	Run tests with optional deps	2026-10-04T14:19:08.4661602Z tests/test_risk.py::TestPortfolioRisk::test_no_critical_alerts PASSED    [ 77%]
Test Optional Dependencies	Run tests with optional deps	2026-10-04T14:19:08.4668382Z tests/test_strategy_engine.py::TestTrade::test_trade_amount PASSED       [ 77%]
Test Optional Dependencies	Run tests with optional deps	2026-10-04T14:19:08.4675162Z tests/test_strategy_engine.py::TestTrade::test_trade_str PASSED          [ 78%]
Test Optional Dependencies	Run tests with optional deps	2026-10-04T14:19:08.4683199Z tests/test_strategy_engine.py::TestBacktestResult::test_total_return_positive PASSED [ 78%]
Test Optional Dependencies	Run tests with optional deps	2026-10-04T14:19:08.4691355Z tests/test_strategy_engine.py::TestBacktestResult::test_total_return_negative PASSED [ 79%]
Test Optional Dependencies	Run tests with optional deps	2026-10-04T14:19:08.4698699Z tests/test_strategy_engine.py::TestBacktestResult::test_total_return_zero_initial PASSED [ 79%]
Test Optional Dependencies	Run tests with optional deps	2026-10-04T14:19:09.0205259Z tests/test_strategy_engine.py::TestBacktestEngine::test_backtest_with_manual_strategy PASSED [ 79%]
Test Optional Dependencies	Run tests with optional deps	2026-10-04T14:19:09.0396852Z tests/test_strategy_engine.py::TestBacktestEngine::test_backtest_with_quant_strategy PASSED [ 80%]
Test Optional Dependencies	Run tests with optional deps	2026-10-04T14:19:09.0483099Z tests/test_strategy_engine.py::TestBacktestEngine::test_backtest_short_data PASSED [ 80%]
Test Optional Dependencies	Run tests with optional deps	2026-10-04T14:19:09.6011200Z tests/test_strategy_engine.py::TestBacktestEngine::test_backtest_metrics_keys PASSED [ 80%]
Test Optional Dependencies	Run tests with optional deps	2026-10-04T14:19:10.7052449Z tests/test_strategy_engine.py::TestBacktestEngine::test_backtest_commission_and_slippage PASSED [ 81%]
Test Optional Dependencies	Run tests with optional deps	2026-10-04T14:19:10.7059533Z tests/test_strategy_engine.py::TestQuantStrategy::test_params_default PASSED [ 81%]
Test Optional Dependencies	Run tests with optional deps	2026-10-04T14:19:10.7066978Z tests/test_strategy_engine.py::TestQuantStrategy::test_set_get_param PASSED [ 82%]
Test Optional Dependencies	Run tests with optional deps	2026-10-04T14:19:10.7073852Z tests/test_strategy_engine.py::TestQuantStrategy::test_params_to_dict PASSED [ 82%]
Test Optional Dependencies	Run tests with optional deps	2026-10-04T14:19:10.7272194Z tests/test_strategy_engine.py::TestQuantStrategy::test_optimize_basic PASSED [ 82%]
Test Optional Dependencies	Run tests with optional deps	2026-10-04T14:19:10.7465807Z tests/test_strategy_engine.py::TestQuantStrategy::test_evaluate_uses_backtest PASSED [ 83%]
Test Optional Dependencies	Run tests with optional deps	2026-10-04T14:19:10.7475190Z tests/test_strategy_engine.py::TestStrategyEngine::test_register_and_list PASSED [ 83%]
Test Optional Dependencies	Run tests with optional deps	2026-10-04T14:19:10.7484152Z tests/test_strategy_engine.py::TestStrategyEngine::test_unregister PASSED [ 84%]
Test Optional Dependencies	Run tests with optional deps	2026-10-04T14:19:10.7598963Z tests/test_strategy_engine.py::TestStrategyEngine::test_run_all PASSED   [ 84%]
Test Optional Dependencies	Run tests with optional deps	2026-10-04T14:19:10.7709317Z tests/test_strategy_engine.py::TestStrategyEngine::test_aggregate_signal_single PASSED [ 84%]
Test Optional Dependencies	Run tests with optional deps	2026-10-04T14:19:10.7716409Z tests/test_strategy_engine.py::TestStrategyEngine::test_aggregate_signal_empty PASSED [ 85%]
Test Optional Dependencies	Run tests with optional deps	2026-10-04T14:19:10.7833116Z tests/test_strategy_engine.py::TestStrategyEngine::test_aggregate_signal_multiple PASSED [ 85%]
Test Optional Dependencies	Run tests with optional deps	2026-10-04T14:19:10.7943619Z tests/test_strategy_engine.py::TestStrategyEngine::test_get_performance PASSED [ 85%]
Test Optional Dependencies	Run tests with optional deps	2026-10-04T14:19:10.7951047Z tests/test_strategy_engine.py::TestTradePair::test_trade_pair_return_pct PASSED [ 86%]
Test Optional Dependencies	Run tests with optional deps	2026-10-04T14:19:10.7957723Z tests/test_strategy_engine.py::TestTradePair::test_trade_pair_loss PASSED [ 86%]
Test Optional Dependencies	Run tests with optional deps	2026-10-04T14:19:10.7965658Z tests/test_strategy_engine.py::TestTradePair::test_trade_pair_str PASSED [ 87%]
Test Optional Dependencies	Run tests with optional deps	2026-10-04T14:19:10.8157867Z tests/test_strategy_engine.py::TestBacktestAnalysis::test_trade_analysis_populated PASSED [ 87%]
Test Optional Dependencies	Run tests with optional deps	2026-10-04T14:19:10.8349528Z tests/test_strategy_engine.py::TestBacktestAnalysis::test_benchmark_populated PASSED [ 87%]
Test Optional Dependencies	Run tests with optional deps	2026-10-04T14:19:11.3899094Z tests/test_strategy_engine.py::TestBacktestAnalysis::test_new_metrics_calmar PASSED [ 88%]
Test Optional Dependencies	Run tests with optional deps	2026-10-04T14:19:11.9758688Z tests/test_strategy_engine.py::TestBacktestAnalysis::test_compare_strategies PASSED [ 88%]
Test Optional Dependencies	Run tests with optional deps	2026-10-04T14:19:11.9847443Z tests/test_strategy_engine.py::TestBacktestAnalysis::test_trade_analysis_empty_trades PASSED [ 88%]
Test Optional Dependencies	Run tests with optional deps	2026-10-04T14:19:11.9854780Z tests/test_strategy_engine.py::TestBacktestAnalysis::test_benchmark_str PASSED [ 89%]
Test Optional Dependencies	Run tests with optional deps	2026-10-04T14:19:11.9901042Z tests/test_strategy_engine.py::TestTradingEnvReward::test_default_reward_fn PASSED [ 89%]
Test Optional Dependencies	Run tests with optional deps	2026-10-04T14:19:11.9946500Z tests/test_strategy_engine.py::TestTradingEnvReward::test_sharpe_reward_fn PASSED [ 90%]
Test Optional Dependencies	Run tests with optional deps	2026-10-04T14:19:11.9991009Z tests/test_strategy_engine.py::TestTradingEnvReward::test_sortino_reward_fn PASSED [ 90%]
Test Optional Dependencies	Run tests with optional deps	2026-10-04T14:19:12.0036402Z tests/test_strategy_engine.py::TestTradingEnvReward::test_custom_reward_fn PASSED [ 90%]
Test Optional Dependencies	Run tests with optional deps	2026-10-04T14:19:12.0080980Z tests/test_strategy_engine.py::TestTradingEnvReward::test_invalid_reward_fn_falls_back PASSED [ 91%]
Test Optional Dependencies	Run tests with optional deps	2026-10-04T14:19:12.0087983Z tests/test_strategy_engine.py::TestTradingEnvReward::test_builtin_rewards_registry PASSED [ 91%]
Test Optional Dependencies	Run tests with optional deps	2026-10-04T14:19:12.0132906Z tests/test_strategy_engine.py::TestTradingEnvReward::test_returns_history_reset PASSED [ 92%]
Test Optional Dependencies	Run tests with optional deps	2026-10-04T14:19:12.0185302Z tests/test_strategy_engine.py::TestTradingEnvReward::test_reward_fn_multiple_steps PASSED [ 92%]
Test Optional Dependencies	Run tests with optional deps	2026-10-04T14:19:12.0257473Z tests/test_strategy_engine.py::TestMultiStockTradingEnv::test_init PASSED [ 92%]
Test Optional Dependencies	Run tests with optional deps	2026-10-04T14:19:12.0330937Z tests/test_strategy_engine.py::TestMultiStockTradingEnv::test_reset PASSED [ 93%]
Test Optional Dependencies	Run tests with optional deps	2026-10-04T14:19:12.0406710Z tests/test_strategy_engine.py::TestMultiStockTradingEnv::test_step_hold PASSED [ 93%]
Test Optional Dependencies	Run tests with optional deps	2026-10-04T14:19:12.0482234Z tests/test_strategy_engine.py::TestMultiStockTradingEnv::test_step_buy PASSED [ 93%]
Test Optional Dependencies	Run tests with optional deps	2026-10-04T14:19:12.0559068Z tests/test_strategy_engine.py::TestMultiStockTradingEnv::test_step_sell PASSED [ 94%]
Test Optional Dependencies	Run tests with optional deps	2026-10-04T14:19:12.0643306Z tests/test_strategy_engine.py::TestMultiStockTradingEnv::test_observation_shape PASSED [ 94%]
Test Optional Dependencies	Run tests with optional deps	2026-10-04T14:19:12.0722329Z tests/test_strategy_engine.py::TestMultiStockTradingEnv::test_concentration_penalty PASSED [ 95%]
Test Optional Dependencies	Run tests with optional deps	2026-10-04T14:19:12.0863204Z tests/test_strategy_engine.py::TestMultiStockTradingEnv::test_multiple_episodes PASSED [ 95%]
Test Optional Dependencies	Run tests with optional deps	2026-10-04T14:19:12.0970023Z tests/test_strategy_engine.py::TestMultiStockTradingEnv::test_three_stocks PASSED [ 95%]
Test Optional Dependencies	Run tests with optional deps	2026-10-04T14:19:12.1046672Z tests/test_strategy_engine.py::TestMultiStockTradingEnv::test_total_value_property PASSED [ 96%]
Test Optional Dependencies	Run tests with optional deps	2026-10-04T14:19:12.1121752Z tests/test_strategy_engine.py::TestMultiStockTradingEnv::test_current_step_property PASSED [ 96%]
Test Optional Dependencies	Run tests with optional deps	2026-10-04T14:19:12.1128686Z tests/test_strategy_engine.py::TestEvaluationResult::test_creation PASSED [ 96%]
Test Optional Dependencies	Run tests with optional deps	2026-10-04T14:19:12.1135480Z tests/test_strategy_engine.py::TestEvaluationResult::test_str_representation PASSED [ 97%]
Test Optional Dependencies	Run tests with optional deps	2026-10-04T14:19:12.1142057Z tests/test_strategy_engine.py::TestEvaluationResult::test_summary PASSED [ 97%]
Test Optional Dependencies	Run tests with optional deps	2026-10-04T14:19:12.1148332Z tests/test_strategy_engine.py::TestEvaluationResult::test_default_values PASSED [ 98%]
Test Optional Dependencies	Run tests with optional deps	2026-10-04T14:19:12.1244205Z tests/test_strategy_engine.py::TestRLAgentEvaluation::test_evaluate_episodes_untrained PASSED [ 98%]
Test Optional Dependencies	Run tests with optional deps	2026-10-04T14:19:12.1373921Z tests/test_strategy_engine.py::TestRLAgentEvaluation::test_evaluate_episodes_statistics PASSED [ 98%]
Test Optional Dependencies	Run tests with optional deps	2026-10-04T14:19:12.1510358Z tests/test_strategy_engine.py::TestRLAgentEvaluation::test_evaluate_episodes_with_reward_fn PASSED [ 99%]
Test Optional Dependencies	Run tests with optional deps	2026-10-04T14:19:12.1562379Z tests/test_strategy_engine.py::TestRLAgentEvaluation::test_compare_with_baseline PASSED [ 99%]
Test Optional Dependencies	Run tests with optional deps	2026-10-04T14:19:12.1601387Z tests/test_strategy_engine.py::TestRLAgentEvaluation::test_evaluate_backtest PASSED [100%]
Test Optional Dependencies	Run tests with optional deps	2026-10-04T14:19:12.1602086Z 
Test Optional Dependencies	Run tests with optional deps	2026-10-04T14:19:12.1602348Z =================================== FAILURES ===================================
Test Optional Dependencies	Run tests with optional deps	2026-10-04T14:19:12.1603220Z _________________ TestCacheEnhancements.test_memory_cache_hit __________________
Test Optional Dependencies	Run tests with optional deps	2026-10-04T14:19:12.1604190Z tests/test_data_sources.py:721: in test_memory_cache_hit
Test Optional Dependencies	Run tests with optional deps	2026-10-04T14:19:12.1604657Z     storage.cache_set("test_key", df)
Test Optional Dependencies	Run tests with optional deps	2026-10-04T14:19:12.1605036Z src/stock_model/data/storage.py:204: in cache_set
Test Optional Dependencies	Run tests with optional deps	2026-10-04T14:19:12.1605347Z     self._save(df, filepath, "parquet")
Test Optional Dependencies	Run tests with optional deps	2026-10-04T14:19:12.1605653Z src/stock_model/data/storage.py:351: in _save
Test Optional Dependencies	Run tests with optional deps	2026-10-04T14:19:12.1605952Z     df.to_parquet(filepath, index=True)
Test Optional Dependencies	Run tests with optional deps	2026-10-04T14:19:12.1606494Z /opt/hostedtoolcache/Python/3.12.14/x64/lib/python3.12/site-packages/pandas/core/frame.py:3135: in to_parquet
Test Optional Dependencies	Run tests with optional deps	2026-10-04T14:19:12.1607383Z     return to_parquet(
Test Optional Dependencies	Run tests with optional deps	2026-10-04T14:19:12.1607928Z /opt/hostedtoolcache/Python/3.12.14/x64/lib/python3.12/site-packages/pandas/io/parquet.py:486: in to_parquet
Test Optional Dependencies	Run tests with optional deps	2026-10-04T14:19:12.1608422Z     impl = get_engine(engine)
Test Optional Dependencies	Run tests with optional deps	2026-10-04T14:19:12.1608666Z            ^^^^^^^^^^^^^^^^^^
Test Optional Dependencies	Run tests with optional deps	2026-10-04T14:19:12.1609100Z /opt/hostedtoolcache/Python/3.12.14/x64/lib/python3.12/site-packages/pandas/io/parquet.py:68: in get_engine
Test Optional Dependencies	Run tests with optional deps	2026-10-04T14:19:12.1609781Z     raise ImportError(
Test Optional Dependencies	Run tests with optional deps	2026-10-04T14:19:12.1610262Z E   ImportError: Unable to find a usable engine; tried using: 'pyarrow', 'fastparquet'.
Test Optional Dependencies	Run tests with optional deps	2026-10-04T14:19:12.1610794Z E   A suitable version of pyarrow or fastparquet is required for parquet support.
Test Optional Dependencies	Run tests with optional deps	2026-10-04T14:19:12.1611235Z E   Trying to import the above resulted in these errors:
Test Optional Dependencies	Run tests with optional deps	2026-10-04T14:19:12.1611805Z E    - `Import pyarrow` failed. pyarrow is required for parquet support. Use pip or conda to install the pyarrow package.
Test Optional Dependencies	Run tests with optional deps	2026-10-04T14:19:12.1612851Z E    - `Import fastparquet` failed. fastparquet is required for parquet support. Use pip or conda to install the fastparquet package.
Test Optional Dependencies	Run tests with optional deps	2026-10-04T14:19:12.1613946Z _____________ TestCacheEnhancements.test_memory_cache_lru_eviction _____________
Test Optional Dependencies	Run tests with optional deps	2026-10-04T14:19:12.1614428Z tests/test_data_sources.py:734: in test_memory_cache_lru_eviction
Test Optional Dependencies	Run tests with optional deps	2026-10-04T14:19:12.1614784Z     storage.cache_set(f"key_{i}", df)
Test Optional Dependencies	Run tests with optional deps	2026-10-04T14:19:12.1615087Z src/stock_model/data/storage.py:204: in cache_set
Test Optional Dependencies	Run tests with optional deps	2026-10-04T14:19:12.1615399Z     self._save(df, filepath, "parquet")
Test Optional Dependencies	Run tests with optional deps	2026-10-04T14:19:12.1615703Z src/stock_model/data/storage.py:351: in _save
Test Optional Dependencies	Run tests with optional deps	2026-10-04T14:19:12.1615997Z     df.to_parquet(filepath, index=True)
Test Optional Dependencies	Run tests with optional deps	2026-10-04T14:19:12.1616465Z /opt/hostedtoolcache/Python/3.12.14/x64/lib/python3.12/site-packages/pandas/core/frame.py:3135: in to_parquet
Test Optional Dependencies	Run tests with optional deps	2026-10-04T14:19:12.1616934Z     return to_parquet(
Test Optional Dependencies	Run tests with optional deps	2026-10-04T14:19:12.1617358Z /opt/hostedtoolcache/Python/3.12.14/x64/lib/python3.12/site-packages/pandas/io/parquet.py:486: in to_parquet
Test Optional Dependencies	Run tests with optional deps	2026-10-04T14:19:12.1617832Z     impl = get_engine(engine)
Test Optional Dependencies	Run tests with optional deps	2026-10-04T14:19:12.1618215Z            ^^^^^^^^^^^^^^^^^^
Test Optional Dependencies	Run tests with optional deps	2026-10-04T14:19:12.1618930Z /opt/hostedtoolcache/Python/3.12.14/x64/lib/python3.12/site-packages/pandas/io/parquet.py:68: in get_engine
Test Optional Dependencies	Run tests with optional deps	2026-10-04T14:19:12.1619397Z     raise ImportError(
Test Optional Dependencies	Run tests with optional deps	2026-10-04T14:19:12.1619951Z E   ImportError: Unable to find a usable engine; tried using: 'pyarrow', 'fastparquet'.
Test Optional Dependencies	Run tests with optional deps	2026-10-04T14:19:12.1620485Z E   A suitable version of pyarrow or fastparquet is required for parquet support.
Test Optional Dependencies	Run tests with optional deps	2026-10-04T14:19:12.1620917Z E   Trying to import the above resulted in these errors:
Test Optional Dependencies	Run tests with optional deps	2026-10-04T14:19:12.1621480Z E    - `Import pyarrow` failed. pyarrow is required for parquet support. Use pip or conda to install the pyarrow package.
Test Optional Dependencies	Run tests with optional deps	2026-10-04T14:19:12.1622253Z E    - `Import fastparquet` failed. fastparquet is required for parquet support. Use pip or conda to install the fastparquet package.
Test Optional Dependencies	Run tests with optional deps	2026-10-04T14:19:12.1622906Z _______________ TestCacheEnhancements.test_cache_stats_tracking ________________
Test Optional Dependencies	Run tests with optional deps	2026-10-04T14:19:12.1623371Z tests/test_data_sources.py:750: in test_cache_stats_tracking
Test Optional Dependencies	Run tests with optional deps	2026-10-04T14:19:12.1623715Z     storage.cache_set("test_key", df)
Test Optional Dependencies	Run tests with optional deps	2026-10-04T14:19:12.1624008Z src/stock_model/data/storage.py:204: in cache_set
Test Optional Dependencies	Run tests with optional deps	2026-10-04T14:19:12.1624311Z     self._save(df, filepath, "parquet")
Test Optional Dependencies	Run tests with optional deps	2026-10-04T14:19:12.1624606Z src/stock_model/data/storage.py:351: in _save
Test Optional Dependencies	Run tests with optional deps	2026-10-04T14:19:12.1625068Z     df.to_parquet(filepath, index=True)
Test Optional Dependencies	Run tests with optional deps	2026-10-04T14:19:12.1625539Z /opt/hostedtoolcache/Python/3.12.14/x64/lib/python3.12/site-packages/pandas/core/frame.py:3135: in to_parquet
Test Optional Dependencies	Run tests with optional deps	2026-10-04T14:19:12.1626014Z     return to_parquet(
Test Optional Dependencies	Run tests with optional deps	2026-10-04T14:19:12.1626449Z /opt/hostedtoolcache/Python/3.12.14/x64/lib/python3.12/site-packages/pandas/io/parquet.py:486: in to_parquet
Test Optional Dependencies	Run tests with optional deps	2026-10-04T14:19:12.1626924Z     impl = get_engine(engine)
Test Optional Dependencies	Run tests with optional deps	2026-10-04T14:19:12.1627174Z            ^^^^^^^^^^^^^^^^^^
Test Optional Dependencies	Run tests with optional deps	2026-10-04T14:19:12.1627606Z /opt/hostedtoolcache/Python/3.12.14/x64/lib/python3.12/site-packages/pandas/io/parquet.py:68: in get_engine
Test Optional Dependencies	Run tests with optional deps	2026-10-04T14:19:12.1628157Z     raise ImportError(
Test Optional Dependencies	Run tests with optional deps	2026-10-04T14:19:12.1628515Z E   ImportError: Unable to find a usable engine; tried using: 'pyarrow', 'fastparquet'.
Test Optional Dependencies	Run tests with optional deps	2026-10-04T14:19:12.1629034Z E   A suitable version of pyarrow or fastparquet is required for parquet support.
Test Optional Dependencies	Run tests with optional deps	2026-10-04T14:19:12.1629465Z E   Trying to import the above resulted in these errors:
Test Optional Dependencies	Run tests with optional deps	2026-10-04T14:19:12.1630207Z E    - `Import pyarrow` failed. pyarrow is required for parquet support. Use pip or conda to install the pyarrow package.
Test Optional Dependencies	Run tests with optional deps	2026-10-04T14:19:12.1630981Z E    - `Import fastparquet` failed. fastparquet is required for parquet support. Use pip or conda to install the fastparquet package.
Test Optional Dependencies	Run tests with optional deps	2026-10-04T14:19:12.1631637Z _________________ TestCacheEnhancements.test_cache_reset_stats _________________
Test Optional Dependencies	Run tests with optional deps	2026-10-04T14:19:12.1632088Z tests/test_data_sources.py:763: in test_cache_reset_stats
Test Optional Dependencies	Run tests with optional deps	2026-10-04T14:19:12.1632427Z     storage.cache_set("test_key", df)
Test Optional Dependencies	Run tests with optional deps	2026-10-04T14:19:12.1632730Z src/stock_model/data/storage.py:204: in cache_set
Test Optional Dependencies	Run tests with optional deps	2026-10-04T14:19:12.1633041Z     self._save(df, filepath, "parquet")
Test Optional Dependencies	Run tests with optional deps	2026-10-04T14:19:12.1633337Z src/stock_model/data/storage.py:351: in _save
Test Optional Dependencies	Run tests with optional deps	2026-10-04T14:19:12.1633642Z     df.to_parquet(filepath, index=True)
Test Optional Dependencies	Run tests with optional deps	2026-10-04T14:19:12.1634111Z /opt/hostedtoolcache/Python/3.12.14/x64/lib/python3.12/site-packages/pandas/core/frame.py:3135: in to_parquet
Test Optional Dependencies	Run tests with optional deps	2026-10-04T14:19:12.1634583Z     return to_parquet(
Test Optional Dependencies	Run tests with optional deps	2026-10-04T14:19:12.1635013Z /opt/hostedtoolcache/Python/3.12.14/x64/lib/python3.12/site-packages/pandas/io/parquet.py:486: in to_parquet
Test Optional Dependencies	Run tests with optional deps	2026-10-04T14:19:12.1635478Z     impl = get_engine(engine)
Test Optional Dependencies	Run tests with optional deps	2026-10-04T14:19:12.1635716Z            ^^^^^^^^^^^^^^^^^^
Test Optional Dependencies	Run tests with optional deps	2026-10-04T14:19:12.1636141Z /opt/hostedtoolcache/Python/3.12.14/x64/lib/python3.12/site-packages/pandas/io/parquet.py:68: in get_engine
Test Optional Dependencies	Run tests with optional deps	2026-10-04T14:19:12.1636606Z     raise ImportError(
Test Optional Dependencies	Run tests with optional deps	2026-10-04T14:19:12.1636958Z E   ImportError: Unable to find a usable engine; tried using: 'pyarrow', 'fastparquet'.
Test Optional Dependencies	Run tests with optional deps	2026-10-04T14:19:12.1637472Z E   A suitable version of pyarrow or fastparquet is required for parquet support.
Test Optional Dependencies	Run tests with optional deps	2026-10-04T14:19:12.1637899Z E   Trying to import the above resulted in these errors:
Test Optional Dependencies	Run tests with optional deps	2026-10-04T14:19:12.1638440Z E    - `Import pyarrow` failed. pyarrow is required for parquet support. Use pip or conda to install the pyarrow package.
Test Optional Dependencies	Run tests with optional deps	2026-10-04T14:19:12.1639199Z E    - `Import fastparquet` failed. fastparquet is required for parquet support. Use pip or conda to install the fastparquet package.
Test Optional Dependencies	Run tests with optional deps	2026-10-04T14:19:12.1640036Z ________________ TestCacheEnhancements.test_cache_evict_expired ________________
Test Optional Dependencies	Run tests with optional deps	2026-10-04T14:19:12.1640480Z tests/test_data_sources.py:778: in test_cache_evict_expired
Test Optional Dependencies	Run tests with optional deps	2026-10-04T14:19:12.1640823Z     storage.cache_set("test_key", df)
Test Optional Dependencies	Run tests with optional deps	2026-10-04T14:19:12.1641116Z src/stock_model/data/storage.py:204: in cache_set
Test Optional Dependencies	Run tests with optional deps	2026-10-04T14:19:12.1641453Z     self._save(df, filepath, "parquet")
Test Optional Dependencies	Run tests with optional deps	2026-10-04T14:19:12.1641754Z src/stock_model/data/storage.py:351: in _save
Test Optional Dependencies	Run tests with optional deps	2026-10-04T14:19:12.1642055Z     df.to_parquet(filepath, index=True)
Test Optional Dependencies	Run tests with optional deps	2026-10-04T14:19:12.1642528Z /opt/hostedtoolcache/Python/3.12.14/x64/lib/python3.12/site-packages/pandas/core/frame.py:3135: in to_parquet
Test Optional Dependencies	Run tests with optional deps	2026-10-04T14:19:12.1642997Z     return to_parquet(
Test Optional Dependencies	Run tests with optional deps	2026-10-04T14:19:12.1643417Z /opt/hostedtoolcache/Python/3.12.14/x64/lib/python3.12/site-packages/pandas/io/parquet.py:486: in to_parquet
Test Optional Dependencies	Run tests with optional deps	2026-10-04T14:19:12.1643886Z     impl = get_engine(engine)
Test Optional Dependencies	Run tests with optional deps	2026-10-04T14:19:12.1644326Z            ^^^^^^^^^^^^^^^^^^
Test Optional Dependencies	Run tests with optional deps	2026-10-04T14:19:12.1644770Z /opt/hostedtoolcache/Python/3.12.14/x64/lib/python3.12/site-packages/pandas/io/parquet.py:68: in get_engine
Test Optional Dependencies	Run tests with optional deps	2026-10-04T14:19:12.1645231Z     raise ImportError(
Test Optional Dependencies	Run tests with optional deps	2026-10-04T14:19:12.1645585Z E   ImportError: Unable to find a usable engine; tried using: 'pyarrow', 'fastparquet'.
Test Optional Dependencies	Run tests with optional deps	2026-10-04T14:19:12.1646101Z E   A suitable version of pyarrow or fastparquet is required for parquet support.
Test Optional Dependencies	Run tests with optional deps	2026-10-04T14:19:12.1646545Z E   Trying to import the above resulted in these errors:
Test Optional Dependencies	Run tests with optional deps	2026-10-04T14:19:12.1647081Z E    - `Import pyarrow` failed. pyarrow is required for parquet support. Use pip or conda to install the pyarrow package.
Test Optional Dependencies	Run tests with optional deps	2026-10-04T14:19:12.1647919Z E    - `Import fastparquet` failed. fastparquet is required for parquet support. Use pip or conda to install the fastparquet package.
Test Optional Dependencies	Run tests with optional deps	2026-10-04T14:19:12.1648574Z ______________ TestCacheEnhancements.test_cache_info_with_memory _______________
Test Optional Dependencies	Run tests with optional deps	2026-10-04T14:19:12.1649029Z tests/test_data_sources.py:789: in test_cache_info_with_memory
Test Optional Dependencies	Run tests with optional deps	2026-10-04T14:19:12.1649421Z     storage.cache_set("test_key", df)
Test Optional Dependencies	Run tests with optional deps	2026-10-04T14:19:12.1649919Z src/stock_model/data/storage.py:204: in cache_set
Test Optional Dependencies	Run tests with optional deps	2026-10-04T14:19:12.1650233Z     self._save(df, filepath, "parquet")
Test Optional Dependencies	Run tests with optional deps	2026-10-04T14:19:12.1650532Z src/stock_model/data/storage.py:351: in _save
Test Optional Dependencies	Run tests with optional deps	2026-10-04T14:19:12.1650836Z     df.to_parquet(filepath, index=True)
Test Optional Dependencies	Run tests with optional deps	2026-10-04T14:19:12.1651307Z /opt/hostedtoolcache/Python/3.12.14/x64/lib/python3.12/site-packages/pandas/core/frame.py:3135: in to_parquet
Test Optional Dependencies	Run tests with optional deps	2026-10-04T14:19:12.1651778Z     return to_parquet(
Test Optional Dependencies	Run tests with optional deps	2026-10-04T14:19:12.1652208Z /opt/hostedtoolcache/Python/3.12.14/x64/lib/python3.12/site-packages/pandas/io/parquet.py:486: in to_parquet
Test Optional Dependencies	Run tests with optional deps	2026-10-04T14:19:12.1652689Z     impl = get_engine(engine)
Test Optional Dependencies	Run tests with optional deps	2026-10-04T14:19:12.1652925Z            ^^^^^^^^^^^^^^^^^^
Test Optional Dependencies	Run tests with optional deps	2026-10-04T14:19:12.1653353Z /opt/hostedtoolcache/Python/3.12.14/x64/lib/python3.12/site-packages/pandas/io/parquet.py:68: in get_engine
Test Optional Dependencies	Run tests with optional deps	2026-10-04T14:19:12.1653821Z     raise ImportError(
Test Optional Dependencies	Run tests with optional deps	2026-10-04T14:19:12.1654184Z E   ImportError: Unable to find a usable engine; tried using: 'pyarrow', 'fastparquet'.
Test Optional Dependencies	Run tests with optional deps	2026-10-04T14:19:12.1654706Z E   A suitable version of pyarrow or fastparquet is required for parquet support.
Test Optional Dependencies	Run tests with optional deps	2026-10-04T14:19:12.1655143Z E   Trying to import the above resulted in these errors:
Test Optional Dependencies	Run tests with optional deps	2026-10-04T14:19:12.1655682Z E    - `Import pyarrow` failed. pyarrow is required for parquet support. Use pip or conda to install the pyarrow package.
Test Optional Dependencies	Run tests with optional deps	2026-10-04T14:19:12.1656458Z E    - `Import fastparquet` failed. fastparquet is required for parquet support. Use pip or conda to install the fastparquet package.
Test Optional Dependencies	Run tests with optional deps	2026-10-04T14:19:12.1657116Z ______________ TestCacheEnhancements.test_cache_clear_both_layers ______________
Test Optional Dependencies	Run tests with optional deps	2026-10-04T14:19:12.1657575Z tests/test_data_sources.py:800: in test_cache_clear_both_layers
Test Optional Dependencies	Run tests with optional deps	2026-10-04T14:19:12.1657933Z     storage.cache_set("test_key", df)
Test Optional Dependencies	Run tests with optional deps	2026-10-04T14:19:12.1658232Z src/stock_model/data/storage.py:204: in cache_set
Test Optional Dependencies	Run tests with optional deps	2026-10-04T14:19:12.1658538Z     self._save(df, filepath, "parquet")
Test Optional Dependencies	Run tests with optional deps	2026-10-04T14:19:12.1658828Z src/stock_model/data/storage.py:351: in _save
Test Optional Dependencies	Run tests with optional deps	2026-10-04T14:19:12.1659124Z     df.to_parquet(filepath, index=True)
Test Optional Dependencies	Run tests with optional deps	2026-10-04T14:19:12.1659701Z /opt/hostedtoolcache/Python/3.12.14/x64/lib/python3.12/site-packages/pandas/core/frame.py:3135: in to_parquet
Test Optional Dependencies	Run tests with optional deps	2026-10-04T14:19:12.1660231Z     return to_parquet(
Test Optional Dependencies	Run tests with optional deps	2026-10-04T14:19:12.1660677Z /opt/hostedtoolcache/Python/3.12.14/x64/lib/python3.12/site-packages/pandas/io/parquet.py:486: in to_parquet
Test Optional Dependencies	Run tests with optional deps	2026-10-04T14:19:12.1661148Z     impl = get_engine(engine)
Test Optional Dependencies	Run tests with optional deps	2026-10-04T14:19:12.1661385Z            ^^^^^^^^^^^^^^^^^^
Test Optional Dependencies	Run tests with optional deps	2026-10-04T14:19:12.1661818Z /opt/hostedtoolcache/Python/3.12.14/x64/lib/python3.12/site-packages/pandas/io/parquet.py:68: in get_engine
Test Optional Dependencies	Run tests with optional deps	2026-10-04T14:19:12.1662288Z     raise ImportError(
Test Optional Dependencies	Run tests with optional deps	2026-10-04T14:19:12.1662641Z E   ImportError: Unable to find a usable engine; tried using: 'pyarrow', 'fastparquet'.
Test Optional Dependencies	Run tests with optional deps	2026-10-04T14:19:12.1663158Z E   A suitable version of pyarrow or fastparquet is required for parquet support.
Test Optional Dependencies	Run tests with optional deps	2026-10-04T14:19:12.1663692Z E   Trying to import the above resulted in these errors:
Test Optional Dependencies	Run tests with optional deps	2026-10-04T14:19:12.1664232Z E    - `Import pyarrow` failed. pyarrow is required for parquet support. Use pip or conda to install the pyarrow package.
Test Optional Dependencies	Run tests with optional deps	2026-10-04T14:19:12.1664999Z E    - `Import fastparquet` failed. fastparquet is required for parquet support. Use pip or conda to install the fastparquet package.
Test Optional Dependencies	Run tests with optional deps	2026-10-04T14:19:12.1665652Z _______________ TestCacheEnhancements.test_cache_stats_disk_info _______________
Test Optional Dependencies	Run tests with optional deps	2026-10-04T14:19:12.1666107Z tests/test_data_sources.py:811: in test_cache_stats_disk_info
Test Optional Dependencies	Run tests with optional deps	2026-10-04T14:19:12.1666521Z     storage.cache_set("test_key", df)
Test Optional Dependencies	Run tests with optional deps	2026-10-04T14:19:12.1666814Z src/stock_model/data/storage.py:204: in cache_set
Test Optional Dependencies	Run tests with optional deps	2026-10-04T14:19:12.1667113Z     self._save(df, filepath, "parquet")
Test Optional Dependencies	Run tests with optional deps	2026-10-04T14:19:12.1667406Z src/stock_model/data/storage.py:351: in _save
Test Optional Dependencies	Run tests with optional deps	2026-10-04T14:19:12.1667706Z     df.to_parquet(filepath, index=True)
Test Optional Dependencies	Run tests with optional deps	2026-10-04T14:19:12.1668170Z /opt/hostedtoolcache/Python/3.12.14/x64/lib/python3.12/site-packages/pandas/core/frame.py:3135: in to_parquet
Test Optional Dependencies	Run tests with optional deps	2026-10-04T14:19:12.1668646Z     return to_parquet(
Test Optional Dependencies	Run tests with optional deps	2026-10-04T14:19:12.1669075Z /opt/hostedtoolcache/Python/3.12.14/x64/lib/python3.12/site-packages/pandas/io/parquet.py:486: in to_parquet
Test Optional Dependencies	Run tests with optional deps	2026-10-04T14:19:12.1669541Z     impl = get_engine(engine)
Test Optional Dependencies	Run tests with optional deps	2026-10-04T14:19:12.1669862Z            ^^^^^^^^^^^^^^^^^^
Test Optional Dependencies	Run tests with optional deps	2026-10-04T14:19:12.1670291Z /opt/hostedtoolcache/Python/3.12.14/x64/lib/python3.12/site-packages/pandas/io/parquet.py:68: in get_engine
Test Optional Dependencies	Run tests with optional deps	2026-10-04T14:19:12.1670762Z     raise ImportError(
Test Optional Dependencies	Run tests with optional deps	2026-10-04T14:19:12.1671114Z E   ImportError: Unable to find a usable engine; tried using: 'pyarrow', 'fastparquet'.
Test Optional Dependencies	Run tests with optional deps	2026-10-04T14:19:12.1671636Z E   A suitable version of pyarrow or fastparquet is required for parquet support.
Test Optional Dependencies	Run tests with optional deps	2026-10-04T14:19:12.1672068Z E   Trying to import the above resulted in these errors:
Test Optional Dependencies	Run tests with optional deps	2026-10-04T14:19:12.1672620Z E    - `Import pyarrow` failed. pyarrow is required for parquet support. Use pip or conda to install the pyarrow package.
Test Optional Dependencies	Run tests with optional deps	2026-10-04T14:19:12.1673387Z E    - `Import fastparquet` failed. fastparquet is required for parquet support. Use pip or conda to install the fastparquet package.
Test Optional Dependencies	Run tests with optional deps	2026-10-04T14:19:12.1674042Z _____________ TestCacheEnhancements.test_cache_set_updates_memory ______________
Test Optional Dependencies	Run tests with optional deps	2026-10-04T14:19:12.1674510Z tests/test_data_sources.py:822: in test_cache_set_updates_memory
Test Optional Dependencies	Run tests with optional deps	2026-10-04T14:19:12.1674875Z     storage.cache_set("test_key", df1)
Test Optional Dependencies	Run tests with optional deps	2026-10-04T14:19:12.1675172Z src/stock_model/data/storage.py:204: in cache_set
Test Optional Dependencies	Run tests with optional deps	2026-10-04T14:19:12.1675479Z     self._save(df, filepath, "parquet")
Test Optional Dependencies	Run tests with optional deps	2026-10-04T14:19:12.1675773Z src/stock_model/data/storage.py:351: in _save
Test Optional Dependencies	Run tests with optional deps	2026-10-04T14:19:12.1676078Z     df.to_parquet(filepath, index=True)
Test Optional Dependencies	Run tests with optional deps	2026-10-04T14:19:12.1676548Z /opt/hostedtoolcache/Python/3.12.14/x64/lib/python3.12/site-packages/pandas/core/frame.py:3135: in to_parquet
Test Optional Dependencies	Run tests with optional deps	2026-10-04T14:19:12.1677017Z     return to_parquet(
Test Optional Dependencies	Run tests with optional deps	2026-10-04T14:19:12.1677453Z /opt/hostedtoolcache/Python/3.12.14/x64/lib/python3.12/site-packages/pandas/io/parquet.py:486: in to_parquet
Test Optional Dependencies	Run tests with optional deps	2026-10-04T14:19:12.1677922Z     impl = get_engine(engine)
Test Optional Dependencies	Run tests with optional deps	2026-10-04T14:19:12.1678161Z            ^^^^^^^^^^^^^^^^^^
Test Optional Dependencies	Run tests with optional deps	2026-10-04T14:19:12.1678589Z /opt/hostedtoolcache/Python/3.12.14/x64/lib/python3.12/site-packages/pandas/io/parquet.py:68: in get_engine
Test Optional Dependencies	Run tests with optional deps	2026-10-04T14:19:12.1679052Z     raise ImportError(
Test Optional Dependencies	Run tests with optional deps	2026-10-04T14:19:12.1679402Z E   ImportError: Unable to find a usable engine; tried using: 'pyarrow', 'fastparquet'.
Test Optional Dependencies	Run tests with optional deps	2026-10-04T14:19:12.1679972Z E   A suitable version of pyarrow or fastparquet is required for parquet support.
Test Optional Dependencies	Run tests with optional deps	2026-10-04T14:19:12.1680402Z E   Trying to import the above resulted in these errors:
Test Optional Dependencies	Run tests with optional deps	2026-10-04T14:19:12.1680954Z E    - `Import pyarrow` failed. pyarrow is required for parquet support. Use pip or conda to install the pyarrow package.
Test Optional Dependencies	Run tests with optional deps	2026-10-04T14:19:12.1681715Z E    - `Import fastparquet` failed. fastparquet is required for parquet support. Use pip or conda to install the fastparquet package.
Test Optional Dependencies	Run tests with optional deps	2026-10-04T14:19:12.1682394Z =============================== warnings summary ===============================
Test Optional Dependencies	Run tests with optional deps	2026-10-04T14:19:12.1682909Z ../../../../../opt/hostedtoolcache/Python/3.12.14/x64/lib/python3.12/site-packages/pandas_ta/__init__.py:37
Test Optional Dependencies	Run tests with optional deps	2026-10-04T14:19:12.1684204Z   /opt/hostedtoolcache/Python/3.12.14/x64/lib/python3.12/site-packages/pandas_ta/__init__.py:37: Pandas4Warning: The 'mode.copy_on_write' option is deprecated. Copy-on-Write can no longer be disabled (it is always enabled with pandas >= 3.0), and setting the option has no impact. This option will be removed in pandas 4.0.
Test Optional Dependencies	Run tests with optional deps	2026-10-04T14:19:12.1685357Z     from pandas_ta.core import AnalysisIndicators
Test Optional Dependencies	Run tests with optional deps	2026-10-04T14:19:12.1685644Z 
Test Optional Dependencies	Run tests with optional deps	2026-10-04T14:19:12.1685878Z -- Docs: https://docs.pytest.org/en/stable/how-to/capture-warnings.html
Test Optional Dependencies	Run tests with optional deps	2026-10-04T14:19:12.1686330Z =========================== short test summary info ============================
Test Optional Dependencies	Run tests with optional deps	2026-10-04T14:19:12.1687061Z FAILED tests/test_data_sources.py::TestCacheEnhancements::test_memory_cache_hit - ImportError: Unable to find a usable engine; tried using: 'pyarrow', 'fastparquet'.
Test Optional Dependencies	Run tests with optional deps	2026-10-04T14:19:12.1687843Z A suitable version of pyarrow or fastparquet is required for parquet support.
Test Optional Dependencies	Run tests with optional deps	2026-10-04T14:19:12.1688274Z Trying to import the above resulted in these errors:
Test Optional Dependencies	Run tests with optional deps	2026-10-04T14:19:12.1688804Z  - `Import pyarrow` failed. pyarrow is required for parquet support. Use pip or conda to install the pyarrow package.
Test Optional Dependencies	Run tests with optional deps	2026-10-04T14:19:12.1689683Z  - `Import fastparquet` failed. fastparquet is required for parquet support. Use pip or conda to install the fastparquet package.
Test Optional Dependencies	Run tests with optional deps	2026-10-04T14:19:12.1690643Z FAILED tests/test_data_sources.py::TestCacheEnhancements::test_memory_cache_lru_eviction - ImportError: Unable to find a usable engine; tried using: 'pyarrow', 'fastparquet'.
Test Optional Dependencies	Run tests with optional deps	2026-10-04T14:19:12.1691436Z A suitable version of pyarrow or fastparquet is required for parquet support.
Test Optional Dependencies	Run tests with optional deps	2026-10-04T14:19:12.1691860Z Trying to import the above resulted in these errors:
Test Optional Dependencies	Run tests with optional deps	2026-10-04T14:19:12.1692381Z  - `Import pyarrow` failed. pyarrow is required for parquet support. Use pip or conda to install the pyarrow package.
Test Optional Dependencies	Run tests with optional deps	2026-10-04T14:19:12.1693151Z  - `Import fastparquet` failed. fastparquet is required for parquet support. Use pip or conda to install the fastparquet package.
Test Optional Dependencies	Run tests with optional deps	2026-10-04T14:19:12.1694074Z FAILED tests/test_data_sources.py::TestCacheEnhancements::test_cache_stats_tracking - ImportError: Unable to find a usable engine; tried using: 'pyarrow', 'fastparquet'.
Test Optional Dependencies	Run tests with optional deps	2026-10-04T14:19:12.1694848Z A suitable version of pyarrow or fastparquet is required for parquet support.
Test Optional Dependencies	Run tests with optional deps	2026-10-04T14:19:12.1695285Z Trying to import the above resulted in these errors:
Test Optional Dependencies	Run tests with optional deps	2026-10-04T14:19:12.1695818Z  - `Import pyarrow` failed. pyarrow is required for parquet support. Use pip or conda to install the pyarrow package.
Test Optional Dependencies	Run tests with optional deps	2026-10-04T14:19:12.1696576Z  - `Import fastparquet` failed. fastparquet is required for parquet support. Use pip or conda to install the fastparquet package.
Test Optional Dependencies	Run tests with optional deps	2026-10-04T14:19:12.1697486Z FAILED tests/test_data_sources.py::TestCacheEnhancements::test_cache_reset_stats - ImportError: Unable to find a usable engine; tried using: 'pyarrow', 'fastparquet'.
Test Optional Dependencies	Run tests with optional deps	2026-10-04T14:19:12.1698257Z A suitable version of pyarrow or fastparquet is required for parquet support.
Test Optional Dependencies	Run tests with optional deps	2026-10-04T14:19:12.1698675Z Trying to import the above resulted in these errors:
Test Optional Dependencies	Run tests with optional deps	2026-10-04T14:19:12.1699202Z  - `Import pyarrow` failed. pyarrow is required for parquet support. Use pip or conda to install the pyarrow package.
Test Optional Dependencies	Run tests with optional deps	2026-10-04T14:19:12.1700027Z  - `Import fastparquet` failed. fastparquet is required for parquet support. Use pip or conda to install the fastparquet package.
Test Optional Dependencies	Run tests with optional deps	2026-10-04T14:19:12.1700990Z FAILED tests/test_data_sources.py::TestCacheEnhancements::test_cache_evict_expired - ImportError: Unable to find a usable engine; tried using: 'pyarrow', 'fastparquet'.
Test Optional Dependencies	Run tests with optional deps	2026-10-04T14:19:12.1701764Z A suitable version of pyarrow or fastparquet is required for parquet support.
Test Optional Dependencies	Run tests with optional deps	2026-10-04T14:19:12.1702191Z Trying to import the above resulted in these errors:
Test Optional Dependencies	Run tests with optional deps	2026-10-04T14:19:12.1702820Z  - `Import pyarrow` failed. pyarrow is required for parquet support. Use pip or conda to install the pyarrow package.
Test Optional Dependencies	Run tests with optional deps	2026-10-04T14:19:12.1703575Z  - `Import fastparquet` failed. fastparquet is required for parquet support. Use pip or conda to install the fastparquet package.
Test Optional Dependencies	Run tests with optional deps	2026-10-04T14:19:12.1704500Z FAILED tests/test_data_sources.py::TestCacheEnhancements::test_cache_info_with_memory - ImportError: Unable to find a usable engine; tried using: 'pyarrow', 'fastparquet'.
Test Optional Dependencies	Run tests with optional deps	2026-10-04T14:19:12.1705276Z A suitable version of pyarrow or fastparquet is required for parquet support.
Test Optional Dependencies	Run tests with optional deps	2026-10-04T14:19:12.1705692Z Trying to import the above resulted in these errors:
Test Optional Dependencies	Run tests with optional deps	2026-10-04T14:19:12.1706288Z  - `Import pyarrow` failed. pyarrow is required for parquet support. Use pip or conda to install the pyarrow package.
Test Optional Dependencies	Run tests with optional deps	2026-10-04T14:19:12.1707054Z  - `Import fastparquet` failed. fastparquet is required for parquet support. Use pip or conda to install the fastparquet package.
Test Optional Dependencies	Run tests with optional deps	2026-10-04T14:19:12.1707989Z FAILED tests/test_data_sources.py::TestCacheEnhancements::test_cache_clear_both_layers - ImportError: Unable to find a usable engine; tried using: 'pyarrow', 'fastparquet'.
Test Optional Dependencies	Run tests with optional deps	2026-10-04T14:19:12.1708765Z A suitable version of pyarrow or fastparquet is required for parquet support.
Test Optional Dependencies	Run tests with optional deps	2026-10-04T14:19:12.1709181Z Trying to import the above resulted in these errors:
Test Optional Dependencies	Run tests with optional deps	2026-10-04T14:19:12.1709763Z  - `Import pyarrow` failed. pyarrow is required for parquet support. Use pip or conda to install the pyarrow package.
Test Optional Dependencies	Run tests with optional deps	2026-10-04T14:19:12.1710518Z  - `Import fastparquet` failed. fastparquet is required for parquet support. Use pip or conda to install the fastparquet package.
Test Optional Dependencies	Run tests with optional deps	2026-10-04T14:19:12.1711443Z FAILED tests/test_data_sources.py::TestCacheEnhancements::test_cache_stats_disk_info - ImportError: Unable to find a usable engine; tried using: 'pyarrow', 'fastparquet'.
Test Optional Dependencies	Run tests with optional deps	2026-10-04T14:19:12.1712212Z A suitable version of pyarrow or fastparquet is required for parquet support.
Test Optional Dependencies	Run tests with optional deps	2026-10-04T14:19:12.1712626Z Trying to import the above resulted in these errors:
Test Optional Dependencies	Run tests with optional deps	2026-10-04T14:19:12.1713146Z  - `Import pyarrow` failed. pyarrow is required for parquet support. Use pip or conda to install the pyarrow package.
Test Optional Dependencies	Run tests with optional deps	2026-10-04T14:19:12.2986938Z  - `Import fastparquet` failed. fastparquet is required for parquet support. Use pip or conda to install the fastparquet package.
Test Optional Dependencies	Run tests with optional deps	2026-10-04T14:19:12.2988555Z FAILED tests/test_data_sources.py::TestCacheEnhancements::test_cache_set_updates_memory - ImportError: Unable to find a usable engine; tried using: 'pyarrow', 'fastparquet'.
Test Optional Dependencies	Run tests with optional deps	2026-10-04T14:19:12.2989865Z A suitable version of pyarrow or fastparquet is required for parquet support.
Test Optional Dependencies	Run tests with optional deps	2026-10-04T14:19:12.2990566Z Trying to import the above resulted in these errors:
Test Optional Dependencies	Run tests with optional deps	2026-10-04T14:19:12.2991286Z  - `Import pyarrow` failed. pyarrow is required for parquet support. Use pip or conda to install the pyarrow package.
Test Optional Dependencies	Run tests with optional deps	2026-10-04T14:19:12.2992218Z  - `Import fastparquet` failed. fastparquet is required for parquet support. Use pip or conda to install the fastparquet package.
Test Optional Dependencies	Run tests with optional deps	2026-10-04T14:19:12.2992971Z ================== 9 failed, 254 passed, 1 warning in 10.01s ===================
Test Optional Dependencies	Run tests with optional deps	2026-10-04T14:19:12.6657573Z ##[error]Process completed with exit code 1.
Test Optional Dependencies	Post Run actions/checkout@v4	﻿2026-10-04T14:19:12.6806595Z Post job cleanup.
Test Optional Dependencies	Post Run actions/checkout@v4	2026-10-04T14:19:12.7656933Z [command]/usr/bin/git version
Test Optional Dependencies	Post Run actions/checkout@v4	2026-10-04T14:19:12.7695880Z git version 2.55.0
Test Optional Dependencies	Post Run actions/checkout@v4	2026-10-04T14:19:12.7730615Z Temporarily overriding HOME='/home/runner/work/_temp/6e470267-f34c-44bd-851f-9164c1d7af77' before making global git config changes
Test Optional Dependencies	Post Run actions/checkout@v4	2026-10-04T14:19:12.7732002Z Adding repository directory to the temporary git global config as a safe directory
Test Optional Dependencies	Post Run actions/checkout@v4	2026-10-04T14:19:12.7736351Z [command]/usr/bin/git config --global --add safe.directory /home/runner/work/stock-model/stock-model
Test Optional Dependencies	Post Run actions/checkout@v4	2026-10-04T14:19:12.7778250Z [command]/usr/bin/git config --local --name-only --get-regexp core\.sshCommand
Test Optional Dependencies	Post Run actions/checkout@v4	2026-10-04T14:19:12.7812784Z [command]/usr/bin/git submodule foreach --recursive sh -c "git config --local --name-only --get-regexp 'core\.sshCommand' && git config --local --unset-all 'core.sshCommand' || :"
Test Optional Dependencies	Post Run actions/checkout@v4	2026-10-04T14:19:12.8039078Z [command]/usr/bin/git config --local --name-only --get-regexp http\.https\:\/\/github\.com\/\.extraheader
Test Optional Dependencies	Post Run actions/checkout@v4	2026-10-04T14:19:12.8067452Z http.https://github.com/.extraheader
Test Optional Dependencies	Post Run actions/checkout@v4	2026-10-04T14:19:12.8078119Z [command]/usr/bin/git config --local --unset-all http.https://github.com/.extraheader
Test Optional Dependencies	Post Run actions/checkout@v4	2026-10-04T14:19:12.8112064Z [command]/usr/bin/git submodule foreach --recursive sh -c "git config --local --name-only --get-regexp 'http\.https\:\/\/github\.com\/\.extraheader' && git config --local --unset-all 'http.https://github.com/.extraheader' || :"
Test Optional Dependencies	Post Run actions/checkout@v4	2026-10-04T14:19:12.8351741Z [command]/usr/bin/git config --local --name-only --get-regexp ^includeIf\.gitdir:
Test Optional Dependencies	Post Run actions/checkout@v4	2026-10-04T14:19:12.8392263Z [command]/usr/bin/git submodule foreach --recursive git config --local --show-origin --name-only --get-regexp remote.origin.url
Test Optional Dependencies	Complete job	﻿2026-10-04T14:19:12.8788854Z Cleaning up orphan processes
Test Optional Dependencies	Complete job	2026-10-04T14:19:12.9046913Z ##[warning]Node.js 20 is deprecated. The following actions target Node.js 20 but are being forced to run on Node.js 24: actions/checkout@v4, actions/setup-python@v5. For more information see: https://github.blog/changelog/2025-09-19-deprecation-of-node-20-on-github-actions-runners/
Test (Python 3.10)	Set up job	﻿2026-10-04T14:18:03.6481983Z Current runner version: '2.337.0'
Test (Python 3.10)	Set up job	2026-10-04T14:18:03.6508195Z ##[group]Runner Image Provisioner
Test (Python 3.10)	Set up job	2026-10-04T14:18:03.6509125Z Hosted Compute Agent
Test (Python 3.10)	Set up job	2026-10-04T14:18:03.6509706Z Version: 20260901.588
Test (Python 3.10)	Set up job	2026-10-04T14:18:03.6510484Z Commit: f88ec8081b781fac6c440065ac7ff9e710ce3d0b
Test (Python 3.10)	Set up job	2026-10-04T14:18:03.6511229Z Build Date: 2026-09-01T19:56:44Z
Test (Python 3.10)	Set up job	2026-10-04T14:18:03.6511981Z Worker ID: {a2c3b1d4-701c-42b7-9175-abfa066fba83}
Test (Python 3.10)	Set up job	2026-10-04T14:18:03.6512744Z Azure Region: westus
Test (Python 3.10)	Set up job	2026-10-04T14:18:03.6513297Z ##[endgroup]
Test (Python 3.10)	Set up job	2026-10-04T14:18:03.6514903Z ##[group]Operating System
Test (Python 3.10)	Set up job	2026-10-04T14:18:03.6516046Z Ubuntu
Test (Python 3.10)	Set up job	2026-10-04T14:18:03.6516738Z 24.04.5
Test (Python 3.10)	Set up job	2026-10-04T14:18:03.6517318Z LTS
Test (Python 3.10)	Set up job	2026-10-04T14:18:03.6517836Z ##[endgroup]
Test (Python 3.10)	Set up job	2026-10-04T14:18:03.6518483Z ##[group]Runner Image
Test (Python 3.10)	Set up job	2026-10-04T14:18:03.6519098Z Image: ubuntu-24.04
Test (Python 3.10)	Set up job	2026-10-04T14:18:03.6519704Z Version: 20260927.320.1
Test (Python 3.10)	Set up job	2026-10-04T14:18:03.6520834Z Included Software: https://github.com/actions/runner-images/blob/ubuntu24/20260927.320/images/ubuntu/Ubuntu2404-Readme.md
Test (Python 3.10)	Set up job	2026-10-04T14:18:03.6522648Z Image Release: https://github.com/actions/runner-images/releases/tag/ubuntu24%2F20260927.320
Test (Python 3.10)	Set up job	2026-10-04T14:18:03.6523631Z ##[endgroup]
Test (Python 3.10)	Set up job	2026-10-04T14:18:03.6524873Z ##[group]GITHUB_TOKEN Permissions
Test (Python 3.10)	Set up job	2026-10-04T14:18:03.6527337Z Contents: read
Test (Python 3.10)	Set up job	2026-10-04T14:18:03.6528033Z Metadata: read
Test (Python 3.10)	Set up job	2026-10-04T14:18:03.6528623Z Packages: read
Test (Python 3.10)	Set up job	2026-10-04T14:18:03.6529177Z ##[endgroup]
Test (Python 3.10)	Set up job	2026-10-04T14:18:03.6531281Z Secret source: Actions
Test (Python 3.10)	Set up job	2026-10-04T14:18:03.6532301Z Cache mode: write
Test (Python 3.10)	Set up job	2026-10-04T14:18:03.6533139Z Prepare workflow directory
Test (Python 3.10)	Set up job	2026-10-04T14:18:03.6923621Z Prepare all required actions
Test (Python 3.10)	Set up job	2026-10-04T14:18:03.6971756Z Getting action download info
Test (Python 3.10)	Set up job	2026-10-04T14:18:04.0606057Z Download action repository 'actions/checkout@v4' (SHA:11d5960a326750d5838078e36cf38b85af677262)
Test (Python 3.10)	Set up job	2026-10-04T14:18:04.1665353Z Download action repository 'actions/setup-python@v5' (SHA:a26af69be951a213d495a4c3e4e4022e16d87065)
Test (Python 3.10)	Set up job	2026-10-04T14:18:04.2465105Z Download action repository 'actions/upload-artifact@v4' (SHA:ea165f8d65b6e75b540449e92b4886f43607fa02)
Test (Python 3.10)	Set up job	2026-10-04T14:18:04.4668614Z Complete job name: Test (Python 3.10)
Test (Python 3.10)	Run actions/checkout@v4	﻿2026-10-04T14:18:04.5377288Z ##[group]Run actions/checkout@v4
Test (Python 3.10)	Run actions/checkout@v4	2026-10-04T14:18:04.5378186Z with:
Test (Python 3.10)	Run actions/checkout@v4	2026-10-04T14:18:04.5378662Z   repository: Colinchiu007/stock-model
Test (Python 3.10)	Run actions/checkout@v4	2026-10-04T14:18:04.5382483Z   token: ***
Test (Python 3.10)	Run actions/checkout@v4	2026-10-04T14:18:04.5382961Z   ssh-strict: true
Test (Python 3.10)	Run actions/checkout@v4	2026-10-04T14:18:04.5383403Z   ssh-user: git
Test (Python 3.10)	Run actions/checkout@v4	2026-10-04T14:18:04.5383853Z   persist-credentials: true
Test (Python 3.10)	Run actions/checkout@v4	2026-10-04T14:18:04.5384406Z   clean: true
Test (Python 3.10)	Run actions/checkout@v4	2026-10-04T14:18:04.5384874Z   sparse-checkout-cone-mode: true
Test (Python 3.10)	Run actions/checkout@v4	2026-10-04T14:18:04.5385580Z   fetch-depth: 1
Test (Python 3.10)	Run actions/checkout@v4	2026-10-04T14:18:04.5386035Z   fetch-tags: false
Test (Python 3.10)	Run actions/checkout@v4	2026-10-04T14:18:04.5386484Z   show-progress: true
Test (Python 3.10)	Run actions/checkout@v4	2026-10-04T14:18:04.5386949Z   lfs: false
Test (Python 3.10)	Run actions/checkout@v4	2026-10-04T14:18:04.5387360Z   submodules: false
Test (Python 3.10)	Run actions/checkout@v4	2026-10-04T14:18:04.5387799Z   set-safe-directory: true
Test (Python 3.10)	Run actions/checkout@v4	2026-10-04T14:18:04.5388302Z   allow-unsafe-pr-checkout: false
Test (Python 3.10)	Run actions/checkout@v4	2026-10-04T14:18:04.5389508Z ##[endgroup]
Test (Python 3.10)	Run actions/checkout@v4	2026-10-04T14:18:04.6410565Z Syncing repository: Colinchiu007/stock-model
Test (Python 3.10)	Run actions/checkout@v4	2026-10-04T14:18:04.6413492Z ##[group]Getting Git version info
Test (Python 3.10)	Run actions/checkout@v4	2026-10-04T14:18:04.6414855Z Working directory is '/home/runner/work/stock-model/stock-model'
Test (Python 3.10)	Run actions/checkout@v4	2026-10-04T14:18:04.6417181Z [command]/usr/bin/git version
Test (Python 3.10)	Run actions/checkout@v4	2026-10-04T14:18:04.6490633Z git version 2.55.0
Test (Python 3.10)	Run actions/checkout@v4	2026-10-04T14:18:04.6515823Z ##[endgroup]
Test (Python 3.10)	Run actions/checkout@v4	2026-10-04T14:18:04.6537829Z Temporarily overriding HOME='/home/runner/work/_temp/418c7c37-b473-4604-9dd7-b67741873399' before making global git config changes
Test (Python 3.10)	Run actions/checkout@v4	2026-10-04T14:18:04.6540189Z Adding repository directory to the temporary git global config as a safe directory
Test (Python 3.10)	Run actions/checkout@v4	2026-10-04T14:18:04.6542098Z [command]/usr/bin/git config --global --add safe.directory /home/runner/work/stock-model/stock-model
Test (Python 3.10)	Run actions/checkout@v4	2026-10-04T14:18:04.6592596Z Deleting the contents of '/home/runner/work/stock-model/stock-model'
Test (Python 3.10)	Run actions/checkout@v4	2026-10-04T14:18:04.6597059Z ##[group]Initializing the repository
Test (Python 3.10)	Run actions/checkout@v4	2026-10-04T14:18:04.6602383Z [command]/usr/bin/git init /home/runner/work/stock-model/stock-model
Test (Python 3.10)	Run actions/checkout@v4	2026-10-04T14:18:04.6716541Z hint: Using 'master' as the name for the initial branch. This default branch name
Test (Python 3.10)	Run actions/checkout@v4	2026-10-04T14:18:04.6718338Z hint: will change to "main" in Git 3.0. To configure the initial branch name
Test (Python 3.10)	Run actions/checkout@v4	2026-10-04T14:18:04.6719559Z hint: to use in all of your new repositories, which will suppress this warning,
Test (Python 3.10)	Run actions/checkout@v4	2026-10-04T14:18:04.6720790Z hint: call:
Test (Python 3.10)	Run actions/checkout@v4	2026-10-04T14:18:04.6721405Z hint:
Test (Python 3.10)	Run actions/checkout@v4	2026-10-04T14:18:04.6722080Z hint: 	git config --global init.defaultBranch <name>
Test (Python 3.10)	Run actions/checkout@v4	2026-10-04T14:18:04.6723204Z hint:
Test (Python 3.10)	Run actions/checkout@v4	2026-10-04T14:18:04.6724267Z hint: Names commonly chosen instead of 'master' are 'main', 'trunk' and
Test (Python 3.10)	Run actions/checkout@v4	2026-10-04T14:18:04.6726573Z hint: 'development'. The just-created branch can be renamed via this command:
Test (Python 3.10)	Run actions/checkout@v4	2026-10-04T14:18:04.6727990Z hint:
Test (Python 3.10)	Run actions/checkout@v4	2026-10-04T14:18:04.6728668Z hint: 	git branch -m <name>
Test (Python 3.10)	Run actions/checkout@v4	2026-10-04T14:18:04.6729307Z hint:
Test (Python 3.10)	Run actions/checkout@v4	2026-10-04T14:18:04.6730055Z hint: Disable this message with "git config set advice.defaultBranchName false"
Test (Python 3.10)	Run actions/checkout@v4	2026-10-04T14:18:04.6731212Z Initialized empty Git repository in /home/runner/work/stock-model/stock-model/.git/
Test (Python 3.10)	Run actions/checkout@v4	2026-10-04T14:18:04.6734260Z [command]/usr/bin/git remote add origin https://github.com/Colinchiu007/stock-model
Test (Python 3.10)	Run actions/checkout@v4	2026-10-04T14:18:04.6782918Z ##[endgroup]
Test (Python 3.10)	Run actions/checkout@v4	2026-10-04T14:18:04.6784274Z ##[group]Disabling automatic garbage collection
Test (Python 3.10)	Run actions/checkout@v4	2026-10-04T14:18:04.6796538Z [command]/usr/bin/git config --local gc.auto 0
Test (Python 3.10)	Run actions/checkout@v4	2026-10-04T14:18:04.6819966Z ##[endgroup]
Test (Python 3.10)	Run actions/checkout@v4	2026-10-04T14:18:04.6820878Z ##[group]Setting up auth
Test (Python 3.10)	Run actions/checkout@v4	2026-10-04T14:18:04.6827777Z [command]/usr/bin/git config --local --name-only --get-regexp core\.sshCommand
Test (Python 3.10)	Run actions/checkout@v4	2026-10-04T14:18:04.6862678Z [command]/usr/bin/git submodule foreach --recursive sh -c "git config --local --name-only --get-regexp 'core\.sshCommand' && git config --local --unset-all 'core.sshCommand' || :"
Test (Python 3.10)	Run actions/checkout@v4	2026-10-04T14:18:04.7380144Z [command]/usr/bin/git config --local --name-only --get-regexp http\.https\:\/\/github\.com\/\.extraheader
Test (Python 3.10)	Run actions/checkout@v4	2026-10-04T14:18:04.7428332Z [command]/usr/bin/git submodule foreach --recursive sh -c "git config --local --name-only --get-regexp 'http\.https\:\/\/github\.com\/\.extraheader' && git config --local --unset-all 'http.https://github.com/.extraheader' || :"
Test (Python 3.10)	Run actions/checkout@v4	2026-10-04T14:18:04.7676303Z [command]/usr/bin/git config --local --name-only --get-regexp ^includeIf\.gitdir:
Test (Python 3.10)	Run actions/checkout@v4	2026-10-04T14:18:04.7714688Z [command]/usr/bin/git submodule foreach --recursive git config --local --show-origin --name-only --get-regexp remote.origin.url
Test (Python 3.10)	Run actions/checkout@v4	2026-10-04T14:18:04.7943545Z [command]/usr/bin/git config --local http.https://github.com/.extraheader AUTHORIZATION: basic ***
Test (Python 3.10)	Run actions/checkout@v4	2026-10-04T14:18:04.7986462Z ##[endgroup]
Test (Python 3.10)	Run actions/checkout@v4	2026-10-04T14:18:04.7987613Z ##[group]Fetching the repository
Test (Python 3.10)	Run actions/checkout@v4	2026-10-04T14:18:04.7996824Z [command]/usr/bin/git -c protocol.version=2 fetch --no-tags --prune --no-recurse-submodules --depth=1 origin +bb290b61a6e4fbd0ca235df6cf1453c6d4b3fb47:refs/remotes/pull/3/merge
Test (Python 3.10)	Run actions/checkout@v4	2026-10-04T14:18:05.1786367Z From https://github.com/Colinchiu007/stock-model
Test (Python 3.10)	Run actions/checkout@v4	2026-10-04T14:18:05.1787992Z  * [new ref]         bb290b61a6e4fbd0ca235df6cf1453c6d4b3fb47 -> pull/3/merge
Test (Python 3.10)	Run actions/checkout@v4	2026-10-04T14:18:05.1792835Z ##[endgroup]
Test (Python 3.10)	Run actions/checkout@v4	2026-10-04T14:18:05.1794320Z ##[group]Determining the checkout info
Test (Python 3.10)	Run actions/checkout@v4	2026-10-04T14:18:05.1796567Z ##[endgroup]
Test (Python 3.10)	Run actions/checkout@v4	2026-10-04T14:18:05.1802968Z [command]/usr/bin/git sparse-checkout disable
Test (Python 3.10)	Run actions/checkout@v4	2026-10-04T14:18:05.1857873Z [command]/usr/bin/git config --local --unset-all extensions.worktreeConfig
Test (Python 3.10)	Run actions/checkout@v4	2026-10-04T14:18:05.1900690Z ##[group]Checking out the ref
Test (Python 3.10)	Run actions/checkout@v4	2026-10-04T14:18:05.1904957Z [command]/usr/bin/git checkout --progress --force refs/remotes/pull/3/merge
Test (Python 3.10)	Run actions/checkout@v4	2026-10-04T14:18:05.2011341Z Note: switching to 'refs/remotes/pull/3/merge'.
Test (Python 3.10)	Run actions/checkout@v4	2026-10-04T14:18:05.2012471Z 
Test (Python 3.10)	Run actions/checkout@v4	2026-10-04T14:18:05.2013092Z You are in 'detached HEAD' state. You can look around, make experimental
Test (Python 3.10)	Run actions/checkout@v4	2026-10-04T14:18:05.2014348Z changes and commit them, and you can discard any commits you make in this
Test (Python 3.10)	Run actions/checkout@v4	2026-10-04T14:18:05.2015835Z state without impacting any branches by switching back to a branch.
Test (Python 3.10)	Run actions/checkout@v4	2026-10-04T14:18:05.2016571Z 
Test (Python 3.10)	Run actions/checkout@v4	2026-10-04T14:18:05.2017049Z If you want to create a new branch to retain commits you create, you may
Test (Python 3.10)	Run actions/checkout@v4	2026-10-04T14:18:05.2018223Z do so (now or later) by using -c with the switch command. Example:
Test (Python 3.10)	Run actions/checkout@v4	2026-10-04T14:18:05.2019881Z 
Test (Python 3.10)	Run actions/checkout@v4	2026-10-04T14:18:05.2020447Z   git switch -c <new-branch-name>
Test (Python 3.10)	Run actions/checkout@v4	2026-10-04T14:18:05.2021294Z 
Test (Python 3.10)	Run actions/checkout@v4	2026-10-04T14:18:05.2021801Z Or undo this operation with:
Test (Python 3.10)	Run actions/checkout@v4	2026-10-04T14:18:05.2022580Z 
Test (Python 3.10)	Run actions/checkout@v4	2026-10-04T14:18:05.2023061Z   git switch -
Test (Python 3.10)	Run actions/checkout@v4	2026-10-04T14:18:05.2023729Z 
Test (Python 3.10)	Run actions/checkout@v4	2026-10-04T14:18:05.2024810Z Turn off this advice by setting config variable advice.detachedHead to false
Test (Python 3.10)	Run actions/checkout@v4	2026-10-04T14:18:05.2026746Z 
Test (Python 3.10)	Run actions/checkout@v4	2026-10-04T14:18:05.2028296Z HEAD is now at bb290b6 Merge d8ff3922f3e34bcd2c0dcd8918c03214dfa194e0 into 2eed5b885493094f1cd3f88d5f3f41a6965d57e3
Test (Python 3.10)	Run actions/checkout@v4	2026-10-04T14:18:05.2031651Z ##[endgroup]
Test (Python 3.10)	Run actions/checkout@v4	2026-10-04T14:18:05.2089667Z [command]/usr/bin/git log -1 --format=%H
Test (Python 3.10)	Run actions/checkout@v4	2026-10-04T14:18:05.2116086Z bb290b61a6e4fbd0ca235df6cf1453c6d4b3fb47
Test (Python 3.10)	Set up Python 3.10	﻿2026-10-04T14:18:05.2480716Z ##[group]Run actions/setup-python@v5
Test (Python 3.10)	Set up Python 3.10	2026-10-04T14:18:05.2481340Z with:
Test (Python 3.10)	Set up Python 3.10	2026-10-04T14:18:05.2481759Z   python-version: 3.10
Test (Python 3.10)	Set up Python 3.10	2026-10-04T14:18:05.2482218Z   cache: pip
Test (Python 3.10)	Set up Python 3.10	2026-10-04T14:18:05.2482650Z   check-latest: false
Test (Python 3.10)	Set up Python 3.10	2026-10-04T14:18:05.2486508Z   token: ***
Test (Python 3.10)	Set up Python 3.10	2026-10-04T14:18:05.2486960Z   update-environment: true
Test (Python 3.10)	Set up Python 3.10	2026-10-04T14:18:05.2487462Z   allow-prereleases: false
Test (Python 3.10)	Set up Python 3.10	2026-10-04T14:18:05.2487961Z   freethreaded: false
Test (Python 3.10)	Set up Python 3.10	2026-10-04T14:18:05.2488412Z ##[endgroup]
Test (Python 3.10)	Set up Python 3.10	2026-10-04T14:18:05.3833764Z ##[group]Installed versions
Test (Python 3.10)	Set up Python 3.10	2026-10-04T14:18:05.3929470Z (node:2311) [DEP0040] DeprecationWarning: The `punycode` module is deprecated. Please use a userland alternative instead.
Test (Python 3.10)	Set up Python 3.10	2026-10-04T14:18:05.3932118Z (Use `node --trace-deprecation ...` to show where the warning was created)
Test (Python 3.10)	Set up Python 3.10	2026-10-04T14:18:05.3933554Z Successfully set up CPython (3.10.21)
Test (Python 3.10)	Set up Python 3.10	2026-10-04T14:18:05.3935251Z ##[endgroup]
Test (Python 3.10)	Set up Python 3.10	2026-10-04T14:18:05.5371946Z [command]/opt/hostedtoolcache/Python/3.10.21/x64/bin/pip cache dir
Test (Python 3.10)	Set up Python 3.10	2026-10-04T14:18:07.0722316Z /home/runner/.cache/pip
Test (Python 3.10)	Set up Python 3.10	2026-10-04T14:18:07.3386993Z Cache hit for: setup-python-Linux-x64-24.04-Ubuntu-python-3.10.21-pip-3d254d9a52917b05d0626dece0ab703683fc9c56650d987941ed143add53b764
Test (Python 3.10)	Set up Python 3.10	2026-10-04T14:18:07.3496878Z (node:2311) [DEP0169] DeprecationWarning: `url.parse()` behavior is not standardized and prone to errors that have security implications. Use the WHATWG URL API instead. CVEs are not issued for `url.parse()` vulnerabilities.
Test (Python 3.10)	Set up Python 3.10	2026-10-04T14:18:08.6449095Z Received 0 of 236777763 (0.0%), 0.0 MBs/sec
Test (Python 3.10)	Set up Python 3.10	2026-10-04T14:18:09.6461667Z Received 113246208 of 236777763 (47.8%), 53.9 MBs/sec
Test (Python 3.10)	Set up Python 3.10	2026-10-04T14:18:10.5556868Z Received 236777763 of 236777763 (100.0%), 77.5 MBs/sec
Test (Python 3.10)	Set up Python 3.10	2026-10-04T14:18:10.5558761Z Cache Size: ~226 MB (236777763 B)
Test (Python 3.10)	Set up Python 3.10	2026-10-04T14:18:10.5687176Z [command]/usr/bin/tar -xf /home/runner/work/_temp/372f2054-4102-416d-8225-ae6108d0bfc9/cache.tzst -P -C /home/runner/work/stock-model/stock-model --use-compress-program unzstd
Test (Python 3.10)	Set up Python 3.10	2026-10-04T14:18:10.9973253Z Cache restored successfully
Test (Python 3.10)	Set up Python 3.10	2026-10-04T14:18:11.0079744Z Cache restored from key: setup-python-Linux-x64-24.04-Ubuntu-python-3.10.21-pip-3d254d9a52917b05d0626dece0ab703683fc9c56650d987941ed143add53b764
Test (Python 3.10)	Install dependencies	﻿2026-10-04T14:18:11.0261809Z ##[group]Run pip install --upgrade pip
Test (Python 3.10)	Install dependencies	2026-10-04T14:18:11.0262262Z ^[[36;1mpip install --upgrade pip^[[0m
Test (Python 3.10)	Install dependencies	2026-10-04T14:18:11.0262578Z ^[[36;1mpip install -e ".[dev,quant]"^[[0m
Test (Python 3.10)	Install dependencies	2026-10-04T14:18:11.0262897Z ^[[36;1m# pandas-ta requires Python >=3.12^[[0m
Test (Python 3.10)	Install dependencies	2026-10-04T14:18:11.0263215Z ^[[36;1mif [[ "3.10" == "3.12" ]]; then^[[0m
Test (Python 3.10)	Install dependencies	2026-10-04T14:18:11.0263541Z ^[[36;1m  pip install pandas-ta 2>/dev/null || true^[[0m
Test (Python 3.10)	Install dependencies	2026-10-04T14:18:11.0263860Z ^[[36;1mfi^[[0m
Test (Python 3.10)	Install dependencies	2026-10-04T14:18:11.0264070Z ^[[36;1m# ta-lib requires C library^[[0m
Test (Python 3.10)	Install dependencies	2026-10-04T14:18:11.0264538Z ^[[36;1msudo apt-get update -qq && sudo apt-get install -y -qq libta-lib0-dev 2>/dev/null || true^[[0m
Test (Python 3.10)	Install dependencies	2026-10-04T14:18:11.0265028Z ^[[36;1mpip install ta-lib 2>/dev/null || true^[[0m
Test (Python 3.10)	Install dependencies	2026-10-04T14:18:11.0549528Z shell: /usr/bin/bash -e {0}
Test (Python 3.10)	Install dependencies	2026-10-04T14:18:11.0549935Z env:
Test (Python 3.10)	Install dependencies	2026-10-04T14:18:11.0550323Z   pythonLocation: /opt/hostedtoolcache/Python/3.10.21/x64
Test (Python 3.10)	Install dependencies	2026-10-04T14:18:11.0551007Z   PKG_CONFIG_PATH: /opt/hostedtoolcache/Python/3.10.21/x64/lib/pkgconfig
Test (Python 3.10)	Install dependencies	2026-10-04T14:18:11.0552001Z   Python_ROOT_DIR: /opt/hostedtoolcache/Python/3.10.21/x64
Test (Python 3.10)	Install dependencies	2026-10-04T14:18:11.0552577Z   Python2_ROOT_DIR: /opt/hostedtoolcache/Python/3.10.21/x64
Test (Python 3.10)	Install dependencies	2026-10-04T14:18:11.0553142Z   Python3_ROOT_DIR: /opt/hostedtoolcache/Python/3.10.21/x64
Test (Python 3.10)	Install dependencies	2026-10-04T14:18:11.0553728Z   LD_LIBRARY_PATH: /opt/hostedtoolcache/Python/3.10.21/x64/lib
Test (Python 3.10)	Install dependencies	2026-10-04T14:18:11.0554204Z ##[endgroup]
Test (Python 3.10)	Install dependencies	2026-10-04T14:18:12.0673818Z Requirement already satisfied: pip in /opt/hostedtoolcache/Python/3.10.21/x64/lib/python3.10/site-packages (26.2.1)
Test (Python 3.10)	Install dependencies	2026-10-04T14:18:12.6229539Z Obtaining file:///home/runner/work/stock-model/stock-model
Test (Python 3.10)	Install dependencies	2026-10-04T14:18:12.6251220Z   Installing build dependencies: started
Test (Python 3.10)	Install dependencies	2026-10-04T14:18:13.3486031Z   Installing build dependencies: finished with status 'done'
Test (Python 3.10)	Install dependencies	2026-10-04T14:18:13.3505750Z   Checking if build backend supports build_editable: started
Test (Python 3.10)	Install dependencies	2026-10-04T14:18:13.6741822Z   Checking if build backend supports build_editable: finished with status 'done'
Test (Python 3.10)	Install dependencies	2026-10-04T14:18:13.6749779Z   Getting requirements to build editable: started
Test (Python 3.10)	Install dependencies	2026-10-04T14:18:14.0242751Z   Getting requirements to build editable: finished with status 'done'
Test (Python 3.10)	Install dependencies	2026-10-04T14:18:14.0252065Z   Preparing editable metadata (pyproject.toml): started
Test (Python 3.10)	Install dependencies	2026-10-04T14:18:14.2168250Z   Preparing editable metadata (pyproject.toml): finished with status 'done'
Test (Python 3.10)	Install dependencies	2026-10-04T14:18:14.3337366Z Collecting akshare>=1.12.0 (from stock-model==0.1.0)
Test (Python 3.10)	Install dependencies	2026-10-04T14:18:14.3353325Z   Using cached akshare-1.18.88-py3-none-any.whl.metadata (14 kB)
Test (Python 3.10)	Install dependencies	2026-10-04T14:18:14.3472157Z Collecting baostock>=0.9.0 (from stock-model==0.1.0)
Test (Python 3.10)	Install dependencies	2026-10-04T14:18:14.3486244Z   Using cached baostock-0.9.4-py3-none-any.whl.metadata (3.5 kB)
Test (Python 3.10)	Install dependencies	2026-10-04T14:18:14.4914747Z Collecting pandas>=2.0.0 (from stock-model==0.1.0)
Test (Python 3.10)	Install dependencies	2026-10-04T14:18:14.4932561Z   Using cached pandas-2.3.3-cp310-cp310-manylinux_2_24_x86_64.manylinux_2_28_x86_64.whl.metadata (91 kB)
Test (Python 3.10)	Install dependencies	2026-10-04T14:18:14.7514586Z Collecting numpy>=1.24.0 (from stock-model==0.1.0)
Test (Python 3.10)	Install dependencies	2026-10-04T14:18:14.7532403Z   Using cached numpy-2.2.6-cp310-cp310-manylinux_2_17_x86_64.manylinux2014_x86_64.whl.metadata (62 kB)
Test (Python 3.10)	Install dependencies	2026-10-04T14:18:14.7876158Z Collecting plotly>=5.15.0 (from stock-model==0.1.0)
Test (Python 3.10)	Install dependencies	2026-10-04T14:18:14.7891196Z   Using cached plotly-7.1.0-py3-none-any.whl.metadata (8.8 kB)
Test (Python 3.10)	Install dependencies	2026-10-04T14:18:14.9742209Z Collecting matplotlib>=3.7.0 (from stock-model==0.1.0)
Test (Python 3.10)	Install dependencies	2026-10-04T14:18:14.9759458Z   Using cached matplotlib-3.10.9-cp310-cp310-manylinux2014_x86_64.manylinux_2_17_x86_64.whl.metadata (52 kB)
Test (Python 3.10)	Install dependencies	2026-10-04T14:18:14.9962059Z Collecting kaleido>=0.2.1 (from stock-model==0.1.0)
Test (Python 3.10)	Install dependencies	2026-10-04T14:18:14.9977795Z   Using cached kaleido-1.4.0-py3-none-any.whl.metadata (7.5 kB)
Test (Python 3.10)	Install dependencies	2026-10-04T14:18:15.1181741Z Collecting pydantic>=2.0.0 (from stock-model==0.1.0)
Test (Python 3.10)	Install dependencies	2026-10-04T14:18:15.1197901Z   Using cached pydantic-2.13.5-py3-none-any.whl.metadata (110 kB)
Test (Python 3.10)	Install dependencies	2026-10-04T14:18:15.1372092Z Collecting pydantic-settings>=2.0.0 (from stock-model==0.1.0)
Test (Python 3.10)	Install dependencies	2026-10-04T14:18:15.1386755Z   Using cached pydantic_settings-2.15.0-py3-none-any.whl.metadata (3.9 kB)
Test (Python 3.10)	Install dependencies	2026-10-04T14:18:15.1783421Z Collecting pyyaml>=6.0 (from stock-model==0.1.0)
Test (Python 3.10)	Install dependencies	2026-10-04T14:18:15.1800031Z   Using cached pyyaml-6.0.3-cp310-cp310-manylinux2014_x86_64.manylinux_2_17_x86_64.manylinux_2_28_x86_64.whl.metadata (2.4 kB)
Test (Python 3.10)	Install dependencies	2026-10-04T14:18:15.2122243Z Collecting rich>=13.0.0 (from stock-model==0.1.0)
Test (Python 3.10)	Install dependencies	2026-10-04T14:18:15.2138244Z   Using cached rich-15.0.0-py3-none-any.whl.metadata (18 kB)
Test (Python 3.10)	Install dependencies	2026-10-04T14:18:15.2241854Z Collecting loguru>=0.7.0 (from stock-model==0.1.0)
Test (Python 3.10)	Install dependencies	2026-10-04T14:18:15.2257048Z   Using cached loguru-0.7.3-py3-none-any.whl.metadata (22 kB)
Test (Python 3.10)	Install dependencies	2026-10-04T14:18:15.2472750Z Collecting httpx>=0.24.0 (from stock-model==0.1.0)
Test (Python 3.10)	Install dependencies	2026-10-04T14:18:15.2487926Z   Using cached httpx-0.28.1-py3-none-any.whl.metadata (7.1 kB)
Test (Python 3.10)	Install dependencies	2026-10-04T14:18:15.2641471Z Collecting tenacity>=8.2.0 (from stock-model==0.1.0)
Test (Python 3.10)	Install dependencies	2026-10-04T14:18:15.2656521Z   Using cached tenacity-9.1.4-py3-none-any.whl.metadata (1.2 kB)
Test (Python 3.10)	Install dependencies	2026-10-04T14:18:15.2961679Z Collecting pytest>=7.4.0 (from stock-model==0.1.0)
Test (Python 3.10)	Install dependencies	2026-10-04T14:18:15.2976803Z   Using cached pytest-9.1.1-py3-none-any.whl.metadata (7.6 kB)
Test (Python 3.10)	Install dependencies	2026-10-04T14:18:15.3114690Z Collecting pytest-cov>=4.1.0 (from stock-model==0.1.0)
Test (Python 3.10)	Install dependencies	2026-10-04T14:18:15.3129981Z   Using cached pytest_cov-7.1.0-py3-none-any.whl.metadata (32 kB)
Test (Python 3.10)	Install dependencies	2026-10-04T14:18:15.7360750Z Collecting ruff>=0.1.0 (from stock-model==0.1.0)
Test (Python 3.10)	Install dependencies	2026-10-04T14:18:15.7379858Z   Using cached ruff-0.16.10-py3-none-manylinux_2_17_x86_64.manylinux2014_x86_64.whl.metadata (20 kB)
Test (Python 3.10)	Install dependencies	2026-10-04T14:18:15.8658995Z Collecting mypy>=1.5.0 (from stock-model==0.1.0)
Test (Python 3.10)	Install dependencies	2026-10-04T14:18:15.8684027Z   Using cached mypy-2.4.0-cp310-cp310-manylinux2014_x86_64.manylinux_2_17_x86_64.manylinux_2_28_x86_64.whl.metadata (2.4 kB)
Test (Python 3.10)	Install dependencies	2026-10-04T14:18:15.9432875Z Collecting ipython>=8.14.0 (from stock-model==0.1.0)
Test (Python 3.10)	Install dependencies	2026-10-04T14:18:15.9451321Z   Using cached ipython-8.39.0-py3-none-any.whl.metadata (5.1 kB)
Test (Python 3.10)	Install dependencies	2026-10-04T14:18:15.9650116Z Collecting jupyter>=1.0.0 (from stock-model==0.1.0)
Test (Python 3.10)	Install dependencies	2026-10-04T14:18:15.9665386Z   Using cached jupyter-1.1.1-py2.py3-none-any.whl.metadata (2.0 kB)
Test (Python 3.10)	Install dependencies	2026-10-04T14:18:16.1140914Z Collecting scipy>=1.11.0 (from stock-model==0.1.0)
Test (Python 3.10)	Install dependencies	2026-10-04T14:18:16.1157799Z   Using cached scipy-1.15.3-cp310-cp310-manylinux_2_17_x86_64.manylinux2014_x86_64.whl.metadata (61 kB)
Test (Python 3.10)	Install dependencies	2026-10-04T14:18:16.1371122Z Collecting beautifulsoup4>=4.9.1 (from akshare>=1.12.0->stock-model==0.1.0)
Test (Python 3.10)	Install dependencies	2026-10-04T14:18:16.1385070Z   Using cached beautifulsoup4-4.15.0-py3-none-any.whl.metadata (3.8 kB)
Test (Python 3.10)	Install dependencies	2026-10-04T14:18:16.4422452Z Collecting lxml>=4.2.1 (from akshare>=1.12.0->stock-model==0.1.0)
Test (Python 3.10)	Install dependencies	2026-10-04T14:18:16.4439173Z   Using cached lxml-6.1.3-cp310-cp310-manylinux_2_26_x86_64.manylinux_2_28_x86_64.whl.metadata (3.3 kB)
Test (Python 3.10)	Install dependencies	2026-10-04T14:18:16.4662684Z Collecting requests>=2.22.0 (from akshare>=1.12.0->stock-model==0.1.0)
Test (Python 3.10)	Install dependencies	2026-10-04T14:18:16.4678277Z   Using cached requests-2.34.2-py3-none-any.whl.metadata (4.8 kB)
Test (Python 3.10)	Install dependencies	2026-10-04T14:18:16.5460350Z Collecting curl_cffi>=0.13.0 (from akshare>=1.12.0->stock-model==0.1.0)
Test (Python 3.10)	Install dependencies	2026-10-04T14:18:16.5477924Z   Using cached curl_cffi-0.16.3-cp310-abi3-manylinux2014_x86_64.manylinux_2_17_x86_64.whl.metadata (17 kB)
Test (Python 3.10)	Install dependencies	2026-10-04T14:18:16.5637200Z Collecting html5lib>=1.0.1 (from akshare>=1.12.0->stock-model==0.1.0)
Test (Python 3.10)	Install dependencies	2026-10-04T14:18:16.5651228Z   Using cached html5lib-1.1-py2.py3-none-any.whl.metadata (16 kB)
Test (Python 3.10)	Install dependencies	2026-10-04T14:18:16.5764174Z Collecting xlrd>=1.2.0 (from akshare>=1.12.0->stock-model==0.1.0)
Test (Python 3.10)	Install dependencies	2026-10-04T14:18:16.5778545Z   Using cached xlrd-2.0.2-py2.py3-none-any.whl.metadata (3.5 kB)
Test (Python 3.10)	Install dependencies	2026-10-04T14:18:16.5992604Z Collecting urllib3>=1.25.8 (from akshare>=1.12.0->stock-model==0.1.0)
Test (Python 3.10)	Install dependencies	2026-10-04T14:18:16.6007320Z   Using cached urllib3-2.8.0-py3-none-any.whl.metadata (7.4 kB)
Test (Python 3.10)	Install dependencies	2026-10-04T14:18:16.6347124Z Collecting tqdm>=4.43.0 (from akshare>=1.12.0->stock-model==0.1.0)
Test (Python 3.10)	Install dependencies	2026-10-04T14:18:16.6363042Z   Using cached tqdm-4.70.1-py3-none-any.whl.metadata (57 kB)
Test (Python 3.10)	Install dependencies	2026-10-04T14:18:16.6529268Z Collecting openpyxl>=3.0.3 (from akshare>=1.12.0->stock-model==0.1.0)
Test (Python 3.10)	Install dependencies	2026-10-04T14:18:16.6543935Z   Using cached openpyxl-3.1.5-py2.py3-none-any.whl.metadata (2.5 kB)
Test (Python 3.10)	Install dependencies	2026-10-04T14:18:16.6629089Z Collecting jsonpath>=0.82 (from akshare>=1.12.0->stock-model==0.1.0)
Test (Python 3.10)	Install dependencies	2026-10-04T14:18:16.6630897Z   Using cached jsonpath-0.82.2-py3-none-any.whl
Test (Python 3.10)	Install dependencies	2026-10-04T14:18:16.6755693Z Collecting tabulate>=0.8.6 (from akshare>=1.12.0->stock-model==0.1.0)
Test (Python 3.10)	Install dependencies	2026-10-04T14:18:16.6770844Z   Using cached tabulate-0.10.0-py3-none-any.whl.metadata (40 kB)
Test (Python 3.10)	Install dependencies	2026-10-04T14:18:16.6907383Z Collecting decorator>=4.4.2 (from akshare>=1.12.0->stock-model==0.1.0)
Test (Python 3.10)	Install dependencies	2026-10-04T14:18:16.6922012Z   Using cached decorator-5.3.1-py3-none-any.whl.metadata (3.9 kB)
Test (Python 3.10)	Install dependencies	2026-10-04T14:18:16.7169609Z Collecting py-mini-racer>=0.6.0 (from akshare>=1.12.0->stock-model==0.1.0)
Test (Python 3.10)	Install dependencies	2026-10-04T14:18:16.7184589Z   Using cached py_mini_racer-0.6.0-py2.py3-none-manylinux1_x86_64.whl.metadata (8.7 kB)
Test (Python 3.10)	Install dependencies	2026-10-04T14:18:16.7318323Z Collecting akracer>=0.0.13 (from akshare>=1.12.0->stock-model==0.1.0)
Test (Python 3.10)	Install dependencies	2026-10-04T14:18:16.7332694Z   Using cached akracer-0.0.14-py3-none-any.whl.metadata (3.3 kB)
Test (Python 3.10)	Install dependencies	2026-10-04T14:18:16.7532753Z Collecting soupsieve>=1.6.1 (from beautifulsoup4>=4.9.1->akshare>=1.12.0->stock-model==0.1.0)
Test (Python 3.10)	Install dependencies	2026-10-04T14:18:16.7547835Z   Using cached soupsieve-2.10-py3-none-any.whl.metadata (4.4 kB)
Test (Python 3.10)	Install dependencies	2026-10-04T14:18:16.7706708Z Collecting typing-extensions>=4.0.0 (from beautifulsoup4>=4.9.1->akshare>=1.12.0->stock-model==0.1.0)
Test (Python 3.10)	Install dependencies	2026-10-04T14:18:16.7723104Z   Using cached typing_extensions-4.16.0-py3-none-any.whl.metadata (3.3 kB)
Test (Python 3.10)	Install dependencies	2026-10-04T14:18:16.8954546Z Collecting cffi>=2.0.0 (from curl_cffi>=0.13.0->akshare>=1.12.0->stock-model==0.1.0)
Test (Python 3.10)	Install dependencies	2026-10-04T14:18:16.8972295Z   Using cached cffi-2.1.1-cp310-cp310-manylinux2014_x86_64.manylinux_2_17_x86_64.whl.metadata (2.5 kB)
Test (Python 3.10)	Install dependencies	2026-10-04T14:18:16.9139405Z Collecting certifi>=2024.2.2 (from curl_cffi>=0.13.0->akshare>=1.12.0->stock-model==0.1.0)
Test (Python 3.10)	Install dependencies	2026-10-04T14:18:16.9154646Z   Using cached certifi-2026.7.22-py3-none-any.whl.metadata (2.5 kB)
Test (Python 3.10)	Install dependencies	2026-10-04T14:18:16.9257741Z Collecting pycparser (from cffi>=2.0.0->curl_cffi>=0.13.0->akshare>=1.12.0->stock-model==0.1.0)
Test (Python 3.10)	Install dependencies	2026-10-04T14:18:16.9272420Z   Using cached pycparser-3.0-py3-none-any.whl.metadata (8.2 kB)
Test (Python 3.10)	Install dependencies	2026-10-04T14:18:16.9392698Z Collecting six>=1.9 (from html5lib>=1.0.1->akshare>=1.12.0->stock-model==0.1.0)
Test (Python 3.10)	Install dependencies	2026-10-04T14:18:16.9407494Z   Using cached six-1.17.0-py2.py3-none-any.whl.metadata (1.7 kB)
Test (Python 3.10)	Install dependencies	2026-10-04T14:18:16.9481814Z Collecting webencodings (from html5lib>=1.0.1->akshare>=1.12.0->stock-model==0.1.0)
Test (Python 3.10)	Install dependencies	2026-10-04T14:18:16.9496494Z   Using cached webencodings-0.6.1-py3-none-any.whl.metadata (3.4 kB)
Test (Python 3.10)	Install dependencies	2026-10-04T14:18:16.9698722Z Collecting anyio (from httpx>=0.24.0->stock-model==0.1.0)
Test (Python 3.10)	Install dependencies	2026-10-04T14:18:16.9714213Z   Using cached anyio-4.15.1-py3-none-any.whl.metadata (4.7 kB)
Test (Python 3.10)	Install dependencies	2026-10-04T14:18:16.9896192Z Collecting httpcore==1.* (from httpx>=0.24.0->stock-model==0.1.0)
Test (Python 3.10)	Install dependencies	2026-10-04T14:18:16.9922572Z   Using cached httpcore-1.0.9-py3-none-any.whl.metadata (21 kB)
Test (Python 3.10)	Install dependencies	2026-10-04T14:18:17.0090746Z Collecting idna (from httpx>=0.24.0->stock-model==0.1.0)
Test (Python 3.10)	Install dependencies	2026-10-04T14:18:17.0105475Z   Using cached idna-3.20-py3-none-any.whl.metadata (7.2 kB)
Test (Python 3.10)	Install dependencies	2026-10-04T14:18:17.0208858Z Collecting h11>=0.16 (from httpcore==1.*->httpx>=0.24.0->stock-model==0.1.0)
Test (Python 3.10)	Install dependencies	2026-10-04T14:18:17.0223331Z   Using cached h11-0.16.0-py3-none-any.whl.metadata (8.3 kB)
Test (Python 3.10)	Install dependencies	2026-10-04T14:18:17.0344374Z Collecting exceptiongroup (from ipython>=8.14.0->stock-model==0.1.0)
Test (Python 3.10)	Install dependencies	2026-10-04T14:18:17.0359234Z   Using cached exceptiongroup-1.3.1-py3-none-any.whl.metadata (6.7 kB)
Test (Python 3.10)	Install dependencies	2026-10-04T14:18:17.0491416Z Collecting jedi>=0.16 (from ipython>=8.14.0->stock-model==0.1.0)
Test (Python 3.10)	Install dependencies	2026-10-04T14:18:17.0506003Z   Using cached jedi-0.20.0-py2.py3-none-any.whl.metadata (23 kB)
Test (Python 3.10)	Install dependencies	2026-10-04T14:18:17.0657465Z Collecting matplotlib-inline (from ipython>=8.14.0->stock-model==0.1.0)
Test (Python 3.10)	Install dependencies	2026-10-04T14:18:17.0671571Z   Using cached matplotlib_inline-0.2.2-py3-none-any.whl.metadata (2.4 kB)
Test (Python 3.10)	Install dependencies	2026-10-04T14:18:17.0765328Z Collecting pexpect>4.3 (from ipython>=8.14.0->stock-model==0.1.0)
Test (Python 3.10)	Install dependencies	2026-10-04T14:18:17.0779748Z   Using cached pexpect-4.9.0-py2.py3-none-any.whl.metadata (2.5 kB)
Test (Python 3.10)	Install dependencies	2026-10-04T14:18:17.1026133Z Collecting prompt_toolkit<3.1.0,>=3.0.41 (from ipython>=8.14.0->stock-model==0.1.0)
Test (Python 3.10)	Install dependencies	2026-10-04T14:18:17.1039949Z   Using cached prompt_toolkit-3.0.53-py3-none-any.whl.metadata (6.4 kB)
Test (Python 3.10)	Install dependencies	2026-10-04T14:18:17.1215156Z Collecting pygments>=2.4.0 (from ipython>=8.14.0->stock-model==0.1.0)
Test (Python 3.10)	Install dependencies	2026-10-04T14:18:17.1229531Z   Using cached pygments-2.21.0-py3-none-any.whl.metadata (2.5 kB)
Test (Python 3.10)	Install dependencies	2026-10-04T14:18:17.1336638Z Collecting stack_data (from ipython>=8.14.0->stock-model==0.1.0)
Test (Python 3.10)	Install dependencies	2026-10-04T14:18:17.1350452Z   Using cached stack_data-0.6.3-py3-none-any.whl.metadata (18 kB)
Test (Python 3.10)	Install dependencies	2026-10-04T14:18:17.1509982Z Collecting traitlets>=5.13.0 (from ipython>=8.14.0->stock-model==0.1.0)
Test (Python 3.10)	Install dependencies	2026-10-04T14:18:17.1524471Z   Using cached traitlets-5.16.1-py3-none-any.whl.metadata (10 kB)
Test (Python 3.10)	Install dependencies	2026-10-04T14:18:17.1741078Z Collecting wcwidth>=0.1.4 (from prompt_toolkit<3.1.0,>=3.0.41->ipython>=8.14.0->stock-model==0.1.0)
Test (Python 3.10)	Install dependencies	2026-10-04T14:18:17.1755385Z   Using cached wcwidth-0.9.1-cp310-abi3-manylinux2014_x86_64.manylinux_2_17_x86_64.whl.metadata (23 kB)
Test (Python 3.10)	Install dependencies	2026-10-04T14:18:17.1892911Z Collecting parso<0.9.0,>=0.8.6 (from jedi>=0.16->ipython>=8.14.0->stock-model==0.1.0)
Test (Python 3.10)	Install dependencies	2026-10-04T14:18:17.1907443Z   Using cached parso-0.8.7-py2.py3-none-any.whl.metadata (8.2 kB)
Test (Python 3.10)	Install dependencies	2026-10-04T14:18:17.2320412Z Collecting notebook (from jupyter>=1.0.0->stock-model==0.1.0)
Test (Python 3.10)	Install dependencies	2026-10-04T14:18:17.2336040Z   Using cached notebook-7.6.3-py3-none-any.whl.metadata (10 kB)
Test (Python 3.10)	Install dependencies	2026-10-04T14:18:17.2543017Z Collecting jupyter-console (from jupyter>=1.0.0->stock-model==0.1.0)
Test (Python 3.10)	Install dependencies	2026-10-04T14:18:17.2566984Z   Using cached jupyter_console-6.6.3-py3-none-any.whl.metadata (5.8 kB)
Test (Python 3.10)	Install dependencies	2026-10-04T14:18:17.3204857Z Collecting nbconvert (from jupyter>=1.0.0->stock-model==0.1.0)
Test (Python 3.10)	Install dependencies	2026-10-04T14:18:17.3222621Z   Using cached nbconvert-7.17.1-py3-none-any.whl.metadata (8.4 kB)
Test (Python 3.10)	Install dependencies	2026-10-04T14:18:17.3593193Z Collecting ipykernel (from jupyter>=1.0.0->stock-model==0.1.0)
Test (Python 3.10)	Install dependencies	2026-10-04T14:18:17.3611117Z   Using cached ipykernel-7.3.0-py3-none-any.whl.metadata (4.5 kB)
Test (Python 3.10)	Install dependencies	2026-10-04T14:18:17.3953727Z Collecting ipywidgets (from jupyter>=1.0.0->stock-model==0.1.0)
Test (Python 3.10)	Install dependencies	2026-10-04T14:18:17.3968312Z   Using cached ipywidgets-8.1.9-py3-none-any.whl.metadata (2.4 kB)
Test (Python 3.10)	Install dependencies	2026-10-04T14:18:17.4949611Z Collecting jupyterlab (from jupyter>=1.0.0->stock-model==0.1.0)
Test (Python 3.10)	Install dependencies	2026-10-04T14:18:17.4965213Z   Using cached jupyterlab-4.6.4-py3-none-any.whl.metadata (16 kB)
Test (Python 3.10)	Install dependencies	2026-10-04T14:18:17.5151391Z Collecting choreographer>=1.3.0 (from kaleido>=0.2.1->stock-model==0.1.0)
Test (Python 3.10)	Install dependencies	2026-10-04T14:18:17.5166251Z   Using cached choreographer-1.4.0-py3-none-any.whl.metadata (5.5 kB)
Test (Python 3.10)	Install dependencies	2026-10-04T14:18:17.5271617Z Collecting logistro>=1.0.8 (from kaleido>=0.2.1->stock-model==0.1.0)
Test (Python 3.10)	Install dependencies	2026-10-04T14:18:17.5286485Z   Using cached logistro-2.0.1-py3-none-any.whl.metadata (3.9 kB)
Test (Python 3.10)	Install dependencies	2026-10-04T14:18:17.8104131Z Collecting orjson>=3.10.15 (from kaleido>=0.2.1->stock-model==0.1.0)
Test (Python 3.10)	Install dependencies	2026-10-04T14:18:17.8122857Z   Using cached orjson-3.12.0-cp310-cp310-manylinux_2_17_x86_64.manylinux2014_x86_64.whl.metadata (41 kB)
Test (Python 3.10)	Install dependencies	2026-10-04T14:18:17.8252337Z Collecting packaging (from kaleido>=0.2.1->stock-model==0.1.0)
Test (Python 3.10)	Install dependencies	2026-10-04T14:18:17.8267884Z   Using cached packaging-26.3-py3-none-any.whl.metadata (3.5 kB)
Test (Python 3.10)	Install dependencies	2026-10-04T14:18:17.8881034Z Collecting platformdirs>=4.3.6 (from choreographer>=1.3.0->kaleido>=0.2.1->stock-model==0.1.0)
Test (Python 3.10)	Install dependencies	2026-10-04T14:18:17.8897115Z   Using cached platformdirs-4.12.3-py3-none-any.whl.metadata (5.5 kB)
Test (Python 3.10)	Install dependencies	2026-10-04T14:18:18.0023670Z Collecting simplejson>=3.19.3 (from choreographer>=1.3.0->kaleido>=0.2.1->stock-model==0.1.0)
Test (Python 3.10)	Install dependencies	2026-10-04T14:18:18.0041113Z   Using cached simplejson-4.2.0-cp310-cp310-manylinux1_x86_64.manylinux_2_28_x86_64.manylinux_2_5_x86_64.whl.metadata (3.8 kB)
Test (Python 3.10)	Install dependencies	2026-10-04T14:18:18.0775909Z Collecting contourpy>=1.0.1 (from matplotlib>=3.7.0->stock-model==0.1.0)
Test (Python 3.10)	Install dependencies	2026-10-04T14:18:18.0792029Z   Using cached contourpy-1.3.2-cp310-cp310-manylinux_2_17_x86_64.manylinux2014_x86_64.whl.metadata (5.5 kB)
Test (Python 3.10)	Install dependencies	2026-10-04T14:18:18.0893060Z Collecting cycler>=0.10 (from matplotlib>=3.7.0->stock-model==0.1.0)
Test (Python 3.10)	Install dependencies	2026-10-04T14:18:18.0907248Z   Using cached cycler-0.12.1-py3-none-any.whl.metadata (3.8 kB)
Test (Python 3.10)	Install dependencies	2026-10-04T14:18:18.2681111Z Collecting fonttools>=4.22.0 (from matplotlib>=3.7.0->stock-model==0.1.0)
Test (Python 3.10)	Install dependencies	2026-10-04T14:18:18.2699111Z   Using cached fonttools-4.65.0-cp310-cp310-manylinux2014_x86_64.manylinux_2_17_x86_64.whl.metadata (125 kB)
Test (Python 3.10)	Install dependencies	2026-10-04T14:18:18.3544143Z Collecting kiwisolver>=1.3.1 (from matplotlib>=3.7.0->stock-model==0.1.0)
Test (Python 3.10)	Install dependencies	2026-10-04T14:18:18.3559741Z   Using cached kiwisolver-1.5.1-cp310-cp310-manylinux_2_12_x86_64.manylinux2010_x86_64.whl.metadata (5.2 kB)
Test (Python 3.10)	Install dependencies	2026-10-04T14:18:18.5980167Z Collecting pillow>=8 (from matplotlib>=3.7.0->stock-model==0.1.0)
Test (Python 3.10)	Install dependencies	2026-10-04T14:18:18.5997849Z   Using cached pillow-12.3.0-cp310-cp310-manylinux_2_27_x86_64.manylinux_2_28_x86_64.whl.metadata (9.1 kB)
Test (Python 3.10)	Install dependencies	2026-10-04T14:18:18.6260613Z Collecting pyparsing>=3 (from matplotlib>=3.7.0->stock-model==0.1.0)
Test (Python 3.10)	Install dependencies	2026-10-04T14:18:18.6275495Z   Using cached pyparsing-3.3.3-py3-none-any.whl.metadata (5.9 kB)
Test (Python 3.10)	Install dependencies	2026-10-04T14:18:18.6387600Z Collecting python-dateutil>=2.7 (from matplotlib>=3.7.0->stock-model==0.1.0)
Test (Python 3.10)	Install dependencies	2026-10-04T14:18:18.6402869Z   Using cached python_dateutil-2.9.0.post0-py2.py3-none-any.whl.metadata (8.4 kB)
Test (Python 3.10)	Install dependencies	2026-10-04T14:18:18.6531740Z Collecting mypy_extensions>=1.0.0 (from mypy>=1.5.0->stock-model==0.1.0)
Test (Python 3.10)	Install dependencies	2026-10-04T14:18:18.6546336Z   Using cached mypy_extensions-1.1.0-py3-none-any.whl.metadata (1.1 kB)
Test (Python 3.10)	Install dependencies	2026-10-04T14:18:18.6650246Z Collecting pathspec>=1.0.0 (from mypy>=1.5.0->stock-model==0.1.0)
Test (Python 3.10)	Install dependencies	2026-10-04T14:18:18.6664720Z   Using cached pathspec-1.1.1-py3-none-any.whl.metadata (14 kB)
Test (Python 3.10)	Install dependencies	2026-10-04T14:18:18.6912943Z Collecting tomli>=1.1.0 (from mypy>=1.5.0->stock-model==0.1.0)
Test (Python 3.10)	Install dependencies	2026-10-04T14:18:18.6927866Z   Using cached tomli-2.4.1-py3-none-any.whl.metadata (10 kB)
Test (Python 3.10)	Install dependencies	2026-10-04T14:18:18.8439542Z Collecting librt>=0.16.0 (from mypy>=1.5.0->stock-model==0.1.0)
Test (Python 3.10)	Install dependencies	2026-10-04T14:18:18.8456593Z   Using cached librt-0.16.0-cp310-cp310-manylinux2014_x86_64.manylinux_2_17_x86_64.manylinux_2_28_x86_64.whl.metadata (1.3 kB)
Test (Python 3.10)	Install dependencies	2026-10-04T14:18:18.8984767Z Collecting ast-serialize<1.0.0,>=0.11.2 (from mypy>=1.5.0->stock-model==0.1.0)
Test (Python 3.10)	Install dependencies	2026-10-04T14:18:18.8999972Z   Using cached ast_serialize-0.12.1-cp39-abi3-manylinux_2_17_x86_64.manylinux2014_x86_64.whl.metadata (1.4 kB)
Test (Python 3.10)	Install dependencies	2026-10-04T14:18:18.9114817Z Collecting et-xmlfile (from openpyxl>=3.0.3->akshare>=1.12.0->stock-model==0.1.0)
Test (Python 3.10)	Install dependencies	2026-10-04T14:18:18.9128725Z   Using cached et_xmlfile-2.0.0-py3-none-any.whl.metadata (2.7 kB)
Test (Python 3.10)	Install dependencies	2026-10-04T14:18:18.9579074Z Collecting pytz>=2020.1 (from pandas>=2.0.0->stock-model==0.1.0)
Test (Python 3.10)	Install dependencies	2026-10-04T14:18:19.0042827Z   Downloading pytz-2026.5-py2.py3-none-any.whl.metadata (22 kB)
Test (Python 3.10)	Install dependencies	2026-10-04T14:18:19.0258627Z Collecting tzdata>=2022.7 (from pandas>=2.0.0->stock-model==0.1.0)
Test (Python 3.10)	Install dependencies	2026-10-04T14:18:19.0273550Z   Using cached tzdata-2026.5-py2.py3-none-any.whl.metadata (1.4 kB)
Test (Python 3.10)	Install dependencies	2026-10-04T14:18:19.0385831Z Collecting ptyprocess>=0.5 (from pexpect>4.3->ipython>=8.14.0->stock-model==0.1.0)
Test (Python 3.10)	Install dependencies	2026-10-04T14:18:19.0400494Z   Using cached ptyprocess-0.7.0-py2.py3-none-any.whl.metadata (1.3 kB)
Test (Python 3.10)	Install dependencies	2026-10-04T14:18:19.0815827Z Collecting narwhals>=1.15.1 (from plotly>=5.15.0->stock-model==0.1.0)
Test (Python 3.10)	Install dependencies	2026-10-04T14:18:19.0830436Z   Using cached narwhals-2.26.0-py3-none-any.whl.metadata (15 kB)
Test (Python 3.10)	Install dependencies	2026-10-04T14:18:19.0980973Z Collecting annotated-types>=0.6.0 (from pydantic>=2.0.0->stock-model==0.1.0)
Test (Python 3.10)	Install dependencies	2026-10-04T14:18:19.0995316Z   Using cached annotated_types-0.8.0-py3-none-any.whl.metadata (15 kB)
Test (Python 3.10)	Install dependencies	2026-10-04T14:18:20.0124174Z Collecting pydantic-core==2.46.5 (from pydantic>=2.0.0->stock-model==0.1.0)
Test (Python 3.10)	Install dependencies	2026-10-04T14:18:20.0142548Z   Using cached pydantic_core-2.46.5-cp310-cp310-manylinux_2_17_x86_64.manylinux2014_x86_64.whl.metadata (6.6 kB)
Test (Python 3.10)	Install dependencies	2026-10-04T14:18:20.0529586Z Collecting typing-inspection>=0.4.2 (from pydantic>=2.0.0->stock-model==0.1.0)
Test (Python 3.10)	Install dependencies	2026-10-04T14:18:20.0546411Z   Using cached typing_inspection-0.4.4-py3-none-any.whl.metadata (2.6 kB)
Test (Python 3.10)	Install dependencies	2026-10-04T14:18:20.1023376Z Collecting python-dotenv>=0.21.0 (from pydantic-settings>=2.0.0->stock-model==0.1.0)
Test (Python 3.10)	Install dependencies	2026-10-04T14:18:20.1038126Z   Using cached python_dotenv-1.2.4-py3-none-any.whl.metadata (29 kB)
Test (Python 3.10)	Install dependencies	2026-10-04T14:18:20.1180973Z Collecting iniconfig>=1.0.1 (from pytest>=7.4.0->stock-model==0.1.0)
Test (Python 3.10)	Install dependencies	2026-10-04T14:18:20.1195114Z   Using cached iniconfig-2.3.0-py3-none-any.whl.metadata (2.5 kB)
Test (Python 3.10)	Install dependencies	2026-10-04T14:18:20.1314395Z Collecting pluggy<2,>=1.5 (from pytest>=7.4.0->stock-model==0.1.0)
Test (Python 3.10)	Install dependencies	2026-10-04T14:18:20.1328711Z   Using cached pluggy-1.6.0-py3-none-any.whl.metadata (4.8 kB)
Test (Python 3.10)	Install dependencies	2026-10-04T14:18:20.6866270Z Collecting coverage>=7.10.6 (from coverage[toml]>=7.10.6->pytest-cov>=4.1.0->stock-model==0.1.0)
Test (Python 3.10)	Install dependencies	2026-10-04T14:18:20.6884589Z   Using cached coverage-7.16.2-cp310-cp310-manylinux1_x86_64.manylinux_2_28_x86_64.manylinux_2_5_x86_64.whl.metadata (8.2 kB)
Test (Python 3.10)	Install dependencies	2026-10-04T14:18:20.8494834Z Collecting charset_normalizer<4,>=2 (from requests>=2.22.0->akshare>=1.12.0->stock-model==0.1.0)
Test (Python 3.10)	Install dependencies	2026-10-04T14:18:20.8513399Z   Using cached charset_normalizer-3.5.2-cp310-cp310-manylinux2014_x86_64.manylinux_2_17_x86_64.manylinux_2_28_x86_64.whl.metadata (46 kB)
Test (Python 3.10)	Install dependencies	2026-10-04T14:18:20.8787933Z Collecting markdown-it-py>=2.2.0 (from rich>=13.0.0->stock-model==0.1.0)
Test (Python 3.10)	Install dependencies	2026-10-04T14:18:20.8803157Z   Using cached markdown_it_py-4.2.0-py3-none-any.whl.metadata (7.4 kB)
Test (Python 3.10)	Install dependencies	2026-10-04T14:18:20.8951025Z Collecting mdurl~=0.1 (from markdown-it-py>=2.2.0->rich>=13.0.0->stock-model==0.1.0)
Test (Python 3.10)	Install dependencies	2026-10-04T14:18:20.8965982Z   Using cached mdurl-0.1.2-py3-none-any.whl.metadata (1.6 kB)
Test (Python 3.10)	Install dependencies	2026-10-04T14:18:20.9348044Z Collecting comm>=0.1.1 (from ipykernel->jupyter>=1.0.0->stock-model==0.1.0)
Test (Python 3.10)	Install dependencies	2026-10-04T14:18:20.9362739Z   Using cached comm-0.2.3-py3-none-any.whl.metadata (3.7 kB)
Test (Python 3.10)	Install dependencies	2026-10-04T14:18:21.0482427Z Collecting debugpy>=1.6.5 (from ipykernel->jupyter>=1.0.0->stock-model==0.1.0)
Test (Python 3.10)	Install dependencies	2026-10-04T14:18:21.0516418Z   Using cached debugpy-1.8.22-cp310-cp310-manylinux_2_34_x86_64.whl.metadata (1.4 kB)
Test (Python 3.10)	Install dependencies	2026-10-04T14:18:21.0788927Z Collecting jupyter-client>=8.9.0 (from ipykernel->jupyter>=1.0.0->stock-model==0.1.0)
Test (Python 3.10)	Install dependencies	2026-10-04T14:18:21.0804317Z   Using cached jupyter_client-8.10.0-py3-none-any.whl.metadata (8.5 kB)
Test (Python 3.10)	Install dependencies	2026-10-04T14:18:21.1013627Z Collecting jupyter-core!=6.0.*,>=5.1 (from ipykernel->jupyter>=1.0.0->stock-model==0.1.0)
Test (Python 3.10)	Install dependencies	2026-10-04T14:18:21.1028530Z   Using cached jupyter_core-5.9.1-py3-none-any.whl.metadata (1.5 kB)
Test (Python 3.10)	Install dependencies	2026-10-04T14:18:21.3970295Z Collecting nest-asyncio2>=1.7.0 (from ipykernel->jupyter>=1.0.0->stock-model==0.1.0)
Test (Python 3.10)	Install dependencies	2026-10-04T14:18:21.3988762Z   Using cached nest_asyncio2-1.7.3-py3-none-any.whl.metadata (6.7 kB)
Test (Python 3.10)	Install dependencies	2026-10-04T14:18:21.6675330Z Collecting psutil>=5.7 (from ipykernel->jupyter>=1.0.0->stock-model==0.1.0)
Test (Python 3.10)	Install dependencies	2026-10-04T14:18:21.6692748Z   Using cached psutil-7.2.2-cp36-abi3-manylinux2010_x86_64.manylinux_2_12_x86_64.manylinux_2_28_x86_64.whl.metadata (22 kB)
Test (Python 3.10)	Install dependencies	2026-10-04T14:18:22.1079863Z Collecting pyzmq>=25 (from ipykernel->jupyter>=1.0.0->stock-model==0.1.0)
Test (Python 3.10)	Install dependencies	2026-10-04T14:18:22.1097849Z   Using cached pyzmq-27.2.0-cp310-cp310-manylinux_2_26_x86_64.manylinux_2_28_x86_64.whl.metadata (3.8 kB)
Test (Python 3.10)	Install dependencies	2026-10-04T14:18:22.1516710Z Collecting tornado>=6.4.1 (from ipykernel->jupyter>=1.0.0->stock-model==0.1.0)
Test (Python 3.10)	Install dependencies	2026-10-04T14:18:22.1532499Z   Using cached tornado-6.5.10-cp39-abi3-manylinux1_x86_64.manylinux_2_28_x86_64.manylinux_2_5_x86_64.whl.metadata (2.8 kB)
Test (Python 3.10)	Install dependencies	2026-10-04T14:18:22.2086835Z Collecting widgetsnbextension~=4.0.16 (from ipywidgets->jupyter>=1.0.0->stock-model==0.1.0)
Test (Python 3.10)	Install dependencies	2026-10-04T14:18:22.2101121Z   Using cached widgetsnbextension-4.0.16-py3-none-any.whl.metadata (1.6 kB)
Test (Python 3.10)	Install dependencies	2026-10-04T14:18:22.2280148Z Collecting jupyterlab_widgets~=3.0.17 (from ipywidgets->jupyter>=1.0.0->stock-model==0.1.0)
Test (Python 3.10)	Install dependencies	2026-10-04T14:18:22.2294290Z   Using cached jupyterlab_widgets-3.0.17-py3-none-any.whl.metadata (20 kB)
Test (Python 3.10)	Install dependencies	2026-10-04T14:18:22.2630039Z Collecting async-lru>=1.0.0 (from jupyterlab->jupyter>=1.0.0->stock-model==0.1.0)
Test (Python 3.10)	Install dependencies	2026-10-04T14:18:22.2644501Z   Using cached async_lru-2.3.0-py3-none-any.whl.metadata (7.6 kB)
Test (Python 3.10)	Install dependencies	2026-10-04T14:18:22.2854243Z Collecting jinja2>=3.0.3 (from jupyterlab->jupyter>=1.0.0->stock-model==0.1.0)
Test (Python 3.10)	Install dependencies	2026-10-04T14:18:22.2869029Z   Using cached jinja2-3.1.6-py3-none-any.whl.metadata (2.9 kB)
Test (Python 3.10)	Install dependencies	2026-10-04T14:18:22.2982788Z Collecting jupyter-builder>=1.0.2 (from jupyterlab->jupyter>=1.0.0->stock-model==0.1.0)
Test (Python 3.10)	Install dependencies	2026-10-04T14:18:22.2997632Z   Using cached jupyter_builder-1.2.3-py3-none-any.whl.metadata (7.8 kB)
Test (Python 3.10)	Install dependencies	2026-10-04T14:18:22.3129415Z Collecting jupyter-lsp>=2.0.0 (from jupyterlab->jupyter>=1.0.0->stock-model==0.1.0)
Test (Python 3.10)	Install dependencies	2026-10-04T14:18:22.3143650Z   Using cached jupyter_lsp-2.3.1-py3-none-any.whl.metadata (1.8 kB)
Test (Python 3.10)	Install dependencies	2026-10-04T14:18:22.3421892Z Collecting jupyter-server<3,>=2.19.0 (from jupyterlab->jupyter>=1.0.0->stock-model==0.1.0)
Test (Python 3.10)	Install dependencies	2026-10-04T14:18:22.3435752Z   Using cached jupyter_server-2.21.1-py3-none-any.whl.metadata (8.5 kB)
Test (Python 3.10)	Install dependencies	2026-10-04T14:18:22.3702868Z Collecting jupyterlab-server<3,>=2.28.0 (from jupyterlab->jupyter>=1.0.0->stock-model==0.1.0)
Test (Python 3.10)	Install dependencies	2026-10-04T14:18:22.3717812Z   Using cached jupyterlab_server-2.28.1-py3-none-any.whl.metadata (5.8 kB)
Test (Python 3.10)	Install dependencies	2026-10-04T14:18:22.3841363Z Collecting notebook-shim>=0.2 (from jupyterlab->jupyter>=1.0.0->stock-model==0.1.0)
Test (Python 3.10)	Install dependencies	2026-10-04T14:18:22.3855092Z   Using cached notebook_shim-0.2.4-py3-none-any.whl.metadata (4.0 kB)
Test (Python 3.10)	Install dependencies	2026-10-04T14:18:22.4191826Z Collecting argon2-cffi>=21.1 (from jupyter-server<3,>=2.19.0->jupyterlab->jupyter>=1.0.0->stock-model==0.1.0)
Test (Python 3.10)	Install dependencies	2026-10-04T14:18:22.4205741Z   Using cached argon2_cffi-25.1.0-py3-none-any.whl.metadata (4.1 kB)
Test (Python 3.10)	Install dependencies	2026-10-04T14:18:22.4331877Z Collecting jupyter-events>=0.11.0 (from jupyter-server<3,>=2.19.0->jupyterlab->jupyter>=1.0.0->stock-model==0.1.0)
Test (Python 3.10)	Install dependencies	2026-10-04T14:18:22.4346407Z   Using cached jupyter_events-0.12.1-py3-none-any.whl.metadata (5.8 kB)
Test (Python 3.10)	Install dependencies	2026-10-04T14:18:22.4461901Z Collecting jupyter-server-terminals>=0.4.4 (from jupyter-server<3,>=2.19.0->jupyterlab->jupyter>=1.0.0->stock-model==0.1.0)
Test (Python 3.10)	Install dependencies	2026-10-04T14:18:22.4475551Z   Using cached jupyter_server_terminals-0.5.4-py3-none-any.whl.metadata (5.9 kB)
Test (Python 3.10)	Install dependencies	2026-10-04T14:18:22.4698629Z Collecting nbformat>=5.3.0 (from jupyter-server<3,>=2.19.0->jupyterlab->jupyter>=1.0.0->stock-model==0.1.0)
Test (Python 3.10)	Install dependencies	2026-10-04T14:18:22.4712443Z   Using cached nbformat-5.11.1-py3-none-any.whl.metadata (3.7 kB)
Test (Python 3.10)	Install dependencies	2026-10-04T14:18:22.4859567Z Collecting overrides>=5.0 (from jupyter-server<3,>=2.19.0->jupyterlab->jupyter>=1.0.0->stock-model==0.1.0)
Test (Python 3.10)	Install dependencies	2026-10-04T14:18:22.4873122Z   Using cached overrides-7.7.0-py3-none-any.whl.metadata (5.8 kB)
Test (Python 3.10)	Install dependencies	2026-10-04T14:18:22.5006636Z Collecting prometheus-client>=0.9 (from jupyter-server<3,>=2.19.0->jupyterlab->jupyter>=1.0.0->stock-model==0.1.0)
Test (Python 3.10)	Install dependencies	2026-10-04T14:18:22.5021207Z   Using cached prometheus_client-0.26.0-py3-none-any.whl.metadata (2.1 kB)
Test (Python 3.10)	Install dependencies	2026-10-04T14:18:22.5169126Z Collecting send2trash>=1.8.2 (from jupyter-server<3,>=2.19.0->jupyterlab->jupyter>=1.0.0->stock-model==0.1.0)
Test (Python 3.10)	Install dependencies	2026-10-04T14:18:22.5183030Z   Using cached send2trash-2.1.0-py3-none-any.whl.metadata (4.1 kB)
Test (Python 3.10)	Install dependencies	2026-10-04T14:18:22.5319280Z Collecting terminado>=0.8.3 (from jupyter-server<3,>=2.19.0->jupyterlab->jupyter>=1.0.0->stock-model==0.1.0)
Test (Python 3.10)	Install dependencies	2026-10-04T14:18:22.5332936Z   Using cached terminado-0.18.1-py3-none-any.whl.metadata (5.8 kB)
Test (Python 3.10)	Install dependencies	2026-10-04T14:18:22.5517044Z Collecting websocket-client>=1.7 (from jupyter-server<3,>=2.19.0->jupyterlab->jupyter>=1.0.0->stock-model==0.1.0)
Test (Python 3.10)	Install dependencies	2026-10-04T14:18:22.5530938Z   Using cached websocket_client-1.9.2-py3-none-any.whl.metadata (8.3 kB)
Test (Python 3.10)	Install dependencies	2026-10-04T14:18:22.5684078Z Collecting babel>=2.10 (from jupyterlab-server<3,>=2.28.0->jupyterlab->jupyter>=1.0.0->stock-model==0.1.0)
Test (Python 3.10)	Install dependencies	2026-10-04T14:18:22.5698123Z   Using cached babel-2.18.0-py3-none-any.whl.metadata (2.2 kB)
Test (Python 3.10)	Install dependencies	2026-10-04T14:18:22.5875786Z Collecting json5>=0.9.0 (from jupyterlab-server<3,>=2.28.0->jupyterlab->jupyter>=1.0.0->stock-model==0.1.0)
Test (Python 3.10)	Install dependencies	2026-10-04T14:18:22.5890079Z   Using cached json5-0.15.0-py3-none-any.whl.metadata (37 kB)
Test (Python 3.10)	Install dependencies	2026-10-04T14:18:22.6101811Z Collecting jsonschema>=4.18.0 (from jupyterlab-server<3,>=2.28.0->jupyterlab->jupyter>=1.0.0->stock-model==0.1.0)
Test (Python 3.10)	Install dependencies	2026-10-04T14:18:22.6115324Z   Using cached jsonschema-4.26.0-py3-none-any.whl.metadata (7.6 kB)
Test (Python 3.10)	Install dependencies	2026-10-04T14:18:22.6382463Z Collecting argon2-cffi-bindings (from argon2-cffi>=21.1->jupyter-server<3,>=2.19.0->jupyterlab->jupyter>=1.0.0->stock-model==0.1.0)
Test (Python 3.10)	Install dependencies	2026-10-04T14:18:22.6396556Z   Using cached argon2_cffi_bindings-26.1.0-cp310-abi3-manylinux_2_26_x86_64.manylinux_2_28_x86_64.whl.metadata (7.5 kB)
Test (Python 3.10)	Install dependencies	2026-10-04T14:18:22.7074127Z Collecting MarkupSafe>=2.0 (from jinja2>=3.0.3->jupyterlab->jupyter>=1.0.0->stock-model==0.1.0)
Test (Python 3.10)	Install dependencies	2026-10-04T14:18:22.7090577Z   Using cached markupsafe-3.0.4-cp310-cp310-manylinux2014_x86_64.manylinux_2_17_x86_64.manylinux_2_28_x86_64.whl.metadata (2.7 kB)
Test (Python 3.10)	Install dependencies	2026-10-04T14:18:22.7227613Z Collecting attrs>=22.2.0 (from jsonschema>=4.18.0->jupyterlab-server<3,>=2.28.0->jupyterlab->jupyter>=1.0.0->stock-model==0.1.0)
Test (Python 3.10)	Install dependencies	2026-10-04T14:18:22.7241138Z   Using cached attrs-26.1.0-py3-none-any.whl.metadata (8.8 kB)
Test (Python 3.10)	Install dependencies	2026-10-04T14:18:22.7343365Z Collecting jsonschema-specifications>=2023.03.6 (from jsonschema>=4.18.0->jupyterlab-server<3,>=2.28.0->jupyterlab->jupyter>=1.0.0->stock-model==0.1.0)
Test (Python 3.10)	Install dependencies	2026-10-04T14:18:22.7357467Z   Using cached jsonschema_specifications-2025.9.1-py3-none-any.whl.metadata (2.9 kB)
Test (Python 3.10)	Install dependencies	2026-10-04T14:18:22.7614040Z Collecting referencing>=0.28.4 (from jsonschema>=4.18.0->jupyterlab-server<3,>=2.28.0->jupyterlab->jupyter>=1.0.0->stock-model==0.1.0)
Test (Python 3.10)	Install dependencies	2026-10-04T14:18:22.7628817Z   Using cached referencing-0.37.0-py3-none-any.whl.metadata (2.8 kB)
Test (Python 3.10)	Install dependencies	2026-10-04T14:18:23.1438570Z Collecting rpds-py>=0.25.0 (from jsonschema>=4.18.0->jupyterlab-server<3,>=2.28.0->jupyterlab->jupyter>=1.0.0->stock-model==0.1.0)
Test (Python 3.10)	Install dependencies	2026-10-04T14:18:23.1456340Z   Using cached rpds_py-0.30.0-cp310-cp310-manylinux_2_17_x86_64.manylinux2014_x86_64.whl.metadata (4.1 kB)
Test (Python 3.10)	Install dependencies	2026-10-04T14:18:23.1672569Z Collecting python-json-logger>=2.0.4 (from jupyter-events>=0.11.0->jupyter-server<3,>=2.19.0->jupyterlab->jupyter>=1.0.0->stock-model==0.1.0)
Test (Python 3.10)	Install dependencies	2026-10-04T14:18:23.1687490Z   Using cached python_json_logger-4.2.0-py3-none-any.whl.metadata (2.9 kB)
Test (Python 3.10)	Install dependencies	2026-10-04T14:18:23.1783959Z Collecting rfc3339-validator (from jupyter-events>=0.11.0->jupyter-server<3,>=2.19.0->jupyterlab->jupyter>=1.0.0->stock-model==0.1.0)
Test (Python 3.10)	Install dependencies	2026-10-04T14:18:23.1798370Z   Using cached rfc3339_validator-0.1.4-py2.py3-none-any.whl.metadata (1.5 kB)
Test (Python 3.10)	Install dependencies	2026-10-04T14:18:23.1879803Z Collecting rfc3986-validator>=0.1.1 (from jupyter-events>=0.11.0->jupyter-server<3,>=2.19.0->jupyterlab->jupyter>=1.0.0->stock-model==0.1.0)
Test (Python 3.10)	Install dependencies	2026-10-04T14:18:23.1893556Z   Using cached rfc3986_validator-0.1.1-py2.py3-none-any.whl.metadata (1.7 kB)
Test (Python 3.10)	Install dependencies	2026-10-04T14:18:23.2006921Z Collecting fqdn (from jsonschema[format-nongpl]>=4.18.0->jupyter-events>=0.11.0->jupyter-server<3,>=2.19.0->jupyterlab->jupyter>=1.0.0->stock-model==0.1.0)
Test (Python 3.10)	Install dependencies	2026-10-04T14:18:23.2020601Z   Using cached fqdn-1.6.0-py3-none-any.whl.metadata (9.4 kB)
Test (Python 3.10)	Install dependencies	2026-10-04T14:18:23.2113870Z Collecting isoduration (from jsonschema[format-nongpl]>=4.18.0->jupyter-events>=0.11.0->jupyter-server<3,>=2.19.0->jupyterlab->jupyter>=1.0.0->stock-model==0.1.0)
Test (Python 3.10)	Install dependencies	2026-10-04T14:18:23.2127950Z   Using cached isoduration-20.11.0-py3-none-any.whl.metadata (5.7 kB)
Test (Python 3.10)	Install dependencies	2026-10-04T14:18:23.2241225Z Collecting jsonpointer>1.13 (from jsonschema[format-nongpl]>=4.18.0->jupyter-events>=0.11.0->jupyter-server<3,>=2.19.0->jupyterlab->jupyter>=1.0.0->stock-model==0.1.0)
Test (Python 3.10)	Install dependencies	2026-10-04T14:18:23.2254872Z   Using cached jsonpointer-3.1.1-py3-none-any.whl.metadata (2.4 kB)
Test (Python 3.10)	Install dependencies	2026-10-04T14:18:23.2340960Z Collecting rfc3987-syntax>=1.1.0 (from jsonschema[format-nongpl]>=4.18.0->jupyter-events>=0.11.0->jupyter-server<3,>=2.19.0->jupyterlab->jupyter>=1.0.0->stock-model==0.1.0)
Test (Python 3.10)	Install dependencies	2026-10-04T14:18:23.2354443Z   Using cached rfc3987_syntax-1.1.0-py3-none-any.whl.metadata (7.7 kB)
Test (Python 3.10)	Install dependencies	2026-10-04T14:18:23.2448853Z Collecting uri-template (from jsonschema[format-nongpl]>=4.18.0->jupyter-events>=0.11.0->jupyter-server<3,>=2.19.0->jupyterlab->jupyter>=1.0.0->stock-model==0.1.0)
Test (Python 3.10)	Install dependencies	2026-10-04T14:18:23.2462439Z   Using cached uri_template-1.3.0-py3-none-any.whl.metadata (8.8 kB)
Test (Python 3.10)	Install dependencies	2026-10-04T14:18:23.2572987Z Collecting webcolors>=24.6.0 (from jsonschema[format-nongpl]>=4.18.0->jupyter-events>=0.11.0->jupyter-server<3,>=2.19.0->jupyterlab->jupyter>=1.0.0->stock-model==0.1.0)
Test (Python 3.10)	Install dependencies	2026-10-04T14:18:23.2586778Z   Using cached webcolors-25.10.0-py3-none-any.whl.metadata (2.2 kB)
Test (Python 3.10)	Install dependencies	2026-10-04T14:18:23.2852632Z Collecting bleach!=5.0.0 (from bleach[css]!=5.0.0->nbconvert->jupyter>=1.0.0->stock-model==0.1.0)
Test (Python 3.10)	Install dependencies	2026-10-04T14:18:23.2867409Z   Using cached bleach-6.4.0-py3-none-any.whl.metadata (32 kB)
Test (Python 3.10)	Install dependencies	2026-10-04T14:18:23.2976077Z Collecting defusedxml (from nbconvert->jupyter>=1.0.0->stock-model==0.1.0)
Test (Python 3.10)	Install dependencies	2026-10-04T14:18:23.2990180Z   Using cached defusedxml-0.7.1-py2.py3-none-any.whl.metadata (32 kB)
Test (Python 3.10)	Install dependencies	2026-10-04T14:18:23.3131941Z Collecting jupyterlab-pygments (from nbconvert->jupyter>=1.0.0->stock-model==0.1.0)
Test (Python 3.10)	Install dependencies	2026-10-04T14:18:23.3147158Z   Using cached jupyterlab_pygments-0.3.0-py3-none-any.whl.metadata (4.4 kB)
Test (Python 3.10)	Install dependencies	2026-10-04T14:18:23.3319024Z Collecting mistune<4,>=2.0.3 (from nbconvert->jupyter>=1.0.0->stock-model==0.1.0)
Test (Python 3.10)	Install dependencies	2026-10-04T14:18:23.3333073Z   Using cached mistune-3.3.4-py3-none-any.whl.metadata (1.9 kB)
Test (Python 3.10)	Install dependencies	2026-10-04T14:18:23.3490721Z Collecting nbclient>=0.5.0 (from nbconvert->jupyter>=1.0.0->stock-model==0.1.0)
Test (Python 3.10)	Install dependencies	2026-10-04T14:18:23.3504707Z   Using cached nbclient-0.11.0-py3-none-any.whl.metadata (7.3 kB)
Test (Python 3.10)	Install dependencies	2026-10-04T14:18:23.3647970Z Collecting pandocfilters>=1.4.1 (from nbconvert->jupyter>=1.0.0->stock-model==0.1.0)
Test (Python 3.10)	Install dependencies	2026-10-04T14:18:23.3661968Z   Using cached pandocfilters-1.5.1-py2.py3-none-any.whl.metadata (9.0 kB)
Test (Python 3.10)	Install dependencies	2026-10-04T14:18:23.3850187Z Collecting tinycss2>=1.1.0 (from bleach[css]!=5.0.0->nbconvert->jupyter>=1.0.0->stock-model==0.1.0)
Test (Python 3.10)	Install dependencies	2026-10-04T14:18:23.3864209Z   Using cached tinycss2-1.5.1-py3-none-any.whl.metadata (3.0 kB)
Test (Python 3.10)	Install dependencies	2026-10-04T14:18:23.4078722Z Collecting fastjsonschema>=2.15 (from nbformat>=5.3.0->jupyter-server<3,>=2.19.0->jupyterlab->jupyter>=1.0.0->stock-model==0.1.0)
Test (Python 3.10)	Install dependencies	2026-10-04T14:18:23.4092436Z   Using cached fastjsonschema-2.22.2-py3-none-any.whl.metadata (2.1 kB)
Test (Python 3.10)	Install dependencies	2026-10-04T14:18:23.4406893Z Collecting lark>=1.2.2 (from rfc3987-syntax>=1.1.0->jsonschema[format-nongpl]>=4.18.0->jupyter-events>=0.11.0->jupyter-server<3,>=2.19.0->jupyterlab->jupyter>=1.0.0->stock-model==0.1.0)
Test (Python 3.10)	Install dependencies	2026-10-04T14:18:23.4420445Z   Using cached lark-1.3.1-py3-none-any.whl.metadata (1.8 kB)
Test (Python 3.10)	Install dependencies	2026-10-04T14:18:23.4781199Z Collecting arrow>=0.15.0 (from isoduration->jsonschema[format-nongpl]>=4.18.0->jupyter-events>=0.11.0->jupyter-server<3,>=2.19.0->jupyterlab->jupyter>=1.0.0->stock-model==0.1.0)
Test (Python 3.10)	Install dependencies	2026-10-04T14:18:23.4794581Z   Using cached arrow-1.4.0-py3-none-any.whl.metadata (7.7 kB)
Test (Python 3.10)	Install dependencies	2026-10-04T14:18:23.5179760Z Collecting executing>=1.2.0 (from stack_data->ipython>=8.14.0->stock-model==0.1.0)
Test (Python 3.10)	Install dependencies	2026-10-04T14:18:23.5193647Z   Using cached executing-2.2.1-py2.py3-none-any.whl.metadata (8.9 kB)
Test (Python 3.10)	Install dependencies	2026-10-04T14:18:23.5321276Z Collecting asttokens>=2.1.0 (from stack_data->ipython>=8.14.0->stock-model==0.1.0)
Test (Python 3.10)	Install dependencies	2026-10-04T14:18:23.5335314Z   Using cached asttokens-3.0.2-py3-none-any.whl.metadata (5.7 kB)
Test (Python 3.10)	Install dependencies	2026-10-04T14:18:23.5432667Z Collecting pure-eval (from stack_data->ipython>=8.14.0->stock-model==0.1.0)
Test (Python 3.10)	Install dependencies	2026-10-04T14:18:23.5446853Z   Using cached pure_eval-0.2.4-py3-none-any.whl.metadata (6.4 kB)
Test (Python 3.10)	Install dependencies	2026-10-04T14:18:23.5555272Z Using cached akshare-1.18.88-py3-none-any.whl (1.3 MB)
Test (Python 3.10)	Install dependencies	2026-10-04T14:18:23.5574009Z Using cached akracer-0.0.14-py3-none-any.whl (10.1 MB)
Test (Python 3.10)	Install dependencies	2026-10-04T14:18:23.5624210Z Using cached baostock-0.9.4-py3-none-any.whl (52 kB)
Test (Python 3.10)	Install dependencies	2026-10-04T14:18:23.5638465Z Using cached beautifulsoup4-4.15.0-py3-none-any.whl (109 kB)
Test (Python 3.10)	Install dependencies	2026-10-04T14:18:23.5652722Z Using cached curl_cffi-0.16.3-cp310-abi3-manylinux2014_x86_64.manylinux_2_17_x86_64.whl (13.5 MB)
Test (Python 3.10)	Install dependencies	2026-10-04T14:18:23.5717886Z Using cached certifi-2026.7.22-py3-none-any.whl (136 kB)
Test (Python 3.10)	Install dependencies	2026-10-04T14:18:23.5732234Z Using cached cffi-2.1.1-cp310-cp310-manylinux2014_x86_64.manylinux_2_17_x86_64.whl (218 kB)
Test (Python 3.10)	Install dependencies	2026-10-04T14:18:23.5746408Z Using cached decorator-5.3.1-py3-none-any.whl (10 kB)
Test (Python 3.10)	Install dependencies	2026-10-04T14:18:23.5760483Z Using cached html5lib-1.1-py2.py3-none-any.whl (112 kB)
Test (Python 3.10)	Install dependencies	2026-10-04T14:18:23.5774956Z Using cached httpx-0.28.1-py3-none-any.whl (73 kB)
Test (Python 3.10)	Install dependencies	2026-10-04T14:18:23.5788984Z Using cached httpcore-1.0.9-py3-none-any.whl (78 kB)
Test (Python 3.10)	Install dependencies	2026-10-04T14:18:23.5802693Z Using cached h11-0.16.0-py3-none-any.whl (37 kB)
Test (Python 3.10)	Install dependencies	2026-10-04T14:18:23.5816133Z Using cached ipython-8.39.0-py3-none-any.whl (831 kB)
Test (Python 3.10)	Install dependencies	2026-10-04T14:18:23.5838625Z Using cached prompt_toolkit-3.0.53-py3-none-any.whl (392 kB)
Test (Python 3.10)	Install dependencies	2026-10-04T14:18:23.5850082Z Using cached jedi-0.20.0-py2.py3-none-any.whl (4.9 MB)
Test (Python 3.10)	Install dependencies	2026-10-04T14:18:23.5882657Z Using cached parso-0.8.7-py2.py3-none-any.whl (107 kB)
Test (Python 3.10)	Install dependencies	2026-10-04T14:18:23.5897199Z Using cached jupyter-1.1.1-py2.py3-none-any.whl (2.7 kB)
Test (Python 3.10)	Install dependencies	2026-10-04T14:18:23.5910533Z Using cached kaleido-1.4.0-py3-none-any.whl (56 kB)
Test (Python 3.10)	Install dependencies	2026-10-04T14:18:23.5924183Z Using cached choreographer-1.4.0-py3-none-any.whl (57 kB)
Test (Python 3.10)	Install dependencies	2026-10-04T14:18:23.5938118Z Using cached logistro-2.0.1-py3-none-any.whl (8.6 kB)
Test (Python 3.10)	Install dependencies	2026-10-04T14:18:23.5951620Z Using cached loguru-0.7.3-py3-none-any.whl (61 kB)
Test (Python 3.10)	Install dependencies	2026-10-04T14:18:23.5965809Z Using cached lxml-6.1.3-cp310-cp310-manylinux_2_26_x86_64.manylinux_2_28_x86_64.whl (5.3 MB)
Test (Python 3.10)	Install dependencies	2026-10-04T14:18:23.6000704Z Using cached matplotlib-3.10.9-cp310-cp310-manylinux2014_x86_64.manylinux_2_17_x86_64.whl (8.8 MB)
Test (Python 3.10)	Install dependencies	2026-10-04T14:18:23.6046496Z Using cached contourpy-1.3.2-cp310-cp310-manylinux_2_17_x86_64.manylinux2014_x86_64.whl (325 kB)
Test (Python 3.10)	Install dependencies	2026-10-04T14:18:23.6061152Z Using cached cycler-0.12.1-py3-none-any.whl (8.3 kB)
Test (Python 3.10)	Install dependencies	2026-10-04T14:18:23.6075128Z Using cached fonttools-4.65.0-cp310-cp310-manylinux2014_x86_64.manylinux_2_17_x86_64.whl (5.3 MB)
Test (Python 3.10)	Install dependencies	2026-10-04T14:18:23.6108194Z Using cached kiwisolver-1.5.1-cp310-cp310-manylinux_2_12_x86_64.manylinux2010_x86_64.whl (1.6 MB)
Test (Python 3.10)	Install dependencies	2026-10-04T14:18:23.6127873Z Using cached mypy-2.4.0-cp310-cp310-manylinux2014_x86_64.manylinux_2_17_x86_64.manylinux_2_28_x86_64.whl (15.5 MB)
Test (Python 3.10)	Install dependencies	2026-10-04T14:18:23.6195686Z Using cached ast_serialize-0.12.1-cp39-abi3-manylinux_2_17_x86_64.manylinux2014_x86_64.whl (1.3 MB)
Test (Python 3.10)	Install dependencies	2026-10-04T14:18:23.6214361Z Using cached librt-0.16.0-cp310-cp310-manylinux2014_x86_64.manylinux_2_17_x86_64.manylinux_2_28_x86_64.whl (515 kB)
Test (Python 3.10)	Install dependencies	2026-10-04T14:18:23.6230171Z Using cached mypy_extensions-1.1.0-py3-none-any.whl (5.0 kB)
Test (Python 3.10)	Install dependencies	2026-10-04T14:18:23.6243871Z Using cached numpy-2.2.6-cp310-cp310-manylinux_2_17_x86_64.manylinux2014_x86_64.whl (16.8 MB)
Test (Python 3.10)	Install dependencies	2026-10-04T14:18:23.6316347Z Using cached openpyxl-3.1.5-py2.py3-none-any.whl (250 kB)
Test (Python 3.10)	Install dependencies	2026-10-04T14:18:23.6330815Z Using cached orjson-3.12.0-cp310-cp310-manylinux_2_17_x86_64.manylinux2014_x86_64.whl (131 kB)
Test (Python 3.10)	Install dependencies	2026-10-04T14:18:23.6344119Z Using cached packaging-26.3-py3-none-any.whl (129 kB)
Test (Python 3.10)	Install dependencies	2026-10-04T14:18:23.6358839Z Using cached pandas-2.3.3-cp310-cp310-manylinux_2_24_x86_64.manylinux_2_28_x86_64.whl (12.8 MB)
Test (Python 3.10)	Install dependencies	2026-10-04T14:18:23.6417320Z Using cached pathspec-1.1.1-py3-none-any.whl (57 kB)
Test (Python 3.10)	Install dependencies	2026-10-04T14:18:23.6430698Z Using cached pexpect-4.9.0-py2.py3-none-any.whl (63 kB)
Test (Python 3.10)	Install dependencies	2026-10-04T14:18:23.6445320Z Using cached pillow-12.3.0-cp310-cp310-manylinux_2_27_x86_64.manylinux_2_28_x86_64.whl (6.9 MB)
Test (Python 3.10)	Install dependencies	2026-10-04T14:18:23.6483623Z Using cached platformdirs-4.12.3-py3-none-any.whl (32 kB)
Test (Python 3.10)	Install dependencies	2026-10-04T14:18:23.6496962Z Using cached plotly-7.1.0-py3-none-any.whl (9.7 MB)
Test (Python 3.10)	Install dependencies	2026-10-04T14:18:23.6545043Z Using cached narwhals-2.26.0-py3-none-any.whl (474 kB)
Test (Python 3.10)	Install dependencies	2026-10-04T14:18:23.6560528Z Using cached ptyprocess-0.7.0-py2.py3-none-any.whl (13 kB)
Test (Python 3.10)	Install dependencies	2026-10-04T14:18:23.6574068Z Using cached py_mini_racer-0.6.0-py2.py3-none-manylinux1_x86_64.whl (5.4 MB)
Test (Python 3.10)	Install dependencies	2026-10-04T14:18:23.6608550Z Using cached pydantic-2.13.5-py3-none-any.whl (472 kB)
Test (Python 3.10)	Install dependencies	2026-10-04T14:18:23.6623930Z Using cached pydantic_core-2.46.5-cp310-cp310-manylinux_2_17_x86_64.manylinux2014_x86_64.whl (2.1 MB)
Test (Python 3.10)	Install dependencies	2026-10-04T14:18:23.6644893Z Using cached annotated_types-0.8.0-py3-none-any.whl (13 kB)
Test (Python 3.10)	Install dependencies	2026-10-04T14:18:23.6658638Z Using cached pydantic_settings-2.15.0-py3-none-any.whl (69 kB)
Test (Python 3.10)	Install dependencies	2026-10-04T14:18:23.6671867Z Using cached pygments-2.21.0-py3-none-any.whl (1.3 MB)
Test (Python 3.10)	Install dependencies	2026-10-04T14:18:23.6689974Z Using cached pyparsing-3.3.3-py3-none-any.whl (126 kB)
Test (Python 3.10)	Install dependencies	2026-10-04T14:18:23.6703654Z Using cached pytest-9.1.1-py3-none-any.whl (386 kB)
Test (Python 3.10)	Install dependencies	2026-10-04T14:18:23.6718357Z Using cached pluggy-1.6.0-py3-none-any.whl (20 kB)
Test (Python 3.10)	Install dependencies	2026-10-04T14:18:23.6731678Z Using cached exceptiongroup-1.3.1-py3-none-any.whl (16 kB)
Test (Python 3.10)	Install dependencies	2026-10-04T14:18:23.6744894Z Using cached iniconfig-2.3.0-py3-none-any.whl (7.5 kB)
Test (Python 3.10)	Install dependencies	2026-10-04T14:18:23.6758573Z Using cached pytest_cov-7.1.0-py3-none-any.whl (22 kB)
Test (Python 3.10)	Install dependencies	2026-10-04T14:18:23.6772480Z Using cached coverage-7.16.2-cp310-cp310-manylinux1_x86_64.manylinux_2_28_x86_64.manylinux_2_5_x86_64.whl (252 kB)
Test (Python 3.10)	Install dependencies	2026-10-04T14:18:23.6786202Z Using cached python_dateutil-2.9.0.post0-py2.py3-none-any.whl (229 kB)
Test (Python 3.10)	Install dependencies	2026-10-04T14:18:23.6800125Z Using cached python_dotenv-1.2.4-py3-none-any.whl (23 kB)
Test (Python 3.10)	Install dependencies	2026-10-04T14:18:23.6852215Z Downloading pytz-2026.5-py2.py3-none-any.whl (506 kB)
Test (Python 3.10)	Install dependencies	2026-10-04T14:18:23.7066545Z Using cached pyyaml-6.0.3-cp310-cp310-manylinux2014_x86_64.manylinux_2_17_x86_64.manylinux_2_28_x86_64.whl (770 kB)
Test (Python 3.10)	Install dependencies	2026-10-04T14:18:23.7084034Z Using cached requests-2.34.2-py3-none-any.whl (73 kB)
Test (Python 3.10)	Install dependencies	2026-10-04T14:18:23.7099414Z Using cached charset_normalizer-3.5.2-cp310-cp310-manylinux2014_x86_64.manylinux_2_17_x86_64.manylinux_2_28_x86_64.whl (271 kB)
Test (Python 3.10)	Install dependencies	2026-10-04T14:18:23.7113658Z Using cached idna-3.20-py3-none-any.whl (69 kB)
Test (Python 3.10)	Install dependencies	2026-10-04T14:18:23.7127672Z Using cached urllib3-2.8.0-py3-none-any.whl (135 kB)
Test (Python 3.10)	Install dependencies	2026-10-04T14:18:23.7141563Z Using cached rich-15.0.0-py3-none-any.whl (310 kB)
Test (Python 3.10)	Install dependencies	2026-10-04T14:18:23.7156851Z Using cached markdown_it_py-4.2.0-py3-none-any.whl (91 kB)
Test (Python 3.10)	Install dependencies	2026-10-04T14:18:23.7170489Z Using cached mdurl-0.1.2-py3-none-any.whl (10.0 kB)
Test (Python 3.10)	Install dependencies	2026-10-04T14:18:23.7184252Z Using cached ruff-0.16.10-py3-none-manylinux_2_17_x86_64.manylinux2014_x86_64.whl (10.4 MB)
Test (Python 3.10)	Install dependencies	2026-10-04T14:18:23.7235237Z Using cached scipy-1.15.3-cp310-cp310-manylinux_2_17_x86_64.manylinux2014_x86_64.whl (37.7 MB)
Test (Python 3.10)	Install dependencies	2026-10-04T14:18:23.7386459Z Using cached simplejson-4.2.0-cp310-cp310-manylinux1_x86_64.manylinux_2_28_x86_64.manylinux_2_5_x86_64.whl (179 kB)
Test (Python 3.10)	Install dependencies	2026-10-04T14:18:23.7401209Z Using cached six-1.17.0-py2.py3-none-any.whl (11 kB)
Test (Python 3.10)	Install dependencies	2026-10-04T14:18:23.7415082Z Using cached soupsieve-2.10-py3-none-any.whl (38 kB)
Test (Python 3.10)	Install dependencies	2026-10-04T14:18:23.7429888Z Using cached tabulate-0.10.0-py3-none-any.whl (39 kB)
Test (Python 3.10)	Install dependencies	2026-10-04T14:18:23.7443963Z Using cached tenacity-9.1.4-py3-none-any.whl (28 kB)
Test (Python 3.10)	Install dependencies	2026-10-04T14:18:23.7459903Z Using cached tomli-2.4.1-py3-none-any.whl (14 kB)
Test (Python 3.10)	Install dependencies	2026-10-04T14:18:23.7473342Z Using cached tqdm-4.70.1-py3-none-any.whl (80 kB)
Test (Python 3.10)	Install dependencies	2026-10-04T14:18:23.7487305Z Using cached traitlets-5.16.1-py3-none-any.whl (86 kB)
Test (Python 3.10)	Install dependencies	2026-10-04T14:18:23.7501132Z Using cached typing_extensions-4.16.0-py3-none-any.whl (45 kB)
Test (Python 3.10)	Install dependencies	2026-10-04T14:18:23.7518775Z Using cached typing_inspection-0.4.4-py3-none-any.whl (14 kB)
Test (Python 3.10)	Install dependencies	2026-10-04T14:18:23.7540398Z Using cached tzdata-2026.5-py2.py3-none-any.whl (347 kB)
Test (Python 3.10)	Install dependencies	2026-10-04T14:18:23.7565869Z Using cached wcwidth-0.9.1-cp310-abi3-manylinux2014_x86_64.manylinux_2_17_x86_64.whl (768 kB)
Test (Python 3.10)	Install dependencies	2026-10-04T14:18:23.7592499Z Using cached xlrd-2.0.2-py2.py3-none-any.whl (96 kB)
Test (Python 3.10)	Install dependencies	2026-10-04T14:18:23.7614645Z Using cached anyio-4.15.1-py3-none-any.whl (132 kB)
Test (Python 3.10)	Install dependencies	2026-10-04T14:18:23.7639238Z Using cached et_xmlfile-2.0.0-py3-none-any.whl (18 kB)
Test (Python 3.10)	Install dependencies	2026-10-04T14:18:23.7660481Z Using cached ipykernel-7.3.0-py3-none-any.whl (120 kB)
Test (Python 3.10)	Install dependencies	2026-10-04T14:18:23.7681005Z Using cached comm-0.2.3-py3-none-any.whl (7.3 kB)
Test (Python 3.10)	Install dependencies	2026-10-04T14:18:23.7695308Z Using cached debugpy-1.8.22-cp310-cp310-manylinux_2_34_x86_64.whl (3.0 MB)
Test (Python 3.10)	Install dependencies	2026-10-04T14:18:23.7721174Z Using cached jupyter_client-8.10.0-py3-none-any.whl (110 kB)
Test (Python 3.10)	Install dependencies	2026-10-04T14:18:23.7735396Z Using cached jupyter_core-5.9.1-py3-none-any.whl (29 kB)
Test (Python 3.10)	Install dependencies	2026-10-04T14:18:23.7749871Z Using cached matplotlib_inline-0.2.2-py3-none-any.whl (9.5 kB)
Test (Python 3.10)	Install dependencies	2026-10-04T14:18:23.7763594Z Using cached nest_asyncio2-1.7.3-py3-none-any.whl (8.4 kB)
Test (Python 3.10)	Install dependencies	2026-10-04T14:18:23.7778182Z Using cached psutil-7.2.2-cp36-abi3-manylinux2010_x86_64.manylinux_2_12_x86_64.manylinux_2_28_x86_64.whl (155 kB)
Test (Python 3.10)	Install dependencies	2026-10-04T14:18:23.7792089Z Using cached pyzmq-27.2.0-cp310-cp310-manylinux_2_26_x86_64.manylinux_2_28_x86_64.whl (888 kB)
Test (Python 3.10)	Install dependencies	2026-10-04T14:18:23.7809324Z Using cached tornado-6.5.10-cp39-abi3-manylinux1_x86_64.manylinux_2_28_x86_64.manylinux_2_5_x86_64.whl (467 kB)
Test (Python 3.10)	Install dependencies	2026-10-04T14:18:23.7824427Z Using cached ipywidgets-8.1.9-py3-none-any.whl (140 kB)
Test (Python 3.10)	Install dependencies	2026-10-04T14:18:23.7838917Z Using cached jupyterlab_widgets-3.0.17-py3-none-any.whl (217 kB)
Test (Python 3.10)	Install dependencies	2026-10-04T14:18:23.7853243Z Using cached widgetsnbextension-4.0.16-py3-none-any.whl (2.2 MB)
Test (Python 3.10)	Install dependencies	2026-10-04T14:18:23.7874964Z Using cached jupyter_console-6.6.3-py3-none-any.whl (24 kB)
Test (Python 3.10)	Install dependencies	2026-10-04T14:18:23.7889139Z Using cached jupyterlab-4.6.4-py3-none-any.whl (17.2 MB)
Test (Python 3.10)	Install dependencies	2026-10-04T14:18:23.7965189Z Using cached jupyter_server-2.21.1-py3-none-any.whl (394 kB)
Test (Python 3.10)	Install dependencies	2026-10-04T14:18:23.7980562Z Using cached jupyterlab_server-2.28.1-py3-none-any.whl (60 kB)
Test (Python 3.10)	Install dependencies	2026-10-04T14:18:23.7994171Z Using cached argon2_cffi-25.1.0-py3-none-any.whl (14 kB)
Test (Python 3.10)	Install dependencies	2026-10-04T14:18:23.8008170Z Using cached async_lru-2.3.0-py3-none-any.whl (8.4 kB)
Test (Python 3.10)	Install dependencies	2026-10-04T14:18:23.8021761Z Using cached babel-2.18.0-py3-none-any.whl (10.2 MB)
Test (Python 3.10)	Install dependencies	2026-10-04T14:18:23.8072507Z Using cached jinja2-3.1.6-py3-none-any.whl (134 kB)
Test (Python 3.10)	Install dependencies	2026-10-04T14:18:23.8086322Z Using cached json5-0.15.0-py3-none-any.whl (36 kB)
Test (Python 3.10)	Install dependencies	2026-10-04T14:18:23.8100093Z Using cached jsonschema-4.26.0-py3-none-any.whl (90 kB)
Test (Python 3.10)	Install dependencies	2026-10-04T14:18:23.8113598Z Using cached attrs-26.1.0-py3-none-any.whl (67 kB)
Test (Python 3.10)	Install dependencies	2026-10-04T14:18:23.8127651Z Using cached jsonschema_specifications-2025.9.1-py3-none-any.whl (18 kB)
Test (Python 3.10)	Install dependencies	2026-10-04T14:18:23.8141066Z Using cached jupyter_builder-1.2.3-py3-none-any.whl (947 kB)
Test (Python 3.10)	Install dependencies	2026-10-04T14:18:23.8158295Z Using cached jupyter_events-0.12.1-py3-none-any.whl (19 kB)
Test (Python 3.10)	Install dependencies	2026-10-04T14:18:23.8171862Z Using cached jsonpointer-3.1.1-py3-none-any.whl (7.7 kB)
Test (Python 3.10)	Install dependencies	2026-10-04T14:18:23.8185705Z Using cached jupyter_lsp-2.3.1-py3-none-any.whl (77 kB)
Test (Python 3.10)	Install dependencies	2026-10-04T14:18:23.8199940Z Using cached jupyter_server_terminals-0.5.4-py3-none-any.whl (13 kB)
Test (Python 3.10)	Install dependencies	2026-10-04T14:18:23.8214126Z Using cached markupsafe-3.0.4-cp310-cp310-manylinux2014_x86_64.manylinux_2_17_x86_64.manylinux_2_28_x86_64.whl (20 kB)
Test (Python 3.10)	Install dependencies	2026-10-04T14:18:23.8227591Z Using cached nbconvert-7.17.1-py3-none-any.whl (261 kB)
Test (Python 3.10)	Install dependencies	2026-10-04T14:18:23.8242332Z Using cached mistune-3.3.4-py3-none-any.whl (66 kB)
Test (Python 3.10)	Install dependencies	2026-10-04T14:18:23.8255916Z Using cached bleach-6.4.0-py3-none-any.whl (165 kB)
Test (Python 3.10)	Install dependencies	2026-10-04T14:18:23.8269918Z Using cached nbclient-0.11.0-py3-none-any.whl (25 kB)
Test (Python 3.10)	Install dependencies	2026-10-04T14:18:23.8283428Z Using cached nbformat-5.11.1-py3-none-any.whl (79 kB)
Test (Python 3.10)	Install dependencies	2026-10-04T14:18:23.8297319Z Using cached fastjsonschema-2.22.2-py3-none-any.whl (27 kB)
Test (Python 3.10)	Install dependencies	2026-10-04T14:18:23.8310645Z Using cached notebook_shim-0.2.4-py3-none-any.whl (13 kB)
Test (Python 3.10)	Install dependencies	2026-10-04T14:18:23.8324365Z Using cached overrides-7.7.0-py3-none-any.whl (17 kB)
Test (Python 3.10)	Install dependencies	2026-10-04T14:18:23.8338473Z Using cached pandocfilters-1.5.1-py2.py3-none-any.whl (8.7 kB)
Test (Python 3.10)	Install dependencies	2026-10-04T14:18:23.8351844Z Using cached prometheus_client-0.26.0-py3-none-any.whl (64 kB)
Test (Python 3.10)	Install dependencies	2026-10-04T14:18:23.8365439Z Using cached python_json_logger-4.2.0-py3-none-any.whl (14 kB)
Test (Python 3.10)	Install dependencies	2026-10-04T14:18:23.8379330Z Using cached referencing-0.37.0-py3-none-any.whl (26 kB)
Test (Python 3.10)	Install dependencies	2026-10-04T14:18:23.8393011Z Using cached rfc3986_validator-0.1.1-py2.py3-none-any.whl (4.2 kB)
Test (Python 3.10)	Install dependencies	2026-10-04T14:18:23.8406626Z Using cached rfc3987_syntax-1.1.0-py3-none-any.whl (8.0 kB)
Test (Python 3.10)	Install dependencies	2026-10-04T14:18:23.8419778Z Using cached lark-1.3.1-py3-none-any.whl (113 kB)
Test (Python 3.10)	Install dependencies	2026-10-04T14:18:23.8433883Z Using cached rpds_py-0.30.0-cp310-cp310-manylinux_2_17_x86_64.manylinux2014_x86_64.whl (390 kB)
Test (Python 3.10)	Install dependencies	2026-10-04T14:18:23.8448962Z Using cached send2trash-2.1.0-py3-none-any.whl (17 kB)
Test (Python 3.10)	Install dependencies	2026-10-04T14:18:23.8462409Z Using cached terminado-0.18.1-py3-none-any.whl (14 kB)
Test (Python 3.10)	Install dependencies	2026-10-04T14:18:23.8475713Z Using cached tinycss2-1.5.1-py3-none-any.whl (28 kB)
Test (Python 3.10)	Install dependencies	2026-10-04T14:18:23.8489684Z Using cached webcolors-25.10.0-py3-none-any.whl (14 kB)
Test (Python 3.10)	Install dependencies	2026-10-04T14:18:23.8503035Z Using cached webencodings-0.6.1-py3-none-any.whl (8.7 kB)
Test (Python 3.10)	Install dependencies	2026-10-04T14:18:23.8516666Z Using cached websocket_client-1.9.2-py3-none-any.whl (95 kB)
Test (Python 3.10)	Install dependencies	2026-10-04T14:18:23.8530997Z Using cached argon2_cffi_bindings-26.1.0-cp310-abi3-manylinux_2_26_x86_64.manylinux_2_28_x86_64.whl (26 kB)
Test (Python 3.10)	Install dependencies	2026-10-04T14:18:23.8544023Z Using cached defusedxml-0.7.1-py2.py3-none-any.whl (25 kB)
Test (Python 3.10)	Install dependencies	2026-10-04T14:18:23.8557953Z Using cached fqdn-1.6.0-py3-none-any.whl (12 kB)
Test (Python 3.10)	Install dependencies	2026-10-04T14:18:23.8571649Z Using cached isoduration-20.11.0-py3-none-any.whl (11 kB)
Test (Python 3.10)	Install dependencies	2026-10-04T14:18:23.8585090Z Using cached arrow-1.4.0-py3-none-any.whl (68 kB)
Test (Python 3.10)	Install dependencies	2026-10-04T14:18:23.8599298Z Using cached jupyterlab_pygments-0.3.0-py3-none-any.whl (15 kB)
Test (Python 3.10)	Install dependencies	2026-10-04T14:18:23.8612678Z Using cached notebook-7.6.3-py3-none-any.whl (5.5 MB)
Test (Python 3.10)	Install dependencies	2026-10-04T14:18:23.8646061Z Using cached pycparser-3.0-py3-none-any.whl (48 kB)
Test (Python 3.10)	Install dependencies	2026-10-04T14:18:23.8659754Z Using cached rfc3339_validator-0.1.4-py2.py3-none-any.whl (3.5 kB)
Test (Python 3.10)	Install dependencies	2026-10-04T14:18:23.8673219Z Using cached stack_data-0.6.3-py3-none-any.whl (24 kB)
Test (Python 3.10)	Install dependencies	2026-10-04T14:18:23.8686997Z Using cached asttokens-3.0.2-py3-none-any.whl (28 kB)
Test (Python 3.10)	Install dependencies	2026-10-04T14:18:23.8700974Z Using cached executing-2.2.1-py2.py3-none-any.whl (28 kB)
Test (Python 3.10)	Install dependencies	2026-10-04T14:18:23.8714356Z Using cached pure_eval-0.2.4-py3-none-any.whl (11 kB)
Test (Python 3.10)	Install dependencies	2026-10-04T14:18:23.8728157Z Using cached uri_template-1.3.0-py3-none-any.whl (11 kB)
Test (Python 3.10)	Install dependencies	2026-10-04T14:18:24.5841914Z Building wheels for collected packages: stock-model
Test (Python 3.10)	Install dependencies	2026-10-04T14:18:24.5851891Z   Building editable for stock-model (pyproject.toml): started
Test (Python 3.10)	Install dependencies	2026-10-04T14:18:24.8029828Z   Building editable for stock-model (pyproject.toml): finished with status 'done'
Test (Python 3.10)	Install dependencies	2026-10-04T14:18:24.8036491Z   Created wheel for stock-model: filename=stock_model-0.1.0-0.editable-py3-none-any.whl size=6088 sha256=6ac7ae7b71d72d9d2d918ced6e6c6618b35a524c634faa1bae869748e0df19dc
Test (Python 3.10)	Install dependencies	2026-10-04T14:18:24.8038463Z   Stored in directory: /tmp/pip-ephem-wheel-cache-g2rzbx5b/wheels/af/9a/d0/710d291f2ae1ab005979c4426a1dd11008e3c61e5f390a978c
Test (Python 3.10)	Install dependencies	2026-10-04T14:18:24.8056499Z Successfully built stock-model
Test (Python 3.10)	Install dependencies	2026-10-04T14:18:25.2307605Z Installing collected packages: pytz, py-mini-racer, pure-eval, ptyprocess, jsonpath, xlrd, widgetsnbextension, websocket-client, webencodings, webcolors, wcwidth, urllib3, uri-template, tzdata, typing-extensions, traitlets, tqdm, tornado, tomli, tenacity, tabulate, soupsieve, six, simplejson, send2trash, ruff, rpds-py, rfc3986-validator, pyzmq, pyyaml, python-json-logger, python-dotenv, pyparsing, pygments, pycparser, psutil, prometheus-client, pluggy, platformdirs, pillow, pexpect, pathspec, parso, pandocfilters, packaging, overrides, orjson, numpy, nest-asyncio2, narwhals, mypy_extensions, mdurl, MarkupSafe, lxml, loguru, logistro, librt, lark, kiwisolver, jupyterlab_widgets, jupyterlab-pygments, jsonpointer, json5, iniconfig, idna, h11, fqdn, fonttools, fastjsonschema, executing, et-xmlfile, defusedxml, decorator, debugpy, cycler, coverage, comm, charset_normalizer, certifi, babel, attrs, asttokens, ast-serialize, annotated-types, akracer, typing-inspection, tinycss2, terminado, stack_data, scipy, rfc3987-syntax, rfc3339-validator, requests, referencing, python-dateutil, pydantic-core, prompt_toolkit, plotly, openpyxl, mypy, mistune, matplotlib-inline, markdown-it-py, jupyter-core, jinja2, jedi, httpcore, html5lib, exceptiongroup, contourpy, choreographer, cffi, bleach, beautifulsoup4, async-lru, rich, pytest, pydantic, pandas, matplotlib, kaleido, jupyter-server-terminals, jupyter-client, jupyter-builder, jsonschema-specifications, ipython, curl_cffi, arrow, argon2-cffi-bindings, anyio, pytest-cov, pydantic-settings, jsonschema, isoduration, ipywidgets, ipykernel, httpx, baostock, argon2-cffi, akshare, stock-model, nbformat, jupyter-console, nbclient, jupyter-events, nbconvert, jupyter-server, notebook-shim, jupyterlab-server, jupyter-lsp, jupyterlab, notebook, jupyter
Test (Python 3.10)	Install dependencies	2026-10-04T14:18:50.8318609Z 
Test (Python 3.10)	Install dependencies	2026-10-04T14:18:50.8528151Z Successfully installed MarkupSafe-3.0.4 akracer-0.0.14 akshare-1.18.88 annotated-types-0.8.0 anyio-4.15.1 argon2-cffi-25.1.0 argon2-cffi-bindings-26.1.0 arrow-1.4.0 ast-serialize-0.12.1 asttokens-3.0.2 async-lru-2.3.0 attrs-26.1.0 babel-2.18.0 baostock-0.9.4 beautifulsoup4-4.15.0 bleach-6.4.0 certifi-2026.7.22 cffi-2.1.1 charset_normalizer-3.5.2 choreographer-1.4.0 comm-0.2.3 contourpy-1.3.2 coverage-7.16.2 curl_cffi-0.16.3 cycler-0.12.1 debugpy-1.8.22 decorator-5.3.1 defusedxml-0.7.1 et-xmlfile-2.0.0 exceptiongroup-1.3.1 executing-2.2.1 fastjsonschema-2.22.2 fonttools-4.65.0 fqdn-1.6.0 h11-0.16.0 html5lib-1.1 httpcore-1.0.9 httpx-0.28.1 idna-3.20 iniconfig-2.3.0 ipykernel-7.3.0 ipython-8.39.0 ipywidgets-8.1.9 isoduration-20.11.0 jedi-0.20.0 jinja2-3.1.6 json5-0.15.0 jsonpath-0.82.2 jsonpointer-3.1.1 jsonschema-4.26.0 jsonschema-specifications-2025.9.1 jupyter-1.1.1 jupyter-builder-1.2.3 jupyter-client-8.10.0 jupyter-console-6.6.3 jupyter-core-5.9.1 jupyter-events-0.12.1 jupyter-lsp-2.3.1 jupyter-server-2.21.1 jupyter-server-terminals-0.5.4 jupyterlab-4.6.4 jupyterlab-pygments-0.3.0 jupyterlab-server-2.28.1 jupyterlab_widgets-3.0.17 kaleido-1.4.0 kiwisolver-1.5.1 lark-1.3.1 librt-0.16.0 logistro-2.0.1 loguru-0.7.3 lxml-6.1.3 markdown-it-py-4.2.0 matplotlib-3.10.9 matplotlib-inline-0.2.2 mdurl-0.1.2 mistune-3.3.4 mypy-2.4.0 mypy_extensions-1.1.0 narwhals-2.26.0 nbclient-0.11.0 nbconvert-7.17.1 nbformat-5.11.1 nest-asyncio2-1.7.3 notebook-7.6.3 notebook-shim-0.2.4 numpy-2.2.6 openpyxl-3.1.5 orjson-3.12.0 overrides-7.7.0 packaging-26.3 pandas-2.3.3 pandocfilters-1.5.1 parso-0.8.7 pathspec-1.1.1 pexpect-4.9.0 pillow-12.3.0 platformdirs-4.12.3 plotly-7.1.0 pluggy-1.6.0 prometheus-client-0.26.0 prompt_toolkit-3.0.53 psutil-7.2.2 ptyprocess-0.7.0 pure-eval-0.2.4 py-mini-racer-0.6.0 pycparser-3.0 pydantic-2.13.5 pydantic-core-2.46.5 pydantic-settings-2.15.0 pygments-2.21.0 pyparsing-3.3.3 pytest-9.1.1 pytest-cov-7.1.0 python-dateutil-2.9.0.post0 python-dotenv-1.2.4 python-json-logger-4.2.0 pytz-2026.5 pyyaml-6.0.3 pyzmq-27.2.0 referencing-0.37.0 requests-2.34.2 rfc3339-validator-0.1.4 rfc3986-validator-0.1.1 rfc3987-syntax-1.1.0 rich-15.0.0 rpds-py-0.30.0 ruff-0.16.10 scipy-1.15.3 send2trash-2.1.0 simplejson-4.2.0 six-1.17.0 soupsieve-2.10 stack_data-0.6.3 stock-model-0.1.0 tabulate-0.10.0 tenacity-9.1.4 terminado-0.18.1 tinycss2-1.5.1 tomli-2.4.1 tornado-6.5.10 tqdm-4.70.1 traitlets-5.16.1 typing-extensions-4.16.0 typing-inspection-0.4.4 tzdata-2026.5 uri-template-1.3.0 urllib3-2.8.0 wcwidth-0.9.1 webcolors-25.10.0 webencodings-0.6.1 websocket-client-1.9.2 widgetsnbextension-4.0.16 xlrd-2.0.2
Test (Python 3.10)	Install dependencies	2026-10-04T14:18:57.5450755Z Collecting ta-lib
Test (Python 3.10)	Install dependencies	2026-10-04T14:18:57.5473181Z   Using cached ta_lib-0.8.1-cp310-cp310-manylinux2014_x86_64.manylinux_2_17_x86_64.manylinux_2_28_x86_64.whl.metadata (26 kB)
Test (Python 3.10)	Install dependencies	2026-10-04T14:18:57.5508964Z Requirement already satisfied: numpy in /opt/hostedtoolcache/Python/3.10.21/x64/lib/python3.10/site-packages (from ta-lib) (2.2.6)
Test (Python 3.10)	Install dependencies	2026-10-04T14:18:57.5557638Z Using cached ta_lib-0.8.1-cp310-cp310-manylinux2014_x86_64.manylinux_2_17_x86_64.manylinux_2_28_x86_64.whl (3.7 MB)
Test (Python 3.10)	Install dependencies	2026-10-04T14:18:57.8186734Z Installing collected packages: ta-lib
Test (Python 3.10)	Install dependencies	2026-10-04T14:18:57.9091477Z Successfully installed ta-lib-0.8.1
Test (Python 3.10)	Run tests	﻿2026-10-04T14:18:57.9678185Z ##[group]Run pytest tests/ -v --tb=short --cov=stock_model --cov-report=xml --cov-report=term-missing
Test (Python 3.10)	Run tests	2026-10-04T14:18:57.9678915Z ^[[36;1mpytest tests/ -v --tb=short --cov=stock_model --cov-report=xml --cov-report=term-missing^[[0m
Test (Python 3.10)	Run tests	2026-10-04T14:18:57.9745060Z shell: /usr/bin/bash -e {0}
Test (Python 3.10)	Run tests	2026-10-04T14:18:57.9745330Z env:
Test (Python 3.10)	Run tests	2026-10-04T14:18:57.9745801Z   pythonLocation: /opt/hostedtoolcache/Python/3.10.21/x64
Test (Python 3.10)	Run tests	2026-10-04T14:18:57.9746291Z   PKG_CONFIG_PATH: /opt/hostedtoolcache/Python/3.10.21/x64/lib/pkgconfig
Test (Python 3.10)	Run tests	2026-10-04T14:18:57.9746787Z   Python_ROOT_DIR: /opt/hostedtoolcache/Python/3.10.21/x64
Test (Python 3.10)	Run tests	2026-10-04T14:18:57.9747209Z   Python2_ROOT_DIR: /opt/hostedtoolcache/Python/3.10.21/x64
Test (Python 3.10)	Run tests	2026-10-04T14:18:57.9747620Z   Python3_ROOT_DIR: /opt/hostedtoolcache/Python/3.10.21/x64
Test (Python 3.10)	Run tests	2026-10-04T14:18:57.9748035Z   LD_LIBRARY_PATH: /opt/hostedtoolcache/Python/3.10.21/x64/lib
Test (Python 3.10)	Run tests	2026-10-04T14:18:57.9748413Z ##[endgroup]
Test (Python 3.10)	Run tests	2026-10-04T14:18:58.8965868Z ============================= test session starts ==============================
Test (Python 3.10)	Run tests	2026-10-04T14:18:58.8967190Z platform linux -- Python 3.10.21, pytest-9.1.1, pluggy-1.6.0 -- /opt/hostedtoolcache/Python/3.10.21/x64/bin/python
Test (Python 3.10)	Run tests	2026-10-04T14:18:58.8968145Z cachedir: .pytest_cache
Test (Python 3.10)	Run tests	2026-10-04T14:18:58.8968647Z rootdir: /home/runner/work/stock-model/stock-model
Test (Python 3.10)	Run tests	2026-10-04T14:18:58.8969241Z configfile: pyproject.toml
Test (Python 3.10)	Run tests	2026-10-04T14:18:58.8969782Z plugins: platformdirs-4.12.3, cov-7.1.0, anyio-4.15.1
Test (Python 3.10)	Run tests	2026-10-04T14:19:01.3968332Z collecting ... collected 263 items
Test (Python 3.10)	Run tests	2026-10-04T14:19:01.3968776Z 
Test (Python 3.10)	Run tests	2026-10-04T14:19:01.4002911Z tests/test_batch2.py::TestAutoDataCollector::test_add_watchlist PASSED   [  0%]
Test (Python 3.10)	Run tests	2026-10-04T14:19:01.4025369Z tests/test_batch2.py::TestAutoDataCollector::test_add_watchlist_no_duplicate PASSED [  0%]
Test (Python 3.10)	Run tests	2026-10-04T14:19:01.4049678Z tests/test_batch2.py::TestAutoDataCollector::test_remove_watchlist PASSED [  1%]
Test (Python 3.10)	Run tests	2026-10-04T14:19:01.4093126Z tests/test_batch2.py::TestAutoDataCollector::test_collect_now_success PASSED [  1%]
Test (Python 3.10)	Run tests	2026-10-04T14:19:01.4120509Z tests/test_batch2.py::TestAutoDataCollector::test_collect_now_error PASSED [  1%]
Test (Python 3.10)	Run tests	2026-10-04T14:19:01.4153021Z tests/test_batch2.py::TestAutoDataCollector::test_collect_now_callback PASSED [  2%]
Test (Python 3.10)	Run tests	2026-10-04T14:19:01.4173520Z tests/test_batch2.py::TestAutoDataCollector::test_stats PASSED           [  2%]
Test (Python 3.10)	Run tests	2026-10-04T14:19:01.4195163Z tests/test_batch2.py::TestAutoDataCollector::test_is_running_default PASSED [  3%]
Test (Python 3.10)	Run tests	2026-10-04T14:19:01.4269163Z tests/test_batch2.py::TestDataQualityMonitor::test_good_data PASSED      [  3%]
Test (Python 3.10)	Run tests	2026-10-04T14:19:01.4292728Z tests/test_batch2.py::TestDataQualityMonitor::test_empty_data PASSED     [  3%]
Test (Python 3.10)	Run tests	2026-10-04T14:19:01.4311460Z tests/test_batch2.py::TestDataQualityMonitor::test_none_data PASSED      [  4%]
Test (Python 3.10)	Run tests	2026-10-04T14:19:01.4388294Z tests/test_batch2.py::TestDataQualityMonitor::test_missing_values PASSED [  4%]
Test (Python 3.10)	Run tests	2026-10-04T14:19:01.4415075Z tests/test_batch2.py::TestDataQualityMonitor::test_missing_close_column PASSED [  4%]
Test (Python 3.10)	Run tests	2026-10-04T14:19:01.4447401Z tests/test_batch2.py::TestDataQualityMonitor::test_stale_data PASSED     [  5%]
Test (Python 3.10)	Run tests	2026-10-04T14:19:01.4509500Z tests/test_batch2.py::TestDataQualityMonitor::test_score_calculation PASSED [  5%]
Test (Python 3.10)	Run tests	2026-10-04T14:19:01.4523855Z tests/test_batch2.py::TestQualityIssue::test_str PASSED                  [  6%]
Test (Python 3.10)	Run tests	2026-10-04T14:19:01.4538260Z tests/test_batch2.py::TestQualityReport::test_has_errors PASSED          [  6%]
Test (Python 3.10)	Run tests	2026-10-04T14:19:01.4551638Z tests/test_batch2.py::TestQualityReport::test_no_errors PASSED           [  6%]
Test (Python 3.10)	Run tests	2026-10-04T14:19:01.4565106Z tests/test_batch2.py::TestQualityReport::test_str PASSED                 [  7%]
Test (Python 3.10)	Run tests	2026-10-04T14:19:01.4585840Z tests/test_batch2.py::TestSignalNotifier::test_notify_with_console PASSED [  7%]
Test (Python 3.10)	Run tests	2026-10-04T14:19:01.4608032Z tests/test_batch2.py::TestSignalNotifier::test_notify_with_file PASSED   [  7%]
Test (Python 3.10)	Run tests	2026-10-04T14:19:01.4622730Z tests/test_batch2.py::TestSignalNotifier::test_notify_no_channels PASSED [  8%]
Test (Python 3.10)	Run tests	2026-10-04T14:19:01.4637591Z tests/test_batch2.py::TestSignalNotifier::test_add_remove_channel PASSED [  8%]
Test (Python 3.10)	Run tests	2026-10-04T14:19:01.4654147Z tests/test_batch2.py::TestSignalNotifier::test_format_message_buy PASSED [  9%]
Test (Python 3.10)	Run tests	2026-10-04T14:19:01.5459114Z tests/test_batch2.py::TestWebhookChannel::test_webhook_without_httpx PASSED [  9%]
Test (Python 3.10)	Run tests	2026-10-04T14:19:01.5531624Z tests/test_batch3.py::TestPortfolioModels::test_portfolio_weight_creation PASSED [  9%]
Test (Python 3.10)	Run tests	2026-10-04T14:19:01.5545637Z tests/test_batch3.py::TestPortfolioModels::test_portfolio_weight_value PASSED [ 10%]
Test (Python 3.10)	Run tests	2026-10-04T14:19:01.5559631Z tests/test_batch3.py::TestPortfolioModels::test_portfolio_creation PASSED [ 10%]
Test (Python 3.10)	Run tests	2026-10-04T14:19:01.5573198Z tests/test_batch3.py::TestPortfolioModels::test_portfolio_weight_sum PASSED [ 11%]
Test (Python 3.10)	Run tests	2026-10-04T14:19:01.5590132Z tests/test_batch3.py::TestPortfolioOptimizer::test_equal_weight PASSED   [ 11%]
Test (Python 3.10)	Run tests	2026-10-04T14:19:01.5608955Z tests/test_batch3.py::TestPortfolioOptimizer::test_equal_weight_shares PASSED [ 11%]
Test (Python 3.10)	Run tests	2026-10-04T14:19:01.5649647Z tests/test_batch3.py::TestPortfolioOptimizer::test_risk_parity PASSED    [ 12%]
Test (Python 3.10)	Run tests	2026-10-04T14:19:01.5681496Z tests/test_batch3.py::TestPortfolioOptimizer::test_risk_parity_low_vol_high_weight PASSED [ 12%]
Test (Python 3.10)	Run tests	2026-10-04T14:19:01.9020162Z tests/test_batch3.py::TestPortfolioOptimizer::test_min_variance PASSED   [ 12%]
Test (Python 3.10)	Run tests	2026-10-04T14:19:01.9086363Z tests/test_batch3.py::TestPortfolioOptimizer::test_mean_variance PASSED  [ 13%]
Test (Python 3.10)	Run tests	2026-10-04T14:19:01.9153735Z tests/test_batch3.py::TestPortfolioOptimizer::test_mean_variance_with_target PASSED [ 13%]
Test (Python 3.10)	Run tests	2026-10-04T14:19:01.9169417Z tests/test_batch3.py::TestPortfolioOptimizer::test_single_asset PASSED   [ 14%]
Test (Python 3.10)	Run tests	2026-10-04T14:19:01.9183353Z tests/test_batch3.py::TestRLTradingAgent::test_agent_creation PASSED     [ 14%]
Test (Python 3.10)	Run tests	2026-10-04T14:19:01.9197335Z tests/test_batch3.py::TestRLTradingAgent::test_agent_creation_dqn PASSED [ 14%]
Test (Python 3.10)	Run tests	2026-10-04T14:19:01.9213748Z tests/test_batch3.py::TestRLTradingAgent::test_rule_based_insufficient_data PASSED [ 15%]
Test (Python 3.10)	Run tests	2026-10-04T14:19:01.9245390Z tests/test_batch3.py::TestRLTradingAgent::test_rule_based_buy_signal PASSED [ 15%]
Test (Python 3.10)	Run tests	2026-10-04T14:19:01.9269262Z tests/test_batch3.py::TestRLTradingAgent::test_rule_based_sell_signal PASSED [ 15%]
Test (Python 3.10)	Run tests	2026-10-04T14:19:01.9289022Z tests/test_batch3.py::TestRLTradingAgent::test_train_without_deps PASSED [ 16%]
Test (Python 3.10)	Run tests	2026-10-04T14:19:01.9363894Z tests/test_batch3.py::TestRLTradingAgent::test_extract_features PASSED   [ 16%]
Test (Python 3.10)	Run tests	2026-10-04T14:19:01.9380352Z tests/test_batch3.py::TestRLTradingAgent::test_extract_features_short_data PASSED [ 17%]
Test (Python 3.10)	Run tests	2026-10-04T14:19:01.9413127Z tests/test_batch3.py::TestRLTradingAgent::test_evaluate PASSED           [ 17%]
Test (Python 3.10)	Run tests	2026-10-04T14:19:01.9439692Z tests/test_batch3.py::TestRLTradingAgent::test_analyze_returns_strategy_result PASSED [ 17%]
Test (Python 3.10)	Run tests	2026-10-04T14:19:01.9503302Z tests/test_batch3.py::TestWebDashboard::test_create_app_import_error PASSED [ 18%]
Test (Python 3.10)	Run tests	2026-10-04T14:19:01.9517672Z tests/test_batch3.py::TestWebDashboard::test_render_dashboard_html PASSED [ 18%]
Test (Python 3.10)	Run tests	2026-10-04T14:19:01.9531598Z tests/test_batch3.py::TestWebDashboard::test_dashboard_has_chinese PASSED [ 19%]
Test (Python 3.10)	Run tests	2026-10-04T14:19:01.9545997Z tests/test_batch3.py::TestWebDashboard::test_web_module_init PASSED      [ 19%]
Test (Python 3.10)	Run tests	2026-10-04T14:19:01.9560662Z tests/test_data_sources.py::TestBaostockConvertSymbol::test_shenzhen_main PASSED [ 19%]
Test (Python 3.10)	Run tests	2026-10-04T14:19:01.9574336Z tests/test_data_sources.py::TestBaostockConvertSymbol::test_shenzhen_gem PASSED [ 20%]
Test (Python 3.10)	Run tests	2026-10-04T14:19:01.9588640Z tests/test_data_sources.py::TestBaostockConvertSymbol::test_shenzhen_small PASSED [ 20%]
Test (Python 3.10)	Run tests	2026-10-04T14:19:01.9602221Z tests/test_data_sources.py::TestBaostockConvertSymbol::test_shanghai_main PASSED [ 20%]
Test (Python 3.10)	Run tests	2026-10-04T14:19:01.9615933Z tests/test_data_sources.py::TestBaostockConvertSymbol::test_shanghai_star PASSED [ 21%]
Test (Python 3.10)	Run tests	2026-10-04T14:19:01.9630823Z tests/test_data_sources.py::TestBaostockConvertSymbol::test_bse PASSED   [ 21%]
Test (Python 3.10)	Run tests	2026-10-04T14:19:01.9644608Z tests/test_data_sources.py::TestBaostockConvertSymbol::test_already_prefixed_sh PASSED [ 22%]
Test (Python 3.10)	Run tests	2026-10-04T14:19:01.9658574Z tests/test_data_sources.py::TestBaostockConvertSymbol::test_already_prefixed_sz PASSED [ 22%]
Test (Python 3.10)	Run tests	2026-10-04T14:19:01.9673370Z tests/test_data_sources.py::TestBaostockConvertSymbol::test_unknown_prefix PASSED [ 22%]
Test (Python 3.10)	Run tests	2026-10-04T14:19:01.9694252Z tests/test_data_sources.py::TestBaostockNormalizeDate::test_yyyymmdd_format PASSED [ 23%]
Test (Python 3.10)	Run tests	2026-10-04T14:19:01.9708381Z tests/test_data_sources.py::TestBaostockNormalizeDate::test_already_normalized PASSED [ 23%]
Test (Python 3.10)	Run tests	2026-10-04T14:19:01.9722170Z tests/test_data_sources.py::TestBaostockNormalizeDate::test_none_input PASSED [ 23%]
Test (Python 3.10)	Run tests	2026-10-04T14:19:01.9735714Z tests/test_data_sources.py::TestBaostockNormalizeDate::test_empty_string PASSED [ 24%]
Test (Python 3.10)	Run tests	2026-10-04T14:19:01.9749525Z tests/test_data_sources.py::TestBaostockNormalizeDate::test_short_date PASSED [ 24%]
Test (Python 3.10)	Run tests	2026-10-04T14:19:01.9763100Z tests/test_data_sources.py::TestBaostockNormalizeDate::test_with_spaces PASSED [ 25%]
Test (Python 3.10)	Run tests	2026-10-04T14:19:01.9776847Z tests/test_data_sources.py::TestBaostockConvertAdjust::test_qfq PASSED   [ 25%]
Test (Python 3.10)	Run tests	2026-10-04T14:19:01.9790229Z tests/test_data_sources.py::TestBaostockConvertAdjust::test_hfq PASSED   [ 25%]
Test (Python 3.10)	Run tests	2026-10-04T14:19:01.9803781Z tests/test_data_sources.py::TestBaostockConvertAdjust::test_no_adjust PASSED [ 26%]
Test (Python 3.10)	Run tests	2026-10-04T14:19:01.9817777Z tests/test_data_sources.py::TestBaostockConvertAdjust::test_unknown_defaults_qfq PASSED [ 26%]
Test (Python 3.10)	Run tests	2026-10-04T14:19:01.9834435Z tests/test_data_sources.py::TestDataSourceBase::test_cannot_instantiate PASSED [ 26%]
Test (Python 3.10)	Run tests	2026-10-04T14:19:01.9850514Z tests/test_data_sources.py::TestDataSourceBase::test_baostock_is_datasource PASSED [ 27%]
Test (Python 3.10)	Run tests	2026-10-04T14:19:01.9864293Z tests/test_data_sources.py::TestDataSourceBase::test_akshare_is_datasource PASSED [ 27%]
Test (Python 3.10)	Run tests	2026-10-04T14:19:01.9878390Z tests/test_data_sources.py::TestConnectionErrorDetection::test_connection_error_pattern PASSED [ 28%]
Test (Python 3.10)	Run tests	2026-10-04T14:19:01.9892155Z tests/test_data_sources.py::TestConnectionErrorDetection::test_remote_disconnected PASSED [ 28%]
Test (Python 3.10)	Run tests	2026-10-04T14:19:01.9905587Z tests/test_data_sources.py::TestConnectionErrorDetection::test_proxy_error PASSED [ 28%]
Test (Python 3.10)	Run tests	2026-10-04T14:19:01.9919706Z tests/test_data_sources.py::TestConnectionErrorDetection::test_ssl_error PASSED [ 29%]
Test (Python 3.10)	Run tests	2026-10-04T14:19:01.9933204Z tests/test_data_sources.py::TestConnectionErrorDetection::test_non_connection_error PASSED [ 29%]
Test (Python 3.10)	Run tests	2026-10-04T14:19:01.9947025Z tests/test_data_sources.py::TestConnectionErrorDetection::test_runtime_error_not_connection PASSED [ 30%]
Test (Python 3.10)	Run tests	2026-10-04T14:19:01.9960752Z tests/test_data_sources.py::TestConnectionErrorDetection::test_key_error_not_connection PASSED [ 30%]
Test (Python 3.10)	Run tests	2026-10-04T14:19:01.9974073Z tests/test_data_sources.py::TestCreateSource::test_create_akshare PASSED [ 30%]
Test (Python 3.10)	Run tests	2026-10-04T14:19:02.5747031Z tests/test_data_sources.py::TestCreateSource::test_create_baostock PASSED [ 31%]
Test (Python 3.10)	Run tests	2026-10-04T14:19:02.5764379Z tests/test_data_sources.py::TestCreateSource::test_create_unknown_raises PASSED [ 31%]
Test (Python 3.10)	Run tests	2026-10-04T14:19:02.5925583Z tests/test_data_sources.py::TestFallbackMechanism::test_primary_success_no_fallback PASSED [ 31%]
Test (Python 3.10)	Run tests	2026-10-04T14:19:02.5977588Z tests/test_data_sources.py::TestFallbackMechanism::test_connection_error_triggers_fallback PASSED [ 32%]
Test (Python 3.10)	Run tests	2026-10-04T14:19:02.6033189Z tests/test_data_sources.py::TestFallbackMechanism::test_empty_data_triggers_fallback PASSED [ 32%]
Test (Python 3.10)	Run tests	2026-10-04T14:19:02.6084577Z tests/test_data_sources.py::TestFallbackMechanism::test_non_connection_error_raises PASSED [ 33%]
Test (Python 3.10)	Run tests	2026-10-04T14:19:02.6129143Z tests/test_data_sources.py::TestFallbackMechanism::test_both_fail_raises_runtime_error PASSED [ 33%]
Test (Python 3.10)	Run tests	2026-10-04T14:19:02.6185620Z tests/test_data_sources.py::TestFallbackMechanism::test_no_fallback_instance_primary_fails PASSED [ 33%]
Test (Python 3.10)	Run tests	2026-10-04T14:19:02.6252191Z tests/test_data_sources.py::TestBaostockNormalize::test_column_rename PASSED [ 34%]
Test (Python 3.10)	Run tests	2026-10-04T14:19:02.6293682Z tests/test_data_sources.py::TestBaostockNormalize::test_numeric_conversion PASSED [ 34%]
Test (Python 3.10)	Run tests	2026-10-04T14:19:02.6330774Z tests/test_data_sources.py::TestBaostockNormalize::test_date_index PASSED [ 34%]
Test (Python 3.10)	Run tests	2026-10-04T14:19:02.6368736Z tests/test_data_sources.py::TestBaostockNormalize::test_symbol_added PASSED [ 35%]
Test (Python 3.10)	Run tests	2026-10-04T14:19:02.6382467Z tests/test_data_sources.py::TestCacheKey::test_basic_key PASSED          [ 35%]
Test (Python 3.10)	Run tests	2026-10-04T14:19:02.6397060Z tests/test_data_sources.py::TestCacheKey::test_key_with_start_date PASSED [ 36%]
Test (Python 3.10)	Run tests	2026-10-04T14:19:02.6411080Z tests/test_data_sources.py::TestCacheKey::test_key_with_all_params PASSED [ 36%]
Test (Python 3.10)	Run tests	2026-10-04T14:19:02.6424823Z tests/test_data_sources.py::TestCacheKey::test_key_none_params_excluded PASSED [ 36%]
Test (Python 3.10)	Run tests	2026-10-04T14:19:02.6438924Z tests/test_data_sources.py::TestCacheKey::test_different_methods_different_keys PASSED [ 37%]
Test (Python 3.10)	Run tests	2026-10-04T14:19:02.6452570Z tests/test_data_sources.py::TestCacheKey::test_different_symbols_different_keys PASSED [ 37%]
Test (Python 3.10)	Run tests	2026-10-04T14:19:02.6493129Z tests/test_data_sources.py::TestCacheIntegration::test_cache_hit_returns_cached_data PASSED [ 38%]
Test (Python 3.10)	Run tests	2026-10-04T14:19:02.6539202Z tests/test_data_sources.py::TestCacheIntegration::test_cache_miss_fetches_and_stores PASSED [ 38%]
Test (Python 3.10)	Run tests	2026-10-04T14:19:02.6580344Z tests/test_data_sources.py::TestCacheIntegration::test_cache_disabled_skips_cache PASSED [ 38%]
Test (Python 3.10)	Run tests	2026-10-04T14:19:02.6622788Z tests/test_data_sources.py::TestCacheIntegration::test_cache_write_failure_does_not_raise PASSED [ 39%]
Test (Python 3.10)	Run tests	2026-10-04T14:19:02.6660964Z tests/test_data_sources.py::TestCacheIntegration::test_empty_data_not_cached PASSED [ 39%]
Test (Python 3.10)	Run tests	2026-10-04T14:19:02.6706521Z tests/test_data_sources.py::TestCacheIntegration::test_cache_ttl_passed_correctly PASSED [ 39%]
Test (Python 3.10)	Run tests	2026-10-04T14:19:02.6747583Z tests/test_data_sources.py::TestValuationFallback::test_valuation_primary_success PASSED [ 40%]
Test (Python 3.10)	Run tests	2026-10-04T14:19:02.6807112Z tests/test_data_sources.py::TestValuationFallback::test_valuation_fallback_on_connection_error PASSED [ 40%]
Test (Python 3.10)	Run tests	2026-10-04T14:19:02.6848260Z tests/test_data_sources.py::TestValuationFallback::test_valuation_both_fail_raises PASSED [ 41%]
Test (Python 3.10)	Run tests	2026-10-04T14:19:02.6880524Z tests/test_data_sources.py::TestFinancialSummaryFallback::test_financial_summary_primary_success PASSED [ 41%]
Test (Python 3.10)	Run tests	2026-10-04T14:19:02.6923807Z tests/test_data_sources.py::TestFinancialSummaryFallback::test_financial_summary_fallback_on_error PASSED [ 41%]
Test (Python 3.10)	Run tests	2026-10-04T14:19:02.6937842Z tests/test_data_sources.py::TestDataSourceAbstractMethods::test_get_valuation_is_abstract PASSED [ 42%]
Test (Python 3.10)	Run tests	2026-10-04T14:19:02.6951523Z tests/test_data_sources.py::TestDataSourceAbstractMethods::test_get_financial_summary_is_abstract PASSED [ 42%]
Test (Python 3.10)	Run tests	2026-10-04T14:19:02.6965886Z tests/test_data_sources.py::TestDataSourceAbstractMethods::test_incomplete_subclass_raises_type_error PASSED [ 42%]
Test (Python 3.10)	Run tests	2026-10-04T14:19:02.6979254Z tests/test_data_sources.py::TestCacheStats::test_creation PASSED         [ 43%]
Test (Python 3.10)	Run tests	2026-10-04T14:19:02.6992975Z tests/test_data_sources.py::TestCacheStats::test_hit_rate PASSED         [ 43%]
Test (Python 3.10)	Run tests	2026-10-04T14:19:02.7006819Z tests/test_data_sources.py::TestCacheStats::test_hit_rate_zero_requests PASSED [ 44%]
Test (Python 3.10)	Run tests	2026-10-04T14:19:02.7020411Z tests/test_data_sources.py::TestCacheStats::test_total_requests PASSED   [ 44%]
Test (Python 3.10)	Run tests	2026-10-04T14:19:02.7034077Z tests/test_data_sources.py::TestCacheStats::test_str_representation PASSED [ 44%]
Test (Python 3.10)	Run tests	2026-10-04T14:19:02.7047976Z tests/test_data_sources.py::TestCacheStats::test_summary PASSED          [ 45%]
Test (Python 3.10)	Run tests	2026-10-04T14:19:03.1454037Z tests/test_data_sources.py::TestCacheEnhancements::test_memory_cache_hit FAILED [ 45%]
Test (Python 3.10)	Run tests	2026-10-04T14:19:03.4042885Z tests/test_data_sources.py::TestCacheEnhancements::test_memory_cache_lru_eviction FAILED [ 46%]
Test (Python 3.10)	Run tests	2026-10-04T14:19:03.6063348Z tests/test_data_sources.py::TestCacheEnhancements::test_cache_stats_tracking FAILED [ 46%]
Test (Python 3.10)	Run tests	2026-10-04T14:19:03.8555387Z tests/test_data_sources.py::TestCacheEnhancements::test_cache_reset_stats FAILED [ 46%]
Test (Python 3.10)	Run tests	2026-10-04T14:19:04.1178826Z tests/test_data_sources.py::TestCacheEnhancements::test_cache_evict_expired FAILED [ 47%]
Test (Python 3.10)	Run tests	2026-10-04T14:19:04.3831241Z tests/test_data_sources.py::TestCacheEnhancements::test_cache_info_with_memory FAILED [ 47%]
Test (Python 3.10)	Run tests	2026-10-04T14:19:04.5855080Z tests/test_data_sources.py::TestCacheEnhancements::test_cache_clear_both_layers FAILED [ 47%]
Test (Python 3.10)	Run tests	2026-10-04T14:19:04.8419599Z tests/test_data_sources.py::TestCacheEnhancements::test_cache_stats_disk_info FAILED [ 48%]
Test (Python 3.10)	Run tests	2026-10-04T14:19:05.1042130Z tests/test_data_sources.py::TestCacheEnhancements::test_cache_set_updates_memory FAILED [ 48%]
Test (Python 3.10)	Run tests	2026-10-04T14:19:05.1056547Z tests/test_helpers.py::TestFormatStockCode::test_zero_padding PASSED     [ 49%]
Test (Python 3.10)	Run tests	2026-10-04T14:19:05.1071172Z tests/test_helpers.py::TestFormatStockCode::test_already_six_digits PASSED [ 49%]
Test (Python 3.10)	Run tests	2026-10-04T14:19:05.1085384Z tests/test_helpers.py::TestFormatStockCode::test_remove_prefix_sh PASSED [ 49%]
Test (Python 3.10)	Run tests	2026-10-04T14:19:05.1099695Z tests/test_helpers.py::TestFormatStockCode::test_remove_prefix_sz PASSED [ 50%]
Test (Python 3.10)	Run tests	2026-10-04T14:19:05.1117808Z tests/test_helpers.py::TestSharpeRatio::test_positive_returns PASSED     [ 50%]
Test (Python 3.10)	Run tests	2026-10-04T14:19:05.1133975Z tests/test_helpers.py::TestSharpeRatio::test_zero_returns PASSED         [ 50%]
Test (Python 3.10)	Run tests	2026-10-04T14:19:05.1149153Z tests/test_helpers.py::TestSharpeRatio::test_empty_returns PASSED        [ 51%]
Test (Python 3.10)	Run tests	2026-10-04T14:19:05.1164689Z tests/test_helpers.py::TestMaxDrawdown::test_no_drawdown PASSED          [ 51%]
Test (Python 3.10)	Run tests	2026-10-04T14:19:05.1180031Z tests/test_helpers.py::TestMaxDrawdown::test_with_drawdown PASSED        [ 52%]
Test (Python 3.10)	Run tests	2026-10-04T14:19:05.1193572Z tests/test_helpers.py::TestWinRate::test_all_wins PASSED                 [ 52%]
Test (Python 3.10)	Run tests	2026-10-04T14:19:05.1207213Z tests/test_helpers.py::TestWinRate::test_all_losses PASSED               [ 52%]
Test (Python 3.10)	Run tests	2026-10-04T14:19:05.1222180Z tests/test_helpers.py::TestWinRate::test_mixed PASSED                    [ 53%]
Test (Python 3.10)	Run tests	2026-10-04T14:19:05.1235611Z tests/test_helpers.py::TestWinRate::test_empty PASSED                    [ 53%]
Test (Python 3.10)	Run tests	2026-10-04T14:19:05.1249582Z tests/test_helpers.py::TestProfitFactor::test_basic PASSED               [ 53%]
Test (Python 3.10)	Run tests	2026-10-04T14:19:05.1263671Z tests/test_helpers.py::TestProfitFactor::test_no_losses PASSED           [ 54%]
Test (Python 3.10)	Run tests	2026-10-04T14:19:05.1452040Z tests/test_integration.py::TestDataAnalysisSignalChain::test_full_chain PASSED [ 54%]
Test (Python 3.10)	Run tests	2026-10-04T14:19:05.1664888Z tests/test_integration.py::TestDataAnalysisSignalChain::test_data_quality_then_analysis PASSED [ 55%]
Test (Python 3.10)	Run tests	2026-10-04T14:19:05.1856531Z tests/test_integration.py::TestStrategyRiskPositionChain::test_buy_signal_flow PASSED [ 55%]
Test (Python 3.10)	Run tests	2026-10-04T14:19:05.1870761Z tests/test_integration.py::TestStrategyRiskPositionChain::test_risk_blocks_signal PASSED [ 55%]
Test (Python 3.10)	Run tests	2026-10-04T14:19:05.1887736Z tests/test_integration.py::TestStrategyRiskPositionChain::test_position_sizer_methods PASSED [ 56%]
Test (Python 3.10)	Run tests	2026-10-04T14:19:05.2216710Z tests/test_integration.py::TestTradingPipeline::test_run_once_success PASSED [ 56%]
Test (Python 3.10)	Run tests	2026-10-04T14:19:05.2439003Z tests/test_integration.py::TestTradingPipeline::test_run_once_no_strategy PASSED [ 57%]
Test (Python 3.10)	Run tests	2026-10-04T14:19:05.2466922Z tests/test_integration.py::TestTradingPipeline::test_run_once_data_fetch_failure PASSED [ 57%]
Test (Python 3.10)	Run tests	2026-10-04T14:19:05.2503111Z tests/test_integration.py::TestTradingPipeline::test_run_once_insufficient_data PASSED [ 57%]
Test (Python 3.10)	Run tests	2026-10-04T14:19:05.3084636Z tests/test_integration.py::TestTradingPipeline::test_run_batch PASSED    [ 58%]
Test (Python 3.10)	Run tests	2026-10-04T14:19:05.3667026Z tests/test_integration.py::TestTradingPipeline::test_signal_cooldown PASSED [ 58%]
Test (Python 3.10)	Run tests	2026-10-04T14:19:05.3687858Z tests/test_integration.py::TestTradingPipeline::test_cooldown_clear PASSED [ 58%]
Test (Python 3.10)	Run tests	2026-10-04T14:19:05.4019239Z tests/test_integration.py::TestTradingPipeline::test_on_result_callback PASSED [ 59%]
Test (Python 3.10)	Run tests	2026-10-04T14:19:05.4094558Z tests/test_integration.py::TestTradingPipeline::test_pipeline_stats PASSED [ 59%]
Test (Python 3.10)	Run tests	2026-10-04T14:19:06.1227818Z tests/test_integration.py::TestBacktestIntegration::test_backtest_manual_strategy PASSED [ 60%]
Test (Python 3.10)	Run tests	2026-10-04T14:19:06.8199301Z tests/test_integration.py::TestBacktestIntegration::test_backtest_metrics PASSED [ 60%]
Test (Python 3.10)	Run tests	2026-10-04T14:19:06.8214393Z tests/test_integration.py::TestPipelineConfig::test_default_config PASSED [ 60%]
Test (Python 3.10)	Run tests	2026-10-04T14:19:06.8229316Z tests/test_integration.py::TestPipelineConfig::test_custom_config PASSED [ 61%]
Test (Python 3.10)	Run tests	2026-10-04T14:19:06.8243800Z tests/test_integration.py::TestPipelineConfig::test_from_dict PASSED     [ 61%]
Test (Python 3.10)	Run tests	2026-10-04T14:19:06.8259335Z tests/test_integration.py::TestPipelineConfig::test_to_dict PASSED       [ 61%]
Test (Python 3.10)	Run tests	2026-10-04T14:19:06.8273907Z tests/test_integration.py::TestPipelineResult::test_executed_result PASSED [ 62%]
Test (Python 3.10)	Run tests	2026-10-04T14:19:06.8288635Z tests/test_integration.py::TestPipelineResult::test_skipped_result PASSED [ 62%]
Test (Python 3.10)	Run tests	2026-10-04T14:19:06.8302776Z tests/test_integration.py::TestPipelineResult::test_blocked_result PASSED [ 63%]
Test (Python 3.10)	Run tests	2026-10-04T14:19:06.8317043Z tests/test_integration.py::TestPipelineResult::test_error_result PASSED  [ 63%]
Test (Python 3.10)	Run tests	2026-10-04T14:19:06.8331771Z tests/test_integration.py::TestPipelineRunSummary::test_summary_stats PASSED [ 63%]
Test (Python 3.10)	Run tests	2026-10-04T14:19:06.8347023Z tests/test_integration.py::TestPipelineRunSummary::test_empty_summary PASSED [ 64%]
Test (Python 3.10)	Run tests	2026-10-04T14:19:06.8361058Z tests/test_risk.py::TestPosition::test_market_value PASSED               [ 64%]
Test (Python 3.10)	Run tests	2026-10-04T14:19:06.8375034Z tests/test_risk.py::TestPosition::test_cost_value PASSED                 [ 65%]
Test (Python 3.10)	Run tests	2026-10-04T14:19:06.8389180Z tests/test_risk.py::TestPosition::test_profit_loss PASSED                [ 65%]
Test (Python 3.10)	Run tests	2026-10-04T14:19:06.8403905Z tests/test_risk.py::TestPosition::test_profit_loss_pct PASSED            [ 65%]
Test (Python 3.10)	Run tests	2026-10-04T14:19:06.8417586Z tests/test_risk.py::TestPosition::test_profit_loss_pct_zero_cost PASSED  [ 66%]
Test (Python 3.10)	Run tests	2026-10-04T14:19:06.8431075Z tests/test_risk.py::TestPosition::test_str PASSED                        [ 66%]
Test (Python 3.10)	Run tests	2026-10-04T14:19:06.8444559Z tests/test_risk.py::TestRiskAlert::test_alert_str PASSED                 [ 66%]
Test (Python 3.10)	Run tests	2026-10-04T14:19:06.8458216Z tests/test_risk.py::TestRiskEnums::test_risk_levels PASSED               [ 67%]
Test (Python 3.10)	Run tests	2026-10-04T14:19:06.8471435Z tests/test_risk.py::TestRiskEnums::test_risk_types PASSED                [ 67%]
Test (Python 3.10)	Run tests	2026-10-04T14:19:06.8487466Z tests/test_risk.py::TestRiskManager::test_no_alerts_when_no_risk PASSED  [ 68%]
Test (Python 3.10)	Run tests	2026-10-04T14:19:06.8500790Z tests/test_risk.py::TestRiskManager::test_stop_loss_triggered PASSED     [ 68%]
Test (Python 3.10)	Run tests	2026-10-04T14:19:06.8514356Z tests/test_risk.py::TestRiskManager::test_stop_loss_approaching PASSED   [ 68%]
Test (Python 3.10)	Run tests	2026-10-04T14:19:06.8528648Z tests/test_risk.py::TestRiskManager::test_stop_loss_not_triggered PASSED [ 69%]
Test (Python 3.10)	Run tests	2026-10-04T14:19:06.8542124Z tests/test_risk.py::TestRiskManager::test_take_profit_triggered PASSED   [ 69%]
Test (Python 3.10)	Run tests	2026-10-04T14:19:06.8555442Z tests/test_risk.py::TestRiskManager::test_take_profit_not_triggered PASSED [ 69%]
Test (Python 3.10)	Run tests	2026-10-04T14:19:06.8570832Z tests/test_risk.py::TestRiskManager::test_drawdown_critical PASSED       [ 70%]
Test (Python 3.10)	Run tests	2026-10-04T14:19:06.8585564Z tests/test_risk.py::TestRiskManager::test_drawdown_warning PASSED        [ 70%]
Test (Python 3.10)	Run tests	2026-10-04T14:19:06.8600772Z tests/test_risk.py::TestRiskManager::test_concentration_alert PASSED     [ 71%]
Test (Python 3.10)	Run tests	2026-10-04T14:19:06.8614150Z tests/test_risk.py::TestRiskManager::test_empty_positions PASSED         [ 71%]
Test (Python 3.10)	Run tests	2026-10-04T14:19:06.8628220Z tests/test_risk.py::TestRiskManager::test_zero_shares_position PASSED    [ 71%]
Test (Python 3.10)	Run tests	2026-10-04T14:19:06.8642728Z tests/test_risk.py::TestPositionSizer::test_fixed_size PASSED            [ 72%]
Test (Python 3.10)	Run tests	2026-10-04T14:19:06.8657304Z tests/test_risk.py::TestPositionSizer::test_fixed_size_respects_max PASSED [ 72%]
Test (Python 3.10)	Run tests	2026-10-04T14:19:06.8671537Z tests/test_risk.py::TestPositionSizer::test_fixed_size_min_shares PASSED [ 73%]
Test (Python 3.10)	Run tests	2026-10-04T14:19:06.8685810Z tests/test_risk.py::TestPositionSizer::test_kelly_size_positive PASSED   [ 73%]
Test (Python 3.10)	Run tests	2026-10-04T14:19:06.8700453Z tests/test_risk.py::TestPositionSizer::test_kelly_size_negative_returns_zero PASSED [ 73%]
Test (Python 3.10)	Run tests	2026-10-04T14:19:06.8715510Z tests/test_risk.py::TestPositionSizer::test_kelly_size_invalid_params PASSED [ 74%]
Test (Python 3.10)	Run tests	2026-10-04T14:19:06.8730602Z tests/test_risk.py::TestPositionSizer::test_risk_parity PASSED           [ 74%]
Test (Python 3.10)	Run tests	2026-10-04T14:19:06.8744428Z tests/test_risk.py::TestPositionSizer::test_risk_parity_empty PASSED     [ 74%]
Test (Python 3.10)	Run tests	2026-10-04T14:19:06.8759512Z tests/test_risk.py::TestPositionSizer::test_atr_size PASSED              [ 75%]
Test (Python 3.10)	Run tests	2026-10-04T14:19:06.8774390Z tests/test_risk.py::TestPositionSizer::test_atr_size_zero_atr PASSED     [ 75%]
Test (Python 3.10)	Run tests	2026-10-04T14:19:06.8789687Z tests/test_risk.py::TestPositionSizer::test_atr_size_respects_max PASSED [ 76%]
Test (Python 3.10)	Run tests	2026-10-04T14:19:06.8804483Z tests/test_risk.py::TestPortfolioRisk::test_max_concentration PASSED     [ 76%]
Test (Python 3.10)	Run tests	2026-10-04T14:19:06.8818738Z tests/test_risk.py::TestPortfolioRisk::test_max_concentration_empty PASSED [ 76%]
Test (Python 3.10)	Run tests	2026-10-04T14:19:06.8832732Z tests/test_risk.py::TestPortfolioRisk::test_has_critical_alerts PASSED   [ 77%]
Test (Python 3.10)	Run tests	2026-10-04T14:19:06.8847768Z tests/test_risk.py::TestPortfolioRisk::test_no_critical_alerts PASSED    [ 77%]
Test (Python 3.10)	Run tests	2026-10-04T14:19:06.8862109Z tests/test_strategy_engine.py::TestTrade::test_trade_amount PASSED       [ 77%]
Test (Python 3.10)	Run tests	2026-10-04T14:19:06.8876666Z tests/test_strategy_engine.py::TestTrade::test_trade_str PASSED          [ 78%]
Test (Python 3.10)	Run tests	2026-10-04T14:19:06.8898081Z tests/test_strategy_engine.py::TestBacktestResult::test_total_return_positive PASSED [ 78%]
Test (Python 3.10)	Run tests	2026-10-04T14:19:06.8913917Z tests/test_strategy_engine.py::TestBacktestResult::test_total_return_negative PASSED [ 79%]
Test (Python 3.10)	Run tests	2026-10-04T14:19:06.8929713Z tests/test_strategy_engine.py::TestBacktestResult::test_total_return_zero_initial PASSED [ 79%]
Test (Python 3.10)	Run tests	2026-10-04T14:19:07.5747714Z tests/test_strategy_engine.py::TestBacktestEngine::test_backtest_with_manual_strategy PASSED [ 79%]
Test (Python 3.10)	Run tests	2026-10-04T14:19:07.6083924Z tests/test_strategy_engine.py::TestBacktestEngine::test_backtest_with_quant_strategy PASSED [ 80%]
Test (Python 3.10)	Run tests	2026-10-04T14:19:07.6221403Z tests/test_strategy_engine.py::TestBacktestEngine::test_backtest_short_data PASSED [ 80%]
Test (Python 3.10)	Run tests	2026-10-04T14:19:08.3036478Z tests/test_strategy_engine.py::TestBacktestEngine::test_backtest_metrics_keys PASSED [ 80%]
Test (Python 3.10)	Run tests	2026-10-04T14:19:09.6639122Z tests/test_strategy_engine.py::TestBacktestEngine::test_backtest_commission_and_slippage PASSED [ 81%]
Test (Python 3.10)	Run tests	2026-10-04T14:19:09.6653212Z tests/test_strategy_engine.py::TestQuantStrategy::test_params_default PASSED [ 81%]
Test (Python 3.10)	Run tests	2026-10-04T14:19:09.6667276Z tests/test_strategy_engine.py::TestQuantStrategy::test_set_get_param PASSED [ 82%]
Test (Python 3.10)	Run tests	2026-10-04T14:19:09.6680339Z tests/test_strategy_engine.py::TestQuantStrategy::test_params_to_dict PASSED [ 82%]
Test (Python 3.10)	Run tests	2026-10-04T14:19:09.7011676Z tests/test_strategy_engine.py::TestQuantStrategy::test_optimize_basic PASSED [ 82%]
Test (Python 3.10)	Run tests	2026-10-04T14:19:09.7338080Z tests/test_strategy_engine.py::TestQuantStrategy::test_evaluate_uses_backtest PASSED [ 83%]
Test (Python 3.10)	Run tests	2026-10-04T14:19:09.7355478Z tests/test_strategy_engine.py::TestStrategyEngine::test_register_and_list PASSED [ 83%]
Test (Python 3.10)	Run tests	2026-10-04T14:19:09.7373710Z tests/test_strategy_engine.py::TestStrategyEngine::test_unregister PASSED [ 84%]
Test (Python 3.10)	Run tests	2026-10-04T14:19:09.7512810Z tests/test_strategy_engine.py::TestStrategyEngine::test_run_all PASSED   [ 84%]
Test (Python 3.10)	Run tests	2026-10-04T14:19:09.7651126Z tests/test_strategy_engine.py::TestStrategyEngine::test_aggregate_signal_single PASSED [ 84%]
Test (Python 3.10)	Run tests	2026-10-04T14:19:09.7665066Z tests/test_strategy_engine.py::TestStrategyEngine::test_aggregate_signal_empty PASSED [ 85%]
Test (Python 3.10)	Run tests	2026-10-04T14:19:09.7810055Z tests/test_strategy_engine.py::TestStrategyEngine::test_aggregate_signal_multiple PASSED [ 85%]
Test (Python 3.10)	Run tests	2026-10-04T14:19:09.7947417Z tests/test_strategy_engine.py::TestStrategyEngine::test_get_performance PASSED [ 85%]
Test (Python 3.10)	Run tests	2026-10-04T14:19:09.7961997Z tests/test_strategy_engine.py::TestTradePair::test_trade_pair_return_pct PASSED [ 86%]
Test (Python 3.10)	Run tests	2026-10-04T14:19:09.7975414Z tests/test_strategy_engine.py::TestTradePair::test_trade_pair_loss PASSED [ 86%]
Test (Python 3.10)	Run tests	2026-10-04T14:19:09.7990290Z tests/test_strategy_engine.py::TestTradePair::test_trade_pair_str PASSED [ 87%]
Test (Python 3.10)	Run tests	2026-10-04T14:19:09.8318316Z tests/test_strategy_engine.py::TestBacktestAnalysis::test_trade_analysis_populated PASSED [ 87%]
Test (Python 3.10)	Run tests	2026-10-04T14:19:09.8645503Z tests/test_strategy_engine.py::TestBacktestAnalysis::test_benchmark_populated PASSED [ 87%]
Test (Python 3.10)	Run tests	2026-10-04T14:19:10.5449789Z tests/test_strategy_engine.py::TestBacktestAnalysis::test_new_metrics_calmar PASSED [ 88%]
Test (Python 3.10)	Run tests	2026-10-04T14:19:11.2566760Z tests/test_strategy_engine.py::TestBacktestAnalysis::test_compare_strategies PASSED [ 88%]
Test (Python 3.10)	Run tests	2026-10-04T14:19:11.2703863Z tests/test_strategy_engine.py::TestBacktestAnalysis::test_trade_analysis_empty_trades PASSED [ 88%]
Test (Python 3.10)	Run tests	2026-10-04T14:19:11.2718379Z tests/test_strategy_engine.py::TestBacktestAnalysis::test_benchmark_str PASSED [ 89%]
Test (Python 3.10)	Run tests	2026-10-04T14:19:11.2802809Z tests/test_strategy_engine.py::TestTradingEnvReward::test_default_reward_fn PASSED [ 89%]
Test (Python 3.10)	Run tests	2026-10-04T14:19:11.2883535Z tests/test_strategy_engine.py::TestTradingEnvReward::test_sharpe_reward_fn PASSED [ 90%]
Test (Python 3.10)	Run tests	2026-10-04T14:19:11.2964445Z tests/test_strategy_engine.py::TestTradingEnvReward::test_sortino_reward_fn PASSED [ 90%]
Test (Python 3.10)	Run tests	2026-10-04T14:19:11.3044510Z tests/test_strategy_engine.py::TestTradingEnvReward::test_custom_reward_fn PASSED [ 90%]
Test (Python 3.10)	Run tests	2026-10-04T14:19:11.3123360Z tests/test_strategy_engine.py::TestTradingEnvReward::test_invalid_reward_fn_falls_back PASSED [ 91%]
Test (Python 3.10)	Run tests	2026-10-04T14:19:11.3137915Z tests/test_strategy_engine.py::TestTradingEnvReward::test_builtin_rewards_registry PASSED [ 91%]
Test (Python 3.10)	Run tests	2026-10-04T14:19:11.3218635Z tests/test_strategy_engine.py::TestTradingEnvReward::test_returns_history_reset PASSED [ 92%]
Test (Python 3.10)	Run tests	2026-10-04T14:19:11.3309762Z tests/test_strategy_engine.py::TestTradingEnvReward::test_reward_fn_multiple_steps PASSED [ 92%]
Test (Python 3.10)	Run tests	2026-10-04T14:19:11.3446584Z tests/test_strategy_engine.py::TestMultiStockTradingEnv::test_init PASSED [ 92%]
Test (Python 3.10)	Run tests	2026-10-04T14:19:11.3585118Z tests/test_strategy_engine.py::TestMultiStockTradingEnv::test_reset PASSED [ 93%]
Test (Python 3.10)	Run tests	2026-10-04T14:19:11.3726261Z tests/test_strategy_engine.py::TestMultiStockTradingEnv::test_step_hold PASSED [ 93%]
Test (Python 3.10)	Run tests	2026-10-04T14:19:11.3867564Z tests/test_strategy_engine.py::TestMultiStockTradingEnv::test_step_buy PASSED [ 93%]
Test (Python 3.10)	Run tests	2026-10-04T14:19:11.4010722Z tests/test_strategy_engine.py::TestMultiStockTradingEnv::test_step_sell PASSED [ 94%]
Test (Python 3.10)	Run tests	2026-10-04T14:19:11.4161588Z tests/test_strategy_engine.py::TestMultiStockTradingEnv::test_observation_shape PASSED [ 94%]
Test (Python 3.10)	Run tests	2026-10-04T14:19:11.4304747Z tests/test_strategy_engine.py::TestMultiStockTradingEnv::test_concentration_penalty PASSED [ 95%]
Test (Python 3.10)	Run tests	2026-10-04T14:19:11.4523591Z tests/test_strategy_engine.py::TestMultiStockTradingEnv::test_multiple_episodes PASSED [ 95%]
Test (Python 3.10)	Run tests	2026-10-04T14:19:11.4726155Z tests/test_strategy_engine.py::TestMultiStockTradingEnv::test_three_stocks PASSED [ 95%]
Test (Python 3.10)	Run tests	2026-10-04T14:19:11.4869688Z tests/test_strategy_engine.py::TestMultiStockTradingEnv::test_total_value_property PASSED [ 96%]
Test (Python 3.10)	Run tests	2026-10-04T14:19:11.5009954Z tests/test_strategy_engine.py::TestMultiStockTradingEnv::test_current_step_property PASSED [ 96%]
Test (Python 3.10)	Run tests	2026-10-04T14:19:11.5024338Z tests/test_strategy_engine.py::TestEvaluationResult::test_creation PASSED [ 96%]
Test (Python 3.10)	Run tests	2026-10-04T14:19:11.5039388Z tests/test_strategy_engine.py::TestEvaluationResult::test_str_representation PASSED [ 97%]
Test (Python 3.10)	Run tests	2026-10-04T14:19:11.5053094Z tests/test_strategy_engine.py::TestEvaluationResult::test_summary PASSED [ 97%]
Test (Python 3.10)	Run tests	2026-10-04T14:19:11.5067366Z tests/test_strategy_engine.py::TestEvaluationResult::test_default_values PASSED [ 98%]
Test (Python 3.10)	Run tests	2026-10-04T14:19:11.5218727Z tests/test_strategy_engine.py::TestRLAgentEvaluation::test_evaluate_episodes_untrained PASSED [ 98%]
Test (Python 3.10)	Run tests	2026-10-04T14:19:11.5416626Z tests/test_strategy_engine.py::TestRLAgentEvaluation::test_evaluate_episodes_statistics PASSED [ 98%]
Test (Python 3.10)	Run tests	2026-10-04T14:19:11.5630602Z tests/test_strategy_engine.py::TestRLAgentEvaluation::test_evaluate_episodes_with_reward_fn PASSED [ 99%]
Test (Python 3.10)	Run tests	2026-10-04T14:19:11.5719476Z tests/test_strategy_engine.py::TestRLAgentEvaluation::test_compare_with_baseline PASSED [ 99%]
Test (Python 3.10)	Run tests	2026-10-04T14:19:12.8471976Z tests/test_strategy_engine.py::TestRLAgentEvaluation::test_evaluate_backtest PASSED [100%]
Test (Python 3.10)	Run tests	2026-10-04T14:19:12.8472832Z 
Test (Python 3.10)	Run tests	2026-10-04T14:19:12.8473107Z =================================== FAILURES ===================================
Test (Python 3.10)	Run tests	2026-10-04T14:19:12.8473932Z _________________ TestCacheEnhancements.test_memory_cache_hit __________________
Test (Python 3.10)	Run tests	2026-10-04T14:19:12.8474814Z tests/test_data_sources.py:721: in test_memory_cache_hit
Test (Python 3.10)	Run tests	2026-10-04T14:19:12.8475743Z     storage.cache_set("test_key", df)
Test (Python 3.10)	Run tests	2026-10-04T14:19:12.8476337Z src/stock_model/data/storage.py:204: in cache_set
Test (Python 3.10)	Run tests	2026-10-04T14:19:12.8476928Z     self._save(df, filepath, "parquet")
Test (Python 3.10)	Run tests	2026-10-04T14:19:12.8477465Z src/stock_model/data/storage.py:351: in _save
Test (Python 3.10)	Run tests	2026-10-04T14:19:12.8477993Z     df.to_parquet(filepath, index=True)
Test (Python 3.10)	Run tests	2026-10-04T14:19:12.8479335Z /opt/hostedtoolcache/Python/3.10.21/x64/lib/python3.10/site-packages/pandas/util/_decorators.py:333: in wrapper
Test (Python 3.10)	Run tests	2026-10-04T14:19:12.8480383Z     return func(*args, **kwargs)
Test (Python 3.10)	Run tests	2026-10-04T14:19:12.8481259Z /opt/hostedtoolcache/Python/3.10.21/x64/lib/python3.10/site-packages/pandas/core/frame.py:3124: in to_parquet
Test (Python 3.10)	Run tests	2026-10-04T14:19:12.8482174Z     return to_parquet(
Test (Python 3.10)	Run tests	2026-10-04T14:19:12.8483023Z /opt/hostedtoolcache/Python/3.10.21/x64/lib/python3.10/site-packages/pandas/io/parquet.py:478: in to_parquet
Test (Python 3.10)	Run tests	2026-10-04T14:19:12.8483966Z     impl = get_engine(engine)
Test (Python 3.10)	Run tests	2026-10-04T14:19:12.8484840Z /opt/hostedtoolcache/Python/3.10.21/x64/lib/python3.10/site-packages/pandas/io/parquet.py:68: in get_engine
Test (Python 3.10)	Run tests	2026-10-04T14:19:12.8486148Z     raise ImportError(
Test (Python 3.10)	Run tests	2026-10-04T14:19:12.8486856Z E   ImportError: Unable to find a usable engine; tried using: 'pyarrow', 'fastparquet'.
Test (Python 3.10)	Run tests	2026-10-04T14:19:12.8487905Z E   A suitable version of pyarrow or fastparquet is required for parquet support.
Test (Python 3.10)	Run tests	2026-10-04T14:19:12.8488775Z E   Trying to import the above resulted in these errors:
Test (Python 3.10)	Run tests	2026-10-04T14:19:12.8489917Z E    - Missing optional dependency 'pyarrow'. pyarrow is required for parquet support. Use pip or conda to install pyarrow.
Test (Python 3.10)	Run tests	2026-10-04T14:19:12.8491478Z E    - Missing optional dependency 'fastparquet'. fastparquet is required for parquet support. Use pip or conda to install fastparquet.
Test (Python 3.10)	Run tests	2026-10-04T14:19:12.8492804Z _____________ TestCacheEnhancements.test_memory_cache_lru_eviction _____________
Test (Python 3.10)	Run tests	2026-10-04T14:19:12.8493636Z tests/test_data_sources.py:734: in test_memory_cache_lru_eviction
Test (Python 3.10)	Run tests	2026-10-04T14:19:12.8494240Z     storage.cache_set(f"key_{i}", df)
Test (Python 3.10)	Run tests	2026-10-04T14:19:12.8494718Z src/stock_model/data/storage.py:204: in cache_set
Test (Python 3.10)	Run tests	2026-10-04T14:19:12.8495227Z     self._save(df, filepath, "parquet")
Test (Python 3.10)	Run tests	2026-10-04T14:19:12.8495966Z src/stock_model/data/storage.py:351: in _save
Test (Python 3.10)	Run tests	2026-10-04T14:19:12.8496444Z     df.to_parquet(filepath, index=True)
Test (Python 3.10)	Run tests	2026-10-04T14:19:12.8497257Z /opt/hostedtoolcache/Python/3.10.21/x64/lib/python3.10/site-packages/pandas/util/_decorators.py:333: in wrapper
Test (Python 3.10)	Run tests	2026-10-04T14:19:12.8498109Z     return func(*args, **kwargs)
Test (Python 3.10)	Run tests	2026-10-04T14:19:12.8498911Z /opt/hostedtoolcache/Python/3.10.21/x64/lib/python3.10/site-packages/pandas/core/frame.py:3124: in to_parquet
Test (Python 3.10)	Run tests	2026-10-04T14:19:12.8499701Z     return to_parquet(
Test (Python 3.10)	Run tests	2026-10-04T14:19:12.8500412Z /opt/hostedtoolcache/Python/3.10.21/x64/lib/python3.10/site-packages/pandas/io/parquet.py:478: in to_parquet
Test (Python 3.10)	Run tests	2026-10-04T14:19:12.8501234Z     impl = get_engine(engine)
Test (Python 3.10)	Run tests	2026-10-04T14:19:12.8502226Z /opt/hostedtoolcache/Python/3.10.21/x64/lib/python3.10/site-packages/pandas/io/parquet.py:68: in get_engine
Test (Python 3.10)	Run tests	2026-10-04T14:19:12.8503005Z     raise ImportError(
Test (Python 3.10)	Run tests	2026-10-04T14:19:12.8503580Z E   ImportError: Unable to find a usable engine; tried using: 'pyarrow', 'fastparquet'.
Test (Python 3.10)	Run tests	2026-10-04T14:19:12.8504444Z E   A suitable version of pyarrow or fastparquet is required for parquet support.
Test (Python 3.10)	Run tests	2026-10-04T14:19:12.8505627Z E   Trying to import the above resulted in these errors:
Test (Python 3.10)	Run tests	2026-10-04T14:19:12.8506774Z E    - Missing optional dependency 'pyarrow'. pyarrow is required for parquet support. Use pip or conda to install pyarrow.
Test (Python 3.10)	Run tests	2026-10-04T14:19:12.8508367Z E    - Missing optional dependency 'fastparquet'. fastparquet is required for parquet support. Use pip or conda to install fastparquet.
Test (Python 3.10)	Run tests	2026-10-04T14:19:12.8509721Z _______________ TestCacheEnhancements.test_cache_stats_tracking ________________
Test (Python 3.10)	Run tests	2026-10-04T14:19:12.8510595Z tests/test_data_sources.py:750: in test_cache_stats_tracking
Test (Python 3.10)	Run tests	2026-10-04T14:19:12.8511396Z     storage.cache_set("test_key", df)
Test (Python 3.10)	Run tests	2026-10-04T14:19:12.8512003Z src/stock_model/data/storage.py:204: in cache_set
Test (Python 3.10)	Run tests	2026-10-04T14:19:12.8578857Z     self._save(df, filepath, "parquet")
Test (Python 3.10)	Run tests	2026-10-04T14:19:12.8579443Z src/stock_model/data/storage.py:351: in _save
Test (Python 3.10)	Run tests	2026-10-04T14:19:12.8579917Z     df.to_parquet(filepath, index=True)
Test (Python 3.10)	Run tests	2026-10-04T14:19:12.8580715Z /opt/hostedtoolcache/Python/3.10.21/x64/lib/python3.10/site-packages/pandas/util/_decorators.py:333: in wrapper
Test (Python 3.10)	Run tests	2026-10-04T14:19:12.8581798Z     return func(*args, **kwargs)
Test (Python 3.10)	Run tests	2026-10-04T14:19:12.8582543Z /opt/hostedtoolcache/Python/3.10.21/x64/lib/python3.10/site-packages/pandas/core/frame.py:3124: in to_parquet
Test (Python 3.10)	Run tests	2026-10-04T14:19:12.8583314Z     return to_parquet(
Test (Python 3.10)	Run tests	2026-10-04T14:19:12.8584006Z /opt/hostedtoolcache/Python/3.10.21/x64/lib/python3.10/site-packages/pandas/io/parquet.py:478: in to_parquet
Test (Python 3.10)	Run tests	2026-10-04T14:19:12.8584766Z     impl = get_engine(engine)
Test (Python 3.10)	Run tests	2026-10-04T14:19:12.8585699Z /opt/hostedtoolcache/Python/3.10.21/x64/lib/python3.10/site-packages/pandas/io/parquet.py:68: in get_engine
Test (Python 3.10)	Run tests	2026-10-04T14:19:12.8586465Z     raise ImportError(
Test (Python 3.10)	Run tests	2026-10-04T14:19:12.8587044Z E   ImportError: Unable to find a usable engine; tried using: 'pyarrow', 'fastparquet'.
Test (Python 3.10)	Run tests	2026-10-04T14:19:12.8587910Z E   A suitable version of pyarrow or fastparquet is required for parquet support.
Test (Python 3.10)	Run tests	2026-10-04T14:19:12.8588622Z E   Trying to import the above resulted in these errors:
Test (Python 3.10)	Run tests	2026-10-04T14:19:12.8589517Z E    - Missing optional dependency 'pyarrow'. pyarrow is required for parquet support. Use pip or conda to install pyarrow.
Test (Python 3.10)	Run tests	2026-10-04T14:19:12.8590866Z E    - Missing optional dependency 'fastparquet'. fastparquet is required for parquet support. Use pip or conda to install fastparquet.
Test (Python 3.10)	Run tests	2026-10-04T14:19:12.8591976Z _________________ TestCacheEnhancements.test_cache_reset_stats _________________
Test (Python 3.10)	Run tests	2026-10-04T14:19:12.8592671Z tests/test_data_sources.py:763: in test_cache_reset_stats
Test (Python 3.10)	Run tests	2026-10-04T14:19:12.8593178Z     storage.cache_set("test_key", df)
Test (Python 3.10)	Run tests	2026-10-04T14:19:12.8593629Z src/stock_model/data/storage.py:204: in cache_set
Test (Python 3.10)	Run tests	2026-10-04T14:19:12.8594122Z     self._save(df, filepath, "parquet")
Test (Python 3.10)	Run tests	2026-10-04T14:19:12.8594572Z src/stock_model/data/storage.py:351: in _save
Test (Python 3.10)	Run tests	2026-10-04T14:19:12.8595020Z     df.to_parquet(filepath, index=True)
Test (Python 3.10)	Run tests	2026-10-04T14:19:12.8596000Z /opt/hostedtoolcache/Python/3.10.21/x64/lib/python3.10/site-packages/pandas/util/_decorators.py:333: in wrapper
Test (Python 3.10)	Run tests	2026-10-04T14:19:12.8596820Z     return func(*args, **kwargs)
Test (Python 3.10)	Run tests	2026-10-04T14:19:12.8597554Z /opt/hostedtoolcache/Python/3.10.21/x64/lib/python3.10/site-packages/pandas/core/frame.py:3124: in to_parquet
Test (Python 3.10)	Run tests	2026-10-04T14:19:12.8598346Z     return to_parquet(
Test (Python 3.10)	Run tests	2026-10-04T14:19:12.8599028Z /opt/hostedtoolcache/Python/3.10.21/x64/lib/python3.10/site-packages/pandas/io/parquet.py:478: in to_parquet
Test (Python 3.10)	Run tests	2026-10-04T14:19:12.8599796Z     impl = get_engine(engine)
Test (Python 3.10)	Run tests	2026-10-04T14:19:12.8600540Z /opt/hostedtoolcache/Python/3.10.21/x64/lib/python3.10/site-packages/pandas/io/parquet.py:68: in get_engine
Test (Python 3.10)	Run tests	2026-10-04T14:19:12.8601292Z     raise ImportError(
Test (Python 3.10)	Run tests	2026-10-04T14:19:12.8602107Z E   ImportError: Unable to find a usable engine; tried using: 'pyarrow', 'fastparquet'.
Test (Python 3.10)	Run tests	2026-10-04T14:19:12.8602962Z E   A suitable version of pyarrow or fastparquet is required for parquet support.
Test (Python 3.10)	Run tests	2026-10-04T14:19:12.8603659Z E   Trying to import the above resulted in these errors:
Test (Python 3.10)	Run tests	2026-10-04T14:19:12.8604547Z E    - Missing optional dependency 'pyarrow'. pyarrow is required for parquet support. Use pip or conda to install pyarrow.
Test (Python 3.10)	Run tests	2026-10-04T14:19:12.8606090Z E    - Missing optional dependency 'fastparquet'. fastparquet is required for parquet support. Use pip or conda to install fastparquet.
Test (Python 3.10)	Run tests	2026-10-04T14:19:12.8607172Z ________________ TestCacheEnhancements.test_cache_evict_expired ________________
Test (Python 3.10)	Run tests	2026-10-04T14:19:12.8607861Z tests/test_data_sources.py:778: in test_cache_evict_expired
Test (Python 3.10)	Run tests	2026-10-04T14:19:12.8608390Z     storage.cache_set("test_key", df)
Test (Python 3.10)	Run tests	2026-10-04T14:19:12.8608860Z src/stock_model/data/storage.py:204: in cache_set
Test (Python 3.10)	Run tests	2026-10-04T14:19:12.8609333Z     self._save(df, filepath, "parquet")
Test (Python 3.10)	Run tests	2026-10-04T14:19:12.8609789Z src/stock_model/data/storage.py:351: in _save
Test (Python 3.10)	Run tests	2026-10-04T14:19:12.8610242Z     df.to_parquet(filepath, index=True)
Test (Python 3.10)	Run tests	2026-10-04T14:19:12.8611020Z /opt/hostedtoolcache/Python/3.10.21/x64/lib/python3.10/site-packages/pandas/util/_decorators.py:333: in wrapper
Test (Python 3.10)	Run tests	2026-10-04T14:19:12.8611812Z     return func(*args, **kwargs)
Test (Python 3.10)	Run tests	2026-10-04T14:19:12.8612544Z /opt/hostedtoolcache/Python/3.10.21/x64/lib/python3.10/site-packages/pandas/core/frame.py:3124: in to_parquet
Test (Python 3.10)	Run tests	2026-10-04T14:19:12.8613495Z     return to_parquet(
Test (Python 3.10)	Run tests	2026-10-04T14:19:12.8614179Z /opt/hostedtoolcache/Python/3.10.21/x64/lib/python3.10/site-packages/pandas/io/parquet.py:478: in to_parquet
Test (Python 3.10)	Run tests	2026-10-04T14:19:12.8614938Z     impl = get_engine(engine)
Test (Python 3.10)	Run tests	2026-10-04T14:19:12.8615837Z /opt/hostedtoolcache/Python/3.10.21/x64/lib/python3.10/site-packages/pandas/io/parquet.py:68: in get_engine
Test (Python 3.10)	Run tests	2026-10-04T14:19:12.8616602Z     raise ImportError(
Test (Python 3.10)	Run tests	2026-10-04T14:19:12.8617155Z E   ImportError: Unable to find a usable engine; tried using: 'pyarrow', 'fastparquet'.
Test (Python 3.10)	Run tests	2026-10-04T14:19:12.8618007Z E   A suitable version of pyarrow or fastparquet is required for parquet support.
Test (Python 3.10)	Run tests	2026-10-04T14:19:12.8618726Z E   Trying to import the above resulted in these errors:
Test (Python 3.10)	Run tests	2026-10-04T14:19:12.8619643Z E    - Missing optional dependency 'pyarrow'. pyarrow is required for parquet support. Use pip or conda to install pyarrow.
Test (Python 3.10)	Run tests	2026-10-04T14:19:12.8620983Z E    - Missing optional dependency 'fastparquet'. fastparquet is required for parquet support. Use pip or conda to install fastparquet.
Test (Python 3.10)	Run tests	2026-10-04T14:19:12.8622084Z ______________ TestCacheEnhancements.test_cache_info_with_memory _______________
Test (Python 3.10)	Run tests	2026-10-04T14:19:12.8622817Z tests/test_data_sources.py:789: in test_cache_info_with_memory
Test (Python 3.10)	Run tests	2026-10-04T14:19:12.8623357Z     storage.cache_set("test_key", df)
Test (Python 3.10)	Run tests	2026-10-04T14:19:12.8623813Z src/stock_model/data/storage.py:204: in cache_set
Test (Python 3.10)	Run tests	2026-10-04T14:19:12.8624304Z     self._save(df, filepath, "parquet")
Test (Python 3.10)	Run tests	2026-10-04T14:19:12.8624767Z src/stock_model/data/storage.py:351: in _save
Test (Python 3.10)	Run tests	2026-10-04T14:19:12.8625221Z     df.to_parquet(filepath, index=True)
Test (Python 3.10)	Run tests	2026-10-04T14:19:12.8626173Z /opt/hostedtoolcache/Python/3.10.21/x64/lib/python3.10/site-packages/pandas/util/_decorators.py:333: in wrapper
Test (Python 3.10)	Run tests	2026-10-04T14:19:12.8626987Z     return func(*args, **kwargs)
Test (Python 3.10)	Run tests	2026-10-04T14:19:12.8627737Z /opt/hostedtoolcache/Python/3.10.21/x64/lib/python3.10/site-packages/pandas/core/frame.py:3124: in to_parquet
Test (Python 3.10)	Run tests	2026-10-04T14:19:12.8628530Z     return to_parquet(
Test (Python 3.10)	Run tests	2026-10-04T14:19:12.8629240Z /opt/hostedtoolcache/Python/3.10.21/x64/lib/python3.10/site-packages/pandas/io/parquet.py:478: in to_parquet
Test (Python 3.10)	Run tests	2026-10-04T14:19:12.8630030Z     impl = get_engine(engine)
Test (Python 3.10)	Run tests	2026-10-04T14:19:12.8630820Z /opt/hostedtoolcache/Python/3.10.21/x64/lib/python3.10/site-packages/pandas/io/parquet.py:68: in get_engine
Test (Python 3.10)	Run tests	2026-10-04T14:19:12.8631596Z     raise ImportError(
Test (Python 3.10)	Run tests	2026-10-04T14:19:12.8632176Z E   ImportError: Unable to find a usable engine; tried using: 'pyarrow', 'fastparquet'.
Test (Python 3.10)	Run tests	2026-10-04T14:19:12.8633228Z E   A suitable version of pyarrow or fastparquet is required for parquet support.
Test (Python 3.10)	Run tests	2026-10-04T14:19:12.8633920Z E   Trying to import the above resulted in these errors:
Test (Python 3.10)	Run tests	2026-10-04T14:19:12.8634871Z E    - Missing optional dependency 'pyarrow'. pyarrow is required for parquet support. Use pip or conda to install pyarrow.
Test (Python 3.10)	Run tests	2026-10-04T14:19:12.8636430Z E    - Missing optional dependency 'fastparquet'. fastparquet is required for parquet support. Use pip or conda to install fastparquet.
Test (Python 3.10)	Run tests	2026-10-04T14:19:12.8637606Z ______________ TestCacheEnhancements.test_cache_clear_both_layers ______________
Test (Python 3.10)	Run tests	2026-10-04T14:19:12.8638405Z tests/test_data_sources.py:800: in test_cache_clear_both_layers
Test (Python 3.10)	Run tests	2026-10-04T14:19:12.8638948Z     storage.cache_set("test_key", df)
Test (Python 3.10)	Run tests	2026-10-04T14:19:12.8639419Z src/stock_model/data/storage.py:204: in cache_set
Test (Python 3.10)	Run tests	2026-10-04T14:19:12.8639893Z     self._save(df, filepath, "parquet")
Test (Python 3.10)	Run tests	2026-10-04T14:19:12.8640331Z src/stock_model/data/storage.py:351: in _save
Test (Python 3.10)	Run tests	2026-10-04T14:19:12.8640790Z     df.to_parquet(filepath, index=True)
Test (Python 3.10)	Run tests	2026-10-04T14:19:12.8641596Z /opt/hostedtoolcache/Python/3.10.21/x64/lib/python3.10/site-packages/pandas/util/_decorators.py:333: in wrapper
Test (Python 3.10)	Run tests	2026-10-04T14:19:12.8642399Z     return func(*args, **kwargs)
Test (Python 3.10)	Run tests	2026-10-04T14:19:12.8643126Z /opt/hostedtoolcache/Python/3.10.21/x64/lib/python3.10/site-packages/pandas/core/frame.py:3124: in to_parquet
Test (Python 3.10)	Run tests	2026-10-04T14:19:12.8643887Z     return to_parquet(
Test (Python 3.10)	Run tests	2026-10-04T14:19:12.8644573Z /opt/hostedtoolcache/Python/3.10.21/x64/lib/python3.10/site-packages/pandas/io/parquet.py:478: in to_parquet
Test (Python 3.10)	Run tests	2026-10-04T14:19:12.8645996Z     impl = get_engine(engine)
Test (Python 3.10)	Run tests	2026-10-04T14:19:12.8646689Z /opt/hostedtoolcache/Python/3.10.21/x64/lib/python3.10/site-packages/pandas/io/parquet.py:68: in get_engine
Test (Python 3.10)	Run tests	2026-10-04T14:19:12.8647380Z     raise ImportError(
Test (Python 3.10)	Run tests	2026-10-04T14:19:12.8647879Z E   ImportError: Unable to find a usable engine; tried using: 'pyarrow', 'fastparquet'.
Test (Python 3.10)	Run tests	2026-10-04T14:19:12.8648624Z E   A suitable version of pyarrow or fastparquet is required for parquet support.
Test (Python 3.10)	Run tests	2026-10-04T14:19:12.8649251Z E   Trying to import the above resulted in these errors:
Test (Python 3.10)	Run tests	2026-10-04T14:19:12.8650041Z E    - Missing optional dependency 'pyarrow'. pyarrow is required for parquet support. Use pip or conda to install pyarrow.
Test (Python 3.10)	Run tests	2026-10-04T14:19:12.8651202Z E    - Missing optional dependency 'fastparquet'. fastparquet is required for parquet support. Use pip or conda to install fastparquet.
Test (Python 3.10)	Run tests	2026-10-04T14:19:12.8652166Z _______________ TestCacheEnhancements.test_cache_stats_disk_info _______________
Test (Python 3.10)	Run tests	2026-10-04T14:19:12.8652790Z tests/test_data_sources.py:811: in test_cache_stats_disk_info
Test (Python 3.10)	Run tests	2026-10-04T14:19:12.8653252Z     storage.cache_set("test_key", df)
Test (Python 3.10)	Run tests	2026-10-04T14:19:12.8653650Z src/stock_model/data/storage.py:204: in cache_set
Test (Python 3.10)	Run tests	2026-10-04T14:19:12.8654056Z     self._save(df, filepath, "parquet")
Test (Python 3.10)	Run tests	2026-10-04T14:19:12.8654436Z src/stock_model/data/storage.py:351: in _save
Test (Python 3.10)	Run tests	2026-10-04T14:19:12.8654820Z     df.to_parquet(filepath, index=True)
Test (Python 3.10)	Run tests	2026-10-04T14:19:12.8655617Z /opt/hostedtoolcache/Python/3.10.21/x64/lib/python3.10/site-packages/pandas/util/_decorators.py:333: in wrapper
Test (Python 3.10)	Run tests	2026-10-04T14:19:12.8656316Z     return func(*args, **kwargs)
Test (Python 3.10)	Run tests	2026-10-04T14:19:12.8656938Z /opt/hostedtoolcache/Python/3.10.21/x64/lib/python3.10/site-packages/pandas/core/frame.py:3124: in to_parquet
Test (Python 3.10)	Run tests	2026-10-04T14:19:12.8657601Z     return to_parquet(
Test (Python 3.10)	Run tests	2026-10-04T14:19:12.8658188Z /opt/hostedtoolcache/Python/3.10.21/x64/lib/python3.10/site-packages/pandas/io/parquet.py:478: in to_parquet
Test (Python 3.10)	Run tests	2026-10-04T14:19:12.8658867Z     impl = get_engine(engine)
Test (Python 3.10)	Run tests	2026-10-04T14:19:12.8659476Z /opt/hostedtoolcache/Python/3.10.21/x64/lib/python3.10/site-packages/pandas/io/parquet.py:68: in get_engine
Test (Python 3.10)	Run tests	2026-10-04T14:19:12.8660002Z     raise ImportError(
Test (Python 3.10)	Run tests	2026-10-04T14:19:12.8660390Z E   ImportError: Unable to find a usable engine; tried using: 'pyarrow', 'fastparquet'.
Test (Python 3.10)	Run tests	2026-10-04T14:19:12.8660947Z E   A suitable version of pyarrow or fastparquet is required for parquet support.
Test (Python 3.10)	Run tests	2026-10-04T14:19:12.8661408Z E   Trying to import the above resulted in these errors:
Test (Python 3.10)	Run tests	2026-10-04T14:19:12.8662235Z E    - Missing optional dependency 'pyarrow'. pyarrow is required for parquet support. Use pip or conda to install pyarrow.
Test (Python 3.10)	Run tests	2026-10-04T14:19:12.8663127Z E    - Missing optional dependency 'fastparquet'. fastparquet is required for parquet support. Use pip or conda to install fastparquet.
Test (Python 3.10)	Run tests	2026-10-04T14:19:12.8663840Z _____________ TestCacheEnhancements.test_cache_set_updates_memory ______________
Test (Python 3.10)	Run tests	2026-10-04T14:19:12.8664324Z tests/test_data_sources.py:822: in test_cache_set_updates_memory
Test (Python 3.10)	Run tests	2026-10-04T14:19:12.8664702Z     storage.cache_set("test_key", df1)
Test (Python 3.10)	Run tests	2026-10-04T14:19:12.8665010Z src/stock_model/data/storage.py:204: in cache_set
Test (Python 3.10)	Run tests	2026-10-04T14:19:12.8665320Z     self._save(df, filepath, "parquet")
Test (Python 3.10)	Run tests	2026-10-04T14:19:12.8665736Z src/stock_model/data/storage.py:351: in _save
Test (Python 3.10)	Run tests	2026-10-04T14:19:12.8666039Z     df.to_parquet(filepath, index=True)
Test (Python 3.10)	Run tests	2026-10-04T14:19:12.8666542Z /opt/hostedtoolcache/Python/3.10.21/x64/lib/python3.10/site-packages/pandas/util/_decorators.py:333: in wrapper
Test (Python 3.10)	Run tests	2026-10-04T14:19:12.8667064Z     return func(*args, **kwargs)
Test (Python 3.10)	Run tests	2026-10-04T14:19:12.8667542Z /opt/hostedtoolcache/Python/3.10.21/x64/lib/python3.10/site-packages/pandas/core/frame.py:3124: in to_parquet
Test (Python 3.10)	Run tests	2026-10-04T14:19:12.8668031Z     return to_parquet(
Test (Python 3.10)	Run tests	2026-10-04T14:19:12.8668470Z /opt/hostedtoolcache/Python/3.10.21/x64/lib/python3.10/site-packages/pandas/io/parquet.py:478: in to_parquet
Test (Python 3.10)	Run tests	2026-10-04T14:19:12.8668971Z     impl = get_engine(engine)
Test (Python 3.10)	Run tests	2026-10-04T14:19:12.8669589Z /opt/hostedtoolcache/Python/3.10.21/x64/lib/python3.10/site-packages/pandas/io/parquet.py:68: in get_engine
Test (Python 3.10)	Run tests	2026-10-04T14:19:12.8670074Z     raise ImportError(
Test (Python 3.10)	Run tests	2026-10-04T14:19:12.8670443Z E   ImportError: Unable to find a usable engine; tried using: 'pyarrow', 'fastparquet'.
Test (Python 3.10)	Run tests	2026-10-04T14:19:12.8670987Z E   A suitable version of pyarrow or fastparquet is required for parquet support.
Test (Python 3.10)	Run tests	2026-10-04T14:19:12.8671439Z E   Trying to import the above resulted in these errors:
Test (Python 3.10)	Run tests	2026-10-04T14:19:12.8672026Z E    - Missing optional dependency 'pyarrow'. pyarrow is required for parquet support. Use pip or conda to install pyarrow.
Test (Python 3.10)	Run tests	2026-10-04T14:19:12.8672883Z E    - Missing optional dependency 'fastparquet'. fastparquet is required for parquet support. Use pip or conda to install fastparquet.
Test (Python 3.10)	Run tests	2026-10-04T14:19:12.8673519Z =============================== warnings summary ===============================
Test (Python 3.10)	Run tests	2026-10-04T14:19:12.8674101Z ../../../../../opt/hostedtoolcache/Python/3.10.21/x64/lib/python3.10/site-packages/py_mini_racer/py_mini_racer.py:15
Test (Python 3.10)	Run tests	2026-10-04T14:19:12.8675243Z   /opt/hostedtoolcache/Python/3.10.21/x64/lib/python3.10/site-packages/py_mini_racer/py_mini_racer.py:15: DeprecationWarning: pkg_resources is deprecated as an API. See https://setuptools.pypa.io/en/latest/pkg_resources.html
Test (Python 3.10)	Run tests	2026-10-04T14:19:12.8676646Z     import pkg_resources
Test (Python 3.10)	Run tests	2026-10-04T14:19:12.8676809Z 
Test (Python 3.10)	Run tests	2026-10-04T14:19:12.8677030Z -- Docs: https://docs.pytest.org/en/stable/how-to/capture-warnings.html
Test (Python 3.10)	Run tests	2026-10-04T14:19:12.8677503Z ================================ tests coverage ================================
Test (Python 3.10)	Run tests	2026-10-04T14:19:12.8677948Z _______________ coverage: platform linux, python 3.10.21-final-0 _______________
Test (Python 3.10)	Run tests	2026-10-04T14:19:12.8678252Z 
Test (Python 3.10)	Run tests	2026-10-04T14:19:12.8678440Z Name                                              Stmts   Miss  Cover   Missing
Test (Python 3.10)	Run tests	2026-10-04T14:19:12.8678843Z -------------------------------------------------------------------------------
Test (Python 3.10)	Run tests	2026-10-04T14:19:12.8679267Z src/stock_model/__init__.py                           1      0   100%
Test (Python 3.10)	Run tests	2026-10-04T14:19:12.8679701Z src/stock_model/analysis/__init__.py                  4      0   100%
Test (Python 3.10)	Run tests	2026-10-04T14:19:12.8680288Z src/stock_model/analysis/fundamental.py              94     64    32%   43, 68-69, 81-82, 94-102, 114-122, 135-145, 157-196, 208-218
Test (Python 3.10)	Run tests	2026-10-04T14:19:12.8680974Z src/stock_model/analysis/signals.py                 131     35    73%   50, 67, 78, 90, 94, 150-181, 201-227, 249-275, 318-324
Test (Python 3.10)	Run tests	2026-10-04T14:19:12.8681582Z src/stock_model/analysis/technical.py                90      5    94%   23, 97, 123, 182, 193
Test (Python 3.10)	Run tests	2026-10-04T14:19:12.8682228Z src/stock_model/config/__init__.py                    2      0   100%
Test (Python 3.10)	Run tests	2026-10-04T14:19:12.8682655Z src/stock_model/config/settings.py                   58      0   100%
Test (Python 3.10)	Run tests	2026-10-04T14:19:12.8683071Z src/stock_model/data/__init__.py                      5      0   100%
Test (Python 3.10)	Run tests	2026-10-04T14:19:12.8683573Z src/stock_model/data/collector.py                    90     29    68%   94, 116, 119-123, 131-135, 146-166, 170-175
Test (Python 3.10)	Run tests	2026-10-04T14:19:12.8684420Z src/stock_model/data/fetcher.py                     167     55    67%   88-93, 155, 174-176, 179-189, 192-193, 202-213, 278-283, 294-295, 308-309, 324-325, 332-333, 343-344, 354-355, 362-363, 368-369, 390-396
Test (Python 3.10)	Run tests	2026-10-04T14:19:12.8685227Z src/stock_model/data/monitor.py                     101      7    93%   45, 127, 143, 164, 170-171, 195
Test (Python 3.10)	Run tests	2026-10-04T14:19:12.8685973Z src/stock_model/data/processor.py                    61     46    25%   34-46, 60-64, 81-100, 114-127, 141-152
Test (Python 3.10)	Run tests	2026-10-04T14:19:12.8686512Z src/stock_model/data/sources/__init__.py              4      0   100%
Test (Python 3.10)	Run tests	2026-10-04T14:19:12.8687144Z src/stock_model/data/sources/akshare_source.py       70     52    26%   32-40, 49-57, 66-74, 77-80, 83-84, 91-110, 117-134, 137-138, 141-142, 147-167
Test (Python 3.10)	Run tests	2026-10-04T14:19:12.8688007Z src/stock_model/data/sources/baostock_source.py     215    145    33%   51, 58-62, 124-151, 160-186, 195-221, 225-226, 230-248, 252-270, 274-290, 298-345, 353-392
Test (Python 3.10)	Run tests	2026-10-04T14:19:12.8688704Z src/stock_model/data/sources/base.py                 25      1    96%   102
Test (Python 3.10)	Run tests	2026-10-04T14:19:12.8689635Z src/stock_model/data/storage.py                     182    107    41%   126-132, 142-148, 159-160, 169-170, 179-182, 188-191, 208-212, 225-261, 269-279, 283-297, 301-302, 313-329, 335-336, 341-343, 352-355, 361-370
Test (Python 3.10)	Run tests	2026-10-04T14:19:12.8690403Z src/stock_model/notify/__init__.py                    3      0   100%
Test (Python 3.10)	Run tests	2026-10-04T14:19:12.8690867Z src/stock_model/notify/channels.py                   42      5    88%   107-112
Test (Python 3.10)	Run tests	2026-10-04T14:19:12.8691356Z src/stock_model/notify/notifier.py                   35      2    94%   62-63
Test (Python 3.10)	Run tests	2026-10-04T14:19:12.8691815Z src/stock_model/pipeline/__init__.py                  4      0   100%
Test (Python 3.10)	Run tests	2026-10-04T14:19:12.8692263Z src/stock_model/pipeline/config.py                   36      4    89%   79-83
Test (Python 3.10)	Run tests	2026-10-04T14:19:12.8692738Z src/stock_model/pipeline/models.py                   48      2    96%   56, 61
Test (Python 3.10)	Run tests	2026-10-04T14:19:12.8693534Z src/stock_model/pipeline/trading_pipeline.py        186     62    67%   92, 103-104, 110, 114, 154, 179, 190-194, 206, 210, 229-231, 242-243, 289-292, 296-297, 323-325, 329-342, 346-384, 391-400, 411-412
Test (Python 3.10)	Run tests	2026-10-04T14:19:12.8694300Z src/stock_model/portfolio/__init__.py                 3      0   100%
Test (Python 3.10)	Run tests	2026-10-04T14:19:12.8694794Z src/stock_model/portfolio/models.py                  35      9    74%   27, 42, 47, 52-55, 58-59
Test (Python 3.10)	Run tests	2026-10-04T14:19:12.8695561Z src/stock_model/portfolio/optimizer.py              133     21    84%   48, 99, 106-107, 168, 175, 205-213, 274, 282, 302, 325-330
Test (Python 3.10)	Run tests	2026-10-04T14:19:12.8696143Z src/stock_model/risk/__init__.py                      4      0   100%
Test (Python 3.10)	Run tests	2026-10-04T14:19:12.8696633Z src/stock_model/risk/manager.py                      79      4    95%   131, 177, 216, 248
Test (Python 3.10)	Run tests	2026-10-04T14:19:12.8697132Z src/stock_model/risk/models.py                       69      1    99%   115
Test (Python 3.10)	Run tests	2026-10-04T14:19:12.8697624Z src/stock_model/risk/position_sizer.py               62      2    97%   144, 148
Test (Python 3.10)	Run tests	2026-10-04T14:19:12.8698096Z src/stock_model/strategy/__init__.py                  7      0   100%
Test (Python 3.10)	Run tests	2026-10-04T14:19:12.8698531Z src/stock_model/strategy/base.py                     34      0   100%
Test (Python 3.10)	Run tests	2026-10-04T14:19:12.8699240Z src/stock_model/strategy/engine.py                  371     71    81%   59, 82, 113, 163, 214, 236-239, 263-276, 335, 371-376, 390-391, 394-405, 447-492, 561-562, 634-635, 665, 672, 713
Test (Python 3.10)	Run tests	2026-10-04T14:19:12.8700013Z src/stock_model/strategy/manual.py                   93     36    61%   75-78, 80-83, 97-100, 103-105, 139-172
Test (Python 3.10)	Run tests	2026-10-04T14:19:12.8700619Z src/stock_model/strategy/quant_strategy.py           74     10    86%   35, 64, 105, 118-120, 123-125, 141
Test (Python 3.10)	Run tests	2026-10-04T14:19:12.8701611Z src/stock_model/strategy/rl_agent.py                254    106    58%   131, 171-178, 191, 206, 216, 219, 222, 263, 313-362, 390-463, 479-487, 495-505, 525-533, 538, 543, 547-565, 593, 628
Test (Python 3.10)	Run tests	2026-10-04T14:19:12.8702812Z src/stock_model/strategy/trading_env.py             419     67    84%   38, 49, 68, 74-79, 181-188, 196, 242-244, 257, 287, 296, 332, 342, 346, 350-352, 361-369, 379, 391-393, 405, 414-418, 484-487, 521-522, 560-562, 575-585, 592, 625, 649, 674, 683, 687, 742, 749-751
Test (Python 3.10)	Run tests	2026-10-04T14:19:12.8703749Z src/stock_model/utils/__init__.py                     3      0   100%
Test (Python 3.10)	Run tests	2026-10-04T14:19:12.8704207Z src/stock_model/utils/helpers.py                     44      1    98%   97
Test (Python 3.10)	Run tests	2026-10-04T14:19:12.8704677Z src/stock_model/utils/logger.py                      13      8    38%   23-53
Test (Python 3.10)	Run tests	2026-10-04T14:19:12.8705152Z src/stock_model/visualization/__init__.py             2      2     0%   3-5
Test (Python 3.10)	Run tests	2026-10-04T14:19:12.8705779Z src/stock_model/visualization/charts.py              94     94     0%   11-312
Test (Python 3.10)	Run tests	2026-10-04T14:19:12.8706257Z src/stock_model/web/__init__.py                       2      0   100%
Test (Python 3.10)	Run tests	2026-10-04T14:19:12.8706698Z src/stock_model/web/app.py                          240    224     7%   41-483
Test (Python 3.10)	Run tests	2026-10-04T14:19:12.8707129Z -------------------------------------------------------------------------------
Test (Python 3.10)	Run tests	2026-10-04T14:19:12.8707516Z TOTAL                                              3689   1277    65%
Test (Python 3.10)	Run tests	2026-10-04T14:19:12.8707974Z Coverage XML written to file coverage.xml
Test (Python 3.10)	Run tests	2026-10-04T14:19:12.8708314Z =========================== short test summary info ============================
Test (Python 3.10)	Run tests	2026-10-04T14:19:12.8709094Z FAILED tests/test_data_sources.py::TestCacheEnhancements::test_memory_cache_hit - ImportError: Unable to find a usable engine; tried using: 'pyarrow', 'fastparquet'.
Test (Python 3.10)	Run tests	2026-10-04T14:19:12.8709928Z A suitable version of pyarrow or fastparquet is required for parquet support.
Test (Python 3.10)	Run tests	2026-10-04T14:19:12.8710370Z Trying to import the above resulted in these errors:
Test (Python 3.10)	Run tests	2026-10-04T14:19:12.8710956Z  - Missing optional dependency 'pyarrow'. pyarrow is required for parquet support. Use pip or conda to install pyarrow.
Test (Python 3.10)	Run tests	2026-10-04T14:19:12.8711807Z  - Missing optional dependency 'fastparquet'. fastparquet is required for parquet support. Use pip or conda to install fastparquet.
Test (Python 3.10)	Run tests	2026-10-04T14:19:12.8712841Z FAILED tests/test_data_sources.py::TestCacheEnhancements::test_memory_cache_lru_eviction - ImportError: Unable to find a usable engine; tried using: 'pyarrow', 'fastparquet'.
Test (Python 3.10)	Run tests	2026-10-04T14:19:12.8713686Z A suitable version of pyarrow or fastparquet is required for parquet support.
Test (Python 3.10)	Run tests	2026-10-04T14:19:12.8714121Z Trying to import the above resulted in these errors:
Test (Python 3.10)	Run tests	2026-10-04T14:19:12.8714692Z  - Missing optional dependency 'pyarrow'. pyarrow is required for parquet support. Use pip or conda to install pyarrow.
Test (Python 3.10)	Run tests	2026-10-04T14:19:12.8715764Z  - Missing optional dependency 'fastparquet'. fastparquet is required for parquet support. Use pip or conda to install fastparquet.
Test (Python 3.10)	Run tests	2026-10-04T14:19:12.8716883Z FAILED tests/test_data_sources.py::TestCacheEnhancements::test_cache_stats_tracking - ImportError: Unable to find a usable engine; tried using: 'pyarrow', 'fastparquet'.
Test (Python 3.10)	Run tests	2026-10-04T14:19:12.8717719Z A suitable version of pyarrow or fastparquet is required for parquet support.
Test (Python 3.10)	Run tests	2026-10-04T14:19:12.8718164Z Trying to import the above resulted in these errors:
Test (Python 3.10)	Run tests	2026-10-04T14:19:12.8718727Z  - Missing optional dependency 'pyarrow'. pyarrow is required for parquet support. Use pip or conda to install pyarrow.
Test (Python 3.10)	Run tests	2026-10-04T14:19:12.8719572Z  - Missing optional dependency 'fastparquet'. fastparquet is required for parquet support. Use pip or conda to install fastparquet.
Test (Python 3.10)	Run tests	2026-10-04T14:19:12.8720574Z FAILED tests/test_data_sources.py::TestCacheEnhancements::test_cache_reset_stats - ImportError: Unable to find a usable engine; tried using: 'pyarrow', 'fastparquet'.
Test (Python 3.10)	Run tests	2026-10-04T14:19:12.8721391Z A suitable version of pyarrow or fastparquet is required for parquet support.
Test (Python 3.10)	Run tests	2026-10-04T14:19:12.8722105Z Trying to import the above resulted in these errors:
Test (Python 3.10)	Run tests	2026-10-04T14:19:12.8722667Z  - Missing optional dependency 'pyarrow'. pyarrow is required for parquet support. Use pip or conda to install pyarrow.
Test (Python 3.10)	Run tests	2026-10-04T14:19:12.8723502Z  - Missing optional dependency 'fastparquet'. fastparquet is required for parquet support. Use pip or conda to install fastparquet.
Test (Python 3.10)	Run tests	2026-10-04T14:19:12.8724509Z FAILED tests/test_data_sources.py::TestCacheEnhancements::test_cache_evict_expired - ImportError: Unable to find a usable engine; tried using: 'pyarrow', 'fastparquet'.
Test (Python 3.10)	Run tests	2026-10-04T14:19:12.8725325Z A suitable version of pyarrow or fastparquet is required for parquet support.
Test (Python 3.10)	Run tests	2026-10-04T14:19:12.8726004Z Trying to import the above resulted in these errors:
Test (Python 3.10)	Run tests	2026-10-04T14:19:12.8726564Z  - Missing optional dependency 'pyarrow'. pyarrow is required for parquet support. Use pip or conda to install pyarrow.
Test (Python 3.10)	Run tests	2026-10-04T14:19:12.8727392Z  - Missing optional dependency 'fastparquet'. fastparquet is required for parquet support. Use pip or conda to install fastparquet.
Test (Python 3.10)	Run tests	2026-10-04T14:19:12.9459503Z FAILED tests/test_data_sources.py::TestCacheEnhancements::test_cache_info_with_memory - ImportError: Unable to find a usable engine; tried using: 'pyarrow', 'fastparquet'.
Test (Python 3.10)	Run tests	2026-10-04T14:19:12.9460772Z A suitable version of pyarrow or fastparquet is required for parquet support.
Test (Python 3.10)	Run tests	2026-10-04T14:19:12.9461382Z Trying to import the above resulted in these errors:
Test (Python 3.10)	Run tests	2026-10-04T14:19:12.9462178Z  - Missing optional dependency 'pyarrow'. pyarrow is required for parquet support. Use pip or conda to install pyarrow.
Test (Python 3.10)	Run tests	2026-10-04T14:19:12.9463775Z  - Missing optional dependency 'fastparquet'. fastparquet is required for parquet support. Use pip or conda to install fastparquet.
Test (Python 3.10)	Run tests	2026-10-04T14:19:12.9465202Z FAILED tests/test_data_sources.py::TestCacheEnhancements::test_cache_clear_both_layers - ImportError: Unable to find a usable engine; tried using: 'pyarrow', 'fastparquet'.
Test (Python 3.10)	Run tests	2026-10-04T14:19:12.9466714Z A suitable version of pyarrow or fastparquet is required for parquet support.
Test (Python 3.10)	Run tests	2026-10-04T14:19:12.9467325Z Trying to import the above resulted in these errors:
Test (Python 3.10)	Run tests	2026-10-04T14:19:12.9468095Z  - Missing optional dependency 'pyarrow'. pyarrow is required for parquet support. Use pip or conda to install pyarrow.
Test (Python 3.10)	Run tests	2026-10-04T14:19:12.9469246Z  - Missing optional dependency 'fastparquet'. fastparquet is required for parquet support. Use pip or conda to install fastparquet.
Test (Python 3.10)	Run tests	2026-10-04T14:19:12.9470672Z FAILED tests/test_data_sources.py::TestCacheEnhancements::test_cache_stats_disk_info - ImportError: Unable to find a usable engine; tried using: 'pyarrow', 'fastparquet'.
Test (Python 3.10)	Run tests	2026-10-04T14:19:12.9471639Z A suitable version of pyarrow or fastparquet is required for parquet support.
Test (Python 3.10)	Run tests	2026-10-04T14:19:12.9472144Z Trying to import the above resulted in these errors:
Test (Python 3.10)	Run tests	2026-10-04T14:19:12.9472799Z  - Missing optional dependency 'pyarrow'. pyarrow is required for parquet support. Use pip or conda to install pyarrow.
Test (Python 3.10)	Run tests	2026-10-04T14:19:12.9473779Z  - Missing optional dependency 'fastparquet'. fastparquet is required for parquet support. Use pip or conda to install fastparquet.
Test (Python 3.10)	Run tests	2026-10-04T14:19:12.9474988Z FAILED tests/test_data_sources.py::TestCacheEnhancements::test_cache_set_updates_memory - ImportError: Unable to find a usable engine; tried using: 'pyarrow', 'fastparquet'.
Test (Python 3.10)	Run tests	2026-10-04T14:19:12.9476108Z A suitable version of pyarrow or fastparquet is required for parquet support.
Test (Python 3.10)	Run tests	2026-10-04T14:19:12.9476631Z Trying to import the above resulted in these errors:
Test (Python 3.10)	Run tests	2026-10-04T14:19:12.9477280Z  - Missing optional dependency 'pyarrow'. pyarrow is required for parquet support. Use pip or conda to install pyarrow.
Test (Python 3.10)	Run tests	2026-10-04T14:19:12.9478248Z  - Missing optional dependency 'fastparquet'. fastparquet is required for parquet support. Use pip or conda to install fastparquet.
Test (Python 3.10)	Run tests	2026-10-04T14:19:12.9479011Z ================== 9 failed, 254 passed, 1 warning in 13.96s ===================
Test (Python 3.10)	Run tests	2026-10-04T14:19:13.1140576Z ##[error]Process completed with exit code 1.
Test (Python 3.10)	Post Run actions/checkout@v4	﻿2026-10-04T14:19:13.1285815Z Post job cleanup.
Test (Python 3.10)	Post Run actions/checkout@v4	2026-10-04T14:19:13.2175183Z [command]/usr/bin/git version
Test (Python 3.10)	Post Run actions/checkout@v4	2026-10-04T14:19:13.2219836Z git version 2.55.0
Test (Python 3.10)	Post Run actions/checkout@v4	2026-10-04T14:19:13.2258018Z Temporarily overriding HOME='/home/runner/work/_temp/5de2500a-6f78-4d8b-850a-85e1643c450a' before making global git config changes
Test (Python 3.10)	Post Run actions/checkout@v4	2026-10-04T14:19:13.2259372Z Adding repository directory to the temporary git global config as a safe directory
Test (Python 3.10)	Post Run actions/checkout@v4	2026-10-04T14:19:13.2263446Z [command]/usr/bin/git config --global --add safe.directory /home/runner/work/stock-model/stock-model
Test (Python 3.10)	Post Run actions/checkout@v4	2026-10-04T14:19:13.2303250Z [command]/usr/bin/git config --local --name-only --get-regexp core\.sshCommand
Test (Python 3.10)	Post Run actions/checkout@v4	2026-10-04T14:19:13.2354444Z [command]/usr/bin/git submodule foreach --recursive sh -c "git config --local --name-only --get-regexp 'core\.sshCommand' && git config --local --unset-all 'core.sshCommand' || :"
Test (Python 3.10)	Post Run actions/checkout@v4	2026-10-04T14:19:13.2612499Z [command]/usr/bin/git config --local --name-only --get-regexp http\.https\:\/\/github\.com\/\.extraheader
Test (Python 3.10)	Post Run actions/checkout@v4	2026-10-04T14:19:13.2643812Z http.https://github.com/.extraheader
Test (Python 3.10)	Post Run actions/checkout@v4	2026-10-04T14:19:13.2657458Z [command]/usr/bin/git config --local --unset-all http.https://github.com/.extraheader
Test (Python 3.10)	Post Run actions/checkout@v4	2026-10-04T14:19:13.2699596Z [command]/usr/bin/git submodule foreach --recursive sh -c "git config --local --name-only --get-regexp 'http\.https\:\/\/github\.com\/\.extraheader' && git config --local --unset-all 'http.https://github.com/.extraheader' || :"
Test (Python 3.10)	Post Run actions/checkout@v4	2026-10-04T14:19:13.2971864Z [command]/usr/bin/git config --local --name-only --get-regexp ^includeIf\.gitdir:
Test (Python 3.10)	Post Run actions/checkout@v4	2026-10-04T14:19:13.3014681Z [command]/usr/bin/git submodule foreach --recursive git config --local --show-origin --name-only --get-regexp remote.origin.url
Test (Python 3.10)	Complete job	﻿2026-10-04T14:19:13.3412215Z Cleaning up orphan processes
Test (Python 3.10)	Complete job	2026-10-04T14:19:13.3734185Z ##[warning]Node.js 20 is deprecated. The following actions target Node.js 20 but are being forced to run on Node.js 24: actions/checkout@v4, actions/setup-python@v5. For more information see: https://github.blog/changelog/2025-09-19-deprecation-of-node-20-on-github-actions-runners/
